03-10 07:02:23.156  8925 14669 D Apptimize: Apptimize: Test run count is 0; not incrementing metric.
03-10 07:02:23.156  8925 14669 V Apptimize: Apptimize: Logging metric for test '[DISC] TTD vertical icon'.
03-10 07:02:23.156  8925 14669 D Apptimize: Apptimize: Test run count is 0; not incrementing metric.
03-10 07:02:23.156  8925 14669 V Apptimize: Apptimize: Logging metric for test '[HPEP] Use Dorado for Hotel Autocomplete v6'.
03-10 07:02:23.156  8925 14669 D Apptimize: Apptimize: Test run count is 0; not incrementing metric.
03-10 07:02:23.156  8925 14669 V Apptimize: Apptimize: Logging metric for test 'Installment test a/b'.
03-10 07:02:23.156  8925 14669 D Apptimize: Apptimize: Test run count is 0; not incrementing metric.
03-10 07:02:23.156  8925 14669 V Apptimize: Apptimize: Logging metric for test '[PAYM] A/B Testing Copy Installment Fee Plan'.
03-10 07:02:23.156  8925 14669 D Apptimize: Apptimize: Test run count is 0; not incrementing metric.
03-10 07:02:23.156  8925 14669 V Apptimize: Apptimize: Logging metric for test '[HPEP] Room group variants in Room List 4.0'.
03-10 07:02:23.156  8925 14669 D Apptimize: Apptimize: Test run count is 0; not incrementing metric.
03-10 07:02:23.156  8925 14669 V Apptimize: Apptimize: Logging metric for test 'fallback_testing_android'.
03-10 07:02:23.156  8925 14669 D Apptimize: Apptimize: Test run count is 0; not incrementing metric.
03-10 07:02:23.156  8925 14669 V Apptimize: Apptimize: Logging metric for test '[HNHA] Sold Out Logic SRP'.
03-10 07:02:23.156  8925 14669 D Apptimize: Apptimize: Test run count is 0; not incrementing metric.
03-10 07:02:23.156  8925 14669 V Apptimize: Apptimize: Logging metric for test 'fallback_testing_ios_v2'.
03-10 07:02:23.156  8925 14669 D Apptimize: Apptimize: Test run count is 0; not incrementing metric.
03-10 07:02:23.156  8925 14669 V Apptimize: Apptimize: Logging metric for test '[PAYM] Installment wording PLAN'.
03-10 07:02:23.156  8925 14669 D Apptimize: Apptimize: Test run count is 0; not incrementing metric.
03-10 07:02:23.156  8925 14669 V Apptimize: Apptimize: Logging metric for test '[HPEP] SRP Ranking BE - Personalization'.
03-10 07:02:23.156  8925 14669 D Apptimize: Apptimize: Test run count is 0; not incrementing metric.
03-10 07:02:23.156  8925 14669 V Apptimize: Apptimize: Logging metric for test 'Homes PDP USP config'.
03-10 07:02:23.156  8925 14669 D Apptimize: Apptimize: Test run count is 0; not incrementing metric.
03-10 07:02:23.156  8925 14669 V Apptimize: Apptimize: Logging metric for test 'fallback_testing_android_v2'.
03-10 07:02:23.156  8925 14669 D Apptimize: Apptimize: Test run count is 0; not incrementing metric.
03-10 07:02:23.156  8925 14669 V Apptimize: Apptimize: Logging metric for test 'Core testing'.
03-10 07:02:23.156  8925 14669 D Apptimize: Apptimize: Test run count is 0; not incrementing metric.
03-10 07:02:23.156  8925 14669 V Apptimize: Apptimize: Logging metric for test '[FGDC] CTA SRP to PDP + Refund n Reschedule'.
03-10 07:02:23.156  8925 14669 D Apptimize: Apptimize: Test run count is 0; not incrementing metric.
03-10 07:02:23.158  8925 14669 V Apptimize: Apptimize: Logging metric for test '[TRA] Highlight Select Seat Button in Booking Form Page'.
03-10 07:02:23.158  8925 14669 D Apptimize: Apptimize: Test run count is 0; not incrementing metric.
03-10 07:02:23.158  8925 14669 V Apptimize: Apptimize: Logging metric for test '[DISC] NHA vertical image'.
03-10 07:02:23.158  8925 14669 D Apptimize: Apptimize: Test run count is 0; not incrementing metric.
03-10 07:02:23.158  8925 14669 V Apptimize: Apptimize: Logging metric for test 'fallback_testing_ios'.
03-10 07:02:23.158  8925 14669 D Apptimize: Apptimize: Test run count is 0; not incrementing metric.
03-10 07:02:23.158  8925 14669 V Apptimize: Apptimize: Logging metric for test '[FGDC] Adding Promo Information on SRP'.
03-10 07:02:23.158  8925 14669 D Apptimize: Apptimize: Test run count is 0; not incrementing metric.
03-10 07:02:23.158  8925 14669 V Apptimize: Apptimize: Logging metric for test '[DISC] TTD vertical icon'.
03-10 07:02:23.158  8925 14669 D Apptimize: Apptimize: Test run count is 0; not incrementing metric.
03-10 07:02:23.158  8925 14669 V Apptimize: Apptimize: Logging metric for test '[HPEP] Use Dorado for Hotel Autocomplete v6'.
03-10 07:02:23.158  8925 14669 D Apptimize: Apptimize: Test run count is 0; not incrementing metric.
03-10 07:02:23.158  8925 14669 V Apptimize: Apptimize: Logging metric for test 'Installment test a/b'.
03-10 07:02:23.158  8925 14669 D Apptimize: Apptimize: Test run count is 0; not incrementing metric.
03-10 07:02:23.158  8925 14669 V Apptimize: Apptimize: Logging metric for test '[PAYM] A/B Testing Copy Installment Fee Plan'.
03-10 07:02:23.158  8925 14669 D Apptimize: Apptimize: Test run count is 0; not incrementing metric.
03-10 07:02:23.158  8925 14669 V Apptimize: Apptimize: Logging metric for test '[HPEP] Room group variants in Room List 4.0'.
03-10 07:02:23.158  8925 14669 D Apptimize: Apptimize: Test run count is 0; not incrementing metric.
03-10 07:02:23.158  8925 14669 V Apptimize: Apptimize: Logging metric for test 'fallback_testing_android'.
03-10 07:02:23.158  8925 14669 D Apptimize: Apptimize: Test run count is 0; not incrementing metric.
03-10 07:02:23.158  8925 14669 V Apptimize: Apptimize: Logging metric for test '[HNHA] Sold Out Logic SRP'.
03-10 07:02:23.158  8925 14669 D Apptimize: Apptimize: Test run count is 0; not incrementing metric.
03-10 07:02:23.158  8925 14669 V Apptimize: Apptimize: Logging metric for test 'fallback_testing_ios_v2'.
03-10 07:02:23.158  8925 14669 D Apptimize: Apptimize: Test run count is 0; not incrementing metric.
03-10 07:02:23.158  8925 14669 V Apptimize: Apptimize: Logging metric for test '[PAYM] Installment wording PLAN'.
03-10 07:02:23.159  8925 14669 D Apptimize: Apptimize: Test run count is 0; not incrementing metric.
03-10 07:02:23.159  8925 14669 V Apptimize: Apptimize: Logging metric for test '[HPEP] SRP Ranking BE - Personalization'.
03-10 07:02:23.159  8925 14669 D Apptimize: Apptimize: Test run count is 0; not incrementing metric.
03-10 07:02:23.159  8925 14669 V Apptimize: Apptimize: Logging metric for test 'Homes PDP USP config'.
03-10 07:02:23.159  8925 14669 D Apptimize: Apptimize: Test run count is 0; not incrementing metric.
03-10 07:02:23.159  8925 14669 V Apptimize: Apptimize: Logging metric for test 'fallback_testing_android_v2'.
03-10 07:02:23.159  8925 14669 D Apptimize: Apptimize: Test run count is 0; not incrementing metric.
03-10 07:02:23.159  8925 14669 V Apptimize: Apptimize: Logging metric for test 'Core testing'.
03-10 07:02:23.159  8925 14669 D Apptimize: Apptimize: Test run count is 0; not incrementing metric.
03-10 07:02:23.159  8925 14669 V Apptimize: Apptimize: Logging metric for test '[FGDC] CTA SRP to PDP + Refund n Reschedule'.
03-10 07:02:23.159  8925 14669 D Apptimize: Apptimize: Test run count is 0; not incrementing metric.
03-10 07:02:23.160  8925 14669 V Apptimize: Apptimize: Logging metric for test '[TRA] Highlight Select Seat Button in Booking Form Page'.
03-10 07:02:23.160  8925 14669 D Apptimize: Apptimize: Test run count is 0; not incrementing metric.
03-10 07:02:23.160  8925 14669 V Apptimize: Apptimize: Logging metric for test '[DISC] NHA vertical image'.
03-10 07:02:23.160  8925 14669 D Apptimize: Apptimize: Test run count is 0; not incrementing metric.
03-10 07:02:23.160  8925 14669 V Apptimize: Apptimize: Logging metric for test 'fallback_testing_ios'.
03-10 07:02:23.160  8925 14669 D Apptimize: Apptimize: Test run count is 0; not incrementing metric.
03-10 07:02:23.160  8925 14669 V Apptimize: Apptimize: Logging metric for test '[FGDC] Adding Promo Information on SRP'.
03-10 07:02:23.160  8925 14669 D Apptimize: Apptimize: Test run count is 0; not incrementing metric.
03-10 07:02:23.160  8925 14669 V Apptimize: Apptimize: Logging metric for test '[DISC] TTD vertical icon'.
03-10 07:02:23.160  8925 14669 D Apptimize: Apptimize: Test run count is 0; not incrementing metric.
03-10 07:02:23.160  8925 14669 V Apptimize: Apptimize: Logging metric for test '[HPEP] Use Dorado for Hotel Autocomplete v6'.
03-10 07:02:23.160  8925 14669 D Apptimize: Apptimize: Test run count is 0; not incrementing metric.
03-10 07:02:23.160  8925 14669 V Apptimize: Apptimize: Logging metric for test 'Installment test a/b'.
03-10 07:02:23.160  8925 14669 D Apptimize: Apptimize: Test run count is 0; not incrementing metric.
03-10 07:02:23.160  8925 14669 V Apptimize: Apptimize: Logging metric for test '[PAYM] A/B Testing Copy Installment Fee Plan'.
03-10 07:02:23.160  8925 14669 D Apptimize: Apptimize: Test run count is 0; not incrementing metric.
03-10 07:02:23.160  8925 14669 V Apptimize: Apptimize: Logging metric for test '[HPEP] Room group variants in Room List 4.0'.
03-10 07:02:23.160  8925 14669 D Apptimize: Apptimize: Test run count is 0; not incrementing metric.
03-10 07:02:23.161  8925 14669 V Apptimize: Apptimize: Logging metric for test 'fallback_testing_android'.
03-10 07:02:23.161  8925 14669 D Apptimize: Apptimize: Test run count is 0; not incrementing metric.
03-10 07:02:23.161  8925 14669 V Apptimize: Apptimize: Logging metric for test '[HNHA] Sold Out Logic SRP'.
03-10 07:02:23.161  8925 14669 D Apptimize: Apptimize: Test run count is 0; not incrementing metric.
03-10 07:02:23.161  8925 14669 V Apptimize: Apptimize: Logging metric for test 'fallback_testing_ios_v2'.
03-10 07:02:23.161  8925 14669 D Apptimize: Apptimize: Test run count is 0; not incrementing metric.
03-10 07:02:23.161  8925 14669 V Apptimize: Apptimize: Logging metric for test '[PAYM] Installment wording PLAN'.
03-10 07:02:23.161  8925 14669 D Apptimize: Apptimize: Test run count is 0; not incrementing metric.
03-10 07:02:23.161  8925 14669 V Apptimize: Apptimize: Logging metric for test '[HPEP] SRP Ranking BE - Personalization'.
03-10 07:02:23.161  8925 14669 D Apptimize: Apptimize: Test run count is 0; not incrementing metric.
03-10 07:02:23.161  8925 14669 V Apptimize: Apptimize: Logging metric for test 'Homes PDP USP config'.
03-10 07:02:23.161  8925 14669 D Apptimize: Apptimize: Test run count is 0; not incrementing metric.
03-10 07:02:23.161  8925 14669 V Apptimize: Apptimize: Logging metric for test 'fallback_testing_android_v2'.
03-10 07:02:23.161  8925 14669 D Apptimize: Apptimize: Test run count is 0; not incrementing metric.
03-10 07:02:23.161  8925 14669 V Apptimize: Apptimize: Logging metric for test 'Core testing'.
03-10 07:02:23.161  8925 14669 D Apptimize: Apptimize: Test run count is 0; not incrementing metric.
03-10 07:02:23.161  8925 14669 V Apptimize: Apptimize: Logging metric for test '[FGDC] CTA SRP to PDP + Refund n Reschedule'.
03-10 07:02:23.161  8925 14669 D Apptimize: Apptimize: Test run count is 0; not incrementing metric.
03-10 07:02:23.163  8925 14669 V Apptimize: Apptimize: Logging metric for test '[TRA] Highlight Select Seat Button in Booking Form Page'.
03-10 07:02:23.163  8925 14669 D Apptimize: Apptimize: Test run count is 0; not incrementing metric.
03-10 07:02:23.163  8925 14669 V Apptimize: Apptimize: Logging metric for test '[DISC] NHA vertical image'.
03-10 07:02:23.163  8925 14669 D Apptimize: Apptimize: Test run count is 0; not incrementing metric.
03-10 07:02:23.163  8925 14669 V Apptimize: Apptimize: Logging metric for test 'fallback_testing_ios'.
03-10 07:02:23.163  8925 14669 D Apptimize: Apptimize: Test run count is 0; not incrementing metric.
03-10 07:02:23.163  8925 14669 V Apptimize: Apptimize: Logging metric for test '[FGDC] Adding Promo Information on SRP'.
03-10 07:02:23.163  8925 14669 D Apptimize: Apptimize: Test run count is 0; not incrementing metric.
03-10 07:02:23.163  8925 14669 V Apptimize: Apptimize: Logging metric for test '[DISC] TTD vertical icon'.
03-10 07:02:23.164  8925 14669 D Apptimize: Apptimize: Test run count is 0; not incrementing metric.
03-10 07:02:23.164  8925 14669 V Apptimize: Apptimize: Logging metric for test '[HPEP] Use Dorado for Hotel Autocomplete v6'.
03-10 07:02:23.164  8925 14669 D Apptimize: Apptimize: Test run count is 0; not incrementing metric.
03-10 07:02:23.164  8925 14669 V Apptimize: Apptimize: Logging metric for test 'Installment test a/b'.
03-10 07:02:23.164  8925 14669 D Apptimize: Apptimize: Test run count is 0; not incrementing metric.
03-10 07:02:23.164  8925 14669 V Apptimize: Apptimize: Logging metric for test '[PAYM] A/B Testing Copy Installment Fee Plan'.
03-10 07:02:23.164  8925 14669 D Apptimize: Apptimize: Test run count is 0; not incrementing metric.
03-10 07:02:23.164  8925 14669 V Apptimize: Apptimize: Logging metric for test '[HPEP] Room group variants in Room List 4.0'.
03-10 07:02:23.164  8925 14669 D Apptimize: Apptimize: Test run count is 0; not incrementing metric.
03-10 07:02:23.164  8925 14669 V Apptimize: Apptimize: Logging metric for test 'fallback_testing_android'.
03-10 07:02:23.164  8925 14669 D Apptimize: Apptimize: Test run count is 0; not incrementing metric.
03-10 07:02:23.164  8925 14669 V Apptimize: Apptimize: Logging metric for test '[HNHA] Sold Out Logic SRP'.
03-10 07:02:23.164  8925 14669 D Apptimize: Apptimize: Test run count is 0; not incrementing metric.
03-10 07:02:23.164  8925 14669 V Apptimize: Apptimize: Logging metric for test 'fallback_testing_ios_v2'.
03-10 07:02:23.164  8925 14669 D Apptimize: Apptimize: Test run count is 0; not incrementing metric.
03-10 07:02:23.164  8925 14669 V Apptimize: Apptimize: Logging metric for test '[PAYM] Installment wording PLAN'.
03-10 07:02:23.165  8925 14669 D Apptimize: Apptimize: Test run count is 0; not incrementing metric.
03-10 07:02:23.165  8925 14669 V Apptimize: Apptimize: Logging metric for test '[HPEP] SRP Ranking BE - Personalization'.
03-10 07:02:23.165  8925 14669 D Apptimize: Apptimize: Test run count is 0; not incrementing metric.
03-10 07:02:23.165  8925 14669 V Apptimize: Apptimize: Logging metric for test 'Homes PDP USP config'.
03-10 07:02:23.165  8925 14669 D Apptimize: Apptimize: Test run count is 0; not incrementing metric.
03-10 07:02:23.165  8925 14669 V Apptimize: Apptimize: Logging metric for test 'fallback_testing_android_v2'.
03-10 07:02:23.165  8925 14669 D Apptimize: Apptimize: Test run count is 0; not incrementing metric.
03-10 07:02:23.165  8925 14669 V Apptimize: Apptimize: Logging metric for test 'Core testing'.
03-10 07:02:23.165  8925 14669 D Apptimize: Apptimize: Test run count is 0; not incrementing metric.
03-10 07:02:23.165  8925 14669 V Apptimize: Apptimize: Logging metric for test '[FGDC] CTA SRP to PDP + Refund n Reschedule'.
03-10 07:02:23.165  8925 14669 D Apptimize: Apptimize: Test run count is 0; not incrementing metric.
03-10 07:02:23.167  8925 14669 V Apptimize: Apptimize: Logging metric for test '[TRA] Highlight Select Seat Button in Booking Form Page'.
03-10 07:02:23.167  8925 14669 D Apptimize: Apptimize: Test run count is 0; not incrementing metric.
03-10 07:02:23.167  8925 14669 V Apptimize: Apptimize: Logging metric for test '[DISC] NHA vertical image'.
03-10 07:02:23.167  8925 14669 D Apptimize: Apptimize: Test run count is 0; not incrementing metric.
03-10 07:02:23.167  8925 14669 V Apptimize: Apptimize: Logging metric for test 'fallback_testing_ios'.
03-10 07:02:23.167  8925 14669 D Apptimize: Apptimize: Test run count is 0; not incrementing metric.
03-10 07:02:23.167  8925 14669 V Apptimize: Apptimize: Logging metric for test '[FGDC] Adding Promo Information on SRP'.
03-10 07:02:23.167  8925 14669 D Apptimize: Apptimize: Test run count is 0; not incrementing metric.
03-10 07:02:23.167  8925 14669 V Apptimize: Apptimize: Logging metric for test '[DISC] TTD vertical icon'.
03-10 07:02:23.167  8925 14669 D Apptimize: Apptimize: Test run count is 0; not incrementing metric.
03-10 07:02:23.167  8925 14669 V Apptimize: Apptimize: Logging metric for test '[HPEP] Use Dorado for Hotel Autocomplete v6'.
03-10 07:02:23.167  8925 14669 D Apptimize: Apptimize: Test run count is 0; not incrementing metric.
03-10 07:02:23.167  8925 14669 V Apptimize: Apptimize: Logging metric for test 'Installment test a/b'.
03-10 07:02:23.167  8925 14669 D Apptimize: Apptimize: Test run count is 0; not incrementing metric.
03-10 07:02:23.167  8925 14669 V Apptimize: Apptimize: Logging metric for test '[PAYM] A/B Testing Copy Installment Fee Plan'.
03-10 07:02:23.168  8925 14669 D Apptimize: Apptimize: Test run count is 0; not incrementing metric.
03-10 07:02:23.168  8925 14669 V Apptimize: Apptimize: Logging metric for test '[HPEP] Room group variants in Room List 4.0'.
03-10 07:02:23.168  8925 14669 D Apptimize: Apptimize: Test run count is 0; not incrementing metric.
03-10 07:02:23.168  8925 14669 V Apptimize: Apptimize: Logging metric for test 'fallback_testing_android'.
03-10 07:02:23.168  8925 14669 D Apptimize: Apptimize: Test run count is 0; not incrementing metric.
03-10 07:02:23.168  8925 14669 V Apptimize: Apptimize: Logging metric for test '[HNHA] Sold Out Logic SRP'.
03-10 07:02:23.168  8925 14669 D Apptimize: Apptimize: Test run count is 0; not incrementing metric.
03-10 07:02:23.168  8925 14669 V Apptimize: Apptimize: Logging metric for test 'fallback_testing_ios_v2'.
03-10 07:02:23.168  8925 14669 D Apptimize: Apptimize: Test run count is 0; not incrementing metric.
03-10 07:02:23.168  8925 14669 V Apptimize: Apptimize: Logging metric for test '[PAYM] Installment wording PLAN'.
03-10 07:02:23.168  8925 14669 D Apptimize: Apptimize: Test run count is 0; not incrementing metric.
03-10 07:02:23.168  8925 14669 V Apptimize: Apptimize: Logging metric for test '[HPEP] SRP Ranking BE - Personalization'.
03-10 07:02:23.168  8925 14669 D Apptimize: Apptimize: Test run count is 0; not incrementing metric.
03-10 07:02:23.168  8925 14669 V Apptimize: Apptimize: Logging metric for test 'Homes PDP USP config'.
03-10 07:02:23.168  8925 14669 D Apptimize: Apptimize: Test run count is 0; not incrementing metric.
03-10 07:02:23.168  8925 14669 V Apptimize: Apptimize: Logging metric for test 'fallback_testing_android_v2'.
03-10 07:02:23.168  8925 14669 D Apptimize: Apptimize: Test run count is 0; not incrementing metric.
03-10 07:02:23.168  8925 14669 V Apptimize: Apptimize: Logging metric for test 'Core testing'.
03-10 07:02:23.169  8925 14669 D Apptimize: Apptimize: Test run count is 0; not incrementing metric.
03-10 07:02:23.169  8925 14669 V Apptimize: Apptimize: Logging metric for test '[FGDC] CTA SRP to PDP + Refund n Reschedule'.
03-10 07:02:23.169  8925 14669 D Apptimize: Apptimize: Test run count is 0; not incrementing metric.
03-10 07:02:23.171  8925 14669 V Apptimize: Apptimize: Logging metric for test '[TRA] Highlight Select Seat Button in Booking Form Page'.
03-10 07:02:23.171  8925 14669 D Apptimize: Apptimize: Test run count is 0; not incrementing metric.
03-10 07:02:23.171  8925 14669 V Apptimize: Apptimize: Logging metric for test '[DISC] NHA vertical image'.
03-10 07:02:23.171  8925 14669 D Apptimize: Apptimize: Test run count is 0; not incrementing metric.
03-10 07:02:23.171  8925 14669 V Apptimize: Apptimize: Logging metric for test 'fallback_testing_ios'.
03-10 07:02:23.171  8925 14669 D Apptimize: Apptimize: Test run count is 0; not incrementing metric.
03-10 07:02:23.171  8925 14669 V Apptimize: Apptimize: Logging metric for test '[FGDC] Adding Promo Information on SRP'.
03-10 07:02:23.171  8925 14669 D Apptimize: Apptimize: Test run count is 0; not incrementing metric.
03-10 07:02:23.171  8925 14669 V Apptimize: Apptimize: Logging metric for test '[DISC] TTD vertical icon'.
03-10 07:02:23.171  8925 14669 D Apptimize: Apptimize: Test run count is 0; not incrementing metric.
03-10 07:02:23.172  8925 14669 V Apptimize: Apptimize: Logging metric for test '[HPEP] Use Dorado for Hotel Autocomplete v6'.
03-10 07:02:23.172  8925 14669 D Apptimize: Apptimize: Test run count is 0; not incrementing metric.
03-10 07:02:23.172  8925 14669 V Apptimize: Apptimize: Logging metric for test 'Installment test a/b'.
03-10 07:02:23.172  8925 14669 D Apptimize: Apptimize: Test run count is 0; not incrementing metric.
03-10 07:02:23.172  8925 14669 V Apptimize: Apptimize: Logging metric for test '[PAYM] A/B Testing Copy Installment Fee Plan'.
03-10 07:02:23.172  8925 14669 D Apptimize: Apptimize: Test run count is 0; not incrementing metric.
03-10 07:02:23.172  8925 14669 V Apptimize: Apptimize: Logging metric for test '[HPEP] Room group variants in Room List 4.0'.
03-10 07:02:23.172  8925 14669 D Apptimize: Apptimize: Test run count is 0; not incrementing metric.
03-10 07:02:23.172  8925 14669 V Apptimize: Apptimize: Logging metric for test 'fallback_testing_android'.
03-10 07:02:23.172  8925 14669 D Apptimize: Apptimize: Test run count is 0; not incrementing metric.
03-10 07:02:23.172  8925 14669 V Apptimize: Apptimize: Logging metric for test '[HNHA] Sold Out Logic SRP'.
03-10 07:02:23.172  8925 14669 D Apptimize: Apptimize: Test run count is 0; not incrementing metric.
03-10 07:02:23.172  8925 14669 V Apptimize: Apptimize: Logging metric for test 'fallback_testing_ios_v2'.
03-10 07:02:23.172  8925 14669 D Apptimize: Apptimize: Test run count is 0; not incrementing metric.
03-10 07:02:23.172  8925 14669 V Apptimize: Apptimize: Logging metric for test '[PAYM] Installment wording PLAN'.
03-10 07:02:23.172  8925 14669 D Apptimize: Apptimize: Test run count is 0; not incrementing metric.
03-10 07:02:23.172  8925 14669 V Apptimize: Apptimize: Logging metric for test '[HPEP] SRP Ranking BE - Personalization'.
03-10 07:02:23.172  8925 14669 D Apptimize: Apptimize: Test run count is 0; not incrementing metric.
03-10 07:02:23.172  8925 14669 V Apptimize: Apptimize: Logging metric for test 'Homes PDP USP config'.
03-10 07:02:23.172  8925 14669 D Apptimize: Apptimize: Test run count is 0; not incrementing metric.
03-10 07:02:23.172  8925 14669 V Apptimize: Apptimize: Logging metric for test 'fallback_testing_android_v2'.
03-10 07:02:23.172  8925 14669 D Apptimize: Apptimize: Test run count is 0; not incrementing metric.
03-10 07:02:23.172  8925 14669 V Apptimize: Apptimize: Logging metric for test 'Core testing'.
03-10 07:02:23.172  8925 14669 D Apptimize: Apptimize: Test run count is 0; not incrementing metric.
03-10 07:02:23.172  8925 14669 V Apptimize: Apptimize: Logging metric for test '[FGDC] CTA SRP to PDP + Refund n Reschedule'.
03-10 07:02:23.172  8925 14669 D Apptimize: Apptimize: Test run count is 0; not incrementing metric.
03-10 07:02:23.173  8925 15201 V Apptimize: Apptimize: The applicable tests are: [[HPEP] Use Dorado for Hotel Autocomplete v6, Installment test a/b, [PAYM] A/B Testing Copy Installment Fee Plan (TESTING), Homes PDP USP config, [PAYM] A/B Testing Copy Installment Fee Plan, [HPEP] SRP Ranking BE - Personalization, fallback_testing_ios, [FGDC] Adding Promo Information on SRP, fallback_testing_android, [PAYM] Installment wording PLAN, [HNHA] Sold Out Logic SRP, [DISC] NHA vertical image, [HPEP] Room group variants in Room List 4.0, [FGDC] CTA SRP to PDP + Refund n Reschedule, Core testing, fallback_testing_android_v2, fallback_testing_ios_v2, [DISC] TTD vertical icon, [TRA] Highlight Select Seat Button in Booking Form Page]
03-10 07:02:23.173  8925 15201 I Apptimize: Apptimize: Updated meta-data
03-10 07:02:23.175  8925 14669 V Apptimize: Apptimize: Logging metric for test '[TRA] Highlight Select Seat Button in Booking Form Page'.
03-10 07:02:23.175  8925 14669 D Apptimize: Apptimize: Test run count is 0; not incrementing metric.
03-10 07:02:23.175  8925 14669 V Apptimize: Apptimize: Logging metric for test '[DISC] NHA vertical image'.
03-10 07:02:23.175  8925 14669 D Apptimize: Apptimize: Test run count is 0; not incrementing metric.
03-10 07:02:23.175  8925 14669 V Apptimize: Apptimize: Logging metric for test 'fallback_testing_ios'.
03-10 07:02:23.175  8925 14669 D Apptimize: Apptimize: Test run count is 0; not incrementing metric.
03-10 07:02:23.175  8925 14669 V Apptimize: Apptimize: Logging metric for test '[FGDC] Adding Promo Information on SRP'.
03-10 07:02:23.175  8925 14669 D Apptimize: Apptimize: Test run count is 0; not incrementing metric.
03-10 07:02:23.175  8925 14669 V Apptimize: Apptimize: Logging metric for test '[DISC] TTD vertical icon'.
03-10 07:02:23.175  8925 14669 D Apptimize: Apptimize: Test run count is 0; not incrementing metric.
03-10 07:02:23.175  8925 14669 V Apptimize: Apptimize: Logging metric for test '[HPEP] Use Dorado for Hotel Autocomplete v6'.
03-10 07:02:23.175  8925 14669 D Apptimize: Apptimize: Test run count is 0; not incrementing metric.
03-10 07:02:23.175  8925 14669 V Apptimize: Apptimize: Logging metric for test 'Installment test a/b'.
03-10 07:02:23.175  8925 14669 D Apptimize: Apptimize: Test run count is 0; not incrementing metric.
03-10 07:02:23.175  8925 14669 V Apptimize: Apptimize: Logging metric for test '[PAYM] A/B Testing Copy Installment Fee Plan'.
03-10 07:02:23.175  8925 14669 D Apptimize: Apptimize: Test run count is 0; not incrementing metric.
03-10 07:02:23.175  8925 14669 V Apptimize: Apptimize: Logging metric for test '[HPEP] Room group variants in Room List 4.0'.
03-10 07:02:23.175  8925 14669 D Apptimize: Apptimize: Test run count is 0; not incrementing metric.
03-10 07:02:23.175  8925 14669 V Apptimize: Apptimize: Logging metric for test 'fallback_testing_android'.
03-10 07:02:23.175  8925 14669 D Apptimize: Apptimize: Test run count is 0; not incrementing metric.
03-10 07:02:23.175  8925 14669 V Apptimize: Apptimize: Logging metric for test '[HNHA] Sold Out Logic SRP'.
03-10 07:02:23.175  8925 14669 D Apptimize: Apptimize: Test run count is 0; not incrementing metric.
03-10 07:02:23.175  8925 14669 V Apptimize: Apptimize: Logging metric for test 'fallback_testing_ios_v2'.
03-10 07:02:23.175  8925 14669 D Apptimize: Apptimize: Test run count is 0; not incrementing metric.
03-10 07:02:23.175  8925 14669 V Apptimize: Apptimize: Logging metric for test '[PAYM] Installment wording PLAN'.
03-10 07:02:23.175  8925 14669 D Apptimize: Apptimize: Test run count is 0; not incrementing metric.
03-10 07:02:23.175  8925 14669 V Apptimize: Apptimize: Logging metric for test '[HPEP] SRP Ranking BE - Personalization'.
03-10 07:02:23.175  8925 14669 D Apptimize: Apptimize: Test run count is 0; not incrementing metric.
03-10 07:02:23.175  8925 14669 V Apptimize: Apptimize: Logging metric for test 'Homes PDP USP config'.
03-10 07:02:23.175  8925 14669 D Apptimize: Apptimize: Test run count is 0; not incrementing metric.
03-10 07:02:23.175  8925 14669 V Apptimize: Apptimize: Logging metric for test 'fallback_testing_android_v2'.
03-10 07:02:23.176  8925 14669 D Apptimize: Apptimize: Test run count is 0; not incrementing metric.
03-10 07:02:23.176  8925 15289 D ApiLog  : <-- 200 https://api.tiket.com/ms-gateway/tix-push-notif/userPushNotif/saveToken (277ms)
03-10 07:02:23.176  8925 14669 V Apptimize: Apptimize: Logging metric for test 'Core testing'.
03-10 07:02:23.176  8925 14669 D Apptimize: Apptimize: Test run count is 0; not incrementing metric.
03-10 07:02:23.176  8925 15289 D ApiLog  : date: Thu, 10 Mar 2022 07:02:22 GMT
03-10 07:02:23.176  8925 14669 V Apptimize: Apptimize: Logging metric for test '[FGDC] CTA SRP to PDP + Refund n Reschedule'.
03-10 07:02:23.176  8925 14669 D Apptimize: Apptimize: Test run count is 0; not incrementing metric.
03-10 07:02:23.176  8925  8925 D Perf    : on full drawn VerticalGridWrapperViewHolder
03-10 07:02:23.176  8925 15289 D ApiLog  : content-type: application/json;charset=UTF-8
03-10 07:02:23.176  8925 15289 D ApiLog  : x-ratelimit-remaining-tix-api-gateway_push-notif-save-token_tix-push-notif_userpushnotif_savetoken_03bade1de7c81ecb4654a2dbe52dca66196900d6: 49999
03-10 07:02:23.177  8925 15289 D ApiLog  : x-ratelimit-quota-tix-api-gateway_push-notif-save-token_tix-push-notif_userpushnotif_savetoken_03bade1de7c81ecb4654a2dbe52dca66196900d6: 50000
03-10 07:02:23.177  8925 15289 D ApiLog  : x-ratelimit-limit-tix-api-gateway_push-notif-save-token_tix-push-notif_userpushnotif_savetoken_03bade1de7c81ecb4654a2dbe52dca66196900d6: 50000
03-10 07:02:23.177  8925 15289 D ApiLog  : x-ratelimit-reset-tix-api-gateway_push-notif-save-token_tix-push-notif_userpushnotif_savetoken_03bade1de7c81ecb4654a2dbe52dca66196900d6: -2000
03-10 07:02:23.177  8925 15289 D ApiLog  : x-application-context: tix-api-gateway-notification:8888
03-10 07:02:23.177  8925 15289 D ApiLog  : x-ratelimit-remaining-quota-tix-api-gateway_push-notif-save-token_tix-push-notif_userpushnotif_savetoken_03bade1de7c81ecb4654a2dbe52dca66196900d6: 50000
03-10 07:02:23.177  8925 15289 D ApiLog  : x-forwarded-proto: https
03-10 07:02:23.177  8925 14669 V Apptimize: Apptimize: Logging metric for test '[TRA] Highlight Select Seat Button in Booking Form Page'.
03-10 07:02:23.177  8925 14669 D Apptimize: Apptimize: Test run count is 0; not incrementing metric.
03-10 07:02:23.177  8925 14669 V Apptimize: Apptimize: Logging metric for test '[DISC] NHA vertical image'.
03-10 07:02:23.177  8925 14669 D Apptimize: Apptimize: Test run count is 0; not incrementing metric.
03-10 07:02:23.177  8925 14669 V Apptimize: Apptimize: Logging metric for test 'fallback_testing_ios'.
03-10 07:02:23.177  8925 14669 D Apptimize: Apptimize: Test run count is 0; not incrementing metric.
03-10 07:02:23.177  8925 14669 V Apptimize: Apptimize: Logging metric for test '[FGDC] Adding Promo Information on SRP'.
03-10 07:02:23.177  8925 14669 D Apptimize: Apptimize: Test run count is 0; not incrementing metric.
03-10 07:02:23.177  8925 14669 V Apptimize: Apptimize: Logging metric for test '[DISC] TTD vertical icon'.
03-10 07:02:23.177  8925 14669 D Apptimize: Apptimize: Test run count is 0; not incrementing metric.
03-10 07:02:23.177  8925 14669 V Apptimize: Apptimize: Logging metric for test '[HPEP] Use Dorado for Hotel Autocomplete v6'.
03-10 07:02:23.177  8925 14669 D Apptimize: Apptimize: Test run count is 0; not incrementing metric.
03-10 07:02:23.178  8925 14669 V Apptimize: Apptimize: Logging metric for test 'Installment test a/b'.
03-10 07:02:23.178  8925 14669 D Apptimize: Apptimize: Test run count is 0; not incrementing metric.
03-10 07:02:23.178  8925 14669 V Apptimize: Apptimize: Logging metric for test '[PAYM] A/B Testing Copy Installment Fee Plan'.
03-10 07:02:23.178  8925 14669 D Apptimize: Apptimize: Test run count is 0; not incrementing metric.
03-10 07:02:23.178  8925 14669 V Apptimize: Apptimize: Logging metric for test '[HPEP] Room group variants in Room List 4.0'.
03-10 07:02:23.178  8925 14669 D Apptimize: Apptimize: Test run count is 0; not incrementing metric.
03-10 07:02:23.178  8925 14669 V Apptimize: Apptimize: Logging metric for test 'fallback_testing_android'.
03-10 07:02:23.178  8925 14669 D Apptimize: Apptimize: Test run count is 0; not incrementing metric.
03-10 07:02:23.178  8925 14669 V Apptimize: Apptimize: Logging metric for test '[HNHA] Sold Out Logic SRP'.
03-10 07:02:23.178  8925 14669 D Apptimize: Apptimize: Test run count is 0; not incrementing metric.
03-10 07:02:23.178  8925 14669 V Apptimize: Apptimize: Logging metric for test 'fallback_testing_ios_v2'.
03-10 07:02:23.178  8925 14669 D Apptimize: Apptimize: Test run count is 0; not incrementing metric.
03-10 07:02:23.178  8925 14669 V Apptimize: Apptimize: Logging metric for test '[PAYM] Installment wording PLAN'.
03-10 07:02:23.178  8925 14669 D Apptimize: Apptimize: Test run count is 0; not incrementing metric.
03-10 07:02:23.178  8925 14669 V Apptimize: Apptimize: Logging metric for test '[HPEP] SRP Ranking BE - Personalization'.
03-10 07:02:23.178  8925 14669 D Apptimize: Apptimize: Test run count is 0; not incrementing metric.
03-10 07:02:23.178  8925 14669 V Apptimize: Apptimize: Logging metric for test 'Homes PDP USP config'.
03-10 07:02:23.178  8925 14669 D Apptimize: Apptimize: Test run count is 0; not incrementing metric.
03-10 07:02:23.178  8925 14669 V Apptimize: Apptimize: Logging metric for test 'fallback_testing_android_v2'.
03-10 07:02:23.178  8925 14669 D Apptimize: Apptimize: Test run count is 0; not incrementing metric.
03-10 07:02:23.178  8925 14669 V Apptimize: Apptimize: Logging metric for test 'Core testing'.
03-10 07:02:23.178  8925 14669 D Apptimize: Apptimize: Test run count is 0; not incrementing metric.
03-10 07:02:23.178  8925 14669 V Apptimize: Apptimize: Logging metric for test '[FGDC] CTA SRP to PDP + Refund n Reschedule'.
03-10 07:02:23.178  8925 14669 D Apptimize: Apptimize: Test run count is 0; not incrementing metric.
03-10 07:02:23.178  8925 14669 V Apptimize: Apptimize: Logging metric for test '[TRA] Highlight Select Seat Button in Booking Form Page'.
03-10 07:02:23.178  8925 14669 D Apptimize: Apptimize: Test run count is 0; not incrementing metric.
03-10 07:02:23.178  8925 14669 V Apptimize: Apptimize: Logging metric for test '[DISC] NHA vertical image'.
03-10 07:02:23.178  8925 14669 D Apptimize: Apptimize: Test run count is 0; not incrementing metric.
03-10 07:02:23.178  8925 14669 V Apptimize: Apptimize: Logging metric for test 'fallback_testing_ios'.
03-10 07:02:23.178  8925 14669 D Apptimize: Apptimize: Test run count is 0; not incrementing metric.
03-10 07:02:23.179  8925 14669 V Apptimize: Apptimize: Logging metric for test '[FGDC] Adding Promo Information on SRP'.
03-10 07:02:23.179  8925 14669 D Apptimize: Apptimize: Test run count is 0; not incrementing metric.
03-10 07:02:23.179  8925 14669 V Apptimize: Apptimize: Logging metric for test '[DISC] TTD vertical icon'.
03-10 07:02:23.179  8925 14669 D Apptimize: Apptimize: Test run count is 0; not incrementing metric.
03-10 07:02:23.179  8925 14669 V Apptimize: Apptimize: Logging metric for test '[HPEP] Use Dorado for Hotel Autocomplete v6'.
03-10 07:02:23.179  8925 14669 D Apptimize: Apptimize: Test run count is 0; not incrementing metric.
03-10 07:02:23.179  8925 14669 V Apptimize: Apptimize: Logging metric for test 'Installment test a/b'.
03-10 07:02:23.179  8925 14669 D Apptimize: Apptimize: Test run count is 0; not incrementing metric.
03-10 07:02:23.179  8925 14669 V Apptimize: Apptimize: Logging metric for test '[PAYM] A/B Testing Copy Installment Fee Plan'.
03-10 07:02:23.179  8925 14669 D Apptimize: Apptimize: Test run count is 0; not incrementing metric.
03-10 07:02:23.179  8925 14669 V Apptimize: Apptimize: Logging metric for test '[HPEP] Room group variants in Room List 4.0'.
03-10 07:02:23.179  8925 14669 D Apptimize: Apptimize: Test run count is 0; not incrementing metric.
03-10 07:02:23.179  8925 14669 V Apptimize: Apptimize: Logging metric for test 'fallback_testing_android'.
03-10 07:02:23.179  8925 14669 D Apptimize: Apptimize: Test run count is 0; not incrementing metric.
03-10 07:02:23.179  8925 14669 V Apptimize: Apptimize: Logging metric for test '[HNHA] Sold Out Logic SRP'.
03-10 07:02:23.179  8925 14669 D Apptimize: Apptimize: Test run count is 0; not incrementing metric.
03-10 07:02:23.179  8925 14669 V Apptimize: Apptimize: Logging metric for test 'fallback_testing_ios_v2'.
03-10 07:02:23.179  8925 14669 D Apptimize: Apptimize: Test run count is 0; not incrementing metric.
03-10 07:02:23.179  8925 14669 V Apptimize: Apptimize: Logging metric for test '[PAYM] Installment wording PLAN'.
03-10 07:02:23.179  8925 14669 D Apptimize: Apptimize: Test run count is 0; not incrementing metric.
03-10 07:02:23.179  8925 14669 V Apptimize: Apptimize: Logging metric for test '[HPEP] SRP Ranking BE - Personalization'.
03-10 07:02:23.179  8925 14669 D Apptimize: Apptimize: Test run count is 0; not incrementing metric.
03-10 07:02:23.179  8925 14669 V Apptimize: Apptimize: Logging metric for test 'Homes PDP USP config'.
03-10 07:02:23.179  8925 14669 D Apptimize: Apptimize: Test run count is 0; not incrementing metric.
03-10 07:02:23.179  8925 14669 V Apptimize: Apptimize: Logging metric for test 'fallback_testing_android_v2'.
03-10 07:02:23.179  8925 14669 D Apptimize: Apptimize: Test run count is 0; not incrementing metric.
03-10 07:02:23.179  8925 14669 V Apptimize: Apptimize: Logging metric for test 'Core testing'.
03-10 07:02:23.179  8925 14669 D Apptimize: Apptimize: Test run count is 0; not incrementing metric.
03-10 07:02:23.179  8925 14669 V Apptimize: Apptimize: Logging metric for test '[FGDC] CTA SRP to PDP + Refund n Reschedule'.
03-10 07:02:23.179  8925 14669 D Apptimize: Apptimize: Test run count is 0; not incrementing metric.
03-10 07:02:23.179  8925 15289 D ApiLog  : strict-transport-security: max-age=2592000
03-10 07:02:23.179  8925 15289 D ApiLog  : via: 1.1 google
03-10 07:02:23.179  8925 15289 D ApiLog  : cf-cache-status: DYNAMIC
03-10 07:02:23.179  8925 15289 D ApiLog  : expect-ct: max-age=604800, report-uri="https://report-uri.cloudflare.com/cdn-cgi/beacon/expect-ct"
03-10 07:02:23.179  8925 15289 D ApiLog  : set-cookie: __cf_bm=rSQxxA.Y_UfYYj7K8yvuTzVrbEgJIbxxrHOH1E5heC8-1646895742-0-AVuLiqy0//tMQMrKugvXL2o7kuxkTkquo75uTAP/8q5abFWCRlkHBFvq8c5SxCC0HsLBrFFpJY7Mo2YLu+tXaPx+3dhVo+W5MYqXiAB+sBNA; path=/; expires=Thu, 10-Mar-22 07:32:22 GMT; domain=.tiket.com; HttpOnly; Secure; SameSite=None
03-10 07:02:23.179  8925 15289 D ApiLog  : report-to: {"endpoints":[{"url":"https:\/\/a.nel.cloudflare.com\/report\/v3?s=rI7XKdr7P0QudBshE0%2BlK4N5obx%2BwlgAO7pbvgSmW2ggAtO2UhhC3gmoPUE%2FR9wXIJkPCRovPRO8LzKj8M%2BJMG2UoWNawanZL0DCj9m%2FZhs5%2FeExD0iYpft%2BOAyEwB4%3D"}],"group":"cf-nel","max_age":604800}
03-10 07:02:23.180  8925 15289 D ApiLog  : nel: {"success_fraction":0.01,"report_to":"cf-nel","max_age":604800}
03-10 07:02:23.180  8925 15289 D ApiLog  : server: cloudflare
03-10 07:02:23.180  8925 15289 D ApiLog  : cf-ray: 6e9a2f354ca15599-SYD
03-10 07:02:23.180  8925 14669 V Apptimize: Apptimize: Logging metric for test '[TRA] Highlight Select Seat Button in Booking Form Page'.
03-10 07:02:23.180  8925 14669 D Apptimize: Apptimize: Test run count is 0; not incrementing metric.
03-10 07:02:23.180  8925 14669 V Apptimize: Apptimize: Logging metric for test '[DISC] NHA vertical image'.
03-10 07:02:23.180  8925 14669 D Apptimize: Apptimize: Test run count is 0; not incrementing metric.
03-10 07:02:23.180  8925 14669 V Apptimize: Apptimize: Logging metric for test 'fallback_testing_ios'.
03-10 07:02:23.180  8925 14669 D Apptimize: Apptimize: Test run count is 0; not incrementing metric.
03-10 07:02:23.180  8925 14669 V Apptimize: Apptimize: Logging metric for test '[FGDC] Adding Promo Information on SRP'.
03-10 07:02:23.180  8925 14669 D Apptimize: Apptimize: Test run count is 0; not incrementing metric.
03-10 07:02:23.180  8925 14669 V Apptimize: Apptimize: Logging metric for test '[DISC] TTD vertical icon'.
03-10 07:02:23.180  8925 14669 D Apptimize: Apptimize: Test run count is 0; not incrementing metric.
03-10 07:02:23.180  8925 14669 V Apptimize: Apptimize: Logging metric for test '[HPEP] Use Dorado for Hotel Autocomplete v6'.
03-10 07:02:23.180  8925 14669 D Apptimize: Apptimize: Test run count is 0; not incrementing metric.
03-10 07:02:23.180  8925 14669 V Apptimize: Apptimize: Logging metric for test 'Installment test a/b'.
03-10 07:02:23.180  8925 14669 D Apptimize: Apptimize: Test run count is 0; not incrementing metric.
03-10 07:02:23.180  8925 14669 V Apptimize: Apptimize: Logging metric for test '[PAYM] A/B Testing Copy Installment Fee Plan'.
03-10 07:02:23.180  8925 14669 D Apptimize: Apptimize: Test run count is 0; not incrementing metric.
03-10 07:02:23.180  8925 14669 V Apptimize: Apptimize: Logging metric for test '[HPEP] Room group variants in Room List 4.0'.
03-10 07:02:23.180  8925 14669 D Apptimize: Apptimize: Test run count is 0; not incrementing metric.
03-10 07:02:23.180  8925 14669 V Apptimize: Apptimize: Logging metric for test 'fallback_testing_android'.
03-10 07:02:23.180  8925 14669 D Apptimize: Apptimize: Test run count is 0; not incrementing metric.
03-10 07:02:23.180  8925 14669 V Apptimize: Apptimize: Logging metric for test '[HNHA] Sold Out Logic SRP'.
03-10 07:02:23.180  8925 14669 D Apptimize: Apptimize: Test run count is 0; not incrementing metric.
03-10 07:02:23.180  8925 14669 V Apptimize: Apptimize: Logging metric for test 'fallback_testing_ios_v2'.
03-10 07:02:23.180  8925 14669 D Apptimize: Apptimize: Test run count is 0; not incrementing metric.
03-10 07:02:23.180  8925 14669 V Apptimize: Apptimize: Logging metric for test '[PAYM] Installment wording PLAN'.
03-10 07:02:23.180  8925 14669 D Apptimize: Apptimize: Test run count is 0; not incrementing metric.
03-10 07:02:23.180  8925 14669 V Apptimize: Apptimize: Logging metric for test '[HPEP] SRP Ranking BE - Personalization'.
03-10 07:02:23.180  8925 14669 D Apptimize: Apptimize: Test run count is 0; not incrementing metric.
03-10 07:02:23.180  8925 14669 V Apptimize: Apptimize: Logging metric for test 'Homes PDP USP config'.
03-10 07:02:23.180  8925 14669 D Apptimize: Apptimize: Test run count is 0; not incrementing metric.
03-10 07:02:23.180  8925 14669 V Apptimize: Apptimize: Logging metric for test 'fallback_testing_android_v2'.
03-10 07:02:23.180  8925 14669 D Apptimize: Apptimize: Test run count is 0; not incrementing metric.
03-10 07:02:23.180  8925 14669 V Apptimize: Apptimize: Logging metric for test 'Core testing'.
03-10 07:02:23.180  8925 14669 D Apptimize: Apptimize: Test run count is 0; not incrementing metric.
03-10 07:02:23.181  8925 14669 V Apptimize: Apptimize: Logging metric for test '[FGDC] CTA SRP to PDP + Refund n Reschedule'.
03-10 07:02:23.181  8925 14669 D Apptimize: Apptimize: Test run count is 0; not incrementing metric.
03-10 07:02:23.181  1243  7229 D PkgPredictorService: pkg:com.tiket.gits.debug activity:com.tiket.gits.v2splash.SplashV2Activity thisTime:3865
03-10 07:02:23.182  8925 14669 V Apptimize: Apptimize: Logging metric for test '[TRA] Highlight Select Seat Button in Booking Form Page'.
03-10 07:02:23.182  8925 14669 D Apptimize: Apptimize: Test run count is 0; not incrementing metric.
03-10 07:02:23.182  8925 14669 V Apptimize: Apptimize: Logging metric for test '[DISC] NHA vertical image'.
03-10 07:02:23.182  8925 14669 D Apptimize: Apptimize: Test run count is 0; not incrementing metric.
03-10 07:02:23.182  8925 14669 V Apptimize: Apptimize: Logging metric for test 'fallback_testing_ios'.
03-10 07:02:23.182  8925 14669 D Apptimize: Apptimize: Test run count is 0; not incrementing metric.
03-10 07:02:23.182  8925 14669 V Apptimize: Apptimize: Logging metric for test '[FGDC] Adding Promo Information on SRP'.
03-10 07:02:23.182  8925 14669 D Apptimize: Apptimize: Test run count is 0; not incrementing metric.
03-10 07:02:23.182  8925 14669 V Apptimize: Apptimize: Logging metric for test '[DISC] TTD vertical icon'.
03-10 07:02:23.182  8925 14669 D Apptimize: Apptimize: Test run count is 0; not incrementing metric.
03-10 07:02:23.183  8925 14669 V Apptimize: Apptimize: Logging metric for test '[HPEP] Use Dorado for Hotel Autocomplete v6'.
03-10 07:02:23.183  8925 14669 D Apptimize: Apptimize: Test run count is 0; not incrementing metric.
03-10 07:02:23.183  8925 14669 V Apptimize: Apptimize: Logging metric for test 'Installment test a/b'.
03-10 07:02:23.183  8925 14669 D Apptimize: Apptimize: Test run count is 0; not incrementing metric.
03-10 07:02:23.183  8925 14669 V Apptimize: Apptimize: Logging metric for test '[PAYM] A/B Testing Copy Installment Fee Plan'.
03-10 07:02:23.183  8925 14669 D Apptimize: Apptimize: Test run count is 0; not incrementing metric.
03-10 07:02:23.183  8925 14669 V Apptimize: Apptimize: Logging metric for test '[HPEP] Room group variants in Room List 4.0'.
03-10 07:02:23.183  8925 14669 D Apptimize: Apptimize: Test run count is 0; not incrementing metric.
03-10 07:02:23.183  8925 14669 V Apptimize: Apptimize: Logging metric for test 'fallback_testing_android'.
03-10 07:02:23.183  8925 14669 D Apptimize: Apptimize: Test run count is 0; not incrementing metric.
03-10 07:02:23.183  8925 14669 V Apptimize: Apptimize: Logging metric for test '[HNHA] Sold Out Logic SRP'.
03-10 07:02:23.183  8925 14669 D Apptimize: Apptimize: Test run count is 0; not incrementing metric.
03-10 07:02:23.183  8925 14669 V Apptimize: Apptimize: Logging metric for test 'fallback_testing_ios_v2'.
03-10 07:02:23.183  8925 14669 D Apptimize: Apptimize: Test run count is 0; not incrementing metric.
03-10 07:02:23.183  8925 14669 V Apptimize: Apptimize: Logging metric for test '[PAYM] Installment wording PLAN'.
03-10 07:02:23.183  8925 14669 D Apptimize: Apptimize: Test run count is 0; not incrementing metric.
03-10 07:02:23.183  8925 14669 V Apptimize: Apptimize: Logging metric for test '[HPEP] SRP Ranking BE - Personalization'.
03-10 07:02:23.183  8925 14669 D Apptimize: Apptimize: Test run count is 0; not incrementing metric.
03-10 07:02:23.183  8925 14669 V Apptimize: Apptimize: Logging metric for test 'Homes PDP USP config'.
03-10 07:02:23.183  8925 14669 D Apptimize: Apptimize: Test run count is 0; not incrementing metric.
03-10 07:02:23.183  8925 14669 V Apptimize: Apptimize: Logging metric for test 'fallback_testing_android_v2'.
03-10 07:02:23.183  8925 14669 D Apptimize: Apptimize: Test run count is 0; not incrementing metric.
03-10 07:02:23.183  8925 14669 V Apptimize: Apptimize: Logging metric for test 'Core testing'.
03-10 07:02:23.183  8925 14669 D Apptimize: Apptimize: Test run count is 0; not incrementing metric.
03-10 07:02:23.183  8925 14669 V Apptimize: Apptimize: Logging metric for test '[FGDC] CTA SRP to PDP + Refund n Reschedule'.
03-10 07:02:23.183  8925 14669 D Apptimize: Apptimize: Test run count is 0; not incrementing metric.
03-10 07:02:23.183  8925 14669 V Apptimize: Apptimize: Logging metric for test '[TRA] Highlight Select Seat Button in Booking Form Page'.
03-10 07:02:23.184  8925 14669 D Apptimize: Apptimize: Test run count is 0; not incrementing metric.
03-10 07:02:23.184  8925 14669 V Apptimize: Apptimize: Logging metric for test '[DISC] NHA vertical image'.
03-10 07:02:23.184  8925 14669 D Apptimize: Apptimize: Test run count is 0; not incrementing metric.
03-10 07:02:23.184  8925 14669 V Apptimize: Apptimize: Logging metric for test 'fallback_testing_ios'.
03-10 07:02:23.184  8925 14669 D Apptimize: Apptimize: Test run count is 0; not incrementing metric.
03-10 07:02:23.184  8925 14669 V Apptimize: Apptimize: Logging metric for test '[FGDC] Adding Promo Information on SRP'.
03-10 07:02:23.184  8925 14669 D Apptimize: Apptimize: Test run count is 0; not incrementing metric.
03-10 07:02:23.184  8925 14669 V Apptimize: Apptimize: Logging metric for test '[DISC] TTD vertical icon'.
03-10 07:02:23.184  8925 14669 D Apptimize: Apptimize: Test run count is 0; not incrementing metric.
03-10 07:02:23.184  8925 14669 V Apptimize: Apptimize: Logging metric for test '[HPEP] Use Dorado for Hotel Autocomplete v6'.
03-10 07:02:23.184  8925 14669 D Apptimize: Apptimize: Test run count is 0; not incrementing metric.
03-10 07:02:23.184  8925 14669 V Apptimize: Apptimize: Logging metric for test 'Installment test a/b'.
03-10 07:02:23.184  8925 14669 D Apptimize: Apptimize: Test run count is 0; not incrementing metric.
03-10 07:02:23.184  8925 14669 V Apptimize: Apptimize: Logging metric for test '[PAYM] A/B Testing Copy Installment Fee Plan'.
03-10 07:02:23.184  8925 14669 D Apptimize: Apptimize: Test run count is 0; not incrementing metric.
03-10 07:02:23.184  8925 14669 V Apptimize: Apptimize: Logging metric for test '[HPEP] Room group variants in Room List 4.0'.
03-10 07:02:23.184  8925 14669 D Apptimize: Apptimize: Test run count is 0; not incrementing metric.
03-10 07:02:23.184  8925 14669 V Apptimize: Apptimize: Logging metric for test 'fallback_testing_android'.
03-10 07:02:23.184  8925 14669 D Apptimize: Apptimize: Test run count is 0; not incrementing metric.
03-10 07:02:23.184  8925 14669 V Apptimize: Apptimize: Logging metric for test '[HNHA] Sold Out Logic SRP'.
03-10 07:02:23.184  8925 14669 D Apptimize: Apptimize: Test run count is 0; not incrementing metric.
03-10 07:02:23.184  8925 14669 V Apptimize: Apptimize: Logging metric for test 'fallback_testing_ios_v2'.
03-10 07:02:23.184  8925 14669 D Apptimize: Apptimize: Test run count is 0; not incrementing metric.
03-10 07:02:23.184  8925 14669 V Apptimize: Apptimize: Logging metric for test '[PAYM] Installment wording PLAN'.
03-10 07:02:23.184  8925 14669 D Apptimize: Apptimize: Test run count is 0; not incrementing metric.
03-10 07:02:23.184  8925 14669 V Apptimize: Apptimize: Logging metric for test '[HPEP] SRP Ranking BE - Personalization'.
03-10 07:02:23.184  8925 14669 D Apptimize: Apptimize: Test run count is 0; not incrementing metric.
03-10 07:02:23.184  8925 14669 V Apptimize: Apptimize: Logging metric for test 'Homes PDP USP config'.
03-10 07:02:23.184  8925 14669 D Apptimize: Apptimize: Test run count is 0; not incrementing metric.
03-10 07:02:23.184  8925 14669 V Apptimize: Apptimize: Logging metric for test 'fallback_testing_android_v2'.
03-10 07:02:23.184  8925 14669 D Apptimize: Apptimize: Test run count is 0; not incrementing metric.
03-10 07:02:23.184  8925 14669 V Apptimize: Apptimize: Logging metric for test 'Core testing'.
03-10 07:02:23.184  8925 14669 D Apptimize: Apptimize: Test run count is 0; not incrementing metric.
03-10 07:02:23.184  8925 14669 V Apptimize: Apptimize: Logging metric for test '[FGDC] CTA SRP to PDP + Refund n Reschedule'.
03-10 07:02:23.184  8925 14669 D Apptimize: Apptimize: Test run count is 0; not incrementing metric.
03-10 07:02:23.184  8925 15289 D ApiLog  :
03-10 07:02:23.185  8925 15289 D ApiLog  : {"code":"SUCCESS","message":"SUCCESS","errors":null,"data":"Successfully Save Token","serverTime":1646895742413,"sessionData":{"username":null,"firstname":null,"lastname":null,"lang":null,"currency":"IDR","tixPoint":0}}
03-10 07:02:23.185  8925 15289 D ApiLog  : <-- END HTTP (219-byte body)
03-10 07:02:23.185  8925 14669 V Apptimize: Apptimize: Logging metric for test '[TRA] Highlight Select Seat Button in Booking Form Page'.
03-10 07:02:23.185  8925 14669 D Apptimize: Apptimize: Test run count is 0; not incrementing metric.
