--------- beginning of main
03-14 06:25:33.360  1244  1292 I SurfaceControl: release : mNativeObject = -5476376644737122384 - Surface(name=Surface(name=DefaultTaskDisplayArea)/@0x7e82a7d - animation-leash)/@0x4f41974 / android.view.SurfaceControl$Transaction.remove:3421 com.android.server.wm.SurfaceAnimator.removeLeash:418 com.android.server.wm.SurfaceAnimator.reset:384 com.android.server.wm.SurfaceAnimator.lambda$getFinishedCallback$0$SurfaceAnimator:110
03-14 06:25:33.360  1244  1292 I SurfaceControl: nativeRelease nativeObject s[-5476376644737122384]
03-14 06:25:33.360  1244  1292 I SurfaceControl: nativeRelease nativeObject e[-5476376644737122384]
03-14 06:25:33.361  1244  1292 D SurfaceControl: hide : mNativeObject = -5476376644200474144 - sc.mNativeObject = -5476376644737274256 - Surface(name=ActivityRecord{8651694 u0 com.google.android.apps.maps/com.google.android.maps.MapsActivity t100})/@0x68f6132
03-14 06:25:33.361  1244  1292 D SurfaceControl: nativeSetFlags Done : Surface(name=ActivityRecord{8651694 u0 com.google.android.apps.maps/com.google.android.maps.MapsActivity t100})/@0x68f6132
03-14 06:25:33.361  1244  1292 D SurfaceControl: hide : mNativeObject = -5476376644200474144 - sc.mNativeObject = -5476376644737248384 - Surface(name=ActivityRecord{ff98e1 u0 com.android.vending/com.google.android.finsky.unauthenticated.activity.UnauthenticatedMainActivity t102})/@0xf0b24c7
03-14 06:25:33.361  1244  1292 D SurfaceControl: nativeSetFlags Done : Surface(name=ActivityRecord{ff98e1 u0 com.android.vending/com.google.android.finsky.unauthenticated.activity.UnauthenticatedMainActivity t102})/@0xf0b24c7
03-14 06:25:33.361   894  1612 I Layer   : id=759 removeFromCurrentState Surface(name=DefaultTaskDisplayArea)/@0x7e82a7d - animation-leash#0 (56)
03-14 06:25:33.362   894   916 I SurfaceFlinger: id=759 Removed Surface(name=DefaultTaskDisplayArea)/@0x7e82a7d - animation-leash#0 (56)
03-14 06:25:33.362  1244  1292 D SurfaceControl: hide : mNativeObject = -5476376644200405152 - sc.mNativeObject = -5476376644737141536 - Surface(name=Input Consumer recents_animation_input_consumer)/@0x730ecfe
03-14 06:25:33.362  1244  1292 D SurfaceControl: nativeSetFlags Done : Surface(name=Input Consumer recents_animation_input_consumer)/@0x730ecfe
03-14 06:25:33.363 28951 28951 W Launcher: onEnterAnimationComplete
03-14 06:25:33.368   894   894 I Layer   : id=759[1] Destroyed Surface(name=DefaultTaskDisplayArea)/@0x7e82a7d - animation-leash#0
03-14 06:25:33.369  1244  1292 D SurfaceControl: hide : mNativeObject = -5476376644200405152 - sc.mNativeObject = -5476376644737141536 - Surface(name=Input Consumer recents_animation_input_consumer)/@0x730ecfe
03-14 06:25:33.369  1244  1292 D SurfaceControl: nativeSetFlags Done : Surface(name=Input Consumer recents_animation_input_consumer)/@0x730ecfe
03-14 06:25:33.394   563   573 E audit   : avc:  denied  { find } for pid=9327 uid=10277 name=tethering scontext=u:r:permissioncontroller_app:s0:c21,c257,c512,c768 tcontext=u:object_r:tethering_service:s0 tclass=service_manager permissive=0
03-14 06:25:33.394   563   573 I servicemanager: tethering : getService has failed, permission denied.
03-14 06:25:33.444   894   894 I HWComposer: ActiveConfigToHWC, ID : 2
03-14 06:25:33.444   788   788 I display : Set Affinity config for fps(60) : 2, cpuIDs : 255
03-14 06:25:33.444   788   788 I display : Set Affinity CPU ID : 0
03-14 06:25:33.444   788   788 I display : Set Affinity CPU ID : 1
03-14 06:25:33.444   788   788 I display : Set Affinity CPU ID : 2
03-14 06:25:33.444   788   788 I display : Set Affinity CPU ID : 3
03-14 06:25:33.444   788   788 I display : Set Affinity CPU ID : 4
03-14 06:25:33.444   788   788 I display : Set Affinity CPU ID : 5
03-14 06:25:33.444   788   788 I display : Set Affinity CPU ID : 6
03-14 06:25:33.444   788   788 I display : Set Affinity CPU ID : 7
03-14 06:25:33.444   788   788 I display : Set affinity HWC : 788
03-14 06:25:33.444   788   788 I display : CPU set : Cluster(0), min_clock(0)
03-14 06:25:33.445   788   788 I display : CPU set : Cluster(1), min_clock(0)
03-14 06:25:33.445   788   788 I display : CPU set : Cluster(2), min_clock(0)
03-14 06:25:33.448   788   788 I display : setActiveConfig(config=2)
03-14 06:25:33.448   788   788 I display : next config(2): width=1080 height=2400 period=16666666 Xdpi=422030 Ydpi=423333 groupId=0
03-14 06:25:33.448   788   788 I display : Current VRR MODE is 3
03-14 06:25:33.449   894   894 I SurfaceFlinger: Touch=0, Idle=0, DisplayPower=0
03-14 06:25:33.452   894   894 D Scheduler: onPrimaryDisplayConfigChanged to 2
--------- beginning of system
03-14 06:25:33.453  1244  1291 D LocalDisplayAdapter: updateActiveRealModeLocked, mActiveRealPhysIndex=2, mActiveRealModeId=3, forceUpdate=false, caller=com.android.server.display.LocalDisplayAdapter$LocalDisplayDevice.onActiveDisplayConfigChangedLocked:1117 com.android.server.display.LocalDisplayAdapter$PhysicalDisplayEventReceiver.onConfigChanged:1419 android.view.DisplayEventReceiver.dispatchConfigChanged:216
03-14 06:25:33.453  1244  1291 I DisplayManagerService: Display device changed: DisplayDeviceInfo{"Built-in Screen": uniqueId="local:21442653864348033", 1080 x 2400, modeId 3, defaultModeId 3, supportedModes [{id=1, width=1080, height=2400, fps=120.00001}, {id=2, width=1080, height=2400, fps=96.00001}, {id=3, width=1080, height=2400, fps=60.000004}, {id=4, width=1080, height=2400, fps=48.000004}], refreshRateMode REFRESH_RATE_MODE_SEAMLESS, realModeId 3, colorMode 0, supportedColorModes [0, 6, 7], HdrCapabilities HdrCapabilities{mSupportedHdrTypes=[2, 3], mMaxLuminance=450.0, mMaxAverageLuminance=120.0, mMinLuminance=5.0E-4}, allmSupported false, gameContentTypeSupported false, density 480, 422.03 x 423.333 dpi, appVsyncOff 0, presDeadline 17666666, cutout DisplayCutout{insets=Rect(0, 80 - 0, 0) waterfall=Insets{left=0, top=0, right=0, bottom=0} boundingRect={Bounds=[Rect(0, 0 - 0, 0), Rect(510, 0 - 570, 80), Rect(0, 0 - 0, 0), Rect(0, 0 - 0, 0)]}}, touch INTERNAL, rotation 0, type INTERNAL, address {port=129, model=0x4c2dfae6a049}, deviceProductInfo DeviceProductInfo{name=samsung lcd  , manufacturerPnpId=SAM, productId=0, modelYear=null, manufactureDate=ManufactureDate{week=16, year=2020}, relativeAddress=null}, state ON, FLAG_DEFAULT_DISPLAY, FLAG_ROTATES_WITH_CONTENT, FLAG_SECURE, FLAG_SUPPORTS_PROTECTED_BUFFERS}
03-14 06:25:33.457  1244  1291 D TspStateManager: updateCustomValue customSetting=
03-14 06:25:33.458  1244  1291 D TspStateManager: updateCustomValue customSetting=
03-14 06:25:33.461  1244  1292 D SurfaceControl: hide : mNativeObject = -5476376644200405152 - sc.mNativeObject = -5476376644737141536 - Surface(name=Input Consumer recents_animation_input_consumer)/@0x730ecfe
03-14 06:25:33.461  2523  3766 I WallpaperService:  BaseIWindow resized : false
03-14 06:25:33.461  1244  1292 D SurfaceControl: nativeSetFlags Done : Surface(name=Input Consumer recents_animation_input_consumer)/@0x730ecfe
03-14 06:25:33.461  2523  2523 D WallpaperService: updateSurface forceRelayout=true forceReport=false redrawNeeded=false myWidth=2400 myHeight=2400 fixedSize=true x = 0 y = 0 mWidth=2400 mHeight=2400 mIsSleepMode=false
03-14 06:25:33.462  2523  2523 D WallpaperService: mDeviceHeight : 2400, mDeviceWidth : 1080,mDeviceRotation  : 0
03-14 06:25:33.462  1244  4417 V WindowManager: Relayout Window{9b090aa u0 com.android.systemui.ImageWallpaper}: viewVisibility=0 req=2400x2400
03-14 06:25:33.463  1244  1461 I CAE     : handleMessage(CaPowerManager.java:202) - AP_WAKEUP_Already_Delivered
03-14 06:25:33.463  1244  1461 I CAE     : handleMessage(CaPowerManager.java:212) - SCREEN_ON_Already_Delivered
03-14 06:25:33.463  1244  1244 D MotionRecognitionService: [DisplayListner] getRefreshRate 60.000004
03-14 06:25:33.463  1244  1464 D LiftUpHandler: already ended..
03-14 06:25:33.463  1244  1464 D MotionRecognitionService: [REFRESHRATE]  : 60
03-14 06:25:33.464  1244  1244 D GameManagerService: onDisplayChanged. displyId: 0, state: 2
03-14 06:25:33.464  1244  1464 D SensorService: setSContextDataLocked ints length 3 , byte length 8
03-14 06:25:33.464  1244  1464 D SensorService: setSContextDataLocked 100048c1
03-14 06:25:33.464  1244  1244 D AODManagerService: requestReCalToTSP IsSingleTouchMode = false / previousDisplayState = ON
03-14 06:25:33.464  1244  1482 D GameManagerService: onLooperPrepared(), msg: MSG_LCD_ON
03-14 06:25:33.464   798   798 D Sensors : c1 48 00 10 3c 00 00 00
03-14 06:25:33.464   798   798 E Sensors : inject_scontext_data: New ssp_data_injection_fd(41)
03-14 06:25:33.464  1244  4417 V WindowManager: Relayout hash=9b090aa, pid=2523: mAttrs={(0,0)(2400x2400) gr=TOP START CENTER layoutInDisplayCutoutMode=always ty=WALLPAPER fmt=RGBX_8888 wanim=0x1030315
03-14 06:25:33.464  1244  4417 V WindowManager:   fl=14318
03-14 06:25:33.464  1244  4417 V WindowManager:   pfl=4 naviIconColor=0
03-14 06:25:33.464  1244  4417 V WindowManager:   sfl=8}
03-14 06:25:33.465  1244  4417 I SurfaceControl: release : mNativeObject = -5476376644737401712 - Surface(name=com.android.systemui.ImageWallpaper$_2523)/@0x49a5a34 / android.view.SurfaceControl.writeToParcel:1136 android.view.IWindowSession$Stub.onTransact:910 com.android.server.wm.Session.onTransact:143 android.os.Binder.execTransactInternal:1195
03-14 06:25:33.465  1244  4417 I SurfaceControl: nativeRelease nativeObject s[-5476376644737401712]
03-14 06:25:33.465  1244  4417 I SurfaceControl: nativeRelease nativeObject e[-5476376644737401712]
03-14 06:25:33.465  1244  1292 D SurfaceControl: hide : mNativeObject = -5476376644200405152 - sc.mNativeObject = -5476376644737141536 - Surface(name=Input Consumer recents_animation_input_consumer)/@0x730ecfe
03-14 06:25:33.465  1244  1292 D SurfaceControl: nativeSetFlags Done : Surface(name=Input Consumer recents_animation_input_consumer)/@0x730ecfe
03-14 06:25:33.465   798   798 D Sensors : SContext Data Injection return 8
03-14 06:25:33.465  2523  2523 I SurfaceControl: assignNativeObject: nativeObject = 0 Surface(name=null)/@0x547633f / android.view.SurfaceControl.readFromParcel:1115 android.view.IWindowSession$Stub$Proxy.relayout:1787 android.service.wallpaper.WallpaperService$Engine.updateSurface:1185 android.service.wallpaper.WallpaperService$IWallpaperEngineWrapper.executeMessage:1881 com.android.internal.os.HandlerCaller$MyHandler.handleMessage:44 android.os.Handler.dispatchMessage:106 android.os.Looper.loop:246 android.app.ActivityThread.main:8456 java.lang.reflect.Method.invoke:-2 com.android.internal.os.RuntimeInit$MethodAndArgsCaller.run:596
03-14 06:25:33.465  2523  2523 I SurfaceControl: release : mNativeObject = -5476376644737315136 - Surface(name=com.android.systemui.ImageWallpaper$_2523)/@0x15ca40c / android.service.wallpaper.WallpaperService$Engine.updateSurface:1193 android.service.wallpaper.WallpaperService$IWallpaperEngineWrapper.executeMessage:1881 com.android.internal.os.HandlerCaller$MyHandler.handleMessage:44 android.os.Handler.dispatchMessage:106
03-14 06:25:33.465  2523  2523 I SurfaceControl: nativeRelease nativeObject s[-5476376644737315136]
03-14 06:25:33.465  2523  2523 I SurfaceControl: nativeRelease nativeObject e[-5476376644737315136]
03-14 06:25:33.466  2523  2523 D WallpaperService: updateSurface redrawNeeded=false didSurface=false
03-14 06:25:33.466  2523  2523 D DisplayLifecycle: updateDisplay id = 0
03-14 06:25:33.468  1244  1292 D SurfaceControl: hide : mNativeObject = -5476376644200405152 - sc.mNativeObject = -5476376644737141536 - Surface(name=Input Consumer recents_animation_input_consumer)/@0x730ecfe
03-14 06:25:33.468  2523  4631 I WallpaperService:  BaseIWindow resized : false
03-14 06:25:33.468  1244  1292 D SurfaceControl: nativeSetFlags Done : Surface(name=Input Consumer recents_animation_input_consumer)/@0x730ecfe
03-14 06:25:33.468  2523  2523 D WallpaperService: updateSurface forceRelayout=true forceReport=false redrawNeeded=false myWidth=2400 myHeight=2400 fixedSize=true x = 0 y = 0 mWidth=2400 mHeight=2400 mIsSleepMode=false
03-14 06:25:33.468  2523  2523 D WallpaperService: mDeviceHeight : 2400, mDeviceWidth : 1080,mDeviceRotation  : 0
03-14 06:25:33.474  1244  1292 D SurfaceControl: hide : mNativeObject = -5476376644200405152 - sc.mNativeObject = -5476376644737141536 - Surface(name=Input Consumer recents_animation_input_consumer)/@0x730ecfe
03-14 06:25:33.474  1244  1292 D SurfaceControl: nativeSetFlags Done : Surface(name=Input Consumer recents_animation_input_consumer)/@0x730ecfe
03-14 06:25:33.475  1244  4417 V WindowManager: Relayout Window{9b090aa u0 com.android.systemui.ImageWallpaper}: viewVisibility=0 req=2400x2400
03-14 06:25:33.476  1244  1292 D SurfaceControl: hide : mNativeObject = -5476376644200405152 - sc.mNativeObject = -5476376644737141536 - Surface(name=Input Consumer recents_animation_input_consumer)/@0x730ecfe
03-14 06:25:33.476  1244  1292 D SurfaceControl: nativeSetFlags Done : Surface(name=Input Consumer recents_animation_input_consumer)/@0x730ecfe
03-14 06:25:33.477  1244  4417 V WindowManager: Relayout hash=9b090aa, pid=2523: mAttrs={(0,0)(2400x2400) gr=TOP START CENTER layoutInDisplayCutoutMode=always ty=WALLPAPER fmt=RGBX_8888 wanim=0x1030315
03-14 06:25:33.477  1244  4417 V WindowManager:   fl=14318
03-14 06:25:33.477  1244  4417 V WindowManager:   pfl=4 naviIconColor=0
03-14 06:25:33.477  1244  4417 V WindowManager:   sfl=8}
03-14 06:25:33.477  1244  4417 I SurfaceControl: release : mNativeObject = -5476376644737304272 - Surface(name=com.android.systemui.ImageWallpaper$_2523)/@0x56c705d / android.view.SurfaceControl.writeToParcel:1136 android.view.IWindowSession$Stub.onTransact:910 com.android.server.wm.Session.onTransact:143 android.os.Binder.execTransactInternal:1195
03-14 06:25:33.477  1244  4417 I SurfaceControl: nativeRelease nativeObject s[-5476376644737304272]
03-14 06:25:33.477  1244  4417 I SurfaceControl: nativeRelease nativeObject e[-5476376644737304272]
03-14 06:25:33.477  2523  2523 I SurfaceControl: assignNativeObject: nativeObject = 0 Surface(name=null)/@0x547633f / android.view.SurfaceControl.readFromParcel:1115 android.view.IWindowSession$Stub$Proxy.relayout:1787 android.service.wallpaper.WallpaperService$Engine.updateSurface:1185 android.service.wallpaper.WallpaperService$IWallpaperEngineWrapper.executeMessage:1881 com.android.internal.os.HandlerCaller$MyHandler.handleMessage:44 android.os.Handler.dispatchMessage:106 android.os.Looper.loop:246 android.app.ActivityThread.main:8456 java.lang.reflect.Method.invoke:-2 com.android.internal.os.RuntimeInit$MethodAndArgsCaller.run:596
03-14 06:25:33.477  2523  2523 I SurfaceControl: release : mNativeObject = -5476376644737315136 - Surface(name=com.android.systemui.ImageWallpaper$_2523)/@0x15ca40c / android.service.wallpaper.WallpaperService$Engine.updateSurface:1193 android.service.wallpaper.WallpaperService$IWallpaperEngineWrapper.executeMessage:1881 com.android.internal.os.HandlerCaller$MyHandler.handleMessage:44 android.os.Handler.dispatchMessage:106
03-14 06:25:33.477  2523  2523 I SurfaceControl: nativeRelease nativeObject s[-5476376644737315136]
03-14 06:25:33.477  2523  2523 I SurfaceControl: nativeRelease nativeObject e[-5476376644737315136]
03-14 06:25:33.477  2523  2523 D WallpaperService: updateSurface redrawNeeded=false didSurface=false
03-14 06:25:33.484  1638  1650 W m.android.phon: Reducing the number of considered missed Gc histogram windows from 318 to 100
03-14 06:25:33.495   563   563 I servicemanager: Notifying apexservice they have clients: 0
03-14 06:25:33.496   563   573 I servicemanager: apexservice is unregisterd
03-14 06:25:33.496   563   573 I BpBinder: onLastStrongRef automatically unlinking death recipients: <uncached descriptor>
03-14 06:25:33.502 10055 10058 I cmd     : oneway function results will be dropped but finished with status OK and parcel size 4
03-14 06:25:33.505 10895 10948 I System.out: GraphitePostingThread calls detatch()
03-14 06:25:33.523 10895 10948 I BrowserStack-Service: checking if we are in a session...
03-14 06:25:33.523 10895 10948 I BrowserStack-Service: I am in a session
03-14 06:25:33.595   563   573 E audit   : avc:  denied  { find } for pid=9327 uid=10277 name=tethering scontext=u:r:permissioncontroller_app:s0:c21,c257,c512,c768 tcontext=u:object_r:tethering_service:s0 tclass=service_manager permissive=0
03-14 06:25:33.595   563   573 I servicemanager: tethering : getService has failed, permission denied.
03-14 06:25:33.648   616   616 I io_stats: !@   8,0 r 76600 3970272 w 49304 891252 d 21165 719420 f 0 0 iot 75932 0 th 0 0 0 pt 0 inp 0 0 3604.441
03-14 06:25:33.751  1244  1455 D SamsungAlarmManager: Expired : 8
03-14 06:25:33.751  1244  1455 I SamsungAlarmManager: setLocked to kernel - T:2 / 20220314T062551, set=3622748, now=3604544
03-14 06:25:33.753  9543  9564 I ackageinstalle: Waiting for a blocking GC ProfileSaver
03-14 06:25:33.759  9543  9564 I ackageinstalle: WaitForGcToComplete blocked ProfileSaver on ClassLinker for 5.856ms
03-14 06:25:33.762  4810  9837 E class fr.pchab.AndroidRTC.NewTabPoller: error sending newtab event : timeout
03-14 06:25:33.767  9543  9555 I ackageinstalle: WaitForGcToComplete blocked RunEmptyCheckpoint on ProfileSaver for 7.256ms
03-14 06:25:33.795   563   573 E audit   : avc:  denied  { find } for pid=9327 uid=10277 name=tethering scontext=u:r:permissioncontroller_app:s0:c21,c257,c512,c768 tcontext=u:object_r:tethering_service:s0 tclass=service_manager permissive=0
03-14 06:25:33.796   563   573 I servicemanager: tethering : getService has failed, permission denied.
03-14 06:25:33.802   835 10010 I HYPER-HAL: [ResourceManager.cpp]removeResource(): [CPUMinFreq] RemoveResource Request ID : 3189077
03-14 06:25:33.804   835 10010 I HYPER-HAL: [RequestManager.cpp]releaseLocked(): Released ID : 3189077
03-14 06:25:33.813  4810  9837 I class fr.pchab.AndroidRTC.NewTabPoller: URL: https://183.177.55.169/json?debug_port=
03-14 06:25:33.814  4810  9837 I System.out: (HTTPLog)-Static: isSBSettingEnabled false
03-14 06:25:33.814  4810  9837 I System.out: (HTTPLog)-Static: isSBSettingEnabled false
03-14 06:25:33.815   769   860 E Netd    : getNetworkForDns: getNetId from enterpriseCtrl is netid 0
03-14 06:25:33.901  1244  2700 D WifiProfileShare: nearby scanning settings stop
03-14 06:25:33.902  1244  2700 V WifiProfileShare.Caster: checkAndGetShareData - nearby scanning
03-14 06:25:33.978  1244  1582 I ChimeraPolicyHandler: Start executePolicy: TRIGGER_SOURCE_HOME_IDLE
03-14 06:25:33.979  1244  1582 I ChimeraPolicyHandler: available memory: 3636268, free memory target: 2201600, quit chimera
03-14 06:25:33.996   563   573 E audit   : avc:  denied  { find } for pid=9327 uid=10277 name=tethering scontext=u:r:permissioncontroller_app:s0:c21,c257,c512,c768 tcontext=u:object_r:tethering_service:s0 tclass=service_manager permissive=0
03-14 06:25:33.997   563   573 I servicemanager: tethering : getService has failed, permission denied.
03-14 06:25:34.198   563   573 E audit   : avc:  denied  { find } for pid=9327 uid=10277 name=tethering scontext=u:r:permissioncontroller_app:s0:c21,c257,c512,c768 tcontext=u:object_r:tethering_service:s0 tclass=service_manager permissive=0
03-14 06:25:34.198   563   573 I servicemanager: tethering : getService has failed, permission denied.
03-14 06:25:34.399   563   573 E audit   : avc:  denied  { find } for pid=9327 uid=10277 name=tethering scontext=u:r:permissioncontroller_app:s0:c21,c257,c512,c768 tcontext=u:object_r:tethering_service:s0 tclass=service_manager permissive=0
03-14 06:25:34.400   563   573 I servicemanager: tethering : getService has failed, permission denied.
03-14 06:25:34.431  1244  3385 D SettingsProvider: isChangeAllowed() : name = hidden_api_policy_pre_p_apps
03-14 06:25:34.431  1244  3385 D SettingsProvider: edmUri: content://com.sec.knox.provider/RestrictionPolicy3
03-14 06:25:34.431  1244  3385 D SettingsProvider: projectionArgs: isSettingsChangesAllowed
03-14 06:25:34.431  1244  3385 D SettingsProvider: selectionArgs: false
03-14 06:25:34.431  1244  3385 D SettingsProvider: selectionArgs: 2000
03-14 06:25:34.431  1244  3385 D SecContentProvider: query(), uri = 17 selection = isSettingsChangesAllowed
03-14 06:25:34.431  1244  3385 D SecContentProvider: called from android.uid.shell:2000
03-14 06:25:34.432  1244  3385 D RestrictionPolicy: isSettingsChangesAllowedAsUser, userId 0 : true
03-14 06:25:34.432  1244  3385 D SettingsProvider: ret = 1
03-14 06:25:34.446  1244  3385 D SettingsProvider: isChangeAllowed() : name = hidden_api_policy_p_apps
03-14 06:25:34.446  1244  3385 D SettingsProvider: edmUri: content://com.sec.knox.provider/RestrictionPolicy3
03-14 06:25:34.446  1244  3385 D SettingsProvider: projectionArgs: isSettingsChangesAllowed
03-14 06:25:34.446  1244  3385 D SettingsProvider: selectionArgs: false
03-14 06:25:34.446  1244  3385 D SettingsProvider: selectionArgs: 2000
03-14 06:25:34.446  1244  3385 D SecContentProvider: query(), uri = 17 selection = isSettingsChangesAllowed
03-14 06:25:34.446  1244  3385 D SecContentProvider: called from android.uid.shell:2000
03-14 06:25:34.446  1244  3385 D RestrictionPolicy: isSettingsChangesAllowedAsUser, userId 0 : true
03-14 06:25:34.446  1244  3385 D SettingsProvider: ret = 1
03-14 06:25:34.446 10282 10284 I cmd     : oneway function results will be dropped but finished with status OK and parcel size 4
03-14 06:25:34.461  1244  3385 D SettingsProvider: isChangeAllowed() : name = hidden_api_policy
03-14 06:25:34.461  1244  3385 D SettingsProvider: edmUri: content://com.sec.knox.provider/RestrictionPolicy3
03-14 06:25:34.461  1244  3385 D SettingsProvider: projectionArgs: isSettingsChangesAllowed
03-14 06:25:34.461  1244  3385 D SettingsProvider: selectionArgs: false
03-14 06:25:34.461  1244  3385 D SettingsProvider: selectionArgs: 2000
03-14 06:25:34.461  1244  3385 D SecContentProvider: query(), uri = 17 selection = isSettingsChangesAllowed
03-14 06:25:34.461  1244  3385 D SecContentProvider: called from android.uid.shell:2000
03-14 06:25:34.461  1244  3385 D RestrictionPolicy: isSettingsChangesAllowedAsUser, userId 0 : true
03-14 06:25:34.461  1244  3385 D SettingsProvider: ret = 1
03-14 06:25:34.462 10290 10292 I cmd     : oneway function results will be dropped but finished with status OK and parcel size 4
03-14 06:25:34.521  1244  3385 I HeimdAllFS: Connect Installd
03-14 06:25:34.522  1244  3385 I HeimdAllFS: DEBUG: TRUE Dry-run: FALSE UsageStateMode: mars
03-14 06:25:34.522   563   573 I servicemanager: Since 'apexservice' could not be found, trying to start it as a lazy AIDL service
03-14 06:25:34.555   563   573 I servicemanager: Adding 'u:r:apexd:s0' service (apexservice:10311)
03-14 06:25:34.556   563   853 I BpBinder: onLastStrongRef automatically unlinking death recipients: <uncached descriptor>
03-14 06:25:34.556   563   573 I servicemanager: Tried to unregister apexservice, but there is about to be a client.
03-14 06:25:34.594  1244  3385 I HeimdAllFS: Connect Installd
03-14 06:25:34.594  1244  3385 I HeimdAllFS: DEBUG: TRUE Dry-run: FALSE UsageStateMode: mars
03-14 06:25:34.600   563   573 E audit   : avc:  denied  { find } for pid=9327 uid=10277 name=tethering scontext=u:r:permissioncontroller_app:s0:c21,c257,c512,c768 tcontext=u:object_r:tethering_service:s0 tclass=service_manager permissive=0
03-14 06:25:34.600   563   573 I servicemanager: tethering : getService has failed, permission denied.
03-14 06:25:34.732  1244  3385 D RestrictionPolicy: isMockLocationEnabled : true
03-14 06:25:34.733  1244  1288 V LocationManagerService: Mock location appop changed for io.appium.settings
03-14 06:25:34.801   563   573 E audit   : avc:  denied  { find } for pid=9327 uid=10277 name=tethering scontext=u:r:permissioncontroller_app:s0:c21,c257,c512,c768 tcontext=u:object_r:tethering_service:s0 tclass=service_manager permissive=0
03-14 06:25:34.801   563   573 I servicemanager: tethering : getService has failed, permission denied.
03-14 06:25:34.827  1244  3385 I HeimdAllFS: Connect Installd
03-14 06:25:34.828  1244  3385 I HeimdAllFS: DEBUG: TRUE Dry-run: FALSE UsageStateMode: mars
03-14 06:25:34.837 10371 10384 I CCodec  : allocate(c2.exynos.h264.encoder)
03-14 06:25:34.839 10371 10384 I Codec2Client: Available Codec2 services: "default" "default0" "software"
03-14 06:25:34.840 10371 10384 I CCodec  : setting up 'default' as default (vendor) store
03-14 06:25:34.843   841  1315 I samsung.hardware.media.c2@1.0-service: missing struct descriptor #Param::CoreIndex(--004) for field values of struct #Param::CoreIndex(F-12004)
03-14 06:25:34.846 10371 10384 I CCodec  : Created component [c2.exynos.h264.encoder]
03-14 06:25:34.846 10371 10384 D CCodecConfig: read media type: video/avc
03-14 06:25:34.847 10371 10384 D ReflectedParamUpdater: extent() != 1 for single value type: output.subscribed-indices.values
03-14 06:25:34.847 10371 10384 D ReflectedParamUpdater: extent() != 1 for single value type: input.buffers.allocator-ids.values
03-14 06:25:34.847 10371 10384 D ReflectedParamUpdater: extent() != 1 for single value type: output.buffers.allocator-ids.values
03-14 06:25:34.847 10371 10384 D ReflectedParamUpdater: extent() != 1 for single value type: output.buffers.pool-ids.values
03-14 06:25:34.847  4810  9837 E class fr.pchab.AndroidRTC.NewTabPoller: error sending newtab event : timeout
03-14 06:25:34.848 10371 10384 D ReflectedParamUpdater: ignored struct field coding.gop.values
03-14 06:25:34.848 10371 10384 D CCodecConfig: ignoring local param raw.color (0xc2001809) as it is already supported
03-14 06:25:34.849 10371 10384 I CCodecConfig: query failed after returning 18 values (BAD_INDEX)
03-14 06:25:34.849 10371 10384 D CCodecConfig: c2 config diff is Dict {
03-14 06:25:34.849 10371 10384 D CCodecConfig:   c2::u32 algo.bitrate-mode.value = 3
03-14 06:25:34.849 10371 10384 D CCodecConfig:   c2::u32 algo.delay.value = 0
03-14 06:25:34.849 10371 10384 D CCodecConfig:   c2::float algo.rate.value = 0
03-14 06:25:34.849 10371 10384 D CCodecConfig:   c2::u32 coded.bitrate.value = 64000
03-14 06:25:34.849 10371 10384 D CCodecConfig:   c2::float coded.frame-rate.value = 30
03-14 06:25:34.849 10371 10384 D CCodecConfig:   c2::u32 coded.pl.level = 20484
03-14 06:25:34.849 10371 10384 D CCodecConfig:   c2::u32 coded.pl.profile = 20481
03-14 06:25:34.849 10371 10384 D CCodecConfig:   c2::u32 coding.intra-refresh.mode = 0
03-14 06:25:34.849 10371 10384 D CCodecConfig:   c2::float coding.intra-refresh.period = 0
03-14 06:25:34.849 10371 10384 D CCodecConfig:   c2::u32 coding.request-sync-frame.value = 0
03-14 06:25:34.849 10371 10384 D CCodecConfig:   c2::i64 coding.sync-frame-interval.value = 1000000
03-14 06:25:34.849 10371 10384 D CCodecConfig:   Buffer coding.temporal-layering = {
03-14 06:25:34.849 10371 10384 D CCodecConfig:     00000000:  10 00 00 00 07 20 01 52  00 00 00 00 00 00 00 00  ..... .R........
03-14 06:25:34.849 10371 10384 D CCodecConfig:   }
03-14 06:25:34.849 10371 10384 D CCodecConfig:   c2::u32 input.delay.value = 0
03-14 06:25:34.849 10371 10384 D CCodecConfig:   string input.media-type.value = "video/raw"
03-14 06:25:34.849 10371 10384 D CCodecConfig:   c2::u32 output.buffers.prepend-header.value = 0
03-14 06:25:34.849 10371 10384 D CCodecConfig:   string output.media-type.value = "video/avc"
03-14 06:25:34.849 10371 10384 D CCodecConfig:   c2::u32 raw.color.matrix = 0
03-14 06:25:34.849 10371 10384 D CCodecConfig:   c2::u32 raw.color.primaries = 0
03-14 06:25:34.849 10371 10384 D CCodecConfig:   c2::u32 raw.color.range = 0
03-14 06:25:34.849 10371 10384 D CCodecConfig:   c2::u32 raw.color.transfer = 0
03-14 06:25:34.849 10371 10384 D CCodecConfig:   c2::u32 raw.data-space.value = 0
03-14 06:25:34.849 10371 10384 D CCodecConfig:   c2::u32 raw.pixel-format.value = 34
03-14 06:25:34.849 10371 10384 D CCodecConfig:   c2::u32 raw.size.height = 240
03-14 06:25:34.849 10371 10384 D CCodecConfig:   c2::u32 raw.size.width = 320
03-14 06:25:34.849 10371 10384 D CCodecConfig: }
03-14 06:25:34.855 10371 10384 D CCodec  : [c2.exynos.h264.encoder] buffers are bound to CCodec for this session
03-14 06:25:34.855 10371 10384 I CCodec  : appPid(10371) width(800) height(800)
03-14 06:25:34.855 10371 10384 I CCodec  : app-name: screenrecord
03-14 06:25:34.855 10371 10384 D CCodecConfig: no c2 equivalents for color-format
03-14 06:25:34.855 10371 10384 D CCodecConfig: no c2 equivalents for max-bframes
03-14 06:25:34.855 10371 10384 D CCodecConfig: no c2 equivalents for flags
03-14 06:25:34.855 10371 10384 D CCodecConfig: no c2 equivalents for encoder
03-14 06:25:34.855 10371 10384 D CCodecConfig: no c2 equivalents for color-standard
03-14 06:25:34.855 28861 28925 I SecMediaProvider: 10076 INSERT /local
03-14 06:25:34.856 10371 10384 D CCodecConfig: c2 config diff is   c2::u32 coded.bitrate.value = 1500000
03-14 06:25:34.856 10371 10384 D CCodecConfig:   c2::float coded.frame-rate.value = 60
03-14 06:25:34.856 10371 10384 D CCodecConfig:   c2::i64 coding.sync-frame-interval.value = 10000000
03-14 06:25:34.856 10371 10384 D CCodecConfig:   c2::u32 raw.color.matrix = 1
03-14 06:25:34.856 10371 10384 D CCodecConfig:   c2::u32 raw.color.primaries = 1
03-14 06:25:34.856 10371 10384 D CCodecConfig:   c2::u32 raw.color.range = 2
03-14 06:25:34.856 10371 10384 D CCodecConfig:   c2::u32 raw.color.transfer = 3
03-14 06:25:34.856 10371 10384 D CCodecConfig:   c2::u32 raw.size.height = 800
03-14 06:25:34.856 10371 10384 D CCodecConfig:   c2::u32 raw.size.width = 800
03-14 06:25:34.856 10371 10384 W Codec2Client: query -- param skipped: index = 3254781982.
03-14 06:25:34.856 10371 10384 D CCodec  : setup formats input: AMessage(what = 0x00000000) = {
03-14 06:25:34.856 10371 10384 D CCodec  :   int32_t android._color-format = 2130708361
03-14 06:25:34.856 10371 10384 D CCodec  :   int32_t android._dataspace = 0
03-14 06:25:34.856 10371 10384 D CCodec  :   int32_t frame-rate = 60
03-14 06:25:34.856 10371 10384 D CCodec  :   int32_t height = 800
03-14 06:25:34.856 10371 10384 D CCodec  :   int32_t intra-refresh-period = 0
03-14 06:25:34.856 10371 10384 D CCodec  :   int32_t latency = 0
03-14 06:25:34.856 10371 10384 D CCodec  :   string mime = "video/raw"
03-14 06:25:34.856 10371 10384 D CCodec  :   int32_t prepend-sps-pps-to-idr-frames = 0
03-14 06:25:34.856 10371 10384 D CCodec  :   int32_t width = 800
03-14 06:25:34.856 10371 10384 D CCodec  :   Rect crop(0, 0, 799, 799)
03-14 06:25:34.856 10371 10384 D CCodec  :   int32_t color-format = 2130708361
03-14 06:25:34.856 10371 10384 D CCodec  : } and output: AMessage(what = 0x00000000) = {
03-14 06:25:34.856 10371 10384 D CCodec  :   int32_t bitrate = 1500000
03-14 06:25:34.856 10371 10384 D CCodec  :   int32_t bitrate-mode = 1
03-14 06:25:34.856 10371 10384 D CCodec  :   Rect crop(0, 0, 799, 799)
03-14 06:25:34.856 10371 10384 D CCodec  :   int32_t width = 800
03-14 06:25:34.856 10371 10384 D CCodec  :   int32_t color-standard = 1
03-14 06:25:34.856 10371 10384 D CCodec  :   int32_t color-range = 2
03-14 06:25:34.856 10371 10384 D CCodec  :   int32_t color-transfer = 3
03-14 06:25:34.856 10371 10384 D CCodec  :   int32_t frame-rate = 60
03-14 06:25:34.856 10371 10384 D CCodec  :   int32_t height = 800
03-14 06:25:34.856 10371 10384 D CCodec  :   int32_t intra-refresh-period = 0
03-14 06:25:34.856 10371 10384 D CCodec  :   int32_t latency = 0
03-14 06:25:34.856 10371 10384 D CCodec  :   int32_t level = 16
03-14 06:25:34.856 10371 10384 D CCodec  :   int32_t max-bitrate = 1500000
03-14 06:25:34.856 10371 10384 D CCodec  :   string mime = "video/avc"
03-14 06:25:34.856 10371 10384 D CCodec  :   int32_t prepend-sps-pps-to-idr-frames = 0
03-14 06:25:34.856 10371 10384 D CCodec  :   int32_t profile = 65536
03-14 06:25:34.856 10371 10384 D CCodec  : }
03-14 06:25:34.856   563   573 I servicemanager: Found vendor.samsung.frameworks.codecsolution.ISehCodecSolution/default in framework VINTF manifest.
03-14 06:25:34.857  1244  1472 D SehCodecSolutionService: updateMediaStatisticsData: (action=1@1986621044;category=1@1986621044;label=1936222260@1986621044)
03-14 06:25:34.857  1244  1472 D CodecSolution_MediaStatisticsData: MediaStatisticsData: action=1@1986621044;category=1@1986621044;label=1936222260@1986621044
03-14 06:25:34.857  1244  1472 D CodecSolution_MediaStatisticsData: Category.valueOf: 1
03-14 06:25:34.857  1244  1472 D CodecSolution_MediaStatisticsData: Action.valueOf: 1
03-14 06:25:34.857  1244  1472 D CodecSolution_MediaStatisticsData: Label.valueOf: 0x73686834
03-14 06:25:34.857  1244  1472 D CodecSolution_MediaStatisticsData: category: VENC
03-14 06:25:34.857  1244  1472 D CodecSolution_MediaStatisticsData: action: INSTANTIATE
03-14 06:25:34.857  1244  1472 D CodecSolution_MediaStatisticsData: label: SEC_HW_H264
03-14 06:25:34.857  1244  1244 D SehCodecSolutionService: handleMessage : 900
03-14 06:25:34.857  1244  1244 D SehCodecSolutionService: event : VENC
03-14 06:25:34.857  1244  1244 D CodecSolution_Logging: dma : true, feature: VENC, extra: SEC_HW_H264, value: -1
03-14 06:25:34.857  1244  1244 D CodecSolution_Logging: insert diagmon log
03-14 06:25:34.857  1244  1244 D CodecSolution_Logging: permission granted
03-14 06:25:34.857  1244  1244 W ContextImpl: Calling a method in the system process without a qualified user: android.app.ContextImpl.sendBroadcast:1162 vendor.samsung.frameworks.codecsolution.Logging.insertDiagmonLog:78 vendor.samsung.frameworks.codecsolution.Logging.insertLog:54 vendor.samsung.frameworks.codecsolution.Logging.insertLog:46 vendor.samsung.frameworks.codecsolution.SehCodecSolutionService$1.handleMessage:306
03-14 06:25:34.859  3423  3423 W ContextImpl: Calling a method in the system process without a qualified user: android.app.ContextImpl.startService:1739 android.content.ContextWrapper.startService:738 android.content.ContextWrapper.startService:738 com.sec.android.diagmonagent.sa.receiver.CFLogReceiver.sendCFLog:26 com.sec.android.diagmonagent.sa.receiver.CFLogReceiver.onReceive:18
03-14 06:25:34.860 10371 10384 D CCodec  : input format changed to AMessage(what = 0x00000000) = {
03-14 06:25:34.860 10371 10384 D CCodec  :   int32_t android._color-format = 2130708361
03-14 06:25:34.860 10371 10384 D CCodec  :   int32_t android._dataspace = 260
03-14 06:25:34.860 10371 10384 D CCodec  :   int32_t frame-rate = 60
03-14 06:25:34.860 10371 10384 D CCodec  :   int32_t height = 800
03-14 06:25:34.860 10371 10384 D CCodec  :   int32_t intra-refresh-period = 0
03-14 06:25:34.860 10371 10384 D CCodec  :   int32_t latency = 0
03-14 06:25:34.860 10371 10384 D CCodec  :   string mime = "video/raw"
03-14 06:25:34.860 10371 10384 D CCodec  :   int32_t prepend-sps-pps-to-idr-frames = 0
03-14 06:25:34.860 10371 10384 D CCodec  :   int32_t width = 800
03-14 06:25:34.860 10371 10384 D CCodec  :   Rect crop(0, 0, 799, 799)
03-14 06:25:34.860 10371 10384 D CCodec  :   int32_t color-format = 2130708361
03-14 06:25:34.860 10371 10384 D CCodec  :   int32_t color-range = 2
03-14 06:25:34.860 10371 10384 D CCodec  :   int32_t color-standard = 1
03-14 06:25:34.860 10371 10384 D CCodec  :   int32_t color-transfer = 3
03-14 06:25:34.860 10371 10384 D CCodec  : }
03-14 06:25:34.862  1060  1172 D GraphicBufferSource: setting dataspace: 0x104, acquired=0
03-14 06:25:34.863 10371 10384 D CCodec  : ISConfig timeOffset 0us (=> INVALID_OPERATION) start at 0us
03-14 06:25:34.863   744   744 E audit   : type=1400 audit(1647239134.855:3374): avc:  denied  { ioctl } for  pid=10399 comm="busybox" path="pipe:[1231388]" dev="pipefs" ino=1231388 ioctlcmd=0x5413 scontext=u:r:shell:s0 tcontext=u:r:shell:s0 tclass=fifo_file permissive=0 SEPF_SM-G991B_11_0007 audit_filtered
03-14 06:25:34.865   744   744 E audit   : type=1400 audit(1647239134.859:3375): avc:  denied  { ioctl } for  pid=10401 comm="busybox" path="pipe:[1231390]" dev="pipefs" ino=1231390 ioctlcmd=0x5413 scontext=u:r:shell:s0 tcontext=u:r:shell:s0 tclass=fifo_file permissive=0 SEPF_SM-G991B_11_0007 audit_filtered
03-14 06:25:34.865   744   744 E audit   : type=1400 audit(1647239134.859:3376): avc:  denied  { ioctl } for  pid=10401 comm="busybox" path="pipe:[1231390]" dev="pipefs" ino=1231390 ioctlcmd=0x5413 scontext=u:r:shell:s0 tcontext=u:r:shell:s0 tclass=fifo_file permissive=0 SEPF_SM-G991B_11_0007 audit_filtered
03-14 06:25:34.866   841 10393 D libexynosv4l2: try node: /dev/video6
03-14 06:25:34.866   841 10393 D libexynosv4l2: try node: /dev/video7
03-14 06:25:34.866   841 10393 I libexynosv4l2: node found for device s5p-mfc-enc: /dev/video7
03-14 06:25:34.871 28861 28925 I SecMediaProvider: 10076 INSERT /local /local/2147483689
03-14 06:25:34.874 28861 28925 D MediaSync: loaded: 39ms, 1
03-14 06:25:34.875  1244  1339 W ProcessCpuTracker: Failed to stat(/proc/10191): android.system.ErrnoException: stat failed: ENOENT (No such file or directory)
03-14 06:25:34.875  1244  1339 W ProcessCpuTracker: Skipping unknown process pid 10191
03-14 06:25:34.876 28861 28924 I SecMediaProvider: 10076 UPDATE /local/metadata [count=1]
03-14 06:25:34.879  1244  1244 D SEP_UNION_SemDeviceInfoManagerService: UnionContentObserver onChange: content://secmedia/video/media
03-14 06:25:34.879  1244  1244 D SEP_UNION_SemDeviceInfoManagerService: Notifying descendants changes.
03-14 06:25:34.880  1244  1244 D ActivityManager: Received BROADCAST intent 0x6e98985 Key{broadcastIntent pkg=com.samsung.android.service.tagservice intent=act=com.samsung.android.app.action.TAG_CHANGED dat=content://secmedia cmp=com.samsung.android.service.tagservice/.service.TagBroadcastReceiver flags=0x0 u=0} requestCode=0 sent=0 from uid 1000
03-14 06:25:34.880  1244  1244 D SEP_UNION_SemDeviceInfoManagerService: reportUriChanged() uri = content://secmedia/video/media, tag =
03-14 06:25:34.880  1244  1244 D SEP_UNION_SemDeviceInfoManagerService: UnionContentObserver onChange: content://secmedia/images/media
03-14 06:25:34.880  1244  1244 D SEP_UNION_SemDeviceInfoManagerService: Notifying descendants changes.
03-14 06:25:34.880  1244  1317 D StorageManagerService: getExternalStorageMountMode: uid=10092 packageName=com.samsung.android.service.tagservice
03-14 06:25:34.881  1244  1317 D CompatibilityChangeReporter: Compat change id reported: 135634846; UID 10092; state: DISABLED
03-14 06:25:34.881  1244  1317 D CompatibilityChangeReporter: Compat change id reported: 135754954; UID 10092; state: DISABLED
03-14 06:25:34.880  4542  4790 I BaseThreadPoolExecutor: [#CMH#] Task com.samsung.cmh.database.MediaContentSyncTask@503b9c0 is submitted
03-14 06:25:34.881  1244  1318 D CompatibilityChangeReporter: Compat change id reported: 143937733; UID 10092; state: DISABLED
03-14 06:25:34.881  4542  4790 I ControllerEventHandler: [#CMH#] Skip for wait content sync job
03-14 06:25:34.881  1244  1244 D ActivityManager: Received BROADCAST intent 0x6e98985 Key{broadcastIntent pkg=com.samsung.android.service.tagservice intent=act=com.samsung.android.app.action.TAG_CHANGED dat=content://secmedia cmp=com.samsung.android.service.tagservice/.service.TagBroadcastReceiver flags=0x0 u=0} requestCode=0 sent=0 from uid 1000
03-14 06:25:34.881   841 10393 I libexynosv4l2: open video device /dev/video7
03-14 06:25:34.881  1244  1244 D SEP_UNION_SemDeviceInfoManagerService: reportUriChanged() uri = content://secmedia/images/media, tag =
03-14 06:25:34.881  1244  1244 D SEP_UNION_SemDeviceInfoManagerService: UnionContentObserver onChange: content://secmedia/local
03-14 06:25:34.881  1244  1244 D SEP_UNION_SemDeviceInfoManagerService: Notifying descendants changes.
03-14 06:25:34.882  1244  1244 D ActivityManager: Received BROADCAST intent 0x6e98985 Key{broadcastIntent pkg=com.samsung.android.service.tagservice intent=act=com.samsung.android.app.action.TAG_CHANGED dat=content://secmedia cmp=com.samsung.android.service.tagservice/.service.TagBroadcastReceiver flags=0x0 u=0} requestCode=0 sent=0 from uid 1000
03-14 06:25:34.883  1244  1244 D SEP_UNION_SemDeviceInfoManagerService: reportUriChanged() uri = content://secmedia/local, tag =
03-14 06:25:34.883  1244  1244 D SEP_UNION_SemDeviceInfoManagerService: UnionContentObserver onChange: content://secmedia/media
03-14 06:25:34.883  1244  1244 D SEP_UNION_SemDeviceInfoManagerService: Notifying descendants changes.
03-14 06:25:34.883   841 10393 D libexynosv4l2: try node: /dev/video6
03-14 06:25:34.883   841 10393 D libexynosv4l2: try node: /dev/video7
03-14 06:25:34.883   841 10393 I libexynosv4l2: node found for device s5p-mfc-enc: /dev/video7
03-14 06:25:34.883  1244  1244 D ActivityManager: Received BROADCAST intent 0x6e98985 Key{broadcastIntent pkg=com.samsung.android.service.tagservice intent=act=com.samsung.android.app.action.TAG_CHANGED dat=content://secmedia cmp=com.samsung.android.service.tagservice/.service.TagBroadcastReceiver flags=0x0 u=0} requestCode=0 sent=0 from uid 1000
03-14 06:25:34.883  1244  1244 D SEP_UNION_SemDeviceInfoManagerService: reportUriChanged() uri = content://secmedia/media, tag =
03-14 06:25:34.884  1244  1472 I ActivityManager: byname cpr=ContentProviderRecord{b03a5a2 u0 com.samsung.android.providers.media/.MediaProvider},0,true
03-14 06:25:34.890   770   770 D Zygote  : Forked child process 10409
03-14 06:25:34.891  1244  1343 D PowerManagerService: UserActivityState : 1 -> 2
03-14 06:25:34.891  1244  1343 D PowerManagerService: mDisplayReady: false
03-14 06:25:34.891  1244  1343 D PowerManagerService: mDisplayReady: false
03-14 06:25:34.891  1244  1343 D DisplayPowerController: animateScreenStateChange: target=2, targetInternal=2, dualScreenPolicy=-1
03-14 06:25:34.891  1244  1343 D DisplayPowerController: getFinalBrightness : Summary is   0 (0.00) ->   0 (0.00)
03-14 06:25:34.891  1244  1343 D PowerManagerService: DisplayPowerCallbacks : onStateChanged()
03-14 06:25:34.891  1244  1343 D PowerManagerService: mDisplayReady: true
03-14 06:25:34.891  1244  1343 D PowerManagerService: mDisplayReady: true
03-14 06:25:34.892  1244  1244 I MdnieScenarioControlService: action  :  com.samsung.server.PowerManagerService.action.USER_ACTIVITY
03-14 06:25:34.892  1244  1318 I ActivityManager: Start proc 10409:com.samsung.android.service.tagservice/u0a92 for broadcast {com.samsung.android.service.tagservice/com.samsung.android.service.tagservice.service.TagBroadcastReceiver}
03-14 06:25:34.893  4542  4560 I CMHProvider: [#CMH#] call from app:  com.android.providers.downloads , methodName: media_content_change , arg:null
03-14 06:25:34.895   744   744 E audit   : type=1400 audit(1647239134.887:3377): avc:  denied  { ioctl } for  pid=10405 comm="busybox" path="pipe:[1231394]" dev="pipefs" ino=1231394 ioctlcmd=0x5413 scontext=u:r:shell:s0 tcontext=u:r:shell:s0 tclass=fifo_file permissive=0 SEPF_SM-G991B_11_0007 audit_filtered
03-14 06:25:34.895   744   744 E audit   : type=1400 audit(1647239134.891:3378): avc:  denied  { ioctl } for  pid=10406 comm="busybox" path="pipe:[1231389]" dev="pipefs" ino=1231389 ioctlcmd=0x5413 scontext=u:r:shell:s0 tcontext=u:r:shell:s0 tclass=fifo_file permissive=0 SEPF_SM-G991B_11_0007 audit_filtered
03-14 06:25:34.898   841 10393 I libexynosv4l2: open video device /dev/video7
03-14 06:25:34.898  4810  9837 I class fr.pchab.AndroidRTC.NewTabPoller: URL: https://183.177.55.169/json?debug_port=
03-14 06:25:34.898  4810  9837 I System.out: (HTTPLog)-Static: isSBSettingEnabled false
03-14 06:25:34.898  4810  9837 I System.out: (HTTPLog)-Static: isSBSettingEnabled false
03-14 06:25:34.899 10371 10384 W Codec2Client: query -- param skipped: index = 1342179345.
03-14 06:25:34.899 10371 10384 W Codec2Client: query -- param skipped: index = 2415921170.
03-14 06:25:34.899 10371 10384 W Codec2Client: query -- param skipped: index = 2684356609.
03-14 06:25:34.899 10371 10384 D CCodecBufferChannel: [c2.exynos.h264.encoder#469] Using basic input block pool with poolID 1 => got 1 - OK (0)
03-14 06:25:34.900   841  1314 E FMQ     : grantorIdx must be less than 3
03-14 06:25:34.900   841  1314 E FMQ     : grantorIdx must be less than 3
03-14 06:25:34.900  4542 10408 I MediaContentSyncTask: [#CMH#] No of Row (SEC MP :  9, Max Id : 2147483686) (CMH : 9, Max Id : 2147483686) - Time :16
03-14 06:25:34.900 10371 10384 I CCodecBufferChannel: [c2.exynos.h264.encoder#469] Created output block pool with allocatorID 19 => poolID 26 - OK
03-14 06:25:34.900 10371 10384 D CCodecBufferChannel: [c2.exynos.h264.encoder#469] Configured output block pool ids 26 => OK
03-14 06:25:34.900   769   860 E Netd    : getNetworkForDns: getNetId from enterpriseCtrl is netid 0
03-14 06:25:34.900  1244  1472 D SehCodecSolutionService: getVideoRecordingParameter id : 4552665333761
03-14 06:25:34.901  1044  2614 W ResourceManagerService: Ignoring request to add new resource entry with value <= 0
03-14 06:25:34.901  1044  2614 I ResourceManagerService: addMediaInfo pid 10371, add 640000 (width 800 height 800) remained 1233927890, lowPriority 0, allocated hw codec count, 1
03-14 06:25:34.901  1044  2614 I ResourceManagerService: getMediaResourceInfo (PID : 10371, clientID : -5476376634973582256, non-secure-codec/video-codec:[]:1, 800x800 (fps:60) - sw codec : no, encoder : yes)
03-14 06:25:34.901 10371 10383 I MediaCodec: setCodecState state : 0
03-14 06:25:34.902  3473  3473 I SemMediaResourceHelper: onAdd
03-14 06:25:34.902  3473  3473 I SemMediaResourceHelper: onState
03-14 06:25:34.902  6828  6871 V ResourceManagerHelper-JNI: JNIMediaResourceHelper::notify eventType : 1, ext1 : 0, ext2 : 0
03-14 06:25:34.902  6828  6871 V ResourceManagerHelper-JNI: notify eventType : 1, ext1 : 0, ext2 : 0
03-14 06:25:34.903  6828  6871 V ResourceManagerHelper-JNI: JNIMediaResourceHelper::notify eventType : 3, ext1 : 0, ext2 : 0
03-14 06:25:34.903  6828  6871 V ResourceManagerHelper-JNI: notify eventType : 3, ext1 : 0, ext2 : 0
03-14 06:25:34.903  6828  6876 I SemMediaResourceHelper: onAdd
03-14 06:25:34.903  6828  6876 I DrmMediaResourceHelper: onAdd size = 1
03-14 06:25:34.903  6828  6876 I SemMediaResourceHelper: onState
03-14 06:25:34.903  6828  6876 I DrmMediaResourceHelper: onStateChanged size = 1
03-14 06:25:34.903  6828  6876 I DrmMediaResourceHelper: resource type: 2,,,isSecured :  falsegetCodecState : 0getpid : 10371
03-14 06:25:34.904  1244  3385 I ActivityManager: Force stopping com.tiket.gits appid=10320 user=0: from pid 10398
03-14 06:25:34.904 10409 10409 I libc    : SetHeapTaggingLevel: tag level set to 0
03-14 06:25:34.906  1244  1244 D SamsungAlarmManager: Remove alarm for next reason : android.intent.action.PACKAGE_RESTARTED / pkg:com.tiket.gits
03-14 06:25:34.907 10398 10417 I cmd     : oneway function results will be dropped but finished with status OK and parcel size 4
03-14 06:25:34.911  1638  1638 E PhoneInterfaceManager: [PhoneIntfMgr] getCarrierPackageNamesForIntentAndPhone: No UICC
03-14 06:25:34.912  1638  1638 D CarrierSvcBindHelper: No carrier app for: 0
03-14 06:25:34.912  2018  2018 D RegisteredServicesCache: com.tiket.gits is not realted HCE package
03-14 06:25:34.913 10409 10409 E vice.tagservic: Not starting debugger since process cannot load the jdwp agent.
03-14 06:25:34.913  1638  1638 E PhoneInterfaceManager: [PhoneIntfMgr] getCarrierPackageNamesForIntentAndPhone: No UICC
03-14 06:25:34.913  1638  1638 D CarrierSvcBindHelper: No carrier app for: 1
03-14 06:25:34.913  2018  2018 D RegisteredNfcFServicesCache: Service unchanged, not updating
03-14 06:25:34.914   896   964 I heimdall: insert_task_to_group:57, insert tgid 10409 to group com.samsung.android.service.tagservice, ret = 0
03-14 06:25:34.915 10409 10409 D ActivityThread: setConscryptValidator
03-14 06:25:34.915 10409 10409 D ActivityThread: setConscryptValidator - put
03-14 06:25:34.918  1244  4417 I ActivityManager: DSS OFF for com.samsung.android.service.tagservice
03-14 06:25:34.929  1244  4417 D ActivityManager: attachApplicationLocked() app=ProcessRecord{c05b56d 10409:com.samsung.android.service.tagservice/u0a92} app.isolatedEntryPoint=null instr2=null
03-14 06:25:34.930   788   804 I virtualdisplay: [VirtualDisplay] getWFDMode:: mode(0)
03-14 06:25:34.930 10409 10409 D ActivityThread: handleBindApplication()++ app=com.samsung.android.service.tagservice
03-14 06:25:34.931   894   894 I ExynosConfigStore: vendor::samsung_slsi::hardware::configstore::V1_0::IExynosHWCConfigs::useHWCService retrieved: 1
03-14 06:25:34.935  4542 10408 I MediaContentSyncTask: [#CMH#] MP time stamp :  1647235577729, CMH time stamp : 1647235577729
03-14 06:25:34.935  4542 10408 I MediaContentSyncTask: [#CMH#] Update ITEM :  0
03-14 06:25:34.936  1060  1172 D GraphicBufferSource: got buffer with new dataSpace #104
03-14 06:25:34.936 10371 10389 D C2OMXNode: dataspace changed to 0x104 pixel format: 0x1
03-14 06:25:34.938  3288  3519 I MediaProvider: Deleted 1 items on external_primary due to com.android.shell
03-14 06:25:34.949   894  2552 D NativeSemDvfsManager: acquire:: timeout = 1000 mIsAcquired = 1  mTagName : SurfaceFlinger
03-14 06:25:34.950 10371 10371 D MPEG4Writer: PreAllocation disabled. fallocate : Operation not supported on transport endpoint, 95
03-14 06:25:34.950   835   854 I HYPER-HAL: [RequestManager.cpp]acquire(): Acquired ID : 1795565  [894 / 1000]    HINT : NOT_EXIST    list : [GPUMinFreq / 403000] [TIMEOUT / 1000]
03-14 06:25:34.951  1244  1472 I ActivityManager: Force stopping com.tiket.gits appid=10320 user=0: clear data
03-14 06:25:34.952   894  2552 E NativeCustomFrequencyManager: [NativeCFMS] BpCustomFrequencyManager::acquire()
03-14 06:25:34.953  1244  1472 D PackageManager: START CLEAR APPLICATION USER DATA: observer{235879070}
03-14 06:25:34.953  1244  1472 D PackageManager: pkg{com.tiket.gits}
03-14 06:25:34.953  1244  1472 D PackageManager: user{0}
03-14 06:25:34.954  1244  1317 I ActivityManager: Force stopping com.tiket.gits appid=10320 user=-1: clearApplicationUserData
03-14 06:25:34.954  1244  1290 D SettingsProvider: isChangeAllowed() : name = enabled_notification_listeners
03-14 06:25:34.954  1244  1290 D SettingsProvider: isChangeAllowed() : name = enabled_notification_assistant
