03-11 08:31:23.815 12272 23953 V Apptimize: Apptimize: Filter requests an unsupplied prefixed attribute: ^e121064_2. Not Matching.
03-11 08:31:23.815 12272 23953 V Apptimize: Apptimize: Filter requests an unsupplied prefixed attribute: ^e121384_3. Not Matching.
03-11 08:31:23.815 12272 23953 V Apptimize: Apptimize: Filter requests an unsupplied prefixed attribute: ^e121539_1. Not Matching.
03-11 08:31:23.815 12272 23953 V Apptimize: Apptimize: Set Filter with operator "intersection" is comparing [] and [29010, 29108, 33206, 33207]
03-11 08:31:23.815 12272 23953 V Apptimize: Apptimize: Filter requests an unsupplied prefixed attribute: ^e122323_1. Not Matching.
03-11 08:31:23.816 12272 23953 V Apptimize: Apptimize: Filter requests an unsupplied prefixed attribute: ^e122644_1. Not Matching.
03-11 08:31:23.816 12272 23953 V Apptimize: Apptimize: Set Filter with operator "intersection" is comparing [] and [29010, 34068]
03-11 08:31:23.816 12272 23953 V Apptimize: Apptimize: Filter requests an unsupplied prefixed attribute: ^e122646_2. Not Matching.
03-11 08:31:23.816 12272 23953 V Apptimize: Apptimize: Filter requests an unsupplied prefixed attribute: ^e122327_2. Not Matching.
03-11 08:31:23.816 12272 23953 V Apptimize: Apptimize: Set Filter with operator "intersection" is comparing [] and [33758, 33756, 33757]
03-11 08:31:23.816 12272 23953 V Apptimize: Apptimize: Filter requests an unsupplied prefixed attribute: ^e122688_2. Not Matching.
03-11 08:31:23.817 12272 23953 V Apptimize: Apptimize: Filter requests an unsupplied prefixed attribute: ^e122732_2. Not Matching.
03-11 08:31:23.817 12272 23953 V Apptimize: Apptimize: Set Filter with operator "intersection" is comparing [] and [33819]
03-11 08:31:23.817 12272 23953 V Apptimize: Apptimize: Filter requests an unsupplied prefixed attribute: ^e122743_1. Not Matching.
03-11 08:31:23.817 12272 23953 V Apptimize: Apptimize: Set Filter with operator "intersection" is comparing [] and [33743]
03-11 08:31:23.817 12272 23953 V Apptimize: Apptimize: Filter requests an unsupplied prefixed attribute: ^e122777_1. Not Matching.
03-11 08:31:23.817 12272 23953 V Apptimize: Apptimize: Set Filter with operator "intersection" is comparing [] and [33761, 33760, 33759]
03-11 08:31:23.818 12272 23953 V Apptimize: Apptimize: Filter requests an unsupplied prefixed attribute: ^e123292_4. Not Matching.
03-11 08:31:23.818 12272 23953 V Apptimize: Apptimize: Filter requests an unsupplied prefixed attribute: ^e123386_1. Not Matching.
03-11 08:31:23.818 12272 23953 V Apptimize: Apptimize: Filter requests an unsupplied prefixed attribute: ^e123387_1. Not Matching.
03-11 08:31:23.818 12272 23953 V Apptimize: Apptimize: Filter requests an unsupplied prefixed attribute: ^e123388_1. Not Matching.
03-11 08:31:23.818 12272 23953 V Apptimize: Apptimize: Filter requests an unsupplied prefixed attribute: ^e123389_1. Not Matching.
03-11 08:31:23.818 12272 23953 V Apptimize: Apptimize: Filter requests an unsupplied prefixed attribute: ^v2800771_2. Not Matching.
03-11 08:31:23.818 12272 23953 V Apptimize: Apptimize: Filter requests an unsupplied prefixed attribute: ^v2800781_2. Not Matching.
03-11 08:31:23.818 12272 23953 V Apptimize: Apptimize: Filter requests an unsupplied prefixed attribute: ^v2821601_1. Not Matching.
03-11 08:31:23.818 12272 23953 V Apptimize: Apptimize: Filter requests an unsupplied prefixed attribute: ^v2821611_1. Not Matching.
03-11 08:31:23.818 12272 23953 V Apptimize: Apptimize: Filter requests an unsupplied prefixed attribute: ^v2821621_1. Not Matching.
03-11 08:31:23.818 12272 23953 V Apptimize: Apptimize: Filter requests an unsupplied prefixed attribute: ^v2843331_2. Not Matching.
03-11 08:31:23.818 12272 23953 V Apptimize: Apptimize: Filter requests an unsupplied prefixed attribute: ^v2843341_2. Not Matching.
03-11 08:31:23.818 12272 23953 V Apptimize: Apptimize: Filter requests an unsupplied prefixed attribute: ^v2843351_2. Not Matching.
03-11 08:31:23.818 12272 23953 V Apptimize: Apptimize: Filter requests an unsupplied prefixed attribute: ^v2843361_2. Not Matching.
03-11 08:31:23.818 12272 23953 V Apptimize: Apptimize: Filter requests an unsupplied prefixed attribute: ^v2851631_3. Not Matching.
03-11 08:31:23.819 12272 23953 V Apptimize: Apptimize: Filter requests an unsupplied prefixed attribute: ^v2851641_3. Not Matching.
03-11 08:31:23.819 12272 23953 V Apptimize: Apptimize: Filter requests an unsupplied prefixed attribute: ^v2851651_3. Not Matching.
03-11 08:31:23.819 12272 23953 V Apptimize: Apptimize: Filter requests an unsupplied prefixed attribute: ^v2851661_3. Not Matching.
03-11 08:31:23.819 12272 23953 V Apptimize: Apptimize: Filter requests an unsupplied prefixed attribute: ^v2851671_3. Not Matching.
03-11 08:31:23.819 12272 23953 V Apptimize: Apptimize: Filter requests an unsupplied prefixed attribute: ^v2851681_3. Not Matching.
03-11 08:31:23.819 12272 23953 V Apptimize: Apptimize: Filter requests an unsupplied prefixed attribute: ^v2855711_1. Not Matching.
03-11 08:31:23.819 12272 23953 V Apptimize: Apptimize: Filter requests an unsupplied prefixed attribute: ^v2855721_1. Not Matching.
03-11 08:31:23.819 12272 23953 V Apptimize: Apptimize: Filter requests an unsupplied prefixed attribute: ^v2876741_1. Not Matching.
03-11 08:31:23.819 12272 23953 V Apptimize: Apptimize: Filter requests an unsupplied prefixed attribute: ^v2876751_1. Not Matching.
03-11 08:31:23.819 12272 23953 V Apptimize: Apptimize: Filter requests an unsupplied prefixed attribute: ^v2886461_1. Not Matching.
03-11 08:31:23.819 12272 23953 V Apptimize: Apptimize: Filter requests an unsupplied prefixed attribute: ^v2886471_1. Not Matching.
03-11 08:31:23.819 12272 23953 V Apptimize: Apptimize: Filter requests an unsupplied prefixed attribute: ^v2886561_2. Not Matching.
03-11 08:31:23.819 12272 23953 V Apptimize: Apptimize: Filter requests an unsupplied prefixed attribute: ^v2886581_2. Not Matching.
03-11 08:31:23.819 12272 23953 V Apptimize: Apptimize: Filter requests an unsupplied prefixed attribute: ^v2886591_2. Not Matching.
03-11 08:31:23.819 12272 23953 V Apptimize: Apptimize: Filter requests an unsupplied prefixed attribute: ^v2888061_2. Not Matching.
03-11 08:31:23.819 12272 23953 V Apptimize: Apptimize: Filter requests an unsupplied prefixed attribute: ^v2888081_2. Not Matching.
03-11 08:31:23.819 12272 23953 V Apptimize: Apptimize: Filter requests an unsupplied prefixed attribute: ^v2888411_2. Not Matching.
03-11 08:31:23.819 12272 23953 V Apptimize: Apptimize: Filter requests an unsupplied prefixed attribute: ^v2888421_2. Not Matching.
03-11 08:31:23.819 12272 23953 V Apptimize: Apptimize: Filter requests an unsupplied prefixed attribute: ^v2888431_2. Not Matching.
03-11 08:31:23.819 12272 23953 V Apptimize: Apptimize: Filter requests an unsupplied prefixed attribute: ^v2889521_2. Not Matching.
03-11 08:31:23.819 12272 23953 V Apptimize: Apptimize: Filter requests an unsupplied prefixed attribute: ^v2889531_2. Not Matching.
03-11 08:31:23.819 12272 23953 V Apptimize: Apptimize: Filter requests an unsupplied prefixed attribute: ^v2889811_1. Not Matching.
03-11 08:31:23.819 12272 23953 V Apptimize: Apptimize: Filter requests an unsupplied prefixed attribute: ^v2889821_1. Not Matching.
03-11 08:31:23.819 12272 23953 V Apptimize: Apptimize: Filter requests an unsupplied prefixed attribute: ^v2889831_1. Not Matching.
03-11 08:31:23.820 12272 23953 V Apptimize: Apptimize: Filter requests an unsupplied prefixed attribute: ^v2889841_1. Not Matching.
03-11 08:31:23.820 12272 23953 V Apptimize: Apptimize: Filter requests an unsupplied prefixed attribute: ^v2889851_1. Not Matching.
03-11 08:31:23.820 12272 23953 V Apptimize: Apptimize: Filter requests an unsupplied prefixed attribute: ^v2890781_1. Not Matching.
03-11 08:31:23.820 12272 23953 V Apptimize: Apptimize: Filter requests an unsupplied prefixed attribute: ^v2890791_1. Not Matching.
03-11 08:31:23.820 12272 23953 V Apptimize: Apptimize: Filter requests an unsupplied prefixed attribute: ^v2890801_1. Not Matching.
03-11 08:31:23.820 12272 23953 V Apptimize: Apptimize: Filter requests an unsupplied prefixed attribute: ^v2903761_4. Not Matching.
03-11 08:31:23.820 12272 23953 V Apptimize: Apptimize: Filter requests an unsupplied prefixed attribute: ^v2903771_4. Not Matching.
03-11 08:31:23.820 12272 23953 V Apptimize: Apptimize: Filter requests an unsupplied prefixed attribute: ^v2906021_1. Not Matching.
03-11 08:31:23.820 12272 23953 V Apptimize: Apptimize: Filter requests an unsupplied prefixed attribute: ^v2906031_1. Not Matching.
03-11 08:31:23.820 12272 23953 V Apptimize: Apptimize: Filter requests an unsupplied prefixed attribute: ^v2906041_1. Not Matching.
03-11 08:31:23.820 12272 23953 V Apptimize: Apptimize: Filter requests an unsupplied prefixed attribute: ^v2906051_1. Not Matching.
03-11 08:31:23.820 12272 23953 V Apptimize: Apptimize: Filter requests an unsupplied prefixed attribute: ^v2906081_1. Not Matching.
03-11 08:31:23.820 12272 23953 V Apptimize: Apptimize: Filter requests an unsupplied prefixed attribute: ^v2906091_1. Not Matching.
03-11 08:31:23.820 12272 23953 V Apptimize: Apptimize: Filter requests an unsupplied prefixed attribute: ^v2906101_1. Not Matching.
03-11 08:31:23.820 12272 23953 V Apptimize: Apptimize: Filter requests an unsupplied prefixed attribute: ^v2906111_1. Not Matching.
03-11 08:31:23.820 12272 23953 V Apptimize: Apptimize: Filter requests an unsupplied prefixed attribute: ^v2906121_1. Not Matching.
03-11 08:31:23.820 12272 23953 V Apptimize: Apptimize: Filter requests an unsupplied prefixed attribute: ^v2906131_1. Not Matching.
03-11 08:31:23.820 12272 23953 V Apptimize: Apptimize: Filter requests an unsupplied prefixed attribute: ^v2906141_1. Not Matching.
03-11 08:31:23.820 12272 23953 V Apptimize: Apptimize: Filter requests an unsupplied prefixed attribute: ^v2906151_1. Not Matching.
03-11 08:31:23.820 12272 23661 W GoogleTagManager: Event does not have parameter "discountPosition" and no default value was defined. Returning "undefined".
03-11 08:31:23.821 12272 23953 V Apptimize: Apptimize: Set Filter with operator "intersection" is comparing [] and [28443]
03-11 08:31:23.821 12272 23953 V Apptimize: Apptimize: Set Filter with operator "intersection" is comparing [] and [28659]
03-11 08:31:23.821 12272 23953 V Apptimize: Apptimize: Set Filter with operator "intersection" is comparing [] and [28529]
03-11 08:31:23.822 12272 23953 V Apptimize: Apptimize: Set Filter with operator "intersection" is comparing [] and [29254]
03-11 08:31:23.822 12272 23953 V Apptimize: Apptimize: Set Filter with operator "intersection" is comparing [] and [29144, 29108]
03-11 08:31:23.822 12272 23953 V Apptimize: Apptimize: Set Filter with operator "intersection" is comparing [] and [29143, 29108]
03-11 08:31:23.823 12272 23953 V Apptimize: Apptimize: Set Filter with operator "intersection" is comparing [] and [29107]
03-11 08:31:23.823 12272 23953 V Apptimize: Apptimize: Set Filter with operator "intersection" is comparing [] and [29007]
03-11 08:31:23.823 12272 23953 V Apptimize: Apptimize: Set Filter with operator "intersection" is comparing [] and [29008, 29007]
03-11 08:31:23.824 12272 23953 V Apptimize: Apptimize: Set Filter with operator "intersection" is comparing [] and [29008]
03-11 08:31:23.824 12272 23953 V Apptimize: Apptimize: Set Filter with operator "intersection" is comparing [] and [30304]
03-11 08:31:23.824 12272 23953 V Apptimize: Apptimize: Set Filter with operator "intersection" is comparing [] and [30302]
03-11 08:31:23.824 12272 23953 V Apptimize: Apptimize: Set Filter with operator "intersection" is comparing [] and [30684]
03-11 08:31:23.825 12272 23953 V Apptimize: Apptimize: Set Filter with operator "intersection" is comparing [] and [30685]
03-11 08:31:23.825 12272 23953 V Apptimize: Apptimize: Set Filter with operator "intersection" is comparing [] and [29223, 30472]
03-11 08:31:23.825 12272 23953 V Apptimize: Apptimize: Set Filter with operator "intersection" is comparing [] and [30386]
03-11 08:31:23.826 12272 23953 V Apptimize: Apptimize: Set Filter with operator "intersection" is comparing [] and [30945]
03-11 08:31:23.826 12272 23953 V Apptimize: Apptimize: Set Filter with operator "intersection" is comparing [] and [30592]
03-11 08:31:23.826 12272 23953 V Apptimize: Apptimize: Set Filter with operator "intersection" is comparing [] and [30594]
03-11 08:31:23.826 12272 23953 V Apptimize: Apptimize: Set Filter with operator "intersection" is comparing [] and [30721]
03-11 08:31:23.827 12272 23953 V Apptimize: Apptimize: Set Filter with operator "intersection" is comparing [] and [30724]
03-11 08:31:23.827 12272 23953 V Apptimize: Apptimize: Set Filter with operator "intersection" is comparing [] and [30723]
03-11 08:31:23.827 12272 23953 V Apptimize: Apptimize: Set Filter with operator "intersection" is comparing [] and [31006]
03-11 08:31:23.828 12272 23661 E GoogleTagManagerAPI: com.tiket.gits.analytic.AmplitudeEvent can't be found in the application.
03-11 08:31:23.828 12272 23953 V Apptimize: Apptimize: Set Filter with operator "intersection" is comparing [] and [31007]
03-11 08:31:23.828 12272 23953 V Apptimize: Apptimize: Set Filter with operator "intersection" is comparing [] and [31008]
03-11 08:31:23.828 12272 23953 V Apptimize: Apptimize: Set Filter with operator "intersection" is comparing [] and [31009]
03-11 08:31:23.831 12272 23661 E GoogleTagManagerAPI: com.tiket.gits.analytic.OptimizelyEvent can't be found in the application.
03-11 08:31:23.832 12272 23953 V Apptimize: Apptimize: Set Filter with operator "intersection" is comparing [] and [31010]
03-11 08:31:23.832  1227  1227 W NotificationHistory: Attempted to add notif for locked/gone/disabled user 0
03-11 08:31:23.833 12272 23953 V Apptimize: Apptimize: Set Filter with operator "intersection" is comparing [] and [30998]
03-11 08:31:23.834 12272 23953 V Apptimize: Apptimize: Set Filter with operator "intersection" is comparing [] and [31034]
03-11 08:31:23.835 12272 23953 V Apptimize: Apptimize: Set Filter with operator "intersection" is comparing [] and [31025]
03-11 08:31:23.836 12272 23953 V Apptimize: Apptimize: Set Filter with operator "intersection" is comparing [] and [31154]
03-11 08:31:23.836 10179 10179 I Launcher.NotificationListener: onNotificationPosted : com.tiket.gits.debug number : 0
03-11 08:31:23.836 10179 10220 I Launcher.NotificationListener: notificationIsValidForUI : com.tiket.gits.debug missingTitleAndText : false isGroupHeader : false
03-11 08:31:23.838 12272 23953 V Apptimize: Apptimize: Set Filter with operator "intersection" is comparing [] and [30269, 31812]
03-11 08:31:23.839 13812 13812 D InterruptionStateProvider: No bubble up: not allowed to bubble: 0|com.tiket.gits.debug|1138|null|10330
03-11 08:31:23.839 12272 23953 V Apptimize: Apptimize: Set Filter with operator "intersection" is comparing [] and [31839]
03-11 08:31:23.840 12272 23953 V Apptimize: Apptimize: Set Filter with operator "intersection" is comparing [] and [31840, 31839, 31987]
03-11 08:31:23.840 13812 13812 D InterruptionStateProvider:  no Heads up : edgelighting enabled app. 0|com.tiket.gits.debug|1138|null|10330
03-11 08:31:23.841 12272 23953 V Apptimize: Apptimize: Set Filter with operator "intersection" is comparing [] and [31840, 31987]
03-11 08:31:23.843 12272 23953 V Apptimize: Apptimize: Set Filter with operator "intersection" is comparing [] and [31763]
03-11 08:31:23.845 12272 23953 V Apptimize: Apptimize: Set Filter with operator "intersection" is comparing [] and [31986]
03-11 08:31:23.845 12272 23584 V Apptimize: Apptimize: Logging metric for test '[DISC] NHA vertical image'.
03-11 08:31:23.845 12272 23584 D Apptimize: Apptimize: Test run count is 0; not incrementing metric.
03-11 08:31:23.845 12272 23584 V Apptimize: Apptimize: Logging metric for test '[DISC] TTD vertical icon'.
03-11 08:31:23.845 12272 23584 D Apptimize: Apptimize: Test run count is 0; not incrementing metric.
03-11 08:31:23.845 12272 23584 V Apptimize: Apptimize: Logging metric for test 'fallback-testing-ios-v2'.
03-11 08:31:23.845 12272 23584 D Apptimize: Apptimize: Test run count is 0; not incrementing metric.
03-11 08:31:23.846 12272 23584 V Apptimize: Apptimize: Logging metric for test '[HPEP] Use Dorado for Hotel Autocomplete v6'.
03-11 08:31:23.846 12272 23584 D Apptimize: Apptimize: Test run count is 0; not incrementing metric.
03-11 08:31:23.846 12272 23584 V Apptimize: Apptimize: Logging metric for test '[CAR] Review Booking Page Revamp'.
03-11 08:31:23.846 12272 23584 D Apptimize: Apptimize: Test run count is 0; not incrementing metric.
03-11 08:31:23.846 12272 23584 V Apptimize: Apptimize: Logging metric for test 'core-fallback-ios-v2'.
03-11 08:31:23.846 12272 23953 V Apptimize: Apptimize: Set Filter with operator "intersection" is comparing [] and [31987]
03-11 08:31:23.846 12272 23584 D Apptimize: Apptimize: Test run count is 0; not incrementing metric.
03-11 08:31:23.846 12272 23584 V Apptimize: Apptimize: Logging metric for test '[HPEP] Room group variants in Room List 4.0'.
03-11 08:31:23.846 12272 23584 D Apptimize: Apptimize: Test run count is 0; not incrementing metric.
03-11 08:31:23.846 12272 23584 V Apptimize: Apptimize: Logging metric for test '[HNHA] Sold Out Logic SRP'.
03-11 08:31:23.846 12272 23584 D Apptimize: Apptimize: Test run count is 0; not incrementing metric.
03-11 08:31:23.846 12272 23584 V Apptimize: Apptimize: Logging metric for test 'core-fallback-android-v2'.
03-11 08:31:23.846 12272 23584 D Apptimize: Apptimize: Test run count is 0; not incrementing metric.
03-11 08:31:23.846 12272 23584 V Apptimize: Apptimize: Logging metric for test '[TRA] Highlight Select Seat Button in Booking Form Page'.
03-11 08:31:23.846 12272 23584 D Apptimize: Apptimize: Test run count is 0; not incrementing metric.
03-11 08:31:23.846 12272 23584 V Apptimize: Apptimize: Logging metric for test 'fallback-testing-android-v2'.
03-11 08:31:23.846 12272 23584 D Apptimize: Apptimize: Test run count is 0; not incrementing metric.
03-11 08:31:23.846 12272 23584 V Apptimize: Apptimize: Logging metric for test '[DISC] Home Iteration'.
03-11 08:31:23.846 12272 23584 D Apptimize: Apptimize: Test run count is 0; not incrementing metric.
03-11 08:31:23.846 12272 23584 V Apptimize: Apptimize: Logging metric for test '[HPEP] SRP Ranking BE - Personalization'.
03-11 08:31:23.846 12272 23584 D Apptimize: Apptimize: Test run count is 0; not incrementing metric.
03-11 08:31:23.846 12272 23584 V Apptimize: Apptimize: Logging metric for test 'Homes PDP USP config'.
03-11 08:31:23.846 12272 23584 D Apptimize: Apptimize: Test run count is 0; not incrementing metric.
03-11 08:31:23.846 12272 23584 V Apptimize: Apptimize: Logging metric for test 'Installment test a/b'.
03-11 08:31:23.846 12272 23584 D Apptimize: Apptimize: Test run count is 0; not incrementing metric.
03-11 08:31:23.846 12272 23584 V Apptimize: Apptimize: Logging metric for test '[PAYM] A/B Testing Copy Installment Fee Plan'.
03-11 08:31:23.846 12272 23584 D Apptimize: Apptimize: Test run count is 0; not incrementing metric.
03-11 08:31:23.847 12272 23953 V Apptimize: Apptimize: Set Filter with operator "intersection" is comparing [] and [33771]
03-11 08:31:23.848 12272 23953 V Apptimize: Apptimize: Set Filter with operator "intersection" is comparing [] and [33207]
03-11 08:31:23.848 12272 23584 V Apptimize: Apptimize: Logging metric for test '[DISC] NHA vertical image'.
03-11 08:31:23.848 12272 23584 D Apptimize: Apptimize: Test run count is 0; not incrementing metric.
03-11 08:31:23.848 12272 23584 V Apptimize: Apptimize: Logging metric for test '[DISC] TTD vertical icon'.
03-11 08:31:23.849 12272 23584 D Apptimize: Apptimize: Test run count is 0; not incrementing metric.
03-11 08:31:23.849 12272 23584 V Apptimize: Apptimize: Logging metric for test 'fallback-testing-ios-v2'.
03-11 08:31:23.849 12272 23584 D Apptimize: Apptimize: Test run count is 0; not incrementing metric.
03-11 08:31:23.849 12272 23584 V Apptimize: Apptimize: Logging metric for test '[HPEP] Use Dorado for Hotel Autocomplete v6'.
03-11 08:31:23.849 12272 23584 D Apptimize: Apptimize: Test run count is 0; not incrementing metric.
03-11 08:31:23.849 12272 23584 V Apptimize: Apptimize: Logging metric for test '[CAR] Review Booking Page Revamp'.
03-11 08:31:23.849 12272 23584 D Apptimize: Apptimize: Test run count is 0; not incrementing metric.
03-11 08:31:23.849 12272 23584 V Apptimize: Apptimize: Logging metric for test 'core-fallback-ios-v2'.
03-11 08:31:23.849 12272 23584 D Apptimize: Apptimize: Test run count is 0; not incrementing metric.
03-11 08:31:23.849 12272 23584 V Apptimize: Apptimize: Logging metric for test '[HPEP] Room group variants in Room List 4.0'.
03-11 08:31:23.849 12272 23584 D Apptimize: Apptimize: Test run count is 0; not incrementing metric.
03-11 08:31:23.849 12272 23584 V Apptimize: Apptimize: Logging metric for test '[HNHA] Sold Out Logic SRP'.
03-11 08:31:23.849 12272 23584 D Apptimize: Apptimize: Test run count is 0; not incrementing metric.
03-11 08:31:23.850 12272 23584 V Apptimize: Apptimize: Logging metric for test 'core-fallback-android-v2'.
03-11 08:31:23.850 12272 23584 D Apptimize: Apptimize: Test run count is 0; not incrementing metric.
03-11 08:31:23.850 12272 23584 V Apptimize: Apptimize: Logging metric for test '[TRA] Highlight Select Seat Button in Booking Form Page'.
03-11 08:31:23.850 12272 23584 D Apptimize: Apptimize: Test run count is 0; not incrementing metric.
03-11 08:31:23.850 12272 23584 V Apptimize: Apptimize: Logging metric for test 'fallback-testing-android-v2'.
03-11 08:31:23.850 12272 23584 D Apptimize: Apptimize: Test run count is 0; not incrementing metric.
03-11 08:31:23.850 12272 23584 V Apptimize: Apptimize: Logging metric for test '[DISC] Home Iteration'.
03-11 08:31:23.850 12272 23584 D Apptimize: Apptimize: Test run count is 0; not incrementing metric.
03-11 08:31:23.850 12272 23584 V Apptimize: Apptimize: Logging metric for test '[HPEP] SRP Ranking BE - Personalization'.
03-11 08:31:23.850 12272 23584 D Apptimize: Apptimize: Test run count is 0; not incrementing metric.
03-11 08:31:23.850 12272 23584 V Apptimize: Apptimize: Logging metric for test 'Homes PDP USP config'.
03-11 08:31:23.850 12272 23584 D Apptimize: Apptimize: Test run count is 0; not incrementing metric.
03-11 08:31:23.850 12272 23584 V Apptimize: Apptimize: Logging metric for test 'Installment test a/b'.
03-11 08:31:23.850 12272 23584 D Apptimize: Apptimize: Test run count is 0; not incrementing metric.
03-11 08:31:23.850 12272 23953 V Apptimize: Apptimize: Set Filter with operator "intersection" is comparing [] and [29010, 29108, 33206]
03-11 08:31:23.850 12272 23584 V Apptimize: Apptimize: Logging metric for test '[PAYM] A/B Testing Copy Installment Fee Plan'.
03-11 08:31:23.850 12272 23584 D Apptimize: Apptimize: Test run count is 0; not incrementing metric.
03-11 08:31:23.851 12272 12272 D Perf    : on full drawn VerticalGridWrapperViewHolder
03-11 08:31:23.851 12272 23584 V Apptimize: Apptimize: Logging metric for test '[DISC] NHA vertical image'.
03-11 08:31:23.851 12272 23584 D Apptimize: Apptimize: Test run count is 0; not incrementing metric.
03-11 08:31:23.851 12272 23584 V Apptimize: Apptimize: Logging metric for test '[DISC] TTD vertical icon'.
03-11 08:31:23.851 12272 23584 D Apptimize: Apptimize: Test run count is 0; not incrementing metric.
03-11 08:31:23.851 12272 23953 V Apptimize: Apptimize: Set Filter with operator "intersection" is comparing [] and [29010, 34068]
03-11 08:31:23.853  1227  9212 D PkgPredictorService: pkg:com.tiket.gits.debug activity:com.tiket.gits.v2splash.SplashV2Activity thisTime:3398
03-11 08:31:23.853  1227  1373 I ActivityTaskManager: Fully drawn com.tiket.gits.debug/com.tiket.gits.v2splash.SplashV2Activity: +3s398ms
03-11 08:31:23.853 12272 23584 V Apptimize: Apptimize: Logging metric for test 'fallback-testing-ios-v2'.
03-11 08:31:23.853 12272 23584 D Apptimize: Apptimize: Test run count is 0; not incrementing metric.
03-11 08:31:23.853 12272 23584 V Apptimize: Apptimize: Logging metric for test '[HPEP] Use Dorado for Hotel Autocomplete v6'.
03-11 08:31:23.853 12272 23584 D Apptimize: Apptimize: Test run count is 0; not incrementing metric.
03-11 08:31:23.853 12272 23584 V Apptimize: Apptimize: Logging metric for test '[CAR] Review Booking Page Revamp'.
03-11 08:31:23.854 12272 23584 D Apptimize: Apptimize: Test run count is 0; not incrementing metric.
03-11 08:31:23.854 12272 23584 V Apptimize: Apptimize: Logging metric for test 'core-fallback-ios-v2'.
03-11 08:31:23.854 12272 23584 D Apptimize: Apptimize: Test run count is 0; not incrementing metric.
03-11 08:31:23.854 12272 23584 V Apptimize: Apptimize: Logging metric for test '[HPEP] Room group variants in Room List 4.0'.
03-11 08:31:23.854 12272 23584 D Apptimize: Apptimize: Test run count is 0; not incrementing metric.
03-11 08:31:23.854 12272 23584 V Apptimize: Apptimize: Logging metric for test '[HNHA] Sold Out Logic SRP'.
03-11 08:31:23.854 12272 23584 D Apptimize: Apptimize: Test run count is 0; not incrementing metric.
03-11 08:31:23.854 12272 23584 V Apptimize: Apptimize: Logging metric for test 'core-fallback-android-v2'.
03-11 08:31:23.854 12272 23584 D Apptimize: Apptimize: Test run count is 0; not incrementing metric.
03-11 08:31:23.854 12272 23584 V Apptimize: Apptimize: Logging metric for test '[TRA] Highlight Select Seat Button in Booking Form Page'.
03-11 08:31:23.854 12272 23584 D Apptimize: Apptimize: Test run count is 0; not incrementing metric.
03-11 08:31:23.854 12272 23584 V Apptimize: Apptimize: Logging metric for test 'fallback-testing-android-v2'.
03-11 08:31:23.854 12272 23584 D Apptimize: Apptimize: Test run count is 0; not incrementing metric.
03-11 08:31:23.854 12272 23584 V Apptimize: Apptimize: Logging metric for test '[DISC] Home Iteration'.
03-11 08:31:23.854 12272 23584 D Apptimize: Apptimize: Test run count is 0; not incrementing metric.
03-11 08:31:23.854 12272 23584 V Apptimize: Apptimize: Logging metric for test '[HPEP] SRP Ranking BE - Personalization'.
03-11 08:31:23.854 12272 23584 D Apptimize: Apptimize: Test run count is 0; not incrementing metric.
03-11 08:31:23.854 12272 23953 V Apptimize: Apptimize: Set Filter with operator "intersection" is comparing [] and [33756]
03-11 08:31:23.855 12272 23584 V Apptimize: Apptimize: Logging metric for test 'Homes PDP USP config'.
03-11 08:31:23.855 12272 23584 D Apptimize: Apptimize: Test run count is 0; not incrementing metric.
03-11 08:31:23.855 12272 23584 V Apptimize: Apptimize: Logging metric for test 'Installment test a/b'.
03-11 08:31:23.855 12272 23584 D Apptimize: Apptimize: Test run count is 0; not incrementing metric.
03-11 08:31:23.855 12272 23584 V Apptimize: Apptimize: Logging metric for test '[PAYM] A/B Testing Copy Installment Fee Plan'.
03-11 08:31:23.855 12272 23584 D Apptimize: Apptimize: Test run count is 0; not incrementing metric.
03-11 08:31:23.856 12272 23584 V Apptimize: Apptimize: Logging metric for test '[DISC] NHA vertical image'.
03-11 08:31:23.856 12272 23584 D Apptimize: Apptimize: Test run count is 0; not incrementing metric.
03-11 08:31:23.856 12272 23584 V Apptimize: Apptimize: Logging metric for test '[DISC] TTD vertical icon'.
03-11 08:31:23.856 12272 23584 D Apptimize: Apptimize: Test run count is 0; not incrementing metric.
03-11 08:31:23.856 12272 23584 V Apptimize: Apptimize: Logging metric for test 'fallback-testing-ios-v2'.
03-11 08:31:23.856 12272 23584 D Apptimize: Apptimize: Test run count is 0; not incrementing metric.
03-11 08:31:23.856 12272 23584 V Apptimize: Apptimize: Logging metric for test '[HPEP] Use Dorado for Hotel Autocomplete v6'.
03-11 08:31:23.856 12272 23584 D Apptimize: Apptimize: Test run count is 0; not incrementing metric.
03-11 08:31:23.856 12272 23584 V Apptimize: Apptimize: Logging metric for test '[CAR] Review Booking Page Revamp'.
03-11 08:31:23.856 12272 23584 D Apptimize: Apptimize: Test run count is 0; not incrementing metric.
03-11 08:31:23.856 12272 23584 V Apptimize: Apptimize: Logging metric for test 'core-fallback-ios-v2'.
03-11 08:31:23.856 12272 23584 D Apptimize: Apptimize: Test run count is 0; not incrementing metric.
03-11 08:31:23.856 12272 23584 V Apptimize: Apptimize: Logging metric for test '[HPEP] Room group variants in Room List 4.0'.
03-11 08:31:23.856 12272 23584 D Apptimize: Apptimize: Test run count is 0; not incrementing metric.
03-11 08:31:23.856 12272 23584 V Apptimize: Apptimize: Logging metric for test '[HNHA] Sold Out Logic SRP'.
03-11 08:31:23.856 12272 23584 D Apptimize: Apptimize: Test run count is 0; not incrementing metric.
03-11 08:31:23.856 12272 23584 V Apptimize: Apptimize: Logging metric for test 'core-fallback-android-v2'.
03-11 08:31:23.856 12272 23584 D Apptimize: Apptimize: Test run count is 0; not incrementing metric.
03-11 08:31:23.856 12272 23584 V Apptimize: Apptimize: Logging metric for test '[TRA] Highlight Select Seat Button in Booking Form Page'.
03-11 08:31:23.856 12272 23584 D Apptimize: Apptimize: Test run count is 0; not incrementing metric.
03-11 08:31:23.856 12272 23584 V Apptimize: Apptimize: Logging metric for test 'fallback-testing-android-v2'.
03-11 08:31:23.856 12272 23584 D Apptimize: Apptimize: Test run count is 0; not incrementing metric.
03-11 08:31:23.856 12272 23584 V Apptimize: Apptimize: Logging metric for test '[DISC] Home Iteration'.
03-11 08:31:23.856 12272 23584 D Apptimize: Apptimize: Test run count is 0; not incrementing metric.
03-11 08:31:23.856 12272 23584 V Apptimize: Apptimize: Logging metric for test '[HPEP] SRP Ranking BE - Personalization'.
03-11 08:31:23.856 12272 23584 D Apptimize: Apptimize: Test run count is 0; not incrementing metric.
03-11 08:31:23.856 12272 23584 V Apptimize: Apptimize: Logging metric for test 'Homes PDP USP config'.
03-11 08:31:23.856 12272 23584 D Apptimize: Apptimize: Test run count is 0; not incrementing metric.
03-11 08:31:23.856 12272 23584 V Apptimize: Apptimize: Logging metric for test 'Installment test a/b'.
03-11 08:31:23.856 12272 23584 D Apptimize: Apptimize: Test run count is 0; not incrementing metric.
03-11 08:31:23.856 12272 23584 V Apptimize: Apptimize: Logging metric for test '[PAYM] A/B Testing Copy Installment Fee Plan'.
03-11 08:31:23.856 12272 23584 D Apptimize: Apptimize: Test run count is 0; not incrementing metric.
03-11 08:31:23.860 12272 23584 V Apptimize: Apptimize: Logging metric for test '[DISC] NHA vertical image'.
03-11 08:31:23.860 12272 23584 D Apptimize: Apptimize: Test run count is 0; not incrementing metric.
03-11 08:31:23.860 12272 23584 V Apptimize: Apptimize: Logging metric for test '[DISC] TTD vertical icon'.
03-11 08:31:23.860 12272 23584 D Apptimize: Apptimize: Test run count is 0; not incrementing metric.
03-11 08:31:23.860 12272 23584 V Apptimize: Apptimize: Logging metric for test 'fallback-testing-ios-v2'.
03-11 08:31:23.860 12272 23584 D Apptimize: Apptimize: Test run count is 0; not incrementing metric.
03-11 08:31:23.860 12272 23584 V Apptimize: Apptimize: Logging metric for test '[HPEP] Use Dorado for Hotel Autocomplete v6'.
03-11 08:31:23.860 12272 23584 D Apptimize: Apptimize: Test run count is 0; not incrementing metric.
03-11 08:31:23.860 12272 23584 V Apptimize: Apptimize: Logging metric for test '[CAR] Review Booking Page Revamp'.
03-11 08:31:23.860 12272 23584 D Apptimize: Apptimize: Test run count is 0; not incrementing metric.
03-11 08:31:23.860 12272 23584 V Apptimize: Apptimize: Logging metric for test 'core-fallback-ios-v2'.
03-11 08:31:23.860 12272 23584 D Apptimize: Apptimize: Test run count is 0; not incrementing metric.
03-11 08:31:23.860 12272 23584 V Apptimize: Apptimize: Logging metric for test '[HPEP] Room group variants in Room List 4.0'.
03-11 08:31:23.860 12272 23953 V Apptimize: Apptimize: Set Filter with operator "intersection" is comparing [] and [33757]
03-11 08:31:23.860 12272 23584 D Apptimize: Apptimize: Test run count is 0; not incrementing metric.
03-11 08:31:23.861 12272 23584 V Apptimize: Apptimize: Logging metric for test '[HNHA] Sold Out Logic SRP'.
03-11 08:31:23.861 12272 23584 D Apptimize: Apptimize: Test run count is 0; not incrementing metric.
03-11 08:31:23.861 12272 23584 V Apptimize: Apptimize: Logging metric for test 'core-fallback-android-v2'.
03-11 08:31:23.861 12272 23584 D Apptimize: Apptimize: Test run count is 0; not incrementing metric.
03-11 08:31:23.861 12272 23584 V Apptimize: Apptimize: Logging metric for test '[TRA] Highlight Select Seat Button in Booking Form Page'.
03-11 08:31:23.861 12272 23584 D Apptimize: Apptimize: Test run count is 0; not incrementing metric.
03-11 08:31:23.861 12272 23584 V Apptimize: Apptimize: Logging metric for test 'fallback-testing-android-v2'.
03-11 08:31:23.861 12272 23584 D Apptimize: Apptimize: Test run count is 0; not incrementing metric.
03-11 08:31:23.861 12272 23584 V Apptimize: Apptimize: Logging metric for test '[DISC] Home Iteration'.
03-11 08:31:23.861 12272 23584 D Apptimize: Apptimize: Test run count is 0; not incrementing metric.
03-11 08:31:23.861 12272 23584 V Apptimize: Apptimize: Logging metric for test '[HPEP] SRP Ranking BE - Personalization'.
03-11 08:31:23.861 12272 23584 D Apptimize: Apptimize: Test run count is 0; not incrementing metric.
03-11 08:31:23.861 12272 23584 V Apptimize: Apptimize: Logging metric for test 'Homes PDP USP config'.
03-11 08:31:23.861 12272 23584 D Apptimize: Apptimize: Test run count is 0; not incrementing metric.
03-11 08:31:23.861 12272 23584 V Apptimize: Apptimize: Logging metric for test 'Installment test a/b'.
03-11 08:31:23.861 12272 23584 D Apptimize: Apptimize: Test run count is 0; not incrementing metric.
03-11 08:31:23.861 12272 23584 V Apptimize: Apptimize: Logging metric for test '[PAYM] A/B Testing Copy Installment Fee Plan'.
03-11 08:31:23.861 12272 23584 D Apptimize: Apptimize: Test run count is 0; not incrementing metric.
03-11 08:31:23.862 12272 23584 V Apptimize: Apptimize: Logging metric for test '[DISC] NHA vertical image'.
03-11 08:31:23.862 12272 23584 D Apptimize: Apptimize: Test run count is 0; not incrementing metric.
03-11 08:31:23.862 12272 23584 V Apptimize: Apptimize: Logging metric for test '[DISC] TTD vertical icon'.
03-11 08:31:23.862 12272 23584 D Apptimize: Apptimize: Test run count is 0; not incrementing metric.
03-11 08:31:23.862 12272 23584 V Apptimize: Apptimize: Logging metric for test 'fallback-testing-ios-v2'.
03-11 08:31:23.862 12272 23584 D Apptimize: Apptimize: Test run count is 0; not incrementing metric.
03-11 08:31:23.862 12272 23584 V Apptimize: Apptimize: Logging metric for test '[HPEP] Use Dorado for Hotel Autocomplete v6'.
03-11 08:31:23.863 12272 23584 D Apptimize: Apptimize: Test run count is 0; not incrementing metric.
03-11 08:31:23.863 12272 23584 V Apptimize: Apptimize: Logging metric for test '[CAR] Review Booking Page Revamp'.
03-11 08:31:23.863 12272 23584 D Apptimize: Apptimize: Test run count is 0; not incrementing metric.
03-11 08:31:23.863 12272 23584 V Apptimize: Apptimize: Logging metric for test 'core-fallback-ios-v2'.
03-11 08:31:23.863 12272 23584 D Apptimize: Apptimize: Test run count is 0; not incrementing metric.
03-11 08:31:23.863 12272 23584 V Apptimize: Apptimize: Logging metric for test '[HPEP] Room group variants in Room List 4.0'.
03-11 08:31:23.863 12272 23584 D Apptimize: Apptimize: Test run count is 0; not incrementing metric.
03-11 08:31:23.863 12272 23584 V Apptimize: Apptimize: Logging metric for test '[HNHA] Sold Out Logic SRP'.
03-11 08:31:23.863 12272 23584 D Apptimize: Apptimize: Test run count is 0; not incrementing metric.
03-11 08:31:23.863 12272 23584 V Apptimize: Apptimize: Logging metric for test 'core-fallback-android-v2'.
03-11 08:31:23.863 12272 23584 D Apptimize: Apptimize: Test run count is 0; not incrementing metric.
03-11 08:31:23.863 12272 23953 V Apptimize: Apptimize: Set Filter with operator "intersection" is comparing [] and [33758]
03-11 08:31:23.864 12272 23584 V Apptimize: Apptimize: Logging metric for test '[TRA] Highlight Select Seat Button in Booking Form Page'.
03-11 08:31:23.864 12272 23584 D Apptimize: Apptimize: Test run count is 0; not incrementing metric.
03-11 08:31:23.864 12272 23584 V Apptimize: Apptimize: Logging metric for test 'fallback-testing-android-v2'.
03-11 08:31:23.864 12272 23584 D Apptimize: Apptimize: Test run count is 0; not incrementing metric.
03-11 08:31:23.864 12272 23584 V Apptimize: Apptimize: Logging metric for test '[DISC] Home Iteration'.
03-11 08:31:23.864 12272 23584 D Apptimize: Apptimize: Test run count is 0; not incrementing metric.
03-11 08:31:23.864 12272 23584 V Apptimize: Apptimize: Logging metric for test '[HPEP] SRP Ranking BE - Personalization'.
03-11 08:31:23.864 12272 23584 D Apptimize: Apptimize: Test run count is 0; not incrementing metric.
03-11 08:31:23.864 12272 23584 V Apptimize: Apptimize: Logging metric for test 'Homes PDP USP config'.
03-11 08:31:23.864 12272 23584 D Apptimize: Apptimize: Test run count is 0; not incrementing metric.
03-11 08:31:23.864 12272 23584 V Apptimize: Apptimize: Logging metric for test 'Installment test a/b'.
03-11 08:31:23.864 12272 23584 D Apptimize: Apptimize: Test run count is 0; not incrementing metric.
03-11 08:31:23.864 12272 23584 V Apptimize: Apptimize: Logging metric for test '[PAYM] A/B Testing Copy Installment Fee Plan'.
03-11 08:31:23.864 12272 23584 D Apptimize: Apptimize: Test run count is 0; not incrementing metric.
03-11 08:31:23.865 12272 23584 V Apptimize: Apptimize: Logging metric for test '[DISC] NHA vertical image'.
03-11 08:31:23.865 12272 23584 D Apptimize: Apptimize: Test run count is 0; not incrementing metric.
03-11 08:31:23.865 12272 23584 V Apptimize: Apptimize: Logging metric for test '[DISC] TTD vertical icon'.
03-11 08:31:23.865 12272 23584 D Apptimize: Apptimize: Test run count is 0; not incrementing metric.
03-11 08:31:23.865 12272 23584 V Apptimize: Apptimize: Logging metric for test 'fallback-testing-ios-v2'.
03-11 08:31:23.865 12272 23584 D Apptimize: Apptimize: Test run count is 0; not incrementing metric.
03-11 08:31:23.865 12272 23584 V Apptimize: Apptimize: Logging metric for test '[HPEP] Use Dorado for Hotel Autocomplete v6'.
03-11 08:31:23.865 12272 23584 D Apptimize: Apptimize: Test run count is 0; not incrementing metric.
03-11 08:31:23.865 12272 23584 V Apptimize: Apptimize: Logging metric for test '[CAR] Review Booking Page Revamp'.
03-11 08:31:23.865 12272 23584 D Apptimize: Apptimize: Test run count is 0; not incrementing metric.
03-11 08:31:23.865 12272 23584 V Apptimize: Apptimize: Logging metric for test 'core-fallback-ios-v2'.
03-11 08:31:23.866 12272 23584 D Apptimize: Apptimize: Test run count is 0; not incrementing metric.
03-11 08:31:23.866 12272 23584 V Apptimize: Apptimize: Logging metric for test '[HPEP] Room group variants in Room List 4.0'.
03-11 08:31:23.867 12272 23584 D Apptimize: Apptimize: Test run count is 0; not incrementing metric.
03-11 08:31:23.867 12272 23953 V Apptimize: Apptimize: Set Filter with operator "intersection" is comparing [] and [33819]
03-11 08:31:23.867 12272 23584 V Apptimize: Apptimize: Logging metric for test '[HNHA] Sold Out Logic SRP'.
03-11 08:31:23.867 12272 23584 D Apptimize: Apptimize: Test run count is 0; not incrementing metric.
03-11 08:31:23.867 12272 23584 V Apptimize: Apptimize: Logging metric for test 'core-fallback-android-v2'.
03-11 08:31:23.867 12272 23584 D Apptimize: Apptimize: Test run count is 0; not incrementing metric.
03-11 08:31:23.867 12272 23584 V Apptimize: Apptimize: Logging metric for test '[TRA] Highlight Select Seat Button in Booking Form Page'.
03-11 08:31:23.867 12272 23584 D Apptimize: Apptimize: Test run count is 0; not incrementing metric.
03-11 08:31:23.867 12272 23584 V Apptimize: Apptimize: Logging metric for test 'fallback-testing-android-v2'.
03-11 08:31:23.867 12272 23584 D Apptimize: Apptimize: Test run count is 0; not incrementing metric.
03-11 08:31:23.867 12272 23584 V Apptimize: Apptimize: Logging metric for test '[DISC] Home Iteration'.
03-11 08:31:23.867 12272 23584 D Apptimize: Apptimize: Test run count is 0; not incrementing metric.
03-11 08:31:23.867 12272 23584 V Apptimize: Apptimize: Logging metric for test '[HPEP] SRP Ranking BE - Personalization'.
03-11 08:31:23.867 12272 23953 V Apptimize: Apptimize: Set Filter with operator "intersection" is comparing [] and [33743]
03-11 08:31:23.868 12272 23584 D Apptimize: Apptimize: Test run count is 0; not incrementing metric.
03-11 08:31:23.868 12272 23584 V Apptimize: Apptimize: Logging metric for test 'Homes PDP USP config'.
03-11 08:31:23.868 12272 23584 D Apptimize: Apptimize: Test run count is 0; not incrementing metric.
03-11 08:31:23.868 12272 23953 V Apptimize: Apptimize: Set Filter with operator "intersection" is comparing [] and [33759]
03-11 08:31:23.868 12272 23953 V Apptimize: Apptimize: Set Filter with operator "intersection" is comparing [] and [33760]
03-11 08:31:23.869 12272 23584 V Apptimize: Apptimize: Logging metric for test 'Installment test a/b'.
03-11 08:31:23.869 12272 23584 D Apptimize: Apptimize: Test run count is 0; not incrementing metric.
03-11 08:31:23.869 12272 23584 V Apptimize: Apptimize: Logging metric for test '[PAYM] A/B Testing Copy Installment Fee Plan'.
03-11 08:31:23.869 12272 23584 D Apptimize: Apptimize: Test run count is 0; not incrementing metric.
03-11 08:31:23.870 12272 23584 V Apptimize: Apptimize: Logging metric for test '[DISC] NHA vertical image'.
03-11 08:31:23.870 12272 23584 D Apptimize: Apptimize: Test run count is 0; not incrementing metric.
03-11 08:31:23.870 12272 23584 V Apptimize: Apptimize: Logging metric for test '[DISC] TTD vertical icon'.
03-11 08:31:23.870 12272 23584 D Apptimize: Apptimize: Test run count is 0; not incrementing metric.
03-11 08:31:23.870 12272 23584 V Apptimize: Apptimize: Logging metric for test 'fallback-testing-ios-v2'.
03-11 08:31:23.870 12272 23584 D Apptimize: Apptimize: Test run count is 0; not incrementing metric.
03-11 08:31:23.870 12272 23584 V Apptimize: Apptimize: Logging metric for test '[HPEP] Use Dorado for Hotel Autocomplete v6'.
03-11 08:31:23.870 12272 23584 D Apptimize: Apptimize: Test run count is 0; not incrementing metric.
03-11 08:31:23.870 12272 23584 V Apptimize: Apptimize: Logging metric for test '[CAR] Review Booking Page Revamp'.
03-11 08:31:23.870 12272 23584 D Apptimize: Apptimize: Test run count is 0; not incrementing metric.
03-11 08:31:23.870 12272 23584 V Apptimize: Apptimize: Logging metric for test 'core-fallback-ios-v2'.
03-11 08:31:23.870 12272 23584 D Apptimize: Apptimize: Test run count is 0; not incrementing metric.
03-11 08:31:23.871 12272 23584 V Apptimize: Apptimize: Logging metric for test '[HPEP] Room group variants in Room List 4.0'.
03-11 08:31:23.871 12272 23584 D Apptimize: Apptimize: Test run count is 0; not incrementing metric.
03-11 08:31:23.871 12272 23584 V Apptimize: Apptimize: Logging metric for test '[HNHA] Sold Out Logic SRP'.
03-11 08:31:23.871 12272 23584 D Apptimize: Apptimize: Test run count is 0; not incrementing metric.
03-11 08:31:23.871 12272 23584 V Apptimize: Apptimize: Logging metric for test 'core-fallback-android-v2'.
03-11 08:31:23.871 12272 23584 D Apptimize: Apptimize: Test run count is 0; not incrementing metric.
03-11 08:31:23.871 12272 23584 V Apptimize: Apptimize: Logging metric for test '[TRA] Highlight Select Seat Button in Booking Form Page'.
03-11 08:31:23.871 12272 23584 D Apptimize: Apptimize: Test run count is 0; not incrementing metric.
03-11 08:31:23.871 12272 23584 V Apptimize: Apptimize: Logging metric for test 'fallback-testing-android-v2'.
03-11 08:31:23.871 12272 23953 V Apptimize: Apptimize: Set Filter with operator "intersection" is comparing [] and [33761]
03-11 08:31:23.871 12272 23584 D Apptimize: Apptimize: Test run count is 0; not incrementing metric.
03-11 08:31:23.871 12272 23584 V Apptimize: Apptimize: Logging metric for test '[DISC] Home Iteration'.
03-11 08:31:23.871 12272 23584 D Apptimize: Apptimize: Test run count is 0; not incrementing metric.
03-11 08:31:23.871 12272 23584 V Apptimize: Apptimize: Logging metric for test '[HPEP] SRP Ranking BE - Personalization'.
03-11 08:31:23.871 12272 23584 D Apptimize: Apptimize: Test run count is 0; not incrementing metric.
03-11 08:31:23.871 12272 23584 V Apptimize: Apptimize: Logging metric for test 'Homes PDP USP config'.
03-11 08:31:23.871 12272 23584 D Apptimize: Apptimize: Test run count is 0; not incrementing metric.
03-11 08:31:23.871 12272 23584 V Apptimize: Apptimize: Logging metric for test 'Installment test a/b'.
03-11 08:31:23.871 12272 23584 D Apptimize: Apptimize: Test run count is 0; not incrementing metric.
03-11 08:31:23.871 12272 23584 V Apptimize: Apptimize: Logging metric for test '[PAYM] A/B Testing Copy Installment Fee Plan'.
03-11 08:31:23.871 12272 23953 V Apptimize: Apptimize: Set Filter with operator "intersection" is comparing [] and [33771]
03-11 08:31:23.871 12272 23584 D Apptimize: Apptimize: Test run count is 0; not incrementing metric.
03-11 08:31:23.872 12272 23953 D Apptimize: Apptimize: Seed group: userId; exclusive; generated seed: 1048678796
03-11 08:31:23.872 12272 23953 V Apptimize: Apptimize: Filter requests an unsupplied prefixed attribute: ^e119574_2. Not Matching.
03-11 08:31:23.872 12272 23584 V Apptimize: Apptimize: Logging metric for test '[DISC] NHA vertical image'.
03-11 08:31:23.872 12272 23584 D Apptimize: Apptimize: Test run count is 0; not incrementing metric.
03-11 08:31:23.872 12272 23584 V Apptimize: Apptimize: Logging metric for test '[DISC] TTD vertical icon'.
03-11 08:31:23.872 12272 23584 D Apptimize: Apptimize: Test run count is 0; not incrementing metric.
03-11 08:31:23.872 12272 23953 D Apptimize: Apptimize: Seed group: userId; experiment; 119574; 2; generated seed: 334724317
03-11 08:31:23.872 12272 23584 V Apptimize: Apptimize: Logging metric for test 'fallback-testing-ios-v2'.
03-11 08:31:23.872 12272 23584 D Apptimize: Apptimize: Test run count is 0; not incrementing metric.
03-11 08:31:23.872 12272 23584 V Apptimize: Apptimize: Logging metric for test '[HPEP] Use Dorado for Hotel Autocomplete v6'.
03-11 08:31:23.872 12272 23584 D Apptimize: Apptimize: Test run count is 0; not incrementing metric.
03-11 08:31:23.873 12272 23584 V Apptimize: Apptimize: Logging metric for test '[CAR] Review Booking Page Revamp'.
03-11 08:31:23.873 12272 23953 V Apptimize: Apptimize: Filter requests an unsupplied prefixed attribute: ^e120320_1. Not Matching.
03-11 08:31:23.873 12272 23584 D Apptimize: Apptimize: Test run count is 0; not incrementing metric.
03-11 08:31:23.873 12272 23953 D Apptimize: Apptimize: Seed group: userId; experiment; 120320; generated seed: 677499262
03-11 08:31:23.875 12272 23584 V Apptimize: Apptimize: Logging metric for test 'core-fallback-ios-v2'.
03-11 08:31:23.875 12272 23584 D Apptimize: Apptimize: Test run count is 0; not incrementing metric.
03-11 08:31:23.875 12272 23584 V Apptimize: Apptimize: Logging metric for test '[HPEP] Room group variants in Room List 4.0'.
03-11 08:31:23.875 12272 23584 D Apptimize: Apptimize: Test run count is 0; not incrementing metric.
03-11 08:31:23.875 12272 23584 V Apptimize: Apptimize: Logging metric for test '[HNHA] Sold Out Logic SRP'.
03-11 08:31:23.875 12272 23584 D Apptimize: Apptimize: Test run count is 0; not incrementing metric.
03-11 08:31:23.875 12272 23584 V Apptimize: Apptimize: Logging metric for test 'core-fallback-android-v2'.
03-11 08:31:23.875 12272 23584 D Apptimize: Apptimize: Test run count is 0; not incrementing metric.
03-11 08:31:23.875 12272 23584 V Apptimize: Apptimize: Logging metric for test '[TRA] Highlight Select Seat Button in Booking Form Page'.
03-11 08:31:23.875 12272 23584 D Apptimize: Apptimize: Test run count is 0; not incrementing metric.
03-11 08:31:23.875 12272 23584 V Apptimize: Apptimize: Logging metric for test 'fallback-testing-android-v2'.
03-11 08:31:23.875 12272 23584 D Apptimize: Apptimize: Test run count is 0; not incrementing metric.
03-11 08:31:23.875 12272 23953 V Apptimize: Apptimize: Filter requests an unsupplied prefixed attribute: ^e121064_2. Not Matching.
03-11 08:31:23.876 12272 23953 D Apptimize: Apptimize: Seed group: userId; experiment; 121064; 2; generated seed: 477975275
03-11 08:31:23.876 12272 23953 V Apptimize: Apptimize: Allocated to variant Variant B of experiment [DISC] TTD vertical icon
03-11 08:31:23.876 12272 23584 V Apptimize: Apptimize: Logging metric for test '[DISC] Home Iteration'.
03-11 08:31:23.877 12272 23584 D Apptimize: Apptimize: Test run count is 0; not incrementing metric.
03-11 08:31:23.877 12272 23584 V Apptimize: Apptimize: Logging metric for test '[HPEP] SRP Ranking BE - Personalization'.
03-11 08:31:23.877 12272 23584 D Apptimize: Apptimize: Test run count is 0; not incrementing metric.
03-11 08:31:23.877 12272 23584 V Apptimize: Apptimize: Logging metric for test 'Homes PDP USP config'.
03-11 08:31:23.877 12272 23584 D Apptimize: Apptimize: Test run count is 0; not incrementing metric.
03-11 08:31:23.877 12272 23584 V Apptimize: Apptimize: Logging metric for test 'Installment test a/b'.
03-11 08:31:23.877 12272 23584 D Apptimize: Apptimize: Test run count is 0; not incrementing metric.
03-11 08:31:23.877 12272 23584 V Apptimize: Apptimize: Logging metric for test '[PAYM] A/B Testing Copy Installment Fee Plan'.
03-11 08:31:23.877 12272 23584 D Apptimize: Apptimize: Test run count is 0; not incrementing metric.
03-11 08:31:23.878  1227  9212 D ApplicationPolicy: isStatusBarNotificationAllowedAsUser: packageName = com.tiket.gits.debug,userId = 0
03-11 08:31:23.878  1227  9212 D PersonaManagerAdapter: ContainerOnlyMode - EOS
03-11 08:31:23.879 12272 23661 W GoogleTagManager: Event does not have parameter "discountPosition" and no default value was defined. Returning "undefined".
