03-14 06:25:37.784 32148 11540 V Apptimize: Apptimize: Filter with operator "=" is comparing SM-G991B and SM-J737A
03-14 06:25:37.784 32148 11540 V Apptimize: Apptimize: Filter with operator "=" is comparing SM-G991B and SM-J737V
03-14 06:25:37.784 32148 11540 V Apptimize: Apptimize: Filter with operator "=" is comparing SM-G991B and SM-J737P
03-14 06:25:37.784 32148 11540 V Apptimize: Apptimize: Filter with operator "=" is comparing SM-G991B and SM-J737U
03-14 06:25:37.784 32148 11540 V Apptimize: Apptimize: Filter with operator "=" is comparing SM-G991B and SM-J737
03-14 06:25:37.784 32148 11540 V Apptimize: Apptimize: Filter with operator "=" is comparing SM-G991B and SM-N950F
03-14 06:25:37.784 32148 11540 V Apptimize: Apptimize: Filter with operator "=" is comparing SM-G991B and SM-N950DS
03-14 06:25:37.784 32148 11540 V Apptimize: Apptimize: Filter with operator "=" is comparing SM-G991B and SM-N950U
03-14 06:25:37.784 32148 11540 V Apptimize: Apptimize: Filter with operator "=" is comparing SM-G991B and SM-N950W
03-14 06:25:37.784 32148 11540 V Apptimize: Apptimize: Filter with operator "=" is comparing SM-G991B and SM-N950N
03-14 06:25:37.784 32148 11540 V Apptimize: Apptimize: Filter with operator "=" is comparing SM-G991B and SM-N950
03-14 06:25:37.784 32148 11540 V Apptimize: Apptimize: Filter with operator "=" is comparing SM-G991B and SM-950U1
03-14 06:25:37.784 32148 11540 V Apptimize: Apptimize: Filter with operator "=" is comparing SM-G991B and SM-N950U1
03-14 06:25:37.784 32148 11540 V Apptimize: Apptimize: Filter with operator "=" is comparing SM-G991B and SM-G900F
03-14 06:25:37.784  1244  4192 V WindowManager: Relayout hash=f19c3fa, pid=32148: mAttrs={(0,0)(fillxfill) gr=CENTER sim={adjust=pan forwardNavigation} ty=APPLICATION fmt=TRANSLUCENT
03-14 06:25:37.784  1244  4192 V WindowManager:   fl=81810100
03-14 06:25:37.784  1244  4192 V WindowManager:   pfl=12020000
03-14 06:25:37.784  1244  4192 V WindowManager:   apr=LIGHT_NAVIGATION_BARS
03-14 06:25:37.784  1244  4192 V WindowManager:   fitSides= naviIconColor=0
03-14 06:25:37.784  1244  4192 V WindowManager:   sfl=100000}
03-14 06:25:37.785  1244  4192 I SurfaceControl: release : mNativeObject = -5476376644737302256 - Surface(name=com.tiket.gits/com.tiket.gits.v2splash.SplashV2Activity$_32148)/@0xb4a9914 / android.view.SurfaceControl.writeToParcel:1136 android.view.IWindowSession$Stub.onTransact:910 com.android.server.wm.Session.onTransact:143 android.os.Binder.execTransactInternal:1190
03-14 06:25:37.785  1244  4192 I SurfaceControl: nativeRelease nativeObject s[-5476376644737302256]
03-14 06:25:37.785  1244  4192 I SurfaceControl: nativeRelease nativeObject e[-5476376644737302256]
03-14 06:25:37.786 32148 32148 I SurfaceControl: assignNativeObject: nativeObject = 0 Surface(name=null)/@0x598928a / android.view.SurfaceControl.readFromParcel:1115 android.view.IWindowSession$Stub$Proxy.relayout:1787 android.view.ViewRootImpl.relayoutWindow:8827 android.view.ViewRootImpl.performTraversals:3245 android.view.ViewRootImpl.doTraversal:2508 android.view.ViewRootImpl$TraversalRunnable.run:9784 android.view.Choreographer$CallbackRecord.run:1010 android.view.Choreographer.doCallbacks:809 android.view.Choreographer.doFrame:744 android.view.Choreographer$FrameDisplayEventReceiver.run:995
03-14 06:25:37.787   894   916 W ServiceManager: Permission failure: android.permission.ACCESS_SURFACE_FLINGER from uid=10320 pid=32148
03-14 06:25:37.787   894   916 D PermissionCache: checking android.permission.ACCESS_SURFACE_FLINGER for uid=10320 => denied (166 us)
03-14 06:25:37.788 32148 32148 I ViewRootImpl@264481[SplashV2Activity]: Relayout returned: old=(0,0,1080,2400) new=(0,0,1080,2400) req=(1080,2400)0 dur=10 res=0x7 s={true -5476376639905514256} ch=true fn=-1
03-14 06:25:37.790 32148 32148 I ViewRootImpl@264481[SplashV2Activity]: [DP] dp(1) 1 android.view.ViewRootImpl.reportNextDraw:10760 android.view.ViewRootImpl.performTraversals:3722 android.view.ViewRootImpl.doTraversal:2508
03-14 06:25:37.790 32148 32148 I ViewRootImpl@264481[SplashV2Activity]: [DP] pd() Asnyc report
03-14 06:25:37.792  1244  3325 D NetdEventListenerService: DNS Requested by : 601, 10320
03-14 06:25:37.792  1244  1589 E NetdEventListenerService: DNS failed (10320) : 7
03-14 06:25:37.796   769   860 E Netd    : getNetworkForDns: getNetId from enterpriseCtrl is netid 0
03-14 06:25:37.803  1244  1472 D SamsungAlarmManager: Cancel Alarm calling from uid:10320 pid :32148 / OP:PendingIntent{9f11303: PendingIntentRecord{6c23280 com.tiket.gits broadcastIntent}}
03-14 06:25:37.811  1244  3325 V WindowManager: Relayout Window{edb51d9 u0 com.tiket.gits/com.tiket.gits.v2splash.SplashV2Activity}: viewVisibility=0 req=1080x2400
03-14 06:25:37.812 32148 11685 I System.out: (HTTPLog)-Static: isSBSettingEnabled false
03-14 06:25:37.812 32148 11685 I System.out: (HTTPLog)-Static: isSBSettingEnabled false
03-14 06:25:37.812  1244  3325 D WindowManager: isScreenshotDisabledLocked: userId = 0, disabled =false
03-14 06:25:37.813   894  1612 I SurfaceFlinger: id=774 createSurf (1080x2400),1 flag=404, com.tiket.gits/com.tiket.gits.v2splash.SplashV2Activity$_32148#1
03-14 06:25:37.813 32148 11688 I System.out: (HTTPLog)-Static: isSBSettingEnabled false
03-14 06:25:37.813 32148 11688 I System.out: (HTTPLog)-Static: isSBSettingEnabled false
03-14 06:25:37.813  1244  3325 D WindowManager: makeSurface duration=1 name=com.tiket.gits/com.tiket.gits.v2splash.SplashV2Activity$_32148
03-14 06:25:37.814  1244  1292 D SurfaceControl: hide : mNativeObject = -5476376644200405152 - sc.mNativeObject = -5476376644737141536 - Surface(name=Input Consumer recents_animation_input_consumer)/@0x730ecfe
03-14 06:25:37.814  1244  1292 D SurfaceControl: nativeSetFlags Done : Surface(name=Input Consumer recents_animation_input_consumer)/@0x730ecfe
03-14 06:25:37.814  1244  3325 V WindowManager: Relayout hash=edb51d9, pid=32148: mAttrs={(0,0)(fillxfill) sim={adjust=resize forwardNavigation} ty=BASE_APPLICATION
03-14 06:25:37.814  1244  3325 V WindowManager:   fl=81810100
03-14 06:25:37.814  1244  3325 V WindowManager:   pfl=12020000
03-14 06:25:37.814  1244  3325 V WindowManager:   vsysui=2500
03-14 06:25:37.814  1244  3325 V WindowManager:   apr=LIGHT_STATUS_BARS LIGHT_NAVIGATION_BARS
03-14 06:25:37.814  1244  3325 V WindowManager:   fitSides= naviIconColor=0
03-14 06:25:37.814  1244  3325 V WindowManager:   sfl=100000}
03-14 06:25:37.814  1244  3325 I SurfaceControl: release : mNativeObject = -5476376644737257232 - Surface(name=com.tiket.gits/com.tiket.gits.v2splash.SplashV2Activity$_32148)/@0xe3ccfe / android.view.SurfaceControl.writeToParcel:1136 android.view.IWindowSession$Stub.onTransact:910 com.android.server.wm.Session.onTransact:143 android.os.Binder.execTransactInternal:1190
03-14 06:25:37.814  1244  3325 I SurfaceControl: nativeRelease nativeObject s[-5476376644737257232]
03-14 06:25:37.814  1244  3325 I SurfaceControl: nativeRelease nativeObject e[-5476376644737257232]
03-14 06:25:37.814 32148 32148 I SurfaceControl: assignNativeObject: nativeObject = 0 Surface(name=null)/@0x4ff873e / android.view.SurfaceControl.readFromParcel:1115 android.view.IWindowSession$Stub$Proxy.relayout:1787 android.view.ViewRootImpl.relayoutWindow:8827 android.view.ViewRootImpl.performTraversals:3245 android.view.ViewRootImpl.doTraversal:2508 android.view.ViewRootImpl$TraversalRunnable.run:9784 android.view.Choreographer$CallbackRecord.run:1010 android.view.Choreographer.doCallbacks:809 android.view.Choreographer.doFrame:744 android.view.Choreographer$FrameDisplayEventReceiver.run:995
03-14 06:25:37.815 32148 32148 I ViewRootImpl@985106a[SplashV2Activity]: Relayout returned: old=(0,0,1080,2400) new=(0,0,1080,2400) req=(1080,2400)0 dur=3 res=0x7 s={true -5476376639905113136} ch=true fn=-1
03-14 06:25:37.815 32148 32148 W RecyclerView: No adapter attached; skipping layout
03-14 06:25:37.815   769   860 E Netd    : getNetworkForDns: getNetId from enterpriseCtrl is netid 0
03-14 06:25:37.822   769   860 E Netd    : getNetworkForDns: getNetId from enterpriseCtrl is netid 0
03-14 06:25:37.825  1244  1317 I AppOps  : commitUidPendingStateLocked() :: UID - 10243, 400 > 500, 7 > 7
03-14 06:25:37.827   563   853 E audit   : avc:  denied  { find } for pid=9327 uid=10277 name=tethering scontext=u:r:permissioncontroller_app:s0:c21,c257,c512,c768 tcontext=u:object_r:tethering_service:s0 tclass=service_manager permissive=0
03-14 06:25:37.827   563   853 I servicemanager: tethering : getService has failed, permission denied.
03-14 06:25:37.832 32148 32148 I ViewRootImpl@985106a[SplashV2Activity]: [DP] dp(1) 1 android.view.ViewRootImpl.reportNextDraw:10760 android.view.ViewRootImpl.performTraversals:3722 android.view.ViewRootImpl.doTraversal:2508
03-14 06:25:37.832 32148 32148 I ViewRootImpl@985106a[SplashV2Activity]: [DP] pd() Asnyc report
03-14 06:25:37.848 11001 11001 I SamsungCalendar$DeviceIdHelper: initOAID
03-14 06:25:37.849 32148 32148 I ViewRootImpl@985106a[SplashV2Activity]: [DP] pdf(0) 1 android.view.ViewRootImpl.lambda$performDraw$1$ViewRootImpl:4545 android.view.-$$Lambda$ViewRootImpl$DJd0VUYJgsebcnSohO6h8zc_ONI.run:6 android.os.Handler.handleCallback:938
03-14 06:25:37.849 32148 32148 I ViewRootImpl@985106a[SplashV2Activity]: [DP] rdf()
03-14 06:25:37.849  1244  1472 D WindowManager: finishDrawingWindow: Window{edb51d9 u0 com.tiket.gits/com.tiket.gits.v2splash.SplashV2Activity} mDrawState=DRAW_PENDING
03-14 06:25:37.849 32148 32148 I ViewRootImpl@264481[SplashV2Activity]: [DP] pdf(0) 1 android.view.ViewRootImpl.lambda$performDraw$1$ViewRootImpl:4545 android.view.-$$Lambda$ViewRootImpl$DJd0VUYJgsebcnSohO6h8zc_ONI.run:6 android.os.Handler.handleCallback:938
03-14 06:25:37.849 32148 32148 I ViewRootImpl@264481[SplashV2Activity]: [DP] rdf()
03-14 06:25:37.850 11001 11001 I SamsungCalendar$DeviceIdHelper: it is not china mcc or deviceidservice is not installed
03-14 06:25:37.850  1244  1292 D SurfaceControl: hide : mNativeObject = -5476376644200405152 - sc.mNativeObject = -5476376644737141536 - Surface(name=Input Consumer recents_animation_input_consumer)/@0x730ecfe
03-14 06:25:37.850  1244  1292 D SurfaceControl: nativeSetFlags Done : Surface(name=Input Consumer recents_animation_input_consumer)/@0x730ecfe
03-14 06:25:37.850  1244  3325 D WindowManager: finishDrawingWindow: Window{f19c3fa u0 com.tiket.gits/com.tiket.gits.v2splash.SplashV2Activity} mDrawState=DRAW_PENDING
03-14 06:25:37.852 32148 32148 I SurfaceControl: release : mNativeObject = -5476376644737417168 - Surface(name=Surface(name=1242591 NavigationBar0)/@0x20ab8f7 - animation-leash)/@0x1bd6fe3 / android.view.-$$Lambda$Rl1VZmNJ0VZDLK0BAbaVGis0rrA.accept:2 android.view.InsetsSourceControl.release:170 android.view.InsetsSourceConsumer.setControl:202 android.view.InsetsController.onControlsChanged:833
03-14 06:25:37.852 32148 32148 I SurfaceControl: nativeRelease nativeObject s[-5476376644737417168]
03-14 06:25:37.852 32148 32148 I SurfaceControl: nativeRelease nativeObject e[-5476376644737417168]
03-14 06:25:37.852 32148 32148 I SurfaceControl: release : mNativeObject = -5476376644737379424 - Surface(name=Surface(name=e4492df StatusBar)/@0xd7479f5 - animation-leash)/@0x251fde0 / android.view.-$$Lambda$Rl1VZmNJ0VZDLK0BAbaVGis0rrA.accept:2 android.view.InsetsSourceControl.release:170 android.view.InsetsSourceConsumer.setControl:202 android.view.InsetsController.onControlsChanged:833
03-14 06:25:37.852 32148 32148 I SurfaceControl: nativeRelease nativeObject s[-5476376644737379424]
03-14 06:25:37.852 32148 32148 I SurfaceControl: nativeRelease nativeObject e[-5476376644737379424]
03-14 06:25:37.852 32148 11696 W LOTTIE  : Animation contains merge paths. Merge paths are only supported on KitKat+ and must be manually enabled by calling enableMergePathsForKitKatAndAbove().
03-14 06:25:37.853 32148 11696 W LOTTIE  : Animation contains merge paths but they are disabled.
03-14 06:25:37.855 32148 32148 I GAv4    : Google Analytics 12.4.51 is starting up. To enable debug logging on a device run:
03-14 06:25:37.855 32148 32148 I GAv4    :   adb shell setprop log.tag.GAv4 DEBUG
03-14 06:25:37.855 32148 32148 I GAv4    :   adb logcat -s GAv4
03-14 06:25:37.855  1244  1292 D PkgPredictorService: pkg:com.tiket.gits activity:com.tiket.gits.v2splash.SplashV2Activity thisTime:419
03-14 06:25:37.855  1244  1292 D PkgPredictorService-Collector: update activity launch time: SplashV2Activity : 419
03-14 06:25:37.855  1244  1292 I SemDvfsHyPerManager: acquire hyper - AMS_RESUME_TAIL/1244@21, type = -999
03-14 06:25:37.855  1244  1292 I SemDvfsHyPerManager: acquire hyper - AMS_ACT_LAZY/1244@22, type = -999
03-14 06:25:37.855  1244  1292 D ActivityManagerPerformance: AMP_acquire() TAIL
03-14 06:25:37.855  1244  1292 D ActivityManagerPerformance: AMP_release() APP_SWITCH
03-14 06:25:37.856   835   854 I HYPER-HAL: [RequestManager.cpp]acquire(): Acquired ID : 800766  [1244 / 21]    HINT : AMS_RESUME_TAIL    list :
03-14 06:25:37.856   835   854 I HYPER-HAL: [ResourceManager.cpp]updateResource(): [CPUMinFreq] UpdateResource Request ID : 800766    Value : 1768000
03-14 06:25:37.856   835   854 I HYPER-HAL: [RequestManager.cpp]acquire(): Acquired ID : 802033  [1244 / 22]    HINT : NOT_EXIST    list :
03-14 06:25:37.857   835   854 E HYPER-HAL: [Request.cpp]acquire(): Request:: id : 802033, No Resource to set
03-14 06:25:37.857   835   854 I HYPER-HAL: [ResourceManager.cpp]removeResource(): [CPUMinFreq] RemoveResource Request ID : 805840
03-14 06:25:37.857   835   854 I HYPER-HAL: [RequestManager.cpp]releaseLocked(): Released ID : 805840
03-14 06:25:37.857 32148 11514 W Firebase-Installations: Error when communicating with the Firebase Installations server API. HTTP response: [403 Forbidden: {
03-14 06:25:37.857 32148 11514 W Firebase-Installations:   "error": {
03-14 06:25:37.857 32148 11514 W Firebase-Installations:     "code": 403,
03-14 06:25:37.857 32148 11514 W Firebase-Installations:     "message": "Requests from this Android client application com.tiket.gits are blocked.",
03-14 06:25:37.857 32148 11514 W Firebase-Installations:     "status": "PERMISSION_DENIED",
03-14 06:25:37.857 32148 11514 W Firebase-Installations:     "details": [
03-14 06:25:37.857 32148 11514 W Firebase-Installations:       {
03-14 06:25:37.857 32148 11514 W Firebase-Installations:         "@type": "type.googleapis.com/google.rpc.ErrorInfo",
03-14 06:25:37.857 32148 11514 W Firebase-Installations:         "reason": "API_KEY_ANDROID_APP_BLOCKED",
03-14 06:25:37.857 32148 11514 W Firebase-Installations:         "domain": "googleapis.com",
03-14 06:25:37.857 32148 11514 W Firebase-Installations:         "metadata": {
03-14 06:25:37.857 32148 11514 W Firebase-Installations:           "service": "firebaseinstallations.googleapis.com",
03-14 06:25:37.857 32148 11514 W Firebase-Installations:           "consumer": "projects/97773465230"
03-14 06:25:37.857 32148 11514 W Firebase-Installations:         }
03-14 06:25:37.857 32148 11514 W Firebase-Installations:       }
03-14 06:25:37.857 32148 11514 W Firebase-Installations:     ]
03-14 06:25:37.857 32148 11514 W Firebase-Installations:   }
03-14 06:25:37.857 32148 11514 W Firebase-Installations: }
03-14 06:25:37.857 32148 11514 W Firebase-Installations: ]
03-14 06:25:37.857 32148 11514 W Firebase-Installations: Firebase options used while communicating with Firebase server APIs: AIzaSyCqlSxkW-baPvpoL_i3WMBgqpSmlXcEQ1s, tiketandroid-e9b2a, 1:97773465230:android:b84b0bce0112d07e
03-14 06:25:37.857  1244  1292 D SurfaceControl: hide : mNativeObject = -5476376644200405152 - sc.mNativeObject = -5476376644737141536 - Surface(name=Input Consumer recents_animation_input_consumer)/@0x730ecfe
03-14 06:25:37.857  1244  1292 D SurfaceControl: nativeSetFlags Done : Surface(name=Input Consumer recents_animation_input_consumer)/@0x730ecfe
03-14 06:25:37.858  1244  3325 D SamsungAlarmManager: Cancel Alarm calling from uid:10320 pid :32148 / OP:PendingIntent{3527dd6: PendingIntentRecord{5faf857 com.tiket.gits broadcastIntent}}
03-14 06:25:37.858 11340 11342 I cmd     : oneway function results will be dropped but finished with status OK and parcel size 4
03-14 06:25:37.859  1244  1292 D ViewRootImpl@547721e[gits]: dispatchDetachedFromWindow: reset blurmask
03-14 06:25:37.859  1244  1292 I ViewRootImpl@547721e[gits]: dispatchDetachedFromWindow
03-14 06:25:37.859  1244  1292 I SurfaceControl: release : mNativeObject = -5476376644737112752 - Surface(name=Splash Screen com.tiket.gits)/@0x14cc2f3 / android.view.ViewRootImpl.destroySurface:2374 android.view.ViewRootImpl.dispatchDetachedFromWindow:5566 android.view.ViewRootImpl.doDie:9156 android.view.ViewRootImpl$ViewRootHandler.handleMessage:6041
03-14 06:25:37.859  1244  1292 I SurfaceControl: nativeRelease nativeObject s[-5476376644737112752]
03-14 06:25:37.859  1244  1292 I SurfaceControl: nativeRelease nativeObject e[-5476376644737112752]
03-14 06:25:37.861  1244  4194 I GenerationRegistry: mBackingStore.isClosed() : false
03-14 06:25:37.861  1244  1292 D InputTransport: Input channel destroyed: '564eaff', fd=797
03-14 06:25:37.862  1244  1292 I WindowManager: Reparenting to leash, surface=Surface(name=564eaff Splash Screen com.tiket.gits)/@0xce69b4f, leashParent=Surface(name=ActivityRecord{108dc3c u0 com.tiket.gits/.v2splash.SplashV2Activity t107})/@0x59e2c40
03-14 06:25:37.862  1244  2655 D FreecessController: com.facebook.katana(state: Initial -> Freezeable, Reason: uidIdle)
03-14 06:25:37.864  1244  4417 I InputDispatcher: Focus entered window (32148): f19c3fa in display 0 0
03-14 06:25:37.864   894  1612 I SurfaceFlinger: id=775 createSurf (0x0),-1 flag=24000, Surface(name=564eaff Splash Screen com.tiket.gits)/@0xce69b4f - animation-leash#0
03-14 06:25:37.864  1244  1292 D WindowManager: makeSurface duration=2 leash=Surface(name=Surface(name=564eaff Splash Screen com.tiket.gits)/@0xce69b4f - animation-leash)/@0xf9c62dc
03-14 06:25:37.866  1244  1292 D InputTransport: Input channel destroyed: '564eaff', fd=798
03-14 06:25:37.868  1244  4417 D SensorService: Calling batch handle==1 flags=0 rate=2000000 timeout== 0
03-14 06:25:37.868   798   798 I Sensors : batch(0) - accelerometer_sensor try to batching with 2000000
03-14 06:25:37.868   894   894 D SurfaceFlinger: Display 21442653864348033 HWC layers:
03-14 06:25:37.868   894   894 D SurfaceFlinger:      DEVICE | 0xb400007923b5fc90 | 0002 | RGBA_8888    |    0.0    0.0 1080.0 2400.0 |    0    0 1080 2400 | com.tiket.gits/com.tiket.gits.v2splash.SplashV2Activity$_32148#1
03-14 06:25:37.868   894   894 D SurfaceFlinger:      DEVICE | 0xb400007923b6ee10 | 0000 | RGBA_8888    |    0.0    0.0 1080.0 2400.0 |    0    0 1080 2400 | com.tiket.gits/com.tiket.gits.v2splash.SplashV2Activity$_32148#0
03-14 06:25:37.868   894   894 D SurfaceFlinger:      DEVICE | 0xb400007923b68890 | 0000 | RGBA_8888    |    0.0    0.0 1080.0 2400.0 |    0    0 1080 2400 | Splash Screen com.tiket.gits#0
03-14 06:25:37.868   894   894 D SurfaceFlinger:      DEVICE | 0xb400007923b76f90 | 0000 | RGBA_8888    |    0.0    0.0 1080.0   79.0 |    0    0 1080   79 | StatusBar$_2523#0
03-14 06:25:37.868   894   894 D SurfaceFlinger:      DEVICE | 0xb400007923b7a410 | 0000 | RGBA_8888    |    0.0    0.0   67.0  342.0 | 1013  458 1080  800 | com.samsung.android.app.cocktailbars[...]arservice.CocktailBarService$_5258#0
03-14 06:25:37.868   894   894 D SurfaceFlinger:      DEVICE | 0xb400007923b7b750 | 0000 | RGBA_8888    |    0.0    0.0 1080.0  144.0 |    0 2256 1080 2400 | NavigationBar0$_2523#0
03-14 06:25:37.868   894   894 D SurfaceFlinger:
03-14 06:25:37.870 10603 11324 I appium  : channel read invoked!
03-14 06:25:37.870 10603 11324 I appium  : channel read: GET /wd/hub/session/ead33b93-319d-42a6-ab35-fbfa3a53b716/appium/device/pixel_ratio
03-14 06:25:37.870 10603 11324 I appium  : Get device pixel ratio
03-14 06:25:37.870 10603 11324 I appium  : AppiumResponse: {"sessionId":"ead33b93-319d-42a6-ab35-fbfa3a53b716","value":3}
03-14 06:25:37.871 15920  9653 D SoLoader: About to merge: analyticsutil-jni / libcoldstart.so
03-14 06:25:37.872  1244  1316 D ArtManagerInternalImpl: /data/misc/iorapd/com.tiket.gits/4312/com.tiket.gits.v2splash.SplashV2Activity/compiled_traces/compiled_trace.pb doesn't exist
03-14 06:25:37.872   798   798 I Sensors : flush accelerometer_sensor
03-14 06:25:37.873  1244  1292 D SurfaceControl: hide : mNativeObject = -5476376644200405152 - sc.mNativeObject = -5476376644737141536 - Surface(name=Input Consumer recents_animation_input_consumer)/@0x730ecfe
03-14 06:25:37.873  1244  1292 D SurfaceControl: nativeSetFlags Done : Surface(name=Input Consumer recents_animation_input_consumer)/@0x730ecfe
03-14 06:25:37.875 32148 32148 D SensorManager: registerListener :: 1, LSM6DSO Accelerometer, 0, 0, com.appsflyer.internal.t@15f2c3ad
03-14 06:25:37.875  1244  1292 D SurfaceControl: hide : mNativeObject = -5476376644200405152 - sc.mNativeObject = -5476376644737141536 - Surface(name=Input Consumer recents_animation_input_consumer)/@0x730ecfe
03-14 06:25:37.875  1244  1292 D SurfaceControl: nativeSetFlags Done : Surface(name=Input Consumer recents_animation_input_consumer)/@0x730ecfe
03-14 06:25:37.877 10603 11324 I appium  : channel read invoked!
03-14 06:25:37.877 10603 11324 I appium  : channel read: GET /wd/hub/session/ead33b93-319d-42a6-ab35-fbfa3a53b716/appium/device/system_bars
03-14 06:25:37.877 10603 11324 I appium  : Get status bar height of the device
03-14 06:25:37.877  1244  3385 D SensorService: Calling batch handle==2 flags=0 rate=2000000 timeout== 0
03-14 06:25:37.877   798   798 I Sensors : batch(2) - gyro_sensor try to batching with 2000000
03-14 06:25:37.877   798   798 I Sensors : GyroSensor old sensor_state 16385, new sensor_state : 140754668240899 en : 1
03-14 06:25:37.877 10603 11324 I appium  : AppiumResponse: {"sessionId":"ead33b93-319d-42a6-ab35-fbfa3a53b716","value":{"statusBar":79}}
03-14 06:25:37.878 32148 11706 W GAv4    : CampaignTrackingReceiver is not registered, not exported or is disabled. Installation campaign tracking is not possible. See http://goo.gl/8Rd3yj for instructions.
03-14 06:25:37.878   835 11343 I HYPER-HAL: [ResourceManager.cpp]removeResource(): [CPUMinFreq] RemoveResource Request ID : 804570
03-14 06:25:37.878   835 11343 I HYPER-HAL: [RequestManager.cpp]releaseLocked(): Released ID : 804570
03-14 06:25:37.881   798   798 I Sensors : enable:: gyro_sensor(2)
03-14 06:25:37.881 32148 32148 D SensorManager: registerListener :: 2, LSM6DSO Gyroscope, 0, 0, com.appsflyer.internal.t@700e20fa
03-14 06:25:37.881  1244  4194 D SensorService: Calling batch handle==5 flags=0 rate=10000000 timeout== 0
03-14 06:25:37.881   798   798 I Sensors : batch(1) - geomagnetic_sensor try to batching with 10000000
03-14 06:25:37.882   798   798 I Sensors : GeoMagneticSensor old sensor_state 16387, new sensor_state : 140754668240915 en : 1
03-14 06:25:37.884 10603 11324 I appium  : channel read invoked!
03-14 06:25:37.884 10603 11324 I appium  : channel read: GET /wd/hub/session/ead33b93-319d-42a6-ab35-fbfa3a53b716/window/current/size
03-14 06:25:37.884   798   798 I Sensors : enable:: geomagnetic_sensor(1)
03-14 06:25:37.885 32148 32148 D SensorManager: registerListener :: 5, AK09918C Magnetometer, 0, 0, com.appsflyer.internal.t@2707dcf6
03-14 06:25:37.885 10603 11324 I appium  : Get window size of the device
03-14 06:25:37.885 10603 11324 I appium  : AppiumResponse: {"sessionId":"ead33b93-319d-42a6-ab35-fbfa3a53b716","value":{"height":2176,"width":1080}}
03-14 06:25:37.893  1244  1316 I ActivityTaskManager: Displayed com.tiket.gits/.v2splash.SplashV2Activity: +419ms
03-14 06:25:37.893  1244  1316 I Pageboost: Launch time gathered : pid 32148 com.tiket.gits 419
03-14 06:25:37.897  2733  2733 E pageboostd: Received HALT command code 2
03-14 06:25:37.901   798  1425 E Sensors : Sensor : Meta event
03-14 06:25:37.904 32148 32148 I Dialog  : mIsSamsungBasicInteraction = false, isMetaDataInActivity = false
03-14 06:25:37.906 15920  9653 W fb4a.0JA: Called user scoped provider with no viewer. ViewerContextManager was created with no ViewerContext. Using EmptyViewerContextManager to return fake logged in instance.
03-14 06:25:37.916 32148 32148 W BottomSheetBehavior: BottomSheetBehavior now supports multiple callbacks. `setBottomSheetCallback()` removes all existing callbacks, including ones set internally by library authors, which may result in unintended behavior. This may change in the future. Please use `addBottomSheetCallback()` and `removeBottomSheetCallback()` instead to set your own callbacks.
03-14 06:25:37.917 32148 32148 I DecorView: [INFO] isPopOver=false, config=false
03-14 06:25:37.917 32148 32148 I DecorView: updateCaptionType >> DecorView@b8f3278[], isFloating=false, isApplication=true, hasWindowDecorCaption=false, hasWindowControllerCallback=false
03-14 06:25:37.918 32148 32148 D DecorView: setCaptionType = 0, this = DecorView@b8f3278[]
03-14 06:25:37.920  1244  1472 I GenerationRegistry: mBackingStore.isClosed() : false
03-14 06:25:37.930   894   894 I HWComposer: ActiveConfigToHWC, ID : 0
03-14 06:25:37.930  1244  1292 I WindowManager: Reparenting to original parent: Surface(name=ActivityRecord{108dc3c u0 com.tiket.gits/.v2splash.SplashV2Activity t107})/@0x59e2c40, destroy=true, surface=Surface(name=564eaff Splash Screen com.tiket.gits)/@0xce69b4f
03-14 06:25:37.930  1244  1292 I SurfaceControl: release : mNativeObject = -5476376644737112752 - Surface(name=Surface(name=564eaff Splash Screen com.tiket.gits)/@0xce69b4f - animation-leash)/@0xf9c62dc / android.view.SurfaceControl$Transaction.remove:3421 com.android.server.wm.SurfaceAnimator.removeLeash:418 com.android.server.wm.SurfaceAnimator.reset:384 com.android.server.wm.SurfaceAnimator.lambda$getFinishedCallback$0$SurfaceAnimator:110
03-14 06:25:37.930  1244  1292 I SurfaceControl: nativeRelease nativeObject s[-5476376644737112752]
03-14 06:25:37.930  1244  1292 I SurfaceControl: nativeRelease nativeObject e[-5476376644737112752]
03-14 06:25:37.930   788   788 I display : Set Affinity config for fps(120) : 0, cpuIDs : 255
03-14 06:25:37.930   788   788 I display : Set Affinity CPU ID : 0
03-14 06:25:37.930   788   788 I display : Set Affinity CPU ID : 1
03-14 06:25:37.930   788   788 I display : Set Affinity CPU ID : 2
03-14 06:25:37.930   788   788 I display : Set Affinity CPU ID : 3
03-14 06:25:37.930   788   788 I display : Set Affinity CPU ID : 4
03-14 06:25:37.930   788   788 I display : Set Affinity CPU ID : 5
03-14 06:25:37.930   788   788 I display : Set Affinity CPU ID : 6
03-14 06:25:37.930   788   788 I display : Set Affinity CPU ID : 7
03-14 06:25:37.930   788   788 I display : Set affinity HWC : 788
03-14 06:25:37.930  1244  1292 D SurfaceControl: hide : mNativeObject = -5476376644200474144 - sc.mNativeObject = -5476376644737180848 - Surface(name=Splash Screen com.tiket.gits)/@0x13a7f3c
03-14 06:25:37.930  1244  1292 D SurfaceControl: nativeSetFlags Done : Surface(name=Splash Screen com.tiket.gits)/@0x13a7f3c
03-14 06:25:37.930   788   788 I display : CPU set : Cluster(0), min_clock(0)
03-14 06:25:37.930   788   788 I display : CPU set : Cluster(1), min_clock(0)
03-14 06:25:37.930   788   788 I display : CPU set : Cluster(2), min_clock(0)
03-14 06:25:37.930   788   788 I display : setActiveConfig(config=0)
03-14 06:25:37.930   788   788 I display : next config(0): width=1080 height=2400 period=8333333 Xdpi=422030 Ydpi=423333 groupId=0
03-14 06:25:37.930   788   788 I display : Current VRR MODE is 3
03-14 06:25:37.931  1244  1292 E WindowManager: win=Window{564eaff u0 Splash Screen com.tiket.gits EXITING} destroySurfaces: appStopped=false win.mWindowRemovalAllowed=true win.mRemoveOnExit=true win.mViewVisibility=0 caller=com.android.server.wm.ActivityRecord.destroySurfaces:5204 com.android.server.wm.ActivityRecord.destroySurfaces:5185 com.android.server.wm.WindowState.onExitAnimationDone:5606 com.android.server.wm.WindowStateAnimator.onAnimationFinished:332 com.android.server.wm.WindowState.onAnimationFinished:6071 com.android.server.wm.-$$Lambda$dwJG8BAnLlvKNGuDY9U3-haNY4M.onAnimationFinished:2 com.android.server.wm.SurfaceAnimator.lambda$getFinishedCallback$0$SurfaceAnimator:112
03-14 06:25:37.931  1244  1292 I WindowManager: Destroying surface Surface(name=Splash Screen com.tiket.gits)/@0x13a7f3c called by com.android.server.wm.WindowStateAnimator.destroySurface:1794 com.android.server.wm.WindowStateAnimator.destroySurfaceLocked:765 com.android.server.wm.WindowState.destroySurfaceUnchecked:3905 com.android.server.wm.WindowState.destroySurface:3879 com.android.server.wm.ActivityRecord.destroySurfaces:5204 com.android.server.wm.ActivityRecord.destroySurfaces:5185 com.android.server.wm.WindowState.onExitAnimationDone:5606 com.android.server.wm.WindowStateAnimator.onAnimationFinished:332
03-14 06:25:37.931  1244  1292 I SurfaceControl: release : mNativeObject = -5476376644737180848 - Surface(name=Splash Screen com.tiket.gits)/@0x13a7f3c / android.view.SurfaceControl$Transaction.remove:3421 com.android.server.wm.WindowSurfaceController.destroyNotInTransaction:225 com.android.server.wm.WindowStateAnimator.destroySurface:1794 com.android.server.wm.WindowStateAnimator.destroySurfaceLocked:765
03-14 06:25:37.931  1244  1292 I SurfaceControl: nativeRelease nativeObject s[-5476376644737180848]
03-14 06:25:37.931  1244  1292 I SurfaceControl: nativeRelease nativeObject e[-5476376644737180848]
03-14 06:25:37.931   894   917 I Layer   : id=766 removeFromCurrentState Splash Screen com.tiket.gits#0 (65)
03-14 06:25:37.932  1244  1292 I SurfaceControl: release : mNativeObject = -5476376644737044096 - Surface(name=564eaff Splash Screen com.tiket.gits)/@0xce69b4f / android.view.SurfaceControl$Transaction.remove:3421 com.android.server.wm.WindowContainer.removeImmediately:649 com.android.server.wm.WindowState.removeImmediately:2588 com.android.server.wm.WindowState.destroySurface:3882
03-14 06:25:37.932  1244  1292 I SurfaceControl: nativeRelease nativeObject s[-5476376644737044096]
03-14 06:25:37.932  1244  1292 I SurfaceControl: nativeRelease nativeObject e[-5476376644737044096]
03-14 06:25:37.933   894   916 I Layer   : id=765 removeFromCurrentState 564eaff Splash Screen com.tiket.gits#0 (65)
03-14 06:25:37.933   894   916 I Layer   : id=775 removeFromCurrentState Surface(name=564eaff Splash Screen com.tiket.gits)/@0xce69b4f - animation-leash#0 (65)
03-14 06:25:37.933  1244  1292 D SurfaceControl: hide : mNativeObject = -5476376644200405152 - sc.mNativeObject = -5476376644737141536 - Surface(name=Input Consumer recents_animation_input_consumer)/@0x730ecfe
03-14 06:25:37.933  1244  1292 D SurfaceControl: nativeSetFlags Done : Surface(name=Input Consumer recents_animation_input_consumer)/@0x730ecfe
03-14 06:25:37.934   894  2580 I SurfaceFlinger: id=765 Removed 564eaff Splash Screen com.tiket.gits#0 (65)
03-14 06:25:37.934   894  2580 I SurfaceFlinger: id=775 Removed Surface(name=564eaff Splash Screen com.tiket.gits)/@0xce69b4f - animation-leash#0 (65)
03-14 06:25:37.934   894  2580 I SurfaceFlinger: id=766 Removed Splash Screen com.tiket.gits#0 (65)
03-14 06:25:37.935   894   894 I SurfaceFlinger: Touch=0, Idle=0, DisplayPower=0
03-14 06:25:37.946   894   894 D Scheduler: onPrimaryDisplayConfigChanged to 0
03-14 06:25:37.946   894   894 I Layer   : id=775[1] Destroyed Surface(name=564eaff Splash Screen com.tiket.gits)/@0xce69b4f - animation-leash#0
03-14 06:25:37.946   894   894 I Layer   : id=765[1] Destroyed 564eaff Splash Screen com.tiket.gits#0
03-14 06:25:37.947  1244  1291 D LocalDisplayAdapter: updateActiveRealModeLocked, mActiveRealPhysIndex=0, mActiveRealModeId=1, forceUpdate=false, caller=com.android.server.display.LocalDisplayAdapter$LocalDisplayDevice.onActiveDisplayConfigChangedLocked:1117 com.android.server.display.LocalDisplayAdapter$PhysicalDisplayEventReceiver.onConfigChanged:1419 android.view.DisplayEventReceiver.dispatchConfigChanged:216
03-14 06:25:37.947   894   894 I Layer   : id=766[1] Destroyed Splash Screen com.tiket.gits#0
03-14 06:25:37.947  1244  1291 I DisplayManagerService: Display device changed: DisplayDeviceInfo{"Built-in Screen": uniqueId="local:21442653864348033", 1080 x 2400, modeId 3, defaultModeId 3, supportedModes [{id=1, width=1080, height=2400, fps=120.00001}, {id=2, width=1080, height=2400, fps=96.00001}, {id=3, width=1080, height=2400, fps=60.000004}, {id=4, width=1080, height=2400, fps=48.000004}], refreshRateMode REFRESH_RATE_MODE_SEAMLESS, realModeId 1, colorMode 0, supportedColorModes [0, 6, 7], HdrCapabilities HdrCapabilities{mSupportedHdrTypes=[2, 3], mMaxLuminance=450.0, mMaxAverageLuminance=120.0, mMinLuminance=5.0E-4}, allmSupported false, gameContentTypeSupported false, density 480, 422.03 x 423.333 dpi, appVsyncOff 0, presDeadline 17666666, cutout DisplayCutout{insets=Rect(0, 80 - 0, 0) waterfall=Insets{left=0, top=0, right=0, bottom=0} boundingRect={Bounds=[Rect(0, 0 - 0, 0), Rect(510, 0 - 570, 80), Rect(0, 0 - 0, 0), Rect(0, 0 - 0, 0)]}}, touch INTERNAL, rotation 0, type INTERNAL, address {port=129, model=0x4c2dfae6a049}, deviceProductInfo DeviceProductInfo{name=samsung lcd  , manufacturerPnpId=SAM, productId=0, modelYear=null, manufactureDate=ManufactureDate{week=16, year=2020}, relativeAddress=null}, state ON, FLAG_DEFAULT_DISPLAY, FLAG_ROTATES_WITH_CONTENT, FLAG_SECURE, FLAG_SUPPORTS_PROTECTED_BUFFERS}
03-14 06:25:37.950   894   894 D SurfaceFlinger: Display 21442653864348033 HWC layers:
03-14 06:25:37.950   894   894 D SurfaceFlinger:      DEVICE | 0xb400007923b6dad0 | 0002 | RGBA_8888    |    0.0    0.0 1080.0 2400.0 |    0    0 1080 2400 | com.tiket.gits/com.tiket.gits.v2splash.SplashV2Activity$_32148#1
03-14 06:25:37.950   894   894 D SurfaceFlinger:      DEVICE | 0xb400007923b758d0 | 0000 | RGBA_8888    |    0.0    0.0 1080.0 2400.0 |    0    0 1080 2400 | com.tiket.gits/com.tiket.gits.v2splash.SplashV2Activity$_32148#0
03-14 06:25:37.950   894   894 D SurfaceFlinger:      DEVICE | 0xb400007923b76f90 | 0000 | RGBA_8888    |    0.0    0.0 1080.0   79.0 |    0    0 1080   79 | StatusBar$_2523#0
03-14 06:25:37.950   894   894 D SurfaceFlinger:      DEVICE | 0xb400007923b7a410 | 0000 | RGBA_8888    |    0.0    0.0   67.0  342.0 | 1013  458 1080  800 | com.samsung.android.app.cocktailbars[...]arservice.CocktailBarService$_5258#0
03-14 06:25:37.950   894   894 D SurfaceFlinger:      DEVICE | 0xb400007923b7b750 | 0000 | RGBA_8888    |    0.0    0.0 1080.0  144.0 |    0 2256 1080 2400 | NavigationBar0$_2523#0
03-14 06:25:37.950   894   894 D SurfaceFlinger:
03-14 06:25:37.951   894   894 D SurfaceFlinger: GPIS:: requestGPIS
03-14 06:25:37.954  1244  1292 D SurfaceControl: hide : mNativeObject = -5476376644200405152 - sc.mNativeObject = -5476376644737141536 - Surface(name=Input Consumer recents_animation_input_consumer)/@0x730ecfe
03-14 06:25:37.954  1244  1292 D SurfaceControl: nativeSetFlags Done : Surface(name=Input Consumer recents_animation_input_consumer)/@0x730ecfe
03-14 06:25:37.955  1244  1291 D TspStateManager: updateCustomValue customSetting=
03-14 06:25:37.956  1244  1291 D TspStateManager: updateCustomValue customSetting=
03-14 06:25:37.957 29115  8798 I PBSessionCacheImpl: Deleted sessionId[128050771406703066] from persistence.
03-14 06:25:37.957 29115 29439 W SearchServiceCore: Abort, client detached.
03-14 06:25:37.958  1244  1292 D SurfaceControl: hide : mNativeObject = -5476376644200405152 - sc.mNativeObject = -5476376644737141536 - Surface(name=Input Consumer recents_animation_input_consumer)/@0x730ecfe
03-14 06:25:37.958  1244  1292 D SurfaceControl: nativeSetFlags Done : Surface(name=Input Consumer recents_animation_input_consumer)/@0x730ecfe
03-14 06:25:37.959 29115 29439 I MicroDetectionState: Should stop hotword detection immediately - true
03-14 06:25:37.962  1244  1461 I CAE     : handleMessage(CaPowerManager.java:202) - AP_WAKEUP_Already_Delivered
03-14 06:25:37.962  1244  1461 I CAE     : handleMessage(CaPowerManager.java:212) - SCREEN_ON_Already_Delivered
03-14 06:25:37.965  1244  1244 D MotionRecognitionService: [DisplayListner] getRefreshRate 120.00001
03-14 06:25:37.965  1244  1464 D LiftUpHandler: already ended..
03-14 06:25:37.965  1244  1464 D MotionRecognitionService: [REFRESHRATE]  : 120
03-14 06:25:37.965  1244  1464 D SensorService: setSContextDataLocked ints length 3 , byte length 8
03-14 06:25:37.965  1244  1464 D SensorService: setSContextDataLocked 100048c1
03-14 06:25:37.965  1244  1244 D GameManagerService: onDisplayChanged. displyId: 0, state: 2
03-14 06:25:37.965  1244  1244 D AODManagerService: requestReCalToTSP IsSingleTouchMode = false / previousDisplayState = ON
03-14 06:25:37.965  1244  1482 D GameManagerService: onLooperPrepared(), msg: MSG_LCD_ON
03-14 06:25:37.966   894  2552 D NativeSemDvfsManager: acquire:: timeout = 1000 mIsAcquired = 1  mTagName : SurfaceFlinger
03-14 06:25:37.966   798   798 D Sensors : c1 48 00 10 78 00 00 00
03-14 06:25:37.966   798   798 E Sensors : inject_scontext_data: New ssp_data_injection_fd(41)
03-14 06:25:37.966   894  2552 E NativeCustomFrequencyManager: [NativeCFMS] BpCustomFrequencyManager::acquire()
03-14 06:25:37.966   835   854 I HYPER-HAL: [RequestManager.cpp]acquire(): Acquired ID : 1795565  [894 / 1000]    HINT : NOT_EXIST    list : [GPUMinFreq / 403000] [TIMEOUT / 1000]
03-14 06:25:37.967   798   798 D Sensors : SContext Data Injection return 8
03-14 06:25:37.967  2523  2523 D DisplayLifecycle: updateDisplay id = 0
03-14 06:25:37.971 15920  9653 E fb4a.JS_LOADER: loading js bundle Fb4aBundle.js.hbc use hermes on. Perftest info: prepack gk off prepack build constant off
03-14 06:25:37.972  1244  1292 D SurfaceControl: hide : mNativeObject = -5476376644200405152 - sc.mNativeObject = -5476376644737141536 - Surface(name=Input Consumer recents_animation_input_consumer)/@0x730ecfe
03-14 06:25:37.972  1244  1292 D SurfaceControl: nativeSetFlags Done : Surface(name=Input Consumer recents_animation_input_consumer)/@0x730ecfe
03-14 06:25:37.976  1244  1519 D ConnectivityService: NetReassign [no changes]
03-14 06:25:37.978 15920 15931 W facebook.katan: Reducing the number of considered missed Gc histogram windows from 206 to 100
03-14 06:25:37.979 15920  9653 E fb4a.JS_LOADER: loading js bundle Fb4aBundle.js.hbc use hermes on. Perftest info: prepack gk off prepack build constant off
03-14 06:25:37.980 15920  9653 E fb4a.JS_LOADER: loading js bundle Fb4aBundle.js.hbc use hermes on. Perftest info: prepack gk off prepack build constant off
03-14 06:25:37.984  1244  1472 D InputTransport: Input channel constructed: '51fc841', fd=440
03-14 06:25:37.984  1244  1472 D InputTransport: Input channel constructed: '51fc841', fd=649
03-14 06:25:37.985   894   916 I SurfaceFlinger: id=776 createSurf (0x0),-1 flag=80004, 51fc841 com.tiket.gits/com.tiket.gits.v2splash.SplashV2Activity#0
03-14 06:25:37.985 15920  9653 W fb4a.0JA: Called user scoped provider with no viewer. ViewerContextManager was created with no ViewerContext. Using EmptyViewerContextManager to return fake logged in instance.
03-14 06:25:37.986  1244  1472 V WindowManager: Changing focus from Window{f19c3fa u0 com.tiket.gits/com.tiket.gits.v2splash.SplashV2Activity} to Window{51fc841 u0 com.tiket.gits/com.tiket.gits.v2splash.SplashV2Activity} displayId=0 Callers=com.android.server.wm.RootWindowContainer.updateFocusedWindowLocked:561 com.android.server.wm.WindowManagerService.updateFocusedWindowLocked:6261 com.android.server.wm.WindowManagerService.addWindow:1957 com.android.server.wm.Session.addToDisplayAsUser:180
03-14 06:25:37.987  1244  9949 I SystemUiVisibilityPolicyController: handleMessage: entry what = 1
03-14 06:25:37.987  1244  1472 I WindowManager: Cancelling animation restarting=true, leash=Surface(name=Surface(name=e4492df StatusBar)/@0xd7479f5 - animation-leash)/@0x1394fa1
03-14 06:25:37.987  1244  1472 I WindowManager: Reparenting to original parent: Surface(name=WindowToken{57f4d7e android.os.BinderProxy@65c9f00})/@0x3ec38a, destroy=false, surface=Surface(name=e4492df StatusBar)/@0xd7479f5
03-14 06:25:37.987  5258  5258 I TrayStateController: systemUiVisibilityChanged : 0 0
03-14 06:25:37.987  1244  1472 I SurfaceControl: release : mNativeObject = -5476376644737120032 - Surface(name=Surface(name=e4492df StatusBar)/@0xd7479f5 - animation-leash)/@0x1394fa1 / android.view.SurfaceControl$Transaction.remove:3421 com.android.server.wm.SurfaceAnimator.cancelAnimation:365 com.android.server.wm.SurfaceAnimator.startAnimation:161 com.android.server.wm.WindowContainer.startAnimation:2206
03-14 06:25:37.987  1244  1472 I SurfaceControl: nativeRelease nativeObject s[-5476376644737120032]
03-14 06:25:37.987  1244  1472 I SurfaceControl: nativeRelease nativeObject e[-5476376644737120032]
03-14 06:25:37.987  1244  1472 I WindowManager: Reparenting to leash, surface=Surface(name=e4492df StatusBar)/@0xd7479f5, leashParent=Surface(name=WindowToken{57f4d7e android.os.BinderProxy@65c9f00})/@0x3ec38a
03-14 06:25:37.987   894   916 I SurfaceFlinger: id=777 createSurf (0x0),-1 flag=24000, Surface(name=e4492df StatusBar)/@0xd7479f5 - animation-leash#1
03-14 06:25:37.992  1244  1472 D WindowManager: makeSurface duration=4 leash=Surface(name=Surface(name=e4492df StatusBar)/@0xd7479f5 - animation-leash)/@0x15fa77d
03-14 06:25:37.992  1244  1472 I WindowManager: Cancelling animation restarting=true, leash=Surface(name=Surface(name=1242591 NavigationBar0)/@0x20ab8f7 - animation-leash)/@0x4269987
03-14 06:25:37.992  1244  1472 I WindowManager: Reparenting to original parent: Surface(name=WindowToken{1ff93b8 android.os.BinderProxy@6fe82a})/@0x8f63364, destroy=false, surface=Surface(name=1242591 NavigationBar0)/@0x20ab8f7
03-14 06:25:37.992  1244  1472 I SurfaceControl: release : mNativeObject = -5476376644737115216 - Surface(name=Surface(name=1242591 NavigationBar0)/@0x20ab8f7 - animation-leash)/@0x4269987 / android.view.SurfaceControl$Transaction.remove:3421 com.android.server.wm.SurfaceAnimator.cancelAnimation:365 com.android.server.wm.SurfaceAnimator.startAnimation:161 com.android.server.wm.WindowContainer.startAnimation:2206
03-14 06:25:37.992  1244  1472 I SurfaceControl: nativeRelease nativeObject s[-5476376644737115216]
03-14 06:25:37.992  1244  1472 I SurfaceControl: nativeRelease nativeObject e[-5476376644737115216]
03-14 06:25:37.992  1244  1472 I WindowManager: Reparenting to leash, surface=Surface(name=1242591 NavigationBar0)/@0x20ab8f7, leashParent=Surface(name=WindowToken{1ff93b8 android.os.BinderProxy@6fe82a})/@0x8f63364
03-14 06:25:37.992   894   916 I SurfaceFlinger: id=778 createSurf (0x0),-1 flag=24000, Surface(name=1242591 NavigationBar0)/@0x20ab8f7 - animation-leash#0
03-14 06:25:37.993  1244  1472 D WindowManager: makeSurface duration=1 leash=Surface(name=Surface(name=1242591 NavigationBar0)/@0x20ab8f7 - animation-leash)/@0x5f2fac3
03-14 06:25:37.993  1244  1472 D StatusBarManagerService: notifyRequestedSystemKey recent=false home=false
03-14 06:25:37.993  1244  1472 D InputTransport: Input channel destroyed: '51fc841', fd=649
03-14 06:25:37.994 32148 32148 D InputTransport: Input channel constructed: '51fc841', fd=125
03-14 06:25:37.997 32148 11506 I DynamiteModule: Considering local module com.google.android.gms.tagmanager:214 and remote module com.google.android.gms.tagmanager:215
03-14 06:25:37.997 32148 11506 I DynamiteModule: Selected remote version of com.google.android.gms.tagmanager, version >= 215
03-14 06:25:37.997 32148 11486 E Apptimize: Internal error: AN0136
03-14 06:25:37.998 32148 11486 W Apptimize: Apptimize: Apptimize encountered an error or incompatibility when initializing visual changes. Visual changes are thus currently unavailable (AN2003-AN0136).
03-14 06:25:37.998 32148 11506 V DynamiteModule: Dynamite loader version >= 2, using loadModule2NoCrashUtils
03-14 06:25:37.999 32148 11486 I Apptimize: Apptimize: Initializing Apptimize with appKey Aevrc83tzY2eD3RfhhLaa8K5wakWh8A .
03-14 06:25:37.999   894   916 I Layer   : id=770 removeFromCurrentState Surface(name=e4492df StatusBar)/@0xd7479f5 - animation-leash#0 (65)
03-14 06:25:37.999   894   916 I Layer   : id=771 removeFromCurrentState Surface(name=1242591 NavigationBar0)/@0x20ab8f7 - animation-leash#1 (65)
03-14 06:25:37.999   894   916 I Layer   : id=698 removeFromCurrentState 1242591 NavigationBar0#0 (65)
03-14 06:25:37.999   894   916 I Layer   : id=708 removeFromCurrentState NavigationBar0$_2523#0 (65)
03-14 06:25:37.999   894   916 I Layer   : id=698 addToCurrentState 1242591 NavigationBar0#0 (65)
03-14 06:25:37.999   894   916 I Layer   : id=708 addToCurrentState NavigationBar0$_2523#0 (65)
03-14 06:25:38.000  1244  1292 D SurfaceControl: hide : mNativeObject = -5476376644200405152 - sc.mNativeObject = -5476376644737141536 - Surface(name=Input Consumer recents_animation_input_consumer)/@0x730ecfe
03-14 06:25:38.000  1244  1292 D SurfaceControl: nativeSetFlags Done : Surface(name=Input Consumer recents_animation_input_consumer)/@0x730ecfe
03-14 06:25:38.002 32148 32148 I ViewRootImpl@76b082d[SplashV2Activity]: setView = com.android.internal.policy.DecorView@b8f3278 TM=true
03-14 06:25:38.002 32148 32148 W BottomSheetBehavior: BottomSheetBehavior now supports multiple callbacks. `setBottomSheetCallback()` removes all existing callbacks, including ones set internally by library authors, which may result in unintended behavior. This may change in the future. Please use `addBottomSheetCallback()` and `removeBottomSheetCallback()` instead to set your own callbacks.
03-14 06:25:38.003 32148 32148 I ViewRootImpl@264481[SplashV2Activity]: MSG_WINDOW_FOCUS_CHANGED 1 1
03-14 06:25:38.003 32148 32148 D InputMethodManager: prepareNavigationBarInfo() DecorView@97ce8e4[SplashV2Activity]
03-14 06:25:38.003 32148 32148 D InputMethodManager: getNavigationBarColor() -855310
03-14 06:25:38.003 32148 32148 D InputMethodManager: prepareNavigationBarInfo() DecorView@97ce8e4[SplashV2Activity]
03-14 06:25:38.003 32148 32148 D InputMethodManager: getNavigationBarColor() -855310
03-14 06:25:38.003 32148 32148 V InputMethodManager: Starting input: tba=com.tiket.gits ic=null mNaviBarColor -855310 mIsGetNaviBarColorSuccess true , NavVisible : true , NavTrans : false
03-14 06:25:38.003 32148 32148 D InputMethodManager: startInputInner - Id : 0
03-14 06:25:38.003 32148 32148 I InputMethodManager: startInputInner - mService.startInputOrWindowGainedFocus
03-14 06:25:38.003  1244  4192 D InputMethodManagerService: mSecureKeypadEnabled = false
03-14 06:25:38.003  1244  4192 V InputMethodManagerService: Unspecified window will hide input
03-14 06:25:38.003  1244  4192 V InputMethodManagerService: hideCurrentInputLocked : shouldHideSoftInput is false
03-14 06:25:38.003  1244  4192 D InputMethodManagerService: DESKTOP MODE! : 2
03-14 06:25:38.003  1244  4192 D InputMethodManagerService: NOT IN KNOX DESKTOP MODE!
03-14 06:25:38.003  1244  4192 V InputMethodManagerService: getDisplayIdOfInputMethodWindowToBeAdded : 0
03-14 06:25:38.003  1244  4192 V InputMethodManagerService: Hide switching menu
03-14 06:25:38.004  1244  4192 D SamsungIMMSHWKeyboard: isConnectedDexOnPC false
03-14 06:25:38.004  1244  4192 D InputMethodManagerService: isImeSwitcherDisabledPackage : false
03-14 06:25:38.004  1244  4192 V InputMethodManagerService: Creating new session for client ClientState{136ff3b uid=10320 pid=32148 displayId=0}
03-14 06:25:38.004  1244  4192 D InputTransport: Input channel constructed: 'ClientS', fd=806
03-14 06:25:38.004  1244  4192 D InputTransport: Input channel constructed: 'ClientS', fd=812
03-14 06:25:38.004  1244  4192 D InputTransport: Input channel destroyed: 'ClientS', fd=812
03-14 06:25:38.006  1244  3385 D InputMethodManagerService: checkDisplayOfStartInputAndUpdateKeyboard display Id 0last 0
03-14 06:25:38.006  1244  3385 D InputTransport: Input channel constructed: 'ClientS', fd=812
03-14 06:25:38.006  1244  3385 D InputTransport: Input channel destroyed: 'ClientS', fd=812
03-14 06:25:38.007 32148 11466 D InputTransport: Input channel constructed: 'ClientS', fd=130
03-14 06:25:38.014  1244  4192 I InputDispatcher: Focus left window (32148): f19c3fa in display 0 0
03-14 06:25:38.028  1244  3385 I WindowManager: Cancelling animation restarting=true, leash=Surface(name=Surface(name=dce8864 InputMethod)/@0x2e62f82 - animation-leash)/@0x7e07ffc
03-14 06:25:38.028  1244  3385 I WindowManager: Reparenting to original parent: Surface(name=WindowToken{ef03e2e android.os.Binder@d9268a9})/@0xf080693, destroy=false, surface=Surface(name=dce8864 InputMethod)/@0x2e62f82
03-14 06:25:38.028  1244  3385 I SurfaceControl: release : mNativeObject = -5476376644737132800 - Surface(name=Surface(name=dce8864 InputMethod)/@0x2e62f82 - animation-leash)/@0x7e07ffc / android.view.SurfaceControl$Transaction.remove:3421 com.android.server.wm.SurfaceAnimator.cancelAnimation:365 com.android.server.wm.SurfaceAnimator.startAnimation:161 com.android.server.wm.WindowContainer.startAnimation:2206
03-14 06:25:38.028  1244  3385 I SurfaceControl: nativeRelease nativeObject s[-5476376644737132800]
03-14 06:25:38.029  1244  3385 I SurfaceControl: nativeRelease nativeObject e[-5476376644737132800]
03-14 06:25:38.029  1244  3385 I WindowManager: Reparenting to leash, surface=Surface(name=dce8864 InputMethod)/@0x2e62f82, leashParent=Surface(name=WindowToken{ef03e2e android.os.Binder@d9268a9})/@0xf080693
03-14 06:25:38.029   894  2580 I SurfaceFlinger: id=779 createSurf (0x0),-1 flag=24004, Surface(name=dce8864 InputMethod)/@0x2e62f82 - animation-leash#0
03-14 06:25:38.029   563   853 E audit   : avc:  denied  { find } for pid=9327 uid=10277 name=tethering scontext=u:r:permissioncontroller_app:s0:c21,c257,c512,c768 tcontext=u:object_r:tethering_service:s0 tclass=service_manager permissive=0
03-14 06:25:38.029   563   853 I servicemanager: tethering : getService has failed, permission denied.
