03-11 08:31:23.879  1227  9212 D ApplicationPolicy: isStatusBarNotificationAllowedAsUser: packageName = com.tiket.gits.debug,userId = 0
03-11 08:31:23.879  1227  9212 D PersonaManagerAdapter: ContainerOnlyMode - EOS
03-11 08:31:23.879 12272 23584 V Apptimize: Apptimize: Logging metric for test '[DISC] NHA vertical image'.
03-11 08:31:23.879 12272 23584 D Apptimize: Apptimize: Test run count is 0; not incrementing metric.
03-11 08:31:23.879 12272 23584 V Apptimize: Apptimize: Logging metric for test '[DISC] TTD vertical icon'.
03-11 08:31:23.879 12272 23584 D Apptimize: Apptimize: Test run count is 0; not incrementing metric.
03-11 08:31:23.879 12272 23584 V Apptimize: Apptimize: Logging metric for test 'fallback-testing-ios-v2'.
03-11 08:31:23.879 12272 23584 D Apptimize: Apptimize: Test run count is 0; not incrementing metric.
03-11 08:31:23.879 12272 23584 V Apptimize: Apptimize: Logging metric for test '[HPEP] Use Dorado for Hotel Autocomplete v6'.
03-11 08:31:23.879 12272 23584 D Apptimize: Apptimize: Test run count is 0; not incrementing metric.
03-11 08:31:23.879 12272 23584 V Apptimize: Apptimize: Logging metric for test '[CAR] Review Booking Page Revamp'.
03-11 08:31:23.879 12272 23584 D Apptimize: Apptimize: Test run count is 0; not incrementing metric.
03-11 08:31:23.879 12272 23584 V Apptimize: Apptimize: Logging metric for test 'core-fallback-ios-v2'.
03-11 08:31:23.879 12272 23584 D Apptimize: Apptimize: Test run count is 0; not incrementing metric.
03-11 08:31:23.879 12272 23584 V Apptimize: Apptimize: Logging metric for test '[HPEP] Room group variants in Room List 4.0'.
03-11 08:31:23.879 12272 23584 D Apptimize: Apptimize: Test run count is 0; not incrementing metric.
03-11 08:31:23.879 12272 23584 V Apptimize: Apptimize: Logging metric for test '[HNHA] Sold Out Logic SRP'.
03-11 08:31:23.879 12272 23584 D Apptimize: Apptimize: Test run count is 0; not incrementing metric.
03-11 08:31:23.879 12272 23584 V Apptimize: Apptimize: Logging metric for test 'core-fallback-android-v2'.
03-11 08:31:23.879 12272 23584 D Apptimize: Apptimize: Test run count is 0; not incrementing metric.
03-11 08:31:23.879 12272 23584 V Apptimize: Apptimize: Logging metric for test '[TRA] Highlight Select Seat Button in Booking Form Page'.
03-11 08:31:23.879 12272 23584 D Apptimize: Apptimize: Test run count is 0; not incrementing metric.
03-11 08:31:23.879 12272 23584 V Apptimize: Apptimize: Logging metric for test 'fallback-testing-android-v2'.
03-11 08:31:23.879 12272 23584 D Apptimize: Apptimize: Test run count is 0; not incrementing metric.
03-11 08:31:23.879 12272 23584 V Apptimize: Apptimize: Logging metric for test '[DISC] Home Iteration'.
03-11 08:31:23.879 12272 23584 D Apptimize: Apptimize: Test run count is 0; not incrementing metric.
03-11 08:31:23.879 12272 23584 V Apptimize: Apptimize: Logging metric for test '[HPEP] SRP Ranking BE - Personalization'.
03-11 08:31:23.879 12272 23953 V Apptimize: Apptimize: Filter requests an unsupplied prefixed attribute: ^e121384_3. Not Matching.
03-11 08:31:23.879 12272 23584 D Apptimize: Apptimize: Test run count is 0; not incrementing metric.
03-11 08:31:23.880 12272 23584 V Apptimize: Apptimize: Logging metric for test 'Homes PDP USP config'.
03-11 08:31:23.880 12272 23584 D Apptimize: Apptimize: Test run count is 0; not incrementing metric.
03-11 08:31:23.880 12272 23584 V Apptimize: Apptimize: Logging metric for test 'Installment test a/b'.
03-11 08:31:23.880 12272 23584 D Apptimize: Apptimize: Test run count is 0; not incrementing metric.
03-11 08:31:23.880 12272 23584 V Apptimize: Apptimize: Logging metric for test '[PAYM] A/B Testing Copy Installment Fee Plan'.
03-11 08:31:23.880 12272 23584 D Apptimize: Apptimize: Test run count is 0; not incrementing metric.
03-11 08:31:23.880 12272 23661 W GoogleTagManager: Event does not have parameter "countPaymentMethodChange" and no default value was defined. Returning "undefined".
03-11 08:31:23.880 12272 23953 D Apptimize: Apptimize: Seed group: userId; experiment; 121384; 3; generated seed: 754995032
03-11 08:31:23.880 12272 23584 V Apptimize: Apptimize: Logging metric for test '[DISC] NHA vertical image'.
03-11 08:31:23.880 12272 23584 D Apptimize: Apptimize: Test run count is 0; not incrementing metric.
03-11 08:31:23.880 12272 23584 V Apptimize: Apptimize: Logging metric for test '[DISC] TTD vertical icon'.
03-11 08:31:23.880 12272 23584 D Apptimize: Apptimize: Test run count is 0; not incrementing metric.
03-11 08:31:23.880 12272 23584 V Apptimize: Apptimize: Logging metric for test 'fallback-testing-ios-v2'.
03-11 08:31:23.880 12272 23584 D Apptimize: Apptimize: Test run count is 0; not incrementing metric.
03-11 08:31:23.880 12272 23661 W GoogleTagManager: Event does not have parameter "tiketPoint" and no default value was defined. Returning "undefined".
03-11 08:31:23.880 12272 23584 V Apptimize: Apptimize: Logging metric for test '[HPEP] Use Dorado for Hotel Autocomplete v6'.
03-11 08:31:23.880 12272 23584 D Apptimize: Apptimize: Test run count is 0; not incrementing metric.
03-11 08:31:23.881 12272 23584 V Apptimize: Apptimize: Logging metric for test '[CAR] Review Booking Page Revamp'.
03-11 08:31:23.881 12272 23584 D Apptimize: Apptimize: Test run count is 0; not incrementing metric.
03-11 08:31:23.881 12272 23584 V Apptimize: Apptimize: Logging metric for test 'core-fallback-ios-v2'.
03-11 08:31:23.881 12272 23584 D Apptimize: Apptimize: Test run count is 0; not incrementing metric.
03-11 08:31:23.881 12272 23584 V Apptimize: Apptimize: Logging metric for test '[HPEP] Room group variants in Room List 4.0'.
03-11 08:31:23.881 12272 23584 D Apptimize: Apptimize: Test run count is 0; not incrementing metric.
03-11 08:31:23.881 12272 23584 V Apptimize: Apptimize: Logging metric for test '[HNHA] Sold Out Logic SRP'.
03-11 08:31:23.881 12272 23584 D Apptimize: Apptimize: Test run count is 0; not incrementing metric.
03-11 08:31:23.881 12272 23584 V Apptimize: Apptimize: Logging metric for test 'core-fallback-android-v2'.
03-11 08:31:23.881 12272 23584 D Apptimize: Apptimize: Test run count is 0; not incrementing metric.
03-11 08:31:23.881 12272 23584 V Apptimize: Apptimize: Logging metric for test '[TRA] Highlight Select Seat Button in Booking Form Page'.
03-11 08:31:23.881 12272 23584 D Apptimize: Apptimize: Test run count is 0; not incrementing metric.
03-11 08:31:23.881 12272 23584 V Apptimize: Apptimize: Logging metric for test 'fallback-testing-android-v2'.
03-11 08:31:23.881 12272 23584 D Apptimize: Apptimize: Test run count is 0; not incrementing metric.
03-11 08:31:23.881 12272 23584 V Apptimize: Apptimize: Logging metric for test '[DISC] Home Iteration'.
03-11 08:31:23.881 12272 23584 D Apptimize: Apptimize: Test run count is 0; not incrementing metric.
03-11 08:31:23.881 12272 23584 V Apptimize: Apptimize: Logging metric for test '[HPEP] SRP Ranking BE - Personalization'.
03-11 08:31:23.881 12272 23584 D Apptimize: Apptimize: Test run count is 0; not incrementing metric.
03-11 08:31:23.881 12272 23584 V Apptimize: Apptimize: Logging metric for test 'Homes PDP USP config'.
03-11 08:31:23.881 12272 23584 D Apptimize: Apptimize: Test run count is 0; not incrementing metric.
03-11 08:31:23.881 12272 23584 V Apptimize: Apptimize: Logging metric for test 'Installment test a/b'.
03-11 08:31:23.881 12272 23584 D Apptimize: Apptimize: Test run count is 0; not incrementing metric.
03-11 08:31:23.881 12272 23584 V Apptimize: Apptimize: Logging metric for test '[PAYM] A/B Testing Copy Installment Fee Plan'.
03-11 08:31:23.881 12272 23584 D Apptimize: Apptimize: Test run count is 0; not incrementing metric.
03-11 08:31:23.882 12272 23584 V Apptimize: Apptimize: Logging metric for test '[DISC] NHA vertical image'.
03-11 08:31:23.882 12272 23584 D Apptimize: Apptimize: Test run count is 0; not incrementing metric.
03-11 08:31:23.882 12272 23584 V Apptimize: Apptimize: Logging metric for test '[DISC] TTD vertical icon'.
03-11 08:31:23.882 12272 23584 D Apptimize: Apptimize: Test run count is 0; not incrementing metric.
03-11 08:31:23.882 12272 23584 V Apptimize: Apptimize: Logging metric for test 'fallback-testing-ios-v2'.
03-11 08:31:23.882 12272 23584 D Apptimize: Apptimize: Test run count is 0; not incrementing metric.
03-11 08:31:23.882 12272 23584 V Apptimize: Apptimize: Logging metric for test '[HPEP] Use Dorado for Hotel Autocomplete v6'.
03-11 08:31:23.882 12272 23584 D Apptimize: Apptimize: Test run count is 0; not incrementing metric.
03-11 08:31:23.882 12272 23584 V Apptimize: Apptimize: Logging metric for test '[CAR] Review Booking Page Revamp'.
03-11 08:31:23.882 12272 23584 D Apptimize: Apptimize: Test run count is 0; not incrementing metric.
03-11 08:31:23.882 12272 23584 V Apptimize: Apptimize: Logging metric for test 'core-fallback-ios-v2'.
03-11 08:31:23.882 12272 23584 D Apptimize: Apptimize: Test run count is 0; not incrementing metric.
03-11 08:31:23.882 12272 23584 V Apptimize: Apptimize: Logging metric for test '[HPEP] Room group variants in Room List 4.0'.
03-11 08:31:23.882 12272 23584 D Apptimize: Apptimize: Test run count is 0; not incrementing metric.
03-11 08:31:23.882 12272 23584 V Apptimize: Apptimize: Logging metric for test '[HNHA] Sold Out Logic SRP'.
03-11 08:31:23.882 12272 23584 D Apptimize: Apptimize: Test run count is 0; not incrementing metric.
03-11 08:31:23.882 12272 23584 V Apptimize: Apptimize: Logging metric for test 'core-fallback-android-v2'.
03-11 08:31:23.882 12272 23584 D Apptimize: Apptimize: Test run count is 0; not incrementing metric.
03-11 08:31:23.882 12272 23584 V Apptimize: Apptimize: Logging metric for test '[TRA] Highlight Select Seat Button in Booking Form Page'.
03-11 08:31:23.882 12272 23584 D Apptimize: Apptimize: Test run count is 0; not incrementing metric.
03-11 08:31:23.882 12272 23584 V Apptimize: Apptimize: Logging metric for test 'fallback-testing-android-v2'.
03-11 08:31:23.882 12272 23584 D Apptimize: Apptimize: Test run count is 0; not incrementing metric.
03-11 08:31:23.882 12272 23584 V Apptimize: Apptimize: Logging metric for test '[DISC] Home Iteration'.
03-11 08:31:23.882 12272 23584 D Apptimize: Apptimize: Test run count is 0; not incrementing metric.
03-11 08:31:23.882 12272 23584 V Apptimize: Apptimize: Logging metric for test '[HPEP] SRP Ranking BE - Personalization'.
03-11 08:31:23.882 12272 23584 D Apptimize: Apptimize: Test run count is 0; not incrementing metric.
03-11 08:31:23.882 12272 23584 V Apptimize: Apptimize: Logging metric for test 'Homes PDP USP config'.
03-11 08:31:23.882 12272 23584 D Apptimize: Apptimize: Test run count is 0; not incrementing metric.
03-11 08:31:23.882 12272 23584 V Apptimize: Apptimize: Logging metric for test 'Installment test a/b'.
03-11 08:31:23.882 12272 23584 D Apptimize: Apptimize: Test run count is 0; not incrementing metric.
03-11 08:31:23.882 12272 23584 V Apptimize: Apptimize: Logging metric for test '[PAYM] A/B Testing Copy Installment Fee Plan'.
03-11 08:31:23.882 12272 23584 D Apptimize: Apptimize: Test run count is 0; not incrementing metric.
03-11 08:31:23.883 12272 23584 V Apptimize: Apptimize: Logging metric for test '[DISC] NHA vertical image'.
03-11 08:31:23.883 12272 23584 D Apptimize: Apptimize: Test run count is 0; not incrementing metric.
03-11 08:31:23.883 22547 23251 I appium  : channel read invoked!
03-11 08:31:23.883 22547 23251 I appium  : channel read: GET /wd/hub/session/a98ff386-6f5b-4019-89af-d2bc1cef83c9/element/b3689c7a-c825-4e70-81dc-c1868a8f4c08/attribute/displayed
03-11 08:31:23.883 12272 23584 V Apptimize: Apptimize: Logging metric for test '[DISC] TTD vertical icon'.
03-11 08:31:23.884 22547 23251 I appium  : get attribute of element command
03-11 08:31:23.884 12272 23584 D Apptimize: Apptimize: Test run count is 0; not incrementing metric.
03-11 08:31:23.884 12272 23953 V Apptimize: Apptimize: Allocated to variant model_i of experiment [HPEP] Use Dorado for Hotel Autocomplete v6
03-11 08:31:23.884 12272 23584 V Apptimize: Apptimize: Logging metric for test 'fallback-testing-ios-v2'.
03-11 08:31:23.884 12272 23584 D Apptimize: Apptimize: Test run count is 0; not incrementing metric.
03-11 08:31:23.884 12272 23584 V Apptimize: Apptimize: Logging metric for test '[HPEP] Use Dorado for Hotel Autocomplete v6'.
03-11 08:31:23.884 12272 23584 D Apptimize: Apptimize: Test run count is 0; not incrementing metric.
03-11 08:31:23.884 12272 23584 V Apptimize: Apptimize: Logging metric for test '[CAR] Review Booking Page Revamp'.
03-11 08:31:23.884 12272 23584 D Apptimize: Apptimize: Test run count is 0; not incrementing metric.
03-11 08:31:23.884 12272 23584 V Apptimize: Apptimize: Logging metric for test 'core-fallback-ios-v2'.
03-11 08:31:23.884 12272 23584 D Apptimize: Apptimize: Test run count is 0; not incrementing metric.
03-11 08:31:23.884 12272 23953 V Apptimize: Apptimize: Filter requests an unsupplied prefixed attribute: ^e121539_1. Not Matching.
03-11 08:31:23.884 12272 23584 V Apptimize: Apptimize: Logging metric for test '[HPEP] Room group variants in Room List 4.0'.
03-11 08:31:23.884 12272 23584 D Apptimize: Apptimize: Test run count is 0; not incrementing metric.
03-11 08:31:23.885 12272 23584 V Apptimize: Apptimize: Logging metric for test '[HNHA] Sold Out Logic SRP'.
03-11 08:31:23.885 12272 23584 D Apptimize: Apptimize: Test run count is 0; not incrementing metric.
03-11 08:31:23.885 12272 23584 V Apptimize: Apptimize: Logging metric for test 'core-fallback-android-v2'.
03-11 08:31:23.885 12272 23584 D Apptimize: Apptimize: Test run count is 0; not incrementing metric.
03-11 08:31:23.885 12272 23584 V Apptimize: Apptimize: Logging metric for test '[TRA] Highlight Select Seat Button in Booking Form Page'.
03-11 08:31:23.885 12272 23584 D Apptimize: Apptimize: Test run count is 0; not incrementing metric.
03-11 08:31:23.885 12272 23584 V Apptimize: Apptimize: Logging metric for test 'fallback-testing-android-v2'.
03-11 08:31:23.885 12272 23584 D Apptimize: Apptimize: Test run count is 0; not incrementing metric.
03-11 08:31:23.885 12272 23584 V Apptimize: Apptimize: Logging metric for test '[DISC] Home Iteration'.
03-11 08:31:23.885 12272 23584 D Apptimize: Apptimize: Test run count is 0; not incrementing metric.
03-11 08:31:23.885 12272 23953 V Apptimize: Apptimize: Set Filter with operator "intersection" is comparing [] and [29010, 29108, 33206, 33207]
03-11 08:31:23.885 12272 23584 V Apptimize: Apptimize: Logging metric for test '[HPEP] SRP Ranking BE - Personalization'.
03-11 08:31:23.885 12272 23584 D Apptimize: Apptimize: Test run count is 0; not incrementing metric.
03-11 08:31:23.885 12272 23584 V Apptimize: Apptimize: Logging metric for test 'Homes PDP USP config'.
03-11 08:31:23.885 12272 23584 D Apptimize: Apptimize: Test run count is 0; not incrementing metric.
03-11 08:31:23.885 12272 23584 V Apptimize: Apptimize: Logging metric for test 'Installment test a/b'.
03-11 08:31:23.885 12272 23584 D Apptimize: Apptimize: Test run count is 0; not incrementing metric.
03-11 08:31:23.885 12272 23584 V Apptimize: Apptimize: Logging metric for test '[PAYM] A/B Testing Copy Installment Fee Plan'.
03-11 08:31:23.885 12272 23584 D Apptimize: Apptimize: Test run count is 0; not incrementing metric.
03-11 08:31:23.885 12272 23953 D Apptimize: Apptimize: Seed group: userId; experiment; 121539; generated seed: 4090984
03-11 08:31:23.885 12272 23953 V Apptimize: Apptimize: Allocated to variant original of experiment [TRA] Highlight Select Seat Button in Booking Form Page
03-11 08:31:23.886 12272 23953 V Apptimize: Apptimize: Filter requests an unsupplied prefixed attribute: ^e122323_1. Not Matching.
03-11 08:31:23.886  1227  9212 V WindowManager: Relayout Window{7f6db1b u0 com.tiket.gits.debug/com.tiket.gits.v2splash.SplashV2Activity}: viewVisibility=0 req=1080x2400
03-11 08:31:23.886 12272 23953 D Apptimize: Apptimize: Seed group: userId; experiment; 122323; generated seed: 947520143
03-11 08:31:23.886 12272 23953 V Apptimize: Apptimize: Allocated to variant Variant B of experiment [DISC] NHA vertical image
03-11 08:31:23.886 12272 23953 V Apptimize: Apptimize: Filter requests an unsupplied prefixed attribute: ^e122644_1. Not Matching.
03-11 08:31:23.886 12272 23584 V Apptimize: Apptimize: Logging metric for test '[DISC] NHA vertical image'.
03-11 08:31:23.887 12272 23584 D Apptimize: Apptimize: Test run count is 0; not incrementing metric.
03-11 08:31:23.887 12272 23584 V Apptimize: Apptimize: Logging metric for test '[DISC] TTD vertical icon'.
03-11 08:31:23.887 12272 23584 D Apptimize: Apptimize: Test run count is 0; not incrementing metric.
03-11 08:31:23.887 12272 23584 V Apptimize: Apptimize: Logging metric for test 'fallback-testing-ios-v2'.
03-11 08:31:23.887 12272 23584 D Apptimize: Apptimize: Test run count is 0; not incrementing metric.
03-11 08:31:23.887 12272 23584 V Apptimize: Apptimize: Logging metric for test '[HPEP] Use Dorado for Hotel Autocomplete v6'.
03-11 08:31:23.887 12272 23584 D Apptimize: Apptimize: Test run count is 0; not incrementing metric.
03-11 08:31:23.887 12272 23584 V Apptimize: Apptimize: Logging metric for test '[CAR] Review Booking Page Revamp'.
03-11 08:31:23.887 12272 23584 D Apptimize: Apptimize: Test run count is 0; not incrementing metric.
03-11 08:31:23.887 12272 23584 V Apptimize: Apptimize: Logging metric for test 'core-fallback-ios-v2'.
03-11 08:31:23.887 12272 23584 D Apptimize: Apptimize: Test run count is 0; not incrementing metric.
03-11 08:31:23.887 12272 23584 V Apptimize: Apptimize: Logging metric for test '[HPEP] Room group variants in Room List 4.0'.
03-11 08:31:23.887 12272 23584 D Apptimize: Apptimize: Test run count is 0; not incrementing metric.
03-11 08:31:23.887 12272 23584 V Apptimize: Apptimize: Logging metric for test '[HNHA] Sold Out Logic SRP'.
03-11 08:31:23.887 12272 23584 D Apptimize: Apptimize: Test run count is 0; not incrementing metric.
03-11 08:31:23.887 12272 23584 V Apptimize: Apptimize: Logging metric for test 'core-fallback-android-v2'.
03-11 08:31:23.887 12272 23584 D Apptimize: Apptimize: Test run count is 0; not incrementing metric.
03-11 08:31:23.887 12272 23584 V Apptimize: Apptimize: Logging metric for test '[TRA] Highlight Select Seat Button in Booking Form Page'.
03-11 08:31:23.887 12272 23584 D Apptimize: Apptimize: Test run count is 0; not incrementing metric.
03-11 08:31:23.887 12272 23953 V Apptimize: Apptimize: Set Filter with operator "intersection" is comparing [] and [29010, 34068]
03-11 08:31:23.887 12272 23584 V Apptimize: Apptimize: Logging metric for test 'fallback-testing-android-v2'.
03-11 08:31:23.887 12272 23584 D Apptimize: Apptimize: Test run count is 0; not incrementing metric.
03-11 08:31:23.888 12272 23584 V Apptimize: Apptimize: Logging metric for test '[DISC] Home Iteration'.
03-11 08:31:23.888 12272 23584 D Apptimize: Apptimize: Test run count is 0; not incrementing metric.
03-11 08:31:23.888 12272 23584 V Apptimize: Apptimize: Logging metric for test '[HPEP] SRP Ranking BE - Personalization'.
03-11 08:31:23.888 12272 23584 D Apptimize: Apptimize: Test run count is 0; not incrementing metric.
03-11 08:31:23.888 12272 23953 D Apptimize: Apptimize: Seed group: userId; experiment; 122644; generated seed: 670062704
03-11 08:31:23.888 12272 23953 V Apptimize: Apptimize: Allocated to variant Variant B of experiment [CAR] Review Booking Page Revamp
03-11 08:31:23.888 12272 23584 V Apptimize: Apptimize: Logging metric for test 'Homes PDP USP config'.
03-11 08:31:23.888 12272 23584 D Apptimize: Apptimize: Test run count is 0; not incrementing metric.
03-11 08:31:23.888 12272 23953 V Apptimize: Apptimize: Filter requests an unsupplied prefixed attribute: ^e122646_2. Not Matching.
03-11 08:31:23.888 12272 23584 V Apptimize: Apptimize: Logging metric for test 'Installment test a/b'.
03-11 08:31:23.888  1227  1365 D SurfaceControl: hide : mNativeObject = -5476376619102970624 - sc.mNativeObject = -5476376619639724304 - Surface(name=Input Consumer recents_animation_input_consumer)/@0x75c2a7f
03-11 08:31:23.888 12272 23584 D Apptimize: Apptimize: Test run count is 0; not incrementing metric.
03-11 08:31:23.888  1227  1365 D SurfaceControl: nativeSetFlags Done : Surface(name=Input Consumer recents_animation_input_consumer)/@0x75c2a7f
03-11 08:31:23.888 12272 23584 V Apptimize: Apptimize: Logging metric for test '[PAYM] A/B Testing Copy Installment Fee Plan'.
03-11 08:31:23.888 12272 23584 D Apptimize: Apptimize: Test run count is 0; not incrementing metric.
03-11 08:31:23.888 12272 23953 D Apptimize: Apptimize: Seed group: userId; experiment; 122646; 2; generated seed: 1071080577
03-11 08:31:23.888 12272 23953 V Apptimize: Apptimize: Allocated to variant original (V4.0 of experiment [HPEP] Room group variants in Room List 4.0
03-11 08:31:23.888 12272 23584 V Apptimize: Apptimize: Logging metric for test '[DISC] NHA vertical image'.
03-11 08:31:23.888 12272 23584 D Apptimize: Apptimize: Test run count is 0; not incrementing metric.
03-11 08:31:23.888 12272 23953 V Apptimize: Apptimize: Filter requests an unsupplied prefixed attribute: ^e122327_2. Not Matching.
03-11 08:31:23.888 12272 23584 V Apptimize: Apptimize: Logging metric for test '[DISC] TTD vertical icon'.
03-11 08:31:23.888 12272 23584 D Apptimize: Apptimize: Test run count is 0; not incrementing metric.
03-11 08:31:23.888 12272 23584 V Apptimize: Apptimize: Logging metric for test 'fallback-testing-ios-v2'.
03-11 08:31:23.888 12272 23584 D Apptimize: Apptimize: Test run count is 0; not incrementing metric.
03-11 08:31:23.889 12272 23584 V Apptimize: Apptimize: Logging metric for test '[HPEP] Use Dorado for Hotel Autocomplete v6'.
03-11 08:31:23.889 12272 23584 D Apptimize: Apptimize: Test run count is 0; not incrementing metric.
03-11 08:31:23.889 12272 23953 V Apptimize: Apptimize: Set Filter with operator "intersection" is comparing [] and [33758, 33756, 33757]
03-11 08:31:23.889 12272 23584 V Apptimize: Apptimize: Logging metric for test '[CAR] Review Booking Page Revamp'.
03-11 08:31:23.889 12272 23584 D Apptimize: Apptimize: Test run count is 0; not incrementing metric.
03-11 08:31:23.889 12272 23584 V Apptimize: Apptimize: Logging metric for test 'core-fallback-ios-v2'.
03-11 08:31:23.889 12272 23584 D Apptimize: Apptimize: Test run count is 0; not incrementing metric.
03-11 08:31:23.889 12272 23584 V Apptimize: Apptimize: Logging metric for test '[HPEP] Room group variants in Room List 4.0'.
03-11 08:31:23.889 12272 23584 D Apptimize: Apptimize: Test run count is 0; not incrementing metric.
03-11 08:31:23.889 12272 23584 V Apptimize: Apptimize: Logging metric for test '[HNHA] Sold Out Logic SRP'.
03-11 08:31:23.889 12272 23584 D Apptimize: Apptimize: Test run count is 0; not incrementing metric.
03-11 08:31:23.889 12272 23584 V Apptimize: Apptimize: Logging metric for test 'core-fallback-android-v2'.
03-11 08:31:23.889 12272 23953 D Apptimize: Apptimize: Seed group: userId; experiment; 122327; 2; generated seed: 1049643331
03-11 08:31:23.889 12272 23584 D Apptimize: Apptimize: Test run count is 0; not incrementing metric.
03-11 08:31:23.889  1227  9212 V WindowManager: Relayout hash=7f6db1b, pid=12272: mAttrs={(0,0)(fillxfill) sim={adjust=resize forwardNavigation} ty=BASE_APPLICATION
03-11 08:31:23.889  1227  9212 V WindowManager:   fl=81810100
03-11 08:31:23.889  1227  9212 V WindowManager:   pfl=12020000
03-11 08:31:23.889  1227  9212 V WindowManager:   vsysui=500
03-11 08:31:23.889  1227  9212 V WindowManager:   apr=LIGHT_NAVIGATION_BARS
03-11 08:31:23.889  1227  9212 V WindowManager:   fitSides= naviIconColor=0
03-11 08:31:23.889  1227  9212 V WindowManager:   sfl=100000}
03-11 08:31:23.889 12272 23953 V Apptimize: Apptimize: Filter requests an unsupplied prefixed attribute: ^e122688_2. Not Matching.
03-11 08:31:23.889  1227  9212 I SurfaceControl: release : mNativeObject = -5476376619639667184 - Surface(name=com.tiket.gits.debug/com.tiket.gits.v2splash.SplashV2Activity$_12272)/@0x886fa9f / android.view.SurfaceControl.writeToParcel:1136 android.view.IWindowSession$Stub.onTransact:910 com.android.server.wm.Session.onTransact:143 android.os.Binder.execTransactInternal:1190
03-11 08:31:23.889  1227  9212 I SurfaceControl: nativeRelease nativeObject s[-5476376619639667184]
03-11 08:31:23.889  1227  9212 I SurfaceControl: nativeRelease nativeObject e[-5476376619639667184]
03-11 08:31:23.889 12272 23584 V Apptimize: Apptimize: Logging metric for test '[TRA] Highlight Select Seat Button in Booking Form Page'.
03-11 08:31:23.889 12272 23584 D Apptimize: Apptimize: Test run count is 0; not incrementing metric.
03-11 08:31:23.889 12272 23584 V Apptimize: Apptimize: Logging metric for test 'fallback-testing-android-v2'.
03-11 08:31:23.889 12272 23584 D Apptimize: Apptimize: Test run count is 0; not incrementing metric.
03-11 08:31:23.889 12272 23584 V Apptimize: Apptimize: Logging metric for test '[DISC] Home Iteration'.
03-11 08:31:23.889 12272 23584 D Apptimize: Apptimize: Test run count is 0; not incrementing metric.
03-11 08:31:23.889 12272 23584 V Apptimize: Apptimize: Logging metric for test '[HPEP] SRP Ranking BE - Personalization'.
03-11 08:31:23.889 12272 23953 D Apptimize: Apptimize: Seed group: userId; experiment; 122688; 2; generated seed: 428438892
03-11 08:31:23.890 12272 23953 V Apptimize: Apptimize: Filter requests an unsupplied prefixed attribute: ^e122732_2. Not Matching.
03-11 08:31:23.890 12272 23953 V Apptimize: Apptimize: Set Filter with operator "intersection" is comparing [] and [33819]
03-11 08:31:23.890 12272 23953 D Apptimize: Apptimize: Seed group: userId; experiment; 122732; 2; generated seed: 548608478
03-11 08:31:23.890 12272 23953 V Apptimize: Apptimize: Allocated to variant Variant B of experiment [DISC] Home Iteration
03-11 08:31:23.890 12272 23953 V Apptimize: Apptimize: Filter requests an unsupplied prefixed attribute: ^e122743_1. Not Matching.
03-11 08:31:23.891 12272 23953 V Apptimize: Apptimize: Set Filter with operator "intersection" is comparing [] and [33743]
03-11 08:31:23.891 12272 23953 D Apptimize: Apptimize: Seed group: userId; experiment; 122743; generated seed: 681559175
03-11 08:31:23.891 12272 23953 V Apptimize: Apptimize: Allocated to variant Variant D of experiment Installment test a/b
03-11 08:31:23.891 12272 23584 D Apptimize: Apptimize: Test run count is 0; not incrementing metric.
03-11 08:31:23.891 12272 23584 V Apptimize: Apptimize: Logging metric for test 'Homes PDP USP config'.
03-11 08:31:23.891 12272 23584 D Apptimize: Apptimize: Test run count is 0; not incrementing metric.
03-11 08:31:23.891 12272 23584 V Apptimize: Apptimize: Logging metric for test 'Installment test a/b'.
03-11 08:31:23.891 12272 23584 D Apptimize: Apptimize: Test run count is 0; not incrementing metric.
03-11 08:31:23.891 12272 23584 V Apptimize: Apptimize: Logging metric for test '[PAYM] A/B Testing Copy Installment Fee Plan'.
03-11 08:31:23.891 12272 23584 D Apptimize: Apptimize: Test run count is 0; not incrementing metric.
03-11 08:31:23.895 12272 23584 V Apptimize: Apptimize: Logging metric for test '[DISC] NHA vertical image'.
03-11 08:31:23.895 12272 23584 D Apptimize: Apptimize: Test run count is 0; not incrementing metric.
03-11 08:31:23.895 16992 16992 I wpa_supplicant: Heartbeat 1023
03-11 08:31:23.895 12272 23953 V Apptimize: Apptimize: Filter requests an unsupplied prefixed attribute: ^e122777_1. Not Matching.
03-11 08:31:23.895 12272 23584 V Apptimize: Apptimize: Logging metric for test '[DISC] TTD vertical icon'.
03-11 08:31:23.895 12272 23584 D Apptimize: Apptimize: Test run count is 0; not incrementing metric.
03-11 08:31:23.895 12272 23584 V Apptimize: Apptimize: Logging metric for test 'fallback-testing-ios-v2'.
03-11 08:31:23.895 12272 23584 D Apptimize: Apptimize: Test run count is 0; not incrementing metric.
03-11 08:31:23.895 12272 23584 V Apptimize: Apptimize: Logging metric for test '[HPEP] Use Dorado for Hotel Autocomplete v6'.
03-11 08:31:23.895 12272 23584 D Apptimize: Apptimize: Test run count is 0; not incrementing metric.
03-11 08:31:23.895 12272 23584 V Apptimize: Apptimize: Logging metric for test '[CAR] Review Booking Page Revamp'.
03-11 08:31:23.895 12272 23584 D Apptimize: Apptimize: Test run count is 0; not incrementing metric.
03-11 08:31:23.895 12272 23584 V Apptimize: Apptimize: Logging metric for test 'core-fallback-ios-v2'.
03-11 08:31:23.895 12272 23584 D Apptimize: Apptimize: Test run count is 0; not incrementing metric.
03-11 08:31:23.895 12272 23953 V Apptimize: Apptimize: Set Filter with operator "intersection" is comparing [] and [33761, 33760, 33759]
03-11 08:31:23.895 12272 23584 V Apptimize: Apptimize: Logging metric for test '[HPEP] Room group variants in Room List 4.0'.
03-11 08:31:23.895 12272 23584 D Apptimize: Apptimize: Test run count is 0; not incrementing metric.
03-11 08:31:23.896 12272 23584 V Apptimize: Apptimize: Logging metric for test '[HNHA] Sold Out Logic SRP'.
03-11 08:31:23.896 12272 23584 D Apptimize: Apptimize: Test run count is 0; not incrementing metric.
03-11 08:31:23.896 12272 23584 V Apptimize: Apptimize: Logging metric for test 'core-fallback-android-v2'.
03-11 08:31:23.896 12272 23584 D Apptimize: Apptimize: Test run count is 0; not incrementing metric.
03-11 08:31:23.896 12272 23584 V Apptimize: Apptimize: Logging metric for test '[TRA] Highlight Select Seat Button in Booking Form Page'.
03-11 08:31:23.896 12272 23584 D Apptimize: Apptimize: Test run count is 0; not incrementing metric.
03-11 08:31:23.896 12272 23584 V Apptimize: Apptimize: Logging metric for test 'fallback-testing-android-v2'.
03-11 08:31:23.896 12272 23584 D Apptimize: Apptimize: Test run count is 0; not incrementing metric.
03-11 08:31:23.896 12272 12272 I SurfaceControl: release : mNativeObject = -5476376619639917280 - Surface(name=com.tiket.gits.debug/com.tiket.gits.v2splash.SplashV2Activity$_12272)/@0x72069ff / android.view.SurfaceControl.assignNativeObject:567 android.view.SurfaceControl.readFromParcel:1115 android.view.IWindowSession$Stub$Proxy.relayout:1777 android.view.ViewRootImpl.relayoutWindow:8827
03-11 08:31:23.896 12272 12272 I SurfaceControl: nativeRelease nativeObject s[-5476376619639917280]
03-11 08:31:23.896 12272 12272 I SurfaceControl: nativeRelease nativeObject e[-5476376619639917280]
03-11 08:31:23.896 12272 23584 V Apptimize: Apptimize: Logging metric for test '[DISC] Home Iteration'.
03-11 08:31:23.896 12272 23953 D Apptimize: Apptimize: Seed group: userId; experiment; 122777; generated seed: 841541421
03-11 08:31:23.896 12272 23584 D Apptimize: Apptimize: Test run count is 0; not incrementing metric.
03-11 08:31:23.896 12272 23584 V Apptimize: Apptimize: Logging metric for test '[HPEP] SRP Ranking BE - Personalization'.
03-11 08:31:23.896 12272 23584 D Apptimize: Apptimize: Test run count is 0; not incrementing metric.
03-11 08:31:23.896 12272 23584 V Apptimize: Apptimize: Logging metric for test 'Homes PDP USP config'.
03-11 08:31:23.896 12272 23584 D Apptimize: Apptimize: Test run count is 0; not incrementing metric.
03-11 08:31:23.896 12272 23584 V Apptimize: Apptimize: Logging metric for test 'Installment test a/b'.
03-11 08:31:23.896 12272 23584 D Apptimize: Apptimize: Test run count is 0; not incrementing metric.
03-11 08:31:23.896 12272 23584 V Apptimize: Apptimize: Logging metric for test '[PAYM] A/B Testing Copy Installment Fee Plan'.
03-11 08:31:23.896 12272 23584 D Apptimize: Apptimize: Test run count is 0; not incrementing metric.
03-11 08:31:23.896 12272 23953 V Apptimize: Apptimize: Allocated to variant Variant C of experiment [PAYM] A/B Testing Copy Installment Fee Plan
03-11 08:31:23.896 12272 23953 V Apptimize: Apptimize: Filter requests an unsupplied prefixed attribute: ^e123292_4. Not Matching.
03-11 08:31:23.896 12272 12272 I SurfaceControl: assignNativeObject: nativeObject = 0 Surface(name=null)/@0xb966b61 / android.view.SurfaceControl.readFromParcel:1115 android.view.IWindowSession$Stub$Proxy.relayout:1787 android.view.ViewRootImpl.relayoutWindow:8827 android.view.ViewRootImpl.performTraversals:3245 android.view.ViewRootImpl.doTraversal:2508 android.view.ViewRootImpl$TraversalRunnable.run:9784 android.view.Choreographer$CallbackRecord.run:1010 android.view.Choreographer.doCallbacks:809 android.view.Choreographer.doFrame:744 android.view.Choreographer$FrameDisplayEventReceiver.run:995
03-11 08:31:23.897 12272 23953 D Apptimize: Apptimize: Seed group: userId; experiment; 123292; 4; generated seed: 842062643
03-11 08:31:23.897 12272 23584 V Apptimize: Apptimize: Logging metric for test '[DISC] NHA vertical image'.
03-11 08:31:23.897 12272 23584 D Apptimize: Apptimize: Test run count is 0; not incrementing metric.
03-11 08:31:23.897 12272 23584 V Apptimize: Apptimize: Logging metric for test '[DISC] TTD vertical icon'.
03-11 08:31:23.897 12272 23584 D Apptimize: Apptimize: Test run count is 0; not incrementing metric.
03-11 08:31:23.897 12272 23584 V Apptimize: Apptimize: Logging metric for test 'fallback-testing-ios-v2'.
03-11 08:31:23.897 12272 23584 D Apptimize: Apptimize: Test run count is 0; not incrementing metric.
03-11 08:31:23.897 12272 23584 V Apptimize: Apptimize: Logging metric for test '[HPEP] Use Dorado for Hotel Autocomplete v6'.
03-11 08:31:23.897 12272 23584 D Apptimize: Apptimize: Test run count is 0; not incrementing metric.
03-11 08:31:23.897 12272 23584 V Apptimize: Apptimize: Logging metric for test '[CAR] Review Booking Page Revamp'.
03-11 08:31:23.897 12272 23953 V Apptimize: Apptimize: Allocated to variant fxcity of experiment [HPEP] SRP Ranking BE - Personalization
03-11 08:31:23.897 12272 23584 D Apptimize: Apptimize: Test run count is 0; not incrementing metric.
03-11 08:31:23.897 12272 23584 V Apptimize: Apptimize: Logging metric for test 'core-fallback-ios-v2'.
03-11 08:31:23.897 12272 23584 D Apptimize: Apptimize: Test run count is 0; not incrementing metric.
03-11 08:31:23.897 12272 23584 V Apptimize: Apptimize: Logging metric for test '[HPEP] Room group variants in Room List 4.0'.
03-11 08:31:23.897 12272 23953 V Apptimize: Apptimize: Filter requests an unsupplied prefixed attribute: ^e123386_1. Not Matching.
03-11 08:31:23.897 12272 23584 D Apptimize: Apptimize: Test run count is 0; not incrementing metric.
03-11 08:31:23.897 12272 23584 V Apptimize: Apptimize: Logging metric for test '[HNHA] Sold Out Logic SRP'.
03-11 08:31:23.897 12272 23953 D Apptimize: Apptimize: Seed group: userId; experiment; 123386; generated seed: 881436467
03-11 08:31:23.897 12272 23584 D Apptimize: Apptimize: Test run count is 0; not incrementing metric.
03-11 08:31:23.897 12272 23584 V Apptimize: Apptimize: Logging metric for test 'core-fallback-android-v2'.
03-11 08:31:23.897 12272 23584 D Apptimize: Apptimize: Test run count is 0; not incrementing metric.
03-11 08:31:23.897 12272 23584 V Apptimize: Apptimize: Logging metric for test '[TRA] Highlight Select Seat Button in Booking Form Page'.
03-11 08:31:23.897 12272 23584 D Apptimize: Apptimize: Test run count is 0; not incrementing metric.
03-11 08:31:23.897 12272 23584 V Apptimize: Apptimize: Logging metric for test 'fallback-testing-android-v2'.
03-11 08:31:23.897 12272 23584 D Apptimize: Apptimize: Test run count is 0; not incrementing metric.
03-11 08:31:23.897 12272 23584 V Apptimize: Apptimize: Logging metric for test '[DISC] Home Iteration'.
03-11 08:31:23.897 12272 23584 D Apptimize: Apptimize: Test run count is 0; not incrementing metric.
03-11 08:31:23.897 12272 23584 V Apptimize: Apptimize: Logging metric for test '[HPEP] SRP Ranking BE - Personalization'.
03-11 08:31:23.897 12272 23584 D Apptimize: Apptimize: Test run count is 0; not incrementing metric.
03-11 08:31:23.898 12272 23953 V Apptimize: Apptimize: Allocated to variant Variant C of experiment fallback-testing-android-v2
03-11 08:31:23.898 12272 23584 V Apptimize: Apptimize: Logging metric for test 'Homes PDP USP config'.
03-11 08:31:23.898 12272 23584 D Apptimize: Apptimize: Test run count is 0; not incrementing metric.
03-11 08:31:23.898 12272 23584 V Apptimize: Apptimize: Logging metric for test 'Installment test a/b'.
03-11 08:31:23.898 12272 23584 D Apptimize: Apptimize: Test run count is 0; not incrementing metric.
03-11 08:31:23.898 12272 23584 V Apptimize: Apptimize: Logging metric for test '[PAYM] A/B Testing Copy Installment Fee Plan'.
03-11 08:31:23.898 12272 23584 D Apptimize: Apptimize: Test run count is 0; not incrementing metric.
03-11 08:31:23.898 12272 23953 V Apptimize: Apptimize: Filter requests an unsupplied prefixed attribute: ^e123387_1. Not Matching.
03-11 08:31:23.898 12272 23953 D Apptimize: Apptimize: Seed group: userId; experiment; 123387; generated seed: 950266552
03-11 08:31:23.898 12272 12272 I ViewRootImpl@857e548[SplashV2Activity]: Relayout returned: old=(0,0,1080,2400) new=(0,0,1080,2400) req=(1080,2400)0 dur=11 res=0x1 s={true -5476376614808028448} ch=false fn=63
03-11 08:31:23.898 12272 23953 V Apptimize: Apptimize: Allocated to variant Variant C of experiment fallback-testing-ios-v2
03-11 08:31:23.898 12272 23953 V Apptimize: Apptimize: Filter requests an unsupplied prefixed attribute: ^e123388_1. Not Matching.
03-11 08:31:23.898 12272 23584 V Apptimize: Apptimize: Logging metric for test '[DISC] NHA vertical image'.
03-11 08:31:23.898 12272 23953 D Apptimize: Apptimize: Seed group: userId; experiment; 123388; generated seed: 274242678
03-11 08:31:23.898 12272 23584 D Apptimize: Apptimize: Test run count is 0; not incrementing metric.
03-11 08:31:23.898 12272 23584 V Apptimize: Apptimize: Logging metric for test '[DISC] TTD vertical icon'.
03-11 08:31:23.898 12272 23584 D Apptimize: Apptimize: Test run count is 0; not incrementing metric.
03-11 08:31:23.899 12272 23584 V Apptimize: Apptimize: Logging metric for test 'fallback-testing-ios-v2'.
03-11 08:31:23.899 12272 23584 D Apptimize: Apptimize: Test run count is 0; not incrementing metric.
03-11 08:31:23.899 12272 23584 V Apptimize: Apptimize: Logging metric for test '[HPEP] Use Dorado for Hotel Autocomplete v6'.
03-11 08:31:23.899 12272 23584 D Apptimize: Apptimize: Test run count is 0; not incrementing metric.
03-11 08:31:23.899 12272 23953 V Apptimize: Apptimize: Allocated to variant Variant B of experiment core-fallback-android-v2
03-11 08:31:23.899 12272 23584 V Apptimize: Apptimize: Logging metric for test '[CAR] Review Booking Page Revamp'.
03-11 08:31:23.899 12272 23584 D Apptimize: Apptimize: Test run count is 0; not incrementing metric.
03-11 08:31:23.899 12272 23584 V Apptimize: Apptimize: Logging metric for test 'core-fallback-ios-v2'.
03-11 08:31:23.899 12272 23584 D Apptimize: Apptimize: Test run count is 0; not incrementing metric.
03-11 08:31:23.899 12272 23584 V Apptimize: Apptimize: Logging metric for test '[HPEP] Room group variants in Room List 4.0'.
03-11 08:31:23.899 12272 23584 D Apptimize: Apptimize: Test run count is 0; not incrementing metric.
03-11 08:31:23.899 12272 23953 V Apptimize: Apptimize: Filter requests an unsupplied prefixed attribute: ^e123389_1. Not Matching.
03-11 08:31:23.899 12272 23584 V Apptimize: Apptimize: Logging metric for test '[HNHA] Sold Out Logic SRP'.
03-11 08:31:23.899 12272 23584 D Apptimize: Apptimize: Test run count is 0; not incrementing metric.
03-11 08:31:23.899 12272 23584 V Apptimize: Apptimize: Logging metric for test 'core-fallback-android-v2'.
03-11 08:31:23.899 12272 23584 D Apptimize: Apptimize: Test run count is 0; not incrementing metric.
03-11 08:31:23.899 12272 23584 V Apptimize: Apptimize: Logging metric for test '[TRA] Highlight Select Seat Button in Booking Form Page'.
03-11 08:31:23.899 12272 23584 D Apptimize: Apptimize: Test run count is 0; not incrementing metric.
03-11 08:31:23.899 12272 23584 V Apptimize: Apptimize: Logging metric for test 'fallback-testing-android-v2'.
03-11 08:31:23.899 12272 23584 D Apptimize: Apptimize: Test run count is 0; not incrementing metric.
03-11 08:31:23.899 12272 23584 V Apptimize: Apptimize: Logging metric for test '[DISC] Home Iteration'.
03-11 08:31:23.899 12272 23584 D Apptimize: Apptimize: Test run count is 0; not incrementing metric.
03-11 08:31:23.899 12272 23584 V Apptimize: Apptimize: Logging metric for test '[HPEP] SRP Ranking BE - Personalization'.
03-11 08:31:23.899 12272 23584 D Apptimize: Apptimize: Test run count is 0; not incrementing metric.
03-11 08:31:23.899 12272 23584 V Apptimize: Apptimize: Logging metric for test 'Homes PDP USP config'.
03-11 08:31:23.899 12272 23953 D Apptimize: Apptimize: Seed group: userId; experiment; 123389; generated seed: 572458347
03-11 08:31:23.899 12272 23584 D Apptimize: Apptimize: Test run count is 0; not incrementing metric.
03-11 08:31:23.899 12272 23584 V Apptimize: Apptimize: Logging metric for test 'Installment test a/b'.
03-11 08:31:23.899 12272 23584 D Apptimize: Apptimize: Test run count is 0; not incrementing metric.
03-11 08:31:23.899 12272 23584 V Apptimize: Apptimize: Logging metric for test '[PAYM] A/B Testing Copy Installment Fee Plan'.
03-11 08:31:23.899 12272 23584 D Apptimize: Apptimize: Test run count is 0; not incrementing metric.
03-11 08:31:23.899 12272 23953 V Apptimize: Apptimize: Allocated to variant Variant C of experiment core-fallback-ios-v2
03-11 08:31:23.899 12272 23953 V Apptimize: Apptimize: Filter requests an unsupplied prefixed attribute: ^v2800771_2. Not Matching.
03-11 08:31:23.900 12272 23953 V Apptimize: Apptimize: Variant does not match filters: Experiment: [FGDC] Adding Promo Information on SRP; Variant: original
03-11 08:31:23.900 12272 23953 V Apptimize: Apptimize: Filter requests an unsupplied prefixed attribute: ^v2800781_2. Not Matching.
03-11 08:31:23.900 12272 23953 V Apptimize: Apptimize: Variant does not match filters: Experiment: [FGDC] Adding Promo Information on SRP; Variant: Variant B
03-11 08:31:23.900 12272 23584 V Apptimize: Apptimize: Logging metric for test '[DISC] NHA vertical image'.
03-11 08:31:23.900 12272 23584 D Apptimize: Apptimize: Test run count is 0; not incrementing metric.
03-11 08:31:23.900 12272 23953 V Apptimize: Apptimize: Filter requests an unsupplied prefixed attribute: ^v2821601_1. Not Matching.
03-11 08:31:23.900 12272 23584 V Apptimize: Apptimize: Logging metric for test '[DISC] TTD vertical icon'.
03-11 08:31:23.900 12272 23584 D Apptimize: Apptimize: Test run count is 0; not incrementing metric.
03-11 08:31:23.900 12272 23953 V Apptimize: Apptimize: Variant does not match filters: Experiment: [FGDC] CTA SRP to PDP + Refund n Reschedule; Variant: original
03-11 08:31:23.900 12272 23584 V Apptimize: Apptimize: Logging metric for test 'fallback-testing-ios-v2'.
03-11 08:31:23.900 12272 23584 D Apptimize: Apptimize: Test run count is 0; not incrementing metric.
03-11 08:31:23.900 12272 23953 V Apptimize: Apptimize: Filter requests an unsupplied prefixed attribute: ^v2821611_1. Not Matching.
03-11 08:31:23.900 12272 23584 V Apptimize: Apptimize: Logging metric for test '[HPEP] Use Dorado for Hotel Autocomplete v6'.
03-11 08:31:23.900 12272 23584 D Apptimize: Apptimize: Test run count is 0; not incrementing metric.
03-11 08:31:23.900 12272 23953 V Apptimize: Apptimize: Variant does not match filters: Experiment: [FGDC] CTA SRP to PDP + Refund n Reschedule; Variant: Variant B
03-11 08:31:23.900 12272 23584 V Apptimize: Apptimize: Logging metric for test '[CAR] Review Booking Page Revamp'.
03-11 08:31:23.900 12272 23584 D Apptimize: Apptimize: Test run count is 0; not incrementing metric.
03-11 08:31:23.900 12272 23584 V Apptimize: Apptimize: Logging metric for test 'core-fallback-ios-v2'.
03-11 08:31:23.900 12272 23953 V Apptimize: Apptimize: Filter requests an unsupplied prefixed attribute: ^v2821621_1. Not Matching.
03-11 08:31:23.900 12272 23584 D Apptimize: Apptimize: Test run count is 0; not incrementing metric.
03-11 08:31:23.900 12272 23584 V Apptimize: Apptimize: Logging metric for test '[HPEP] Room group variants in Room List 4.0'.
03-11 08:31:23.900 12272 23953 V Apptimize: Apptimize: Variant does not match filters: Experiment: [FGDC] CTA SRP to PDP + Refund n Reschedule; Variant: Variant C
03-11 08:31:23.900 12272 23584 D Apptimize: Apptimize: Test run count is 0; not incrementing metric.
03-11 08:31:23.900 12272 23584 V Apptimize: Apptimize: Logging metric for test '[HNHA] Sold Out Logic SRP'.
03-11 08:31:23.900 12272 23953 V Apptimize: Apptimize: Filter requests an unsupplied prefixed attribute: ^v2843331_2. Not Matching.
03-11 08:31:23.900 12272 23584 D Apptimize: Apptimize: Test run count is 0; not incrementing metric.
03-11 08:31:23.900 12272 23953 V Apptimize: Apptimize: Variant does not match filters: Experiment: [DISC] TTD vertical icon; Variant: original
03-11 08:31:23.900 12272 23584 V Apptimize: Apptimize: Logging metric for test 'core-fallback-android-v2'.
03-11 08:31:23.900 12272 23584 D Apptimize: Apptimize: Test run count is 0; not incrementing metric.
03-11 08:31:23.900 12272 23953 V Apptimize: Apptimize: Filter requests an unsupplied prefixed attribute: ^v2843341_2. Not Matching.
03-11 08:31:23.900 12272 23953 V Apptimize: Apptimize: Variant does not match filters: Experiment: [DISC] TTD vertical icon; Variant: Variant B
03-11 08:31:23.900 12272 23953 V Apptimize: Apptimize: Filter requests an unsupplied prefixed attribute: ^v2843351_2. Not Matching.
03-11 08:31:23.900 12272 23953 V Apptimize: Apptimize: Variant does not match filters: Experiment: [DISC] TTD vertical icon; Variant: Variant C
03-11 08:31:23.900 12272 23953 V Apptimize: Apptimize: Filter requests an unsupplied prefixed attribute: ^v2843361_2. Not Matching.
03-11 08:31:23.900 12272 23953 V Apptimize: Apptimize: Variant does not match filters: Experiment: [DISC] TTD vertical icon; Variant: Variant D
03-11 08:31:23.900 12272 23953 V Apptimize: Apptimize: Filter requests an unsupplied prefixed attribute: ^v2851631_3. Not Matching.
03-11 08:31:23.900 12272 23953 V Apptimize: Apptimize: Variant does not match filters: Experiment: [HPEP] Use Dorado for Hotel Autocomplete v6; Variant: original
03-11 08:31:23.900 12272 23953 V Apptimize: Apptimize: Filter requests an unsupplied prefixed attribute: ^v2851641_3. Not Matching.
03-11 08:31:23.900 12272 23953 V Apptimize: Apptimize: Variant does not match filters: Experiment: [HPEP] Use Dorado for Hotel Autocomplete v6; Variant: model_e
03-11 08:31:23.900 12272 23584 V Apptimize: Apptimize: Logging metric for test '[TRA] Highlight Select Seat Button in Booking Form Page'.
03-11 08:31:23.900 12272 23584 D Apptimize: Apptimize: Test run count is 0; not incrementing metric.
03-11 08:31:23.900 12272 23953 V Apptimize: Apptimize: Filter requests an unsupplied prefixed attribute: ^v2851651_3. Not Matching.
03-11 08:31:23.900 12272 23584 V Apptimize: Apptimize: Logging metric for test 'fallback-testing-android-v2'.
03-11 08:31:23.900 12272 23584 D Apptimize: Apptimize: Test run count is 0; not incrementing metric.
03-11 08:31:23.900 12272 23953 V Apptimize: Apptimize: Variant does not match filters: Experiment: [HPEP] Use Dorado for Hotel Autocomplete v6; Variant: model_d
03-11 08:31:23.900 12272 23584 V Apptimize: Apptimize: Logging metric for test '[DISC] Home Iteration'.
03-11 08:31:23.900 12272 23584 D Apptimize: Apptimize: Test run count is 0; not incrementing metric.
03-11 08:31:23.900 12272 23584 V Apptimize: Apptimize: Logging metric for test '[HPEP] SRP Ranking BE - Personalization'.
03-11 08:31:23.900 12272 23953 V Apptimize: Apptimize: Filter requests an unsupplied prefixed attribute: ^v2851661_3. Not Matching.
03-11 08:31:23.901 12272 23584 D Apptimize: Apptimize: Test run count is 0; not incrementing metric.
03-11 08:31:23.901 12272 23584 V Apptimize: Apptimize: Logging metric for test 'Homes PDP USP config'.
03-11 08:31:23.901 12272 23584 D Apptimize: Apptimize: Test run count is 0; not incrementing metric.
03-11 08:31:23.901 12272 23584 V Apptimize: Apptimize: Logging metric for test 'Installment test a/b'.
03-11 08:31:23.901 12272 23584 D Apptimize: Apptimize: Test run count is 0; not incrementing metric.
03-11 08:31:23.901 12272 23584 V Apptimize: Apptimize: Logging metric for test '[PAYM] A/B Testing Copy Installment Fee Plan'.
03-11 08:31:23.901 12272 23584 D Apptimize: Apptimize: Test run count is 0; not incrementing metric.
03-11 08:31:23.901 12272 23953 V Apptimize: Apptimize: Variant does not match filters: Experiment: [HPEP] Use Dorado for Hotel Autocomplete v6; Variant: dorado_model_f
03-11 08:31:23.901 12272 23953 V Apptimize: Apptimize: Filter requests an unsupplied prefixed attribute: ^v2851671_3. Not Matching.
03-11 08:31:23.901 12272 23584 V Apptimize: Apptimize: Logging metric for test '[DISC] NHA vertical image'.
03-11 08:31:23.901 12272 23953 V Apptimize: Apptimize: Variant does not match filters: Experiment: [HPEP] Use Dorado for Hotel Autocomplete v6; Variant: model_g
03-11 08:31:23.901 12272 23584 D Apptimize: Apptimize: Test run count is 0; not incrementing metric.
03-11 08:31:23.901 12272 23584 V Apptimize: Apptimize: Logging metric for test '[DISC] TTD vertical icon'.
03-11 08:31:23.901 12272 23584 D Apptimize: Apptimize: Test run count is 0; not incrementing metric.
03-11 08:31:23.901 12272 23584 V Apptimize: Apptimize: Logging metric for test 'fallback-testing-ios-v2'.
03-11 08:31:23.901 12272 23953 V Apptimize: Apptimize: Filter requests an unsupplied prefixed attribute: ^v2851681_3. Not Matching.
03-11 08:31:23.901 12272 23584 D Apptimize: Apptimize: Test run count is 0; not incrementing metric.
03-11 08:31:23.901 12272 23953 V Apptimize: Apptimize: Variant does not match filters: Experiment: [HPEP] Use Dorado for Hotel Autocomplete v6; Variant: model_i
03-11 08:31:23.901 12272 23584 V Apptimize: Apptimize: Logging metric for test '[HPEP] Use Dorado for Hotel Autocomplete v6'.
03-11 08:31:23.901 12272 23584 D Apptimize: Apptimize: Test run count is 0; not incrementing metric.
03-11 08:31:23.901 12272 23953 V Apptimize: Apptimize: Filter requests an unsupplied prefixed attribute: ^v2855711_1. Not Matching.
