03-14 06:25:37.467  1244  4194 V ActivityManager: Changed top to -1,null
03-14 06:25:37.467 11350 11350 I Process : Sending signal. PID: 11350 SIG: 9
03-14 06:25:37.468  1244  1291 D GameManagerService: notePauseComponent(), received paused-component: com.sec.android.app.launcher
03-14 06:25:37.471  1244  1292 I ViewRootImpl@547721e[gits]: [DP] pdf(0) 1 android.view.ViewRootImpl.performDraw:4682 android.view.ViewRootImpl.performTraversals:3743 android.view.ViewRootImpl.doTraversal:2508
03-14 06:25:37.471  1244  1292 I ViewRootImpl@547721e[gits]: [DP] rdf()
03-14 06:25:37.471  1244  1292 D WindowManager: finishDrawingWindow: Window{564eaff u0 Splash Screen com.tiket.gits} mDrawState=DRAW_PENDING
03-14 06:25:37.471 32148 32148 E com.tiket.gits: Not starting debugger since process cannot load the jdwp agent.
03-14 06:25:37.471  1244  1292 D SurfaceControl: hide : mNativeObject = -5476376644200405152 - sc.mNativeObject = -5476376644737141536 - Surface(name=Input Consumer recents_animation_input_consumer)/@0x730ecfe
03-14 06:25:37.471  1244  1292 D SurfaceControl: nativeSetFlags Done : Surface(name=Input Consumer recents_animation_input_consumer)/@0x730ecfe
03-14 06:25:37.472   896   962 I heimdall: memcg_create:254, mkdir /dev/memcg/com.tiket.gits done 187
03-14 06:25:37.472   896   962 I heimdall: memcg_create:260, immigrate set to 0 done.
03-14 06:25:37.472   896   962 I heimdall: memcg_create:297, register global_limiti_kill 620 for com.tiket.gits node 1 size 4294967296
03-14 06:25:37.472   896   964 I heimdall: insert_task_to_group:57, insert tgid 32148 to group com.tiket.gits, ret = 0
03-14 06:25:37.472  1244  1292 D WindowManager: performShow logReadyForDisplay  mToken.waitingToShow : true isTransitionSet : true
03-14 06:25:37.473  1244  1292 D SurfaceControl: hide : mNativeObject = -5476376644200405152 - sc.mNativeObject = -5476376644737141536 - Surface(name=Input Consumer recents_animation_input_consumer)/@0x730ecfe
03-14 06:25:37.473  1244  1292 D SurfaceControl: nativeSetFlags Done : Surface(name=Input Consumer recents_animation_input_consumer)/@0x730ecfe
03-14 06:25:37.474 32148 32148 D ActivityThread: setConscryptValidator
03-14 06:25:37.474 32148 32148 D ActivityThread: setConscryptValidator - put
03-14 06:25:37.475  1244  1318 I ActivityManager: Start proc 32148:com.tiket.gits/u0a320 for pre-top-activity {com.tiket.gits/com.tiket.gits.v2splash.SplashV2Activity}
03-14 06:25:37.479 28951 28951 I BadgeRenderer: Invalid count : 0
03-14 06:25:37.481  1244  3323 I ActivityManager: DSS OFF for com.tiket.gits
03-14 06:25:37.483  1244  3323 D ActivityManager: attachApplicationLocked() app=ProcessRecord{759cc6c 32148:com.tiket.gits/u0a320} app.isolatedEntryPoint=null instr2=null
03-14 06:25:37.484  1244  3323 V WindowManager: rotationForOrientation(orient=SCREEN_ORIENTATION_PORTRAIT (1), last=ROTATION_0 (0)); user=ROTATION_0 (0) USER_ROTATION_LOCKED
03-14 06:25:37.484  1244  3323 V WindowOrientationListener: getProposedRotation: 1
03-14 06:25:37.484  1244  3323 V WindowManager: Computed rotation=ROTATION_0 (0) for display id=0 based on lastOrientation=SCREEN_ORIENTATION_PORTRAIT (1) and oldRotation=ROTATION_0 (0), caller=com.android.server.wm.DisplayRotation.updateOrientation:389 com.android.server.wm.DisplayContent.updateOrientation:1692 com.android.server.wm.DisplayContent.updateOrientation:1621 com.android.server.wm.RootWindowContainer.ensureVisibilityAndConfig:2134 com.android.server.wm.ActivityStackSupervisor.realStartActivityLocked:924 com.android.server.wm.RootWindowContainer.startActivityForAttachedApplicationIfNeeded:2308
03-14 06:25:37.484  1244  3323 D TspStateManager: updateCustomValue customSetting=
03-14 06:25:37.484  1244  3323 D TspStateManager: updateCustomValue customSetting=
03-14 06:25:37.485  1244  3323 D PkgDataHelper: notifyAppCreate(), pkgName: com.tiket.gits, sendRet: true
03-14 06:25:37.485  1244  1482 D GameManagerService: onLooperPrepared(), msg: MSG_APP_CREATE, pkgName: com.tiket.gits
03-14 06:25:37.485  1244  3323 D InputDispatcher: Focused application set to (0): 108dc3c
03-14 06:25:37.485  1244  3323 D GameManagerService: TaskStackListener.onTaskFocusChanged(), taskId=107, focused=true
03-14 06:25:37.485  1244  1482 D GameManagerService: onLooperPrepared(), msg: MSG_TASK_FOCUSED, focusedComponent: ComponentInfo{com.tiket.gits/com.tiket.gits.v2splash.SplashV2Activity}
03-14 06:25:37.485  1244  1482 D GameManagerService: handleTaskFocused().
03-14 06:25:37.485  1244  1482 D GameManagerService:   handleTaskFocused(), pkgName: com.tiket.gits, clsName: com.tiket.gits.v2splash.SplashV2Activity, userID:0
03-14 06:25:37.485  1244  3323 D MARsPolicyManager: onPackageResumedFG pkgName = com.tiket.gits, userId = 0
03-14 06:25:37.485  1244  1482 D GameManagerService: handleResume().
03-14 06:25:37.485  1244  1482 D GameManagerService: sendFocusOutConditionally() - mPrevNotiPackage: (unknown)
03-14 06:25:37.485  1244  1482 D GameManagerService:   handleResume(). pkgName: com.tiket.gits, isTunableApp: null
03-14 06:25:37.485  1244  1482 D GameManagerService: notifyFocusInOut(). of pkg: com.tiket.gits, type: 4, isMinimized: false, isTunableApp: false
03-14 06:25:37.485  1244  1482 D GameManagerService:   notifyFocusInOut(). unexpected mPrevNotiType: -1
03-14 06:25:37.485  1244  1482 D GameManagerService:NetworkLimit: callRelease
03-14 06:25:37.486  1244  1482 D GM:SystemHelper: callReleaseBlock needReleaseBlock:false
03-14 06:25:37.486  1244  3323 W WindowManager: Execute app transition: mNextAppTransition=TRANSIT_TASK_OPEN, displayId: 0 Callers=com.android.server.wm.RootWindowContainer.executeAppTransitionForAllDisplay:2568 com.android.server.wm.ActivityStackSupervisor.reportResumedActivityLocked:2259 com.android.server.wm.ActivityRecord.completeResumeLocked:5668 com.android.server.wm.ActivityStack.minimalResumeActivityLocked:1159 com.android.server.wm.ActivityStackSupervisor.realStartActivityLocked:1153
03-14 06:25:37.486  1244  1292 D WindowManager: performShow logReadyForDisplay  mToken.waitingToShow : true isTransitionSet : true
03-14 06:25:37.487  1244  1292 V WindowManager: Setting visibility of Window{55414b7 u0 com.sec.android.app.launcher/com.sec.android.app.launcher.activities.LauncherActivity}: false, caller=com.android.server.wm.WindowContainer.sendAppVisibilityToClients:999 com.android.server.wm.ActivityRecord.setClientVisible:6349 com.android.server.wm.ActivityRecord.onAnimationFinished:7101 com.android.server.wm.ActivityRecord.postApplyAnimation:4966 com.android.server.wm.ActivityRecord.commitVisibility:4948
03-14 06:25:37.487 32148 32148 D ActivityThread: handleBindApplication()++ app=com.tiket.gits
03-14 06:25:37.488  1244  1292 V WindowManager: Updating vis of wallpaper Window{9b090aa u0 com.android.systemui.ImageWallpaper}: false from:
03-14 06:25:37.488  1244  1292 V WindowManager:   com.android.server.wm.WallpaperWindowToken.updateWallpaperWindows:169
03-14 06:25:37.488  1244  1292 V WindowManager:   com.android.server.wm.WallpaperController.updateWallpaperTokens:684
03-14 06:25:37.488  1244  1292 V WindowManager:   com.android.server.wm.WallpaperController.adjustWallpaperWindows:723
03-14 06:25:37.488  1244  1292 V WindowManager:   com.android.server.wm.DisplayContent.applySurfaceChangesTransaction:4801
03-14 06:25:37.488  1244  1292 I WindowManager: Cancelling animation restarting=true, leash=Surface(name=Surface(name=e4492df StatusBar)/@0xd7479f5 - animation-leash)/@0x4bde9e6
03-14 06:25:37.488  1244  9949 I SystemUiVisibilityPolicyController: handleMessage: entry what = 1
03-14 06:25:37.488  1244  1292 I WindowManager: Reparenting to original parent: Surface(name=WindowToken{57f4d7e android.os.BinderProxy@65c9f00})/@0x3ec38a, destroy=false, surface=Surface(name=e4492df StatusBar)/@0xd7479f5
03-14 06:25:37.488  1244  1292 I SurfaceControl: release : mNativeObject = -5476376644737256336 - Surface(name=Surface(name=e4492df StatusBar)/@0xd7479f5 - animation-leash)/@0x4bde9e6 / android.view.SurfaceControl$Transaction.remove:3421 com.android.server.wm.SurfaceAnimator.cancelAnimation:365 com.android.server.wm.SurfaceAnimator.startAnimation:161 com.android.server.wm.WindowContainer.startAnimation:2206
03-14 06:25:37.488  1244  1292 I SurfaceControl: nativeRelease nativeObject s[-5476376644737256336]
03-14 06:25:37.488  1244  1292 I SurfaceControl: nativeRelease nativeObject e[-5476376644737256336]
03-14 06:25:37.488  1244  1292 I WindowManager: Reparenting to leash, surface=Surface(name=e4492df StatusBar)/@0xd7479f5, leashParent=Surface(name=WindowToken{57f4d7e android.os.BinderProxy@65c9f00})/@0x3ec38a
03-14 06:25:37.489   894  1612 I SurfaceFlinger: id=767 createSurf (0x0),-1 flag=24000, Surface(name=e4492df StatusBar)/@0xd7479f5 - animation-leash#1
03-14 06:25:37.489 28951 29011 W PackageUpdatedTask: refreshSearchLayout return, operation is not matched
03-14 06:25:37.489  1244  1292 D WindowManager: makeSurface duration=1 leash=Surface(name=Surface(name=e4492df StatusBar)/@0xd7479f5 - animation-leash)/@0x7edd9da
03-14 06:25:37.489  1244  1292 I WindowManager: Cancelling animation restarting=true, leash=Surface(name=Surface(name=1242591 NavigationBar0)/@0x20ab8f7 - animation-leash)/@0x40161d4
03-14 06:25:37.489  1244  1292 I WindowManager: Reparenting to original parent: Surface(name=WindowToken{1ff93b8 android.os.BinderProxy@6fe82a})/@0x8f63364, destroy=false, surface=Surface(name=1242591 NavigationBar0)/@0x20ab8f7
03-14 06:25:37.489  1244  1292 I SurfaceControl: release : mNativeObject = -5476376644737119360 - Surface(name=Surface(name=1242591 NavigationBar0)/@0x20ab8f7 - animation-leash)/@0x40161d4 / android.view.SurfaceControl$Transaction.remove:3421 com.android.server.wm.SurfaceAnimator.cancelAnimation:365 com.android.server.wm.SurfaceAnimator.startAnimation:161 com.android.server.wm.WindowContainer.startAnimation:2206
03-14 06:25:37.489  1244  1292 I SurfaceControl: nativeRelease nativeObject s[-5476376644737119360]
03-14 06:25:37.489  1244  1292 I SurfaceControl: nativeRelease nativeObject e[-5476376644737119360]
03-14 06:25:37.489  1244  1292 I WindowManager: Reparenting to leash, surface=Surface(name=1242591 NavigationBar0)/@0x20ab8f7, leashParent=Surface(name=WindowToken{1ff93b8 android.os.BinderProxy@6fe82a})/@0x8f63364
03-14 06:25:37.489   894  1612 I SurfaceFlinger: id=768 createSurf (0x0),-1 flag=24000, Surface(name=1242591 NavigationBar0)/@0x20ab8f7 - animation-leash#0
03-14 06:25:37.489  1244  1292 D WindowManager: makeSurface duration=0 leash=Surface(name=Surface(name=1242591 NavigationBar0)/@0x20ab8f7 - animation-leash)/@0x1425e0b
03-14 06:25:37.490  1244  1292 D SurfaceControl: hide : mNativeObject = -5476376644197463664 - sc.mNativeObject = -5476376644737061344 - Surface(name=com.android.systemui.ImageWallpaper$_2523)/@0x308c214
03-14 06:25:37.490  1244  1292 D SurfaceControl: nativeSetFlags Done : Surface(name=com.android.systemui.ImageWallpaper$_2523)/@0x308c214
03-14 06:25:37.490  1244  1292 D SurfaceControl: hide : mNativeObject = -5476376644200474144 - sc.mNativeObject = -5476376644737297776 - Surface(name=ActivityRecord{c179b4f u0 com.sec.android.app.launcher/.activities.LauncherActivity t95})/@0x2f64fe5
03-14 06:25:37.490  1244  1292 D SurfaceControl: nativeSetFlags Done : Surface(name=ActivityRecord{c179b4f u0 com.sec.android.app.launcher/.activities.LauncherActivity t95})/@0x2f64fe5
03-14 06:25:37.490  1244  1292 D SurfaceControl: hide : mNativeObject = -5476376644198187200 - sc.mNativeObject = -5476376644737176704 - Surface(name=com.sec.android.app.launcher/com.sec.android.app.launcher.activities.LauncherActivity$_28951)/@0x96b94e8
03-14 06:25:37.490  1244  1292 D SurfaceControl: nativeSetFlags Done : Surface(name=com.sec.android.app.launcher/com.sec.android.app.launcher.activities.LauncherActivity$_28951)/@0x96b94e8
03-14 06:25:37.490  5258  5258 I TrayStateController: systemUiVisibilityChanged : 2 0
03-14 06:25:37.490   894   917 I Layer   : id=761 removeFromCurrentState Surface(name=1242591 NavigationBar0)/@0x20ab8f7 - animation-leash#1 (62)
03-14 06:25:37.490  2523  3766 D WallpaperService: dispatchAppVisibility onVisibilityChanged(): false
03-14 06:25:37.490   894   917 I Layer   : id=760 removeFromCurrentState Surface(name=e4492df StatusBar)/@0xd7479f5 - animation-leash#0 (62)
03-14 06:25:37.490  1244  1292 D SurfaceControl: hide : mNativeObject = -5476376644200405152 - sc.mNativeObject = -5476376644737141536 - Surface(name=Input Consumer recents_animation_input_consumer)/@0x730ecfe
03-14 06:25:37.490  1244  1292 D SurfaceControl: nativeSetFlags Done : Surface(name=Input Consumer recents_animation_input_consumer)/@0x730ecfe
03-14 06:25:37.491  1244  1291 V ActivityManager: Changed top to 10320,ProcessRecord{759cc6c 32148:com.tiket.gits/u0a320}
03-14 06:25:37.491  2523  2523 I ImageWallpaper:  onVisibilityChanged false
03-14 06:25:37.491  2523  2523 D WallpaperService: reportVisibility onVisibilityChanged visible: false
03-14 06:25:37.491  1244  1291 I AppOps  : updateUidProcState uid: 10320 procState: 2 capability:7
03-14 06:25:37.491  1244  1291 I AppOps  : commitUidPendingStateLocked() :: UID - 10320, 700 > 200, 0 > 7
03-14 06:25:37.493  1244  1289 D WindowManager: setDisableFlags: displayId=0, vis=0x8008, appearance=16, transientState=Pair{[I@c16523d [I@abdca32}, isFullscreen=false, isImmersive=false, barType=0, win=Window{564eaff u0 Splash Screen com.tiket.gits}
03-14 06:25:37.493  1244  9949 I SystemUiVisibilityPolicyController: handleMessage: entry what = 1
03-14 06:25:37.493  5258  5258 I TrayStateController: systemUiVisibilityChanged : 0 0
03-14 06:25:37.495  2523  2523 V Navbar.Store: handleEvent [EventType] GET_BOOL_USE_NAVBAR_BACKGROUND_FRAME [Module] NavigationBarTransitions  KEYS_DEFAULT=false
03-14 06:25:37.495  2523  2523 V Navbar.Store: --[Band]COLOR_PACK_GET_USE_NAVBAR_BACKGROUND_FRAME
03-14 06:25:37.495  2523  2523 V Navbar.Store: ----getValue(BOOL_NAVBAR_GESTURAL_MODE)=false
03-14 06:25:37.495  2523  2523 V Navbar.Store: ----getValue(BOOL_NAVBAR_OPAQUE)=false
03-14 06:25:37.496  1244  1292 D SurfaceControl: hide : mNativeObject = -5476376644200405152 - sc.mNativeObject = -5476376644737141536 - Surface(name=Input Consumer recents_animation_input_consumer)/@0x730ecfe
03-14 06:25:37.496  1244  1292 D SurfaceControl: nativeSetFlags Done : Surface(name=Input Consumer recents_animation_input_consumer)/@0x730ecfe
03-14 06:25:37.498   894   894 D SurfaceFlinger: Display 21442653864348033 HWC layers:
03-14 06:25:37.498   894   894 D SurfaceFlinger:      DEVICE | 0xb400007923b68890 | 0000 | RGBA_8888    |    0.0    0.0 1080.0 2400.0 |    0    0 1080 2400 | Splash Screen com.tiket.gits#0
03-14 06:25:37.498   894   894 D SurfaceFlinger:      DEVICE | 0xb400007923b76f90 | 0000 | RGBA_8888    |    0.0    0.0 1080.0   79.0 |    0    0 1080   79 | StatusBar$_2523#0
03-14 06:25:37.498   894   894 D SurfaceFlinger:      DEVICE | 0xb400007923b7a410 | 0000 | RGBA_8888    |    0.0    0.0   67.0  342.0 | 1013  458 1080  800 | com.samsung.android.app.cocktailbars[...]arservice.CocktailBarService$_5258#0
03-14 06:25:37.498   894   894 D SurfaceFlinger:      DEVICE | 0xb400007923b5af90 | 0000 | RGBA_8888    |    0.0    0.0 1080.0  144.0 |    0 2256 1080 2400 | NavigationBar0$_2523#0
03-14 06:25:37.498   894   894 D SurfaceFlinger:
03-14 06:25:37.499  2523  2523 D NavigationBar: onSystemBarAppearanceChanged() -  displayId:0, appearance:16 (APPEARANCE_LIGHT_NAVIGATION_BARS ), navbarColorManagedByIme:false
03-14 06:25:37.499  2523  2523 V Navbar.Store: handleEvent [EventType] GET_BOOL_REGION_SAMPLING_ENABLED [Module] LightBarController  KEYS_DEFAULT=false
03-14 06:25:37.499  2523  2523 V Navbar.Store: --[Band]COLOR_PACK_GET_REGION_SAMPLING_ENABLED
03-14 06:25:37.499  2523  2523 V Navbar.Store: ----getValue(BOOL_REGION_SAMPLING_ENABLED)=false
03-14 06:25:37.501   894   916 E BufferQueueProducer: [com.sec.android.app.launcher/com.sec.android.app.launcher.activities.LauncherActivity$_28951#0](id:37e00000065,api:0,p:-1,c:894) disconnect: not connected (req=1)
03-14 06:25:37.501 28951 29029 W libEGL  : EGLNativeWindowType 0xb40000760a3716b0 disconnect failed
03-14 06:25:37.502  1244  3683 V WindowManager: Relayout Window{55414b7 u0 com.sec.android.app.launcher/com.sec.android.app.launcher.activities.LauncherActivity}: viewVisibility=8 req=1080x2400
03-14 06:25:37.502 32148 32148 I com.tiket.gits: The ClassLoaderContext is a special shared library.
03-14 06:25:37.503  1244  3683 V WindowManager: Relayout hash=55414b7, pid=28951: mAttrs={(0,0)(fillxfill) sim={adjust=nothing} layoutInDisplayCutoutMode=shortEdges ty=BASE_APPLICATION fmt=TRANSPARENT wanim=0x10302f2
03-14 06:25:37.503  1244  3683 V WindowManager:   fl=81910100
03-14 06:25:37.503  1244  3683 V WindowManager:   pfl=16020000
03-14 06:25:37.503  1244  3683 V WindowManager:   vsysui=1700
03-14 06:25:37.503  1244  3683 V WindowManager:   bhv=SHOW_TRANSIENT_BARS_BY_SWIPE
03-14 06:25:37.503  1244  3683 V WindowManager:   fitSides= naviIconColor=0}
03-14 06:25:37.504 28951 28951 I SurfaceControl: release : mNativeObject = -5476376644737337648 - Surface(name=null)/@0x3f62d8a / android.view.SurfaceControl.assignNativeObject:567 android.view.SurfaceControl.readFromParcel:1115 android.view.IWindowSession$Stub$Proxy.relayout:1777 android.view.ViewRootImpl.relayoutWindow:8827
03-14 06:25:37.504 28951 28951 I SurfaceControl: nativeRelease nativeObject s[-5476376644737337648]
03-14 06:25:37.504 28951 28951 I SurfaceControl: nativeRelease nativeObject e[-5476376644737337648]
03-14 06:25:37.504 28951 28951 I SurfaceControl: assignNativeObject: nativeObject = 0 Surface(name=null)/@0x3f62d8a / android.view.SurfaceControl.readFromParcel:1115 android.view.IWindowSession$Stub$Proxy.relayout:1777 android.view.ViewRootImpl.relayoutWindow:8827 android.view.ViewRootImpl.performTraversals:3245 android.view.ViewRootImpl.doTraversal:2508 android.view.ViewRootImpl$TraversalRunnable.run:9784 android.view.Choreographer$CallbackRecord.run:1010 android.view.Choreographer.doCallbacks:809 android.view.Choreographer.doFrame:744 android.view.Choreographer$FrameDisplayEventReceiver.run:995
03-14 06:25:37.504 28951 28951 I SurfaceControl: assignNativeObject: nativeObject = 0 Surface(name=null)/@0xb463b6 / android.view.SurfaceControl.readFromParcel:1115 android.view.IWindowSession$Stub$Proxy.relayout:1787 android.view.ViewRootImpl.relayoutWindow:8827 android.view.ViewRootImpl.performTraversals:3245 android.view.ViewRootImpl.doTraversal:2508 android.view.ViewRootImpl$TraversalRunnable.run:9784 android.view.Choreographer$CallbackRecord.run:1010 android.view.Choreographer.doCallbacks:809 android.view.Choreographer.doFrame:744 android.view.Choreographer$FrameDisplayEventReceiver.run:995
03-14 06:25:37.504 28951 28951 I SurfaceControl: release : mNativeObject = -5476376644737381552 - Surface(name=Surface(name=dce8864 InputMethod)/@0x2e62f82 - animation-leash)/@0x4855ab6 / android.view.-$$Lambda$Rl1VZmNJ0VZDLK0BAbaVGis0rrA.accept:2 android.view.InsetsSourceControl.release:170 android.view.InsetsSourceConsumer.setControl:202 android.view.ImeInsetsSourceConsumer.setControl:154
03-14 06:25:37.504 28951 28951 I SurfaceControl: nativeRelease nativeObject s[-5476376644737381552]
03-14 06:25:37.504 28951 28951 I SurfaceControl: nativeRelease nativeObject e[-5476376644737381552]
03-14 06:25:37.504 28951 28951 I SurfaceControl: release : mNativeObject = -5476376644737389728 - Surface(name=Surface(name=1242591 NavigationBar0)/@0x20ab8f7 - animation-leash)/@0xd2f43b7 / android.view.-$$Lambda$Rl1VZmNJ0VZDLK0BAbaVGis0rrA.accept:2 android.view.InsetsSourceControl.release:170 android.view.InsetsSourceConsumer.setControl:202 android.view.InsetsController.onControlsChanged:833
03-14 06:25:37.504 28951 28951 I SurfaceControl: nativeRelease nativeObject s[-5476376644737389728]
03-14 06:25:37.504 28951 28951 I SurfaceControl: nativeRelease nativeObject e[-5476376644737389728]
03-14 06:25:37.504 28951 28951 I SurfaceControl: release : mNativeObject = -5476376644737356800 - Surface(name=Surface(name=e4492df StatusBar)/@0xd7479f5 - animation-leash)/@0xa4bc724 / android.view.-$$Lambda$Rl1VZmNJ0VZDLK0BAbaVGis0rrA.accept:2 android.view.InsetsSourceControl.release:170 android.view.InsetsSourceConsumer.setControl:202 android.view.InsetsController.onControlsChanged:833
03-14 06:25:37.504 28951 28951 I SurfaceControl: nativeRelease nativeObject s[-5476376644737356800]
03-14 06:25:37.504 28951 28951 I SurfaceControl: nativeRelease nativeObject e[-5476376644737356800]
03-14 06:25:37.504 28951 28951 I ViewRootImpl@8cc5901[LauncherActivity]: Relayout returned: old=(0,0,1080,2400) new=(0,0,1080,2400) req=(1080,2400)8 dur=3 res=0x5 s={false 0} ch=true fn=211
03-14 06:25:37.504   894   916 I SurfaceFlinger: id=761 Removed Surface(name=1242591 NavigationBar0)/@0x20ab8f7 - animation-leash#1 (62)
03-14 06:25:37.505   894   916 I SurfaceFlinger: id=760 Removed Surface(name=e4492df StatusBar)/@0xd7479f5 - animation-leash#0 (62)
03-14 06:25:37.505 28951 28951 I SurfaceControl: release : mNativeObject = -5476376644737337648 - Surface(name=Surface(name=dce8864 InputMethod)/@0x2e62f82 - animation-leash)/@0x2c8f28d / android.view.-$$Lambda$Rl1VZmNJ0VZDLK0BAbaVGis0rrA.accept:2 android.view.InsetsSourceControl.release:170 android.view.InsetsSourceConsumer.setControl:202 android.view.ImeInsetsSourceConsumer.setControl:154
03-14 06:25:37.505 28951 28951 I SurfaceControl: nativeRelease nativeObject s[-5476376644737337648]
03-14 06:25:37.505 28951 28951 I SurfaceControl: nativeRelease nativeObject e[-5476376644737337648]
03-14 06:25:37.505  1244  1291 D EnterpriseDeviceManagerService: isMdmAdminPresentInternal() : MDM Admin Found - com.samsung.android.kgclient
03-14 06:25:37.506  2523  2523 D SecLightBarControlHelper: updateStatus(WHITE icon) NumLightStacks:0, NumStacks:1, IndexLightStack:-1, StatusBarMode:0, StatusBarState:SHD, NeedDarkFontFromWallpaper:true, isWhiteKeyguardStatusBarBySettings:true
03-14 06:25:37.506  1244  1292 D SurfaceControl: hide : mNativeObject = -5476376644200405152 - sc.mNativeObject = -5476376644737141536 - Surface(name=Input Consumer recents_animation_input_consumer)/@0x730ecfe
03-14 06:25:37.506  1244  1292 D SurfaceControl: nativeSetFlags Done : Surface(name=Input Consumer recents_animation_input_consumer)/@0x730ecfe
03-14 06:25:37.508  1244  1291 D GameManagerService: noteResumeComponent(), received resumed-component: com.tiket.gits
03-14 06:25:37.508  1244  1482 D GameManagerService: onLooperPrepared(), msg: MSG_APP_RESUME, resumeComponent: ComponentInfo{com.tiket.gits/com.tiket.feature.homecontainer.HomeSplashActivity}
03-14 06:25:37.508  1244  1482 D GameManagerService: handleResume().
03-14 06:25:37.508  1244  1291 D SemGameManager: getGMSBinder(), begin
03-14 06:25:37.508  1244  1482 D GameManagerService: sendFocusOutConditionally() - mPrevNotiPackage: (unknown)
03-14 06:25:37.508  1244  1482 D GameManagerService:   handleResume(). pkgName: com.tiket.gits, isTunableApp: null
03-14 06:25:37.508  1244  1482 D GameManagerService: notifyFocusInOut(). of pkg: com.tiket.gits, type: 4, isMinimized: false, isTunableApp: false
03-14 06:25:37.508  1244  1482 D GameManagerService:   notifyFocusInOut(). unexpected mPrevNotiType: -1
03-14 06:25:37.508  1244  1482 D GameManagerService:NetworkLimit: callRelease
03-14 06:25:37.508  1244  1482 D GM:SystemHelper: callReleaseBlock needReleaseBlock:false
03-14 06:25:37.508  1244  1291 D SemGameManager: getGMSBinder(), successful: true
03-14 06:25:37.508  1244  1291 D GameManagerService: identifyGamePackage. com.tiket.gits, mCurrentUserId: 0, callerUserId: 0
03-14 06:25:37.508  1244  1291 D PkgDataHelper: getGamePkgData(). com.tiket.gits
03-14 06:25:37.508  1244  1291 I GameSDK@LifeCycle: noteResumeComponent(): package name  : com.tiket.gits
03-14 06:25:37.509  1244  1291 D SemGameManager: getGMSBinder(), begin
03-14 06:25:37.509   770   770 I Zygote  : Process 11350 exited due to signal 9 (Killed)
03-14 06:25:37.510   894   894 I Layer   : id=761[1] Destroyed Surface(name=1242591 NavigationBar0)/@0x20ab8f7 - animation-leash#1
03-14 06:25:37.510   894   894 I Layer   : id=760[1] Destroyed Surface(name=e4492df StatusBar)/@0xd7479f5 - animation-leash#0
03-14 06:25:37.511  1244  1291 D SemGameManager: getGMSBinder(), successful: true
03-14 06:25:37.511  1244  1291 D SemGameManager: isAvailable(), ret=true
03-14 06:25:37.511  1244  1291 D SemGameManager: isGamePackage(), pkgName=com.tiket.gits
03-14 06:25:37.511  1244  1291 D SemGameManager: getGMSBinder(), begin
03-14 06:25:37.512  1244  1291 D SemGameManager: getGMSBinder(), successful: true
03-14 06:25:37.512  1244  1291 D GameManagerService: identifyGamePackage. com.tiket.gits, mCurrentUserId: 0, callerUserId: 0
03-14 06:25:37.512  1244  1291 D PkgDataHelper: getGamePkgData(). com.tiket.gits
03-14 06:25:37.512  1244  1291 D SemGameManager: isGamePackage(), ret=false
03-14 06:25:37.512  1244  1289 D SIProcessListener: PID is 32148 State is 1
03-14 06:25:37.513 32148 32148 D ActivityThread: handleBindApplication() -- skipGraphicsSupport=false
03-14 06:25:37.513 32148 32148 D ActivityThread: ActivityThread::handleMakeApplication() data=AppBindData{appInfo=ApplicationInfo{e546b7e com.tiket.gits}} appContext=android.app.ContextImpl@42658df appContext.mOpPackageName=com.tiket.gits appContext.mBasePackageName=com.tiket.gits appContext.mPackageInfo=android.app.LoadedApk@ee1f92c Caller=android.app.ActivityThread.handleBindApplication:7405 android.app.ActivityThread.access$1500:301 android.app.ActivityThread$H.handleMessage:2130 android.os.Handler.dispatchMessage:106 android.os.Looper.loop:246
03-14 06:25:37.514 32148 32148 D LoadedApk: LoadedApk::makeApplication() appContext=android.app.ContextImpl@42aaff5 appContext.mOpPackageName=com.tiket.gits appContext.mBasePackageName=com.tiket.gits appContext.mPackageInfo=android.app.LoadedApk@ee1f92c
03-14 06:25:37.514 32148 32148 D NetworkSecurityConfig: Using Network Security Config from resource network_security_config debugBuild: false
03-14 06:25:37.515 32148 32148 D NetworkSecurityConfig: Using Network Security Config from resource network_security_config debugBuild: false
03-14 06:25:37.516  1244  1292 D SurfaceControl: hide : mNativeObject = -5476376644200405152 - sc.mNativeObject = -5476376644737141536 - Surface(name=Input Consumer recents_animation_input_consumer)/@0x730ecfe
03-14 06:25:37.516  1244  1292 D SurfaceControl: nativeSetFlags Done : Surface(name=Input Consumer recents_animation_input_consumer)/@0x730ecfe
03-14 06:25:37.516  1244  1578 D PkgPredictorService: com.tiket.gits go to foreground!
03-14 06:25:37.516  1244  1578 E PkgPredictorService-Collector: record changed bt=0  wifi=1 screen=0
03-14 06:25:37.516  1244  1578 D PkgPredictorService: previous pkgs: com.tiket.gits,com.google.android.vpntether,com.android.vending running pkg: com.tiket.gits, uid: 0 is system: false
03-14 06:25:37.517  1244  1578 D PkgPredictorService-Collector: save record...
03-14 06:25:37.517  1244  1578 D PkgPredictorService-Collector:  (hour:6 day:2 previous:[com.tiket.gits, com.google.android.vpntether, com.android.vending] activityName:unknown running:com.tiket.gits userId:0 screenOrientation:0 wifi:1 bt:0 predictTime:-1 apkVersion:4.31.2-HEAD consumeTime:-1 preloaded:false>)
03-14 06:25:37.517  1244  1578 D PkgPredictorService-NapPreloadController: User using: com.tiket.gits
03-14 06:25:37.517  1244  1578 W PkgPredictorService-NapPredictor: no classifier found...
03-14 06:25:37.517  1244  1578 D DexPreloader: com.tiket.gitsbecome forground ,dexpreload store app:com.tiket.gits pid:32148 dex profile begin
03-14 06:25:37.517  1244  1578 D DexPreloader:  prepare a new task for pkg:com.tiket.gits dex2oat
03-14 06:25:37.517 11068 11068 I CalendarProvider$ContactsBirthdaySync: [ContactsBirthdaySyncAdapter] Contacts permission is granted. observer is registered
03-14 06:25:37.517  1244  3683 I ActivityManager: Process com.samsung.android.app.galaxyfinder:appservice (pid 11350) has died: fg  SVC (793,2879)
03-14 06:25:37.517 11068 11068 I CalendarProvider$CalendarProvider2: Started observing the contact sync.
03-14 06:25:37.517 11068 11470 I CalendarProvider$ContactsBirthdaySync: [ContactsBirthdayUpdater] Init birthdayAlarmOffset
03-14 06:25:37.517  1244  1323 I libprocessgroup: Successfully killed process cgroup uid 10087 pid 11350 in 0ms
03-14 06:25:37.521 10711 10711 I SCS@AiSearch user 0: (SearchProvider) onTrimMemory(): 80
03-14 06:25:37.521  2648  2648 W DeviceManager_FLP: onTrimMemory : 5
03-14 06:25:37.521  2648  2648 I GpsSessionManager_FLP: arrangeInvalidSessions
03-14 06:25:37.522  3423  3423 W DMASA[U]: [AppLogData]onTrimMemory(5):1647239137521
03-14 06:25:37.522  3423  3423 W DMASA[C]: [DiagMonAgentApplication]onTrimMemory (5)
03-14 06:25:37.523  1244  1289 D SehCodecSolutionService: Update top [com.tiket.gits]
03-14 06:25:37.524 11098 11098 I [IPSA-C] IpsApplication: onTrimMemory : level=80
03-14 06:25:37.525  1006 28790 I CameraService: UidPolicy: No processes running for a uid=10087 disabled=0
03-14 06:25:37.526 11089 11089 W Glide   : Failed to find GeneratedAppGlideModule. You should include an annotationProcessor compile dependency on com.github.bumptech.glide:compiler in your application and a @GlideModule annotated AppGlideModule implementation or LibraryGlideModules will be silently ignored
03-14 06:25:37.527  9403  9403 D SystemUIService: onTrimMemory = 40
03-14 06:25:37.528  9087  9087 I GOS:App : onTrimMemory 60
03-14 06:25:37.530  2523  2523 D SystemUIService: onTrimMemory = 5
03-14 06:25:37.530  2523  2523 D StatusBar: onTrimMemory = 5
03-14 06:25:37.530  2523  2523 D SystemUIService: onTrimMemory : 5
03-14 06:25:37.541 32148 32148 I FirebaseApp: Device unlocked: initializing all Firebase APIs for app [DEFAULT]
03-14 06:25:37.544 32148 32148 I FirebaseCrashlytics: Initializing Firebase Crashlytics 18.2.4 for com.tiket.gits
03-14 06:25:37.551  5511  5511 I Finsky  : [2] mql.onTrimMemory(1): Memory trim requested to level 80
03-14 06:25:37.551  5511  5511 I Finsky  : [2] kou.accept(9): Flushing in-memory image cache
03-14 06:25:37.552 11001 11001 I SamsungCalendar$CalendarApplication: onTrimMemory level : 60
03-14 06:25:37.553 11001 11001 W Glide   : Failed to find GeneratedAppGlideModule. You should include an annotationProcessor compile dependency on com.github.bumptech.glide:compiler in your application and a @GlideModule annotated AppGlideModule implementation or LibraryGlideModules will be silently ignored
03-14 06:25:37.554 11001 11031 I SamsungCalendar$PreferenceProvider: query uri = content://com.sec.android.calendar.preference/PreferenceString
03-14 06:25:37.558 32148 11492 I DynamiteModule: Considering local module com.google.android.gms.measurement.dynamite:55 and remote module com.google.android.gms.measurement.dynamite:51
03-14 06:25:37.558 32148 11492 I DynamiteModule: Selected local version of com.google.android.gms.measurement.dynamite
03-14 06:25:37.562 32148 11486 I Apptimize: Version 3.7.26
03-14 06:25:37.566  1244  1316 I SysIntService: getSysStatService entry
03-14 06:25:37.568  1244  4194 I GenerationRegistry: mBackingStore.isClosed() : false
03-14 06:25:37.574  1244  4194 I GenerationRegistry: mBackingStore.isClosed() : false
03-14 06:25:37.577 32148 11505 I System.out: (HTTPLog)-Static: isSBSettingEnabled false
03-14 06:25:37.577 32148 11505 I System.out: (HTTPLog)-Static: isSBSettingEnabled false
03-14 06:25:37.582 32148 11505 D TcpOptimizer: TcpOptimizer-ON
03-14 06:25:37.582   769   860 E Netd    : getNetworkForDns: getNetId from enterpriseCtrl is netid 0
03-14 06:25:37.584 32148 11514 I System.out: (HTTPLog)-Static: isSBSettingEnabled false
03-14 06:25:37.584 32148 11514 I System.out: (HTTPLog)-Static: isSBSettingEnabled false
03-14 06:25:37.589   769   860 E Netd    : getNetworkForDns: getNetId from enterpriseCtrl is netid 0
03-14 06:25:37.589 32148 11538 I TetheringManager: registerTetheringEventCallback:com.tiket.gits
03-14 06:25:37.589 32148 11538 D ConnectivityManager: ConnectivityManager() mContext=com.tiket.gits.TiketApp@319911c getOpPackageName()=com.tiket.gits getBasePackageName()=com.tiket.gits getPackageName()=com.tiket.gits
03-14 06:25:37.596 32148 11527 I FirebaseAuth: [FirebaseAuth:] Preparing to create service connection to fallback implementation
03-14 06:25:37.598  1244  1290 D SettingsProvider: isChangeAllowed() : name = enabled_notification_listeners
03-14 06:25:37.598  1244  1290 D SettingsProvider: isChangeAllowed() : name = enabled_notification_assistant
03-14 06:25:37.598 32148 11540 I System.out: (HTTPLog)-Static: isSBSettingEnabled false
03-14 06:25:37.598 32148 11540 I System.out: (HTTPLog)-Static: isSBSettingEnabled false
03-14 06:25:37.598  1244  1290 D SettingsProvider: isChangeAllowed() : name = enabled_notification_policy_access_packages
03-14 06:25:37.599 32148 11539 I System.out: (HTTPLog)-Static: isSBSettingEnabled false
03-14 06:25:37.600 32148 11539 I System.out: (HTTPLog)-Static: isSBSettingEnabled false
03-14 06:25:37.600   769   860 E Netd    : getNetworkForDns: getNetId from enterpriseCtrl is netid 0
03-14 06:25:37.601   769   860 E Netd    : getNetworkForDns: getNetId from enterpriseCtrl is netid 0
03-14 06:25:37.613  1244  4192 I HeimdAllFS: Connect Installd
03-14 06:25:37.613  1244  4192 I HeimdAllFS: DEBUG: TRUE Dry-run: FALSE UsageStateMode: mars
03-14 06:25:37.618 32148 32148 I Perf    : [M] UAT-Initializer took 0 ms
03-14 06:25:37.618 32148 32148 I Perf    : [M] AppConfig-Initializer took 0 ms
03-14 06:25:37.620 32148 32148 W FirebaseRemoteConfig: No value of type 'FirebaseRemoteConfigValue' exists for parameter key 'tiket_session_interval_sec'.
03-14 06:25:37.620 32148 32148 W FirebaseRemoteConfig: No value of type 'String' exists for parameter key 'amplitude_api_key'.
03-14 06:25:37.623   563   853 E audit   : avc:  denied  { find } for pid=9327 uid=10277 name=tethering scontext=u:r:permissioncontroller_app:s0:c21,c257,c512,c768 tcontext=u:object_r:tethering_service:s0 tclass=service_manager permissive=0
03-14 06:25:37.624   563   853 I servicemanager: tethering : getService has failed, permission denied.
03-14 06:25:37.624 32148 32148 I Perf    : [M] TiketSession-Initializer took 6 ms
03-14 06:25:37.626 32148 32148 I Perf    : [M] EagleEye-Initializer took 2 ms
03-14 06:25:37.628 32148 32148 I Perf    : [M] AppTracker-Initializer took 2 ms
03-14 06:25:37.633  1244  4194 D CompatibilityChangeReporter: Compat change id reported: 136274596; UID 10320; state: ENABLED
03-14 06:25:37.636 32148 32148 I Perf    : [M] AppsFlyer-Initializer took 8 ms
03-14 06:25:37.638 32148 32148 I Perf    : [M] Braze-Initializer took 2 ms
03-14 06:25:37.640 32148 32148 I Perf    : [M] Misc-Initializer took 2 ms
03-14 06:25:37.641 32148 32148 I Perf    : [M] AppEvent-Initializer took 0 ms
03-14 06:25:37.655   616   616 I io_stats: !@   8,0 r 77033 3973304 w 49854 896012 d 21433 725036 f 0 0 iot 76820 0 th 0 0 0 pt 0 inp 0 0 3608.448
03-14 06:25:37.658  1244  1696 D MdnieScenarioControlService:  packageName : com.tiket.gits    className : com.tiket.feature.homecontainer.HomeSplashActivity
03-14 06:25:37.658   896   962 E heimdall: update_proc_tgid:326, failed to read cmdline from 11579, No such file or directory
03-14 06:25:37.660  1244  1696 V MdnieScenarioControlService: setUIMode from UI function(3)
03-14 06:25:37.674  1244  4192 I HeimdAllFS: Connect Installd
03-14 06:25:37.674  1244  4192 I HeimdAllFS: DEBUG: TRUE Dry-run: FALSE UsageStateMode: mars
03-14 06:25:37.681 32148 32148 I DecorView: [INFO] isPopOver=false, config=true
03-14 06:25:37.681 32148 32148 I DecorView: updateCaptionType >> DecorView@fe8a7bc[], isFloating=false, isApplication=true, hasWindowDecorCaption=false, hasWindowControllerCallback=true
03-14 06:25:37.681 32148 32148 D DecorView: setCaptionType = 0, this = DecorView@fe8a7bc[]
03-14 06:25:37.693  4542  4556 W samsung.cmh:CM: Reducing the number of considered missed Gc histogram windows from 322 to 100
03-14 06:25:37.698 11068 11470 I CalendarProvider$ContactsBirthdaySync: [BirthdayAlarmPreferenceImpl] Saved alarmOffset : -1
03-14 06:25:37.699 32148 32148 I Dialog  : mIsSamsungBasicInteraction = false, isMetaDataInActivity = false
03-14 06:25:37.704 32148 32148 I DecorView: [INFO] isPopOver=false, config=false
03-14 06:25:37.704 32148 32148 I DecorView: updateCaptionType >> DecorView@97ce8e4[], isFloating=false, isApplication=true, hasWindowDecorCaption=false, hasWindowControllerCallback=false
03-14 06:25:37.704 32148 32148 D DecorView: setCaptionType = 0, this = DecorView@97ce8e4[]
03-14 06:25:37.714 32148 11506 I FA      : App measurement initialized, version: 46000
03-14 06:25:37.714 32148 11506 I FA      : To enable debug logging run: adb shell setprop log.tag.FA VERBOSE
03-14 06:25:37.714 32148 11506 I FA      : To enable faster debug mode event logging run:
03-14 06:25:37.714 32148 11506 I FA      :   adb shell setprop debug.firebase.analytics.app com.tiket.gits
03-14 06:25:37.715 28861 28875 W d.process.medi: Reducing the number of considered missed Gc histogram windows from 308 to 100
03-14 06:25:37.723  1244  1472 D InputTransport: Input channel constructed: 'f19c3fa', fd=810
03-14 06:25:37.723  1244  1472 D InputTransport: Input channel constructed: 'f19c3fa', fd=811
03-14 06:25:37.724   894   916 I SurfaceFlinger: id=769 createSurf (0x0),-1 flag=80004, f19c3fa com.tiket.gits/com.tiket.gits.v2splash.SplashV2Activity#0
03-14 06:25:37.724  1244  1472 V WindowManager: Changing focus from null to Window{f19c3fa u0 com.tiket.gits/com.tiket.gits.v2splash.SplashV2Activity} displayId=0 Callers=com.android.server.wm.RootWindowContainer.updateFocusedWindowLocked:561 com.android.server.wm.WindowManagerService.updateFocusedWindowLocked:6261 com.android.server.wm.WindowManagerService.addWindow:1957 com.android.server.wm.Session.addToDisplayAsUser:180
03-14 06:25:37.724  1244  1472 I WindowManager: Cancelling animation restarting=true, leash=Surface(name=Surface(name=e4492df StatusBar)/@0xd7479f5 - animation-leash)/@0x7edd9da
03-14 06:25:37.724  1244  9949 I SystemUiVisibilityPolicyController: handleMessage: entry what = 1
03-14 06:25:37.725  1244  1472 I WindowManager: Reparenting to original parent: Surface(name=WindowToken{57f4d7e android.os.BinderProxy@65c9f00})/@0x3ec38a, destroy=false, surface=Surface(name=e4492df StatusBar)/@0xd7479f5
03-14 06:25:37.725  1244  1472 I SurfaceControl: release : mNativeObject = -5476376644737295088 - Surface(name=Surface(name=e4492df StatusBar)/@0xd7479f5 - animation-leash)/@0x7edd9da / android.view.SurfaceControl$Transaction.remove:3421 com.android.server.wm.SurfaceAnimator.cancelAnimation:365 com.android.server.wm.SurfaceAnimator.startAnimation:161 com.android.server.wm.WindowContainer.startAnimation:2206
03-14 06:25:37.725  1244  1472 I SurfaceControl: nativeRelease nativeObject s[-5476376644737295088]
03-14 06:25:37.725  1244  1472 I SurfaceControl: nativeRelease nativeObject e[-5476376644737295088]
03-14 06:25:37.725  1244  1472 I WindowManager: Reparenting to leash, surface=Surface(name=e4492df StatusBar)/@0xd7479f5, leashParent=Surface(name=WindowToken{57f4d7e android.os.BinderProxy@65c9f00})/@0x3ec38a
03-14 06:25:37.725  5258  5258 I TrayStateController: systemUiVisibilityChanged : 0 0
03-14 06:25:37.725   894  2580 I SurfaceFlinger: id=770 createSurf (0x0),-1 flag=24000, Surface(name=e4492df StatusBar)/@0xd7479f5 - animation-leash#0
03-14 06:25:37.725  1244  1472 D WindowManager: makeSurface duration=1 leash=Surface(name=Surface(name=e4492df StatusBar)/@0xd7479f5 - animation-leash)/@0x1394fa1
03-14 06:25:37.725  1244  1472 I WindowManager: Cancelling animation restarting=true, leash=Surface(name=Surface(name=1242591 NavigationBar0)/@0x20ab8f7 - animation-leash)/@0x1425e0b
03-14 06:25:37.725  1244  1472 I WindowManager: Reparenting to original parent: Surface(name=WindowToken{1ff93b8 android.os.BinderProxy@6fe82a})/@0x8f63364, destroy=false, surface=Surface(name=1242591 NavigationBar0)/@0x20ab8f7
03-14 06:25:37.725  1244  1472 I SurfaceControl: release : mNativeObject = -5476376644737249728 - Surface(name=Surface(name=1242591 NavigationBar0)/@0x20ab8f7 - animation-leash)/@0x1425e0b / android.view.SurfaceControl$Transaction.remove:3421 com.android.server.wm.SurfaceAnimator.cancelAnimation:365 com.android.server.wm.SurfaceAnimator.startAnimation:161 com.android.server.wm.WindowContainer.startAnimation:2206
03-14 06:25:37.725  1244  1472 I SurfaceControl: nativeRelease nativeObject s[-5476376644737249728]
03-14 06:25:37.725  1244  1472 I SurfaceControl: nativeRelease nativeObject e[-5476376644737249728]
03-14 06:25:37.725  1244  1472 I WindowManager: Reparenting to leash, surface=Surface(name=1242591 NavigationBar0)/@0x20ab8f7, leashParent=Surface(name=WindowToken{1ff93b8 android.os.BinderProxy@6fe82a})/@0x8f63364
03-14 06:25:37.725   894  2580 I SurfaceFlinger: id=771 createSurf (0x0),-1 flag=24000, Surface(name=1242591 NavigationBar0)/@0x20ab8f7 - animation-leash#1
03-14 06:25:37.725  1244  1472 D WindowManager: makeSurface duration=0 leash=Surface(name=Surface(name=1242591 NavigationBar0)/@0x20ab8f7 - animation-leash)/@0x4269987
03-14 06:25:37.725  1244  1472 D StatusBarManagerService: notifyRequestedSystemKey recent=false home=false
03-14 06:25:37.725  1244  1292 D SurfaceControl: hide : mNativeObject = -5476376644200405152 - sc.mNativeObject = -5476376644737141536 - Surface(name=Input Consumer recents_animation_input_consumer)/@0x730ecfe
03-14 06:25:37.726  1244  1472 D InputTransport: Input channel destroyed: 'f19c3fa', fd=811
03-14 06:25:37.726  1244  1292 D SurfaceControl: nativeSetFlags Done : Surface(name=Input Consumer recents_animation_input_consumer)/@0x730ecfe
03-14 06:25:37.726 32148 32148 D InputTransport: Input channel constructed: 'f19c3fa', fd=98
03-14 06:25:37.727 32148 32148 I ViewRootImpl@264481[SplashV2Activity]: setView = com.android.internal.policy.DecorView@97ce8e4 TM=true
03-14 06:25:37.733   894  2580 I Layer   : id=767 removeFromCurrentState Surface(name=e4492df StatusBar)/@0xd7479f5 - animation-leash#1 (63)
03-14 06:25:37.733   894  2580 I Layer   : id=768 removeFromCurrentState Surface(name=1242591 NavigationBar0)/@0x20ab8f7 - animation-leash#0 (63)
03-14 06:25:37.736  1244  1292 I SurfaceControl: release : mNativeObject = -5476376644737119360 - Surface(name=Surface(name=1242591 NavigationBar0)/@0x20ab8f7 - animation-leash)/@0x57a44dd / android.view.-$$Lambda$Rl1VZmNJ0VZDLK0BAbaVGis0rrA.accept:2 android.view.InsetsSourceControl.release:170 android.view.InsetsSourceConsumer.setControl:202 android.view.InsetsController.onControlsChanged:833
03-14 06:25:37.736  1244  1292 I SurfaceControl: nativeRelease nativeObject s[-5476376644737119360]
03-14 06:25:37.736  1244  1292 I SurfaceControl: nativeRelease nativeObject e[-5476376644737119360]
03-14 06:25:37.736  1244  1292 I SurfaceControl: release : mNativeObject = -5476376644737256336 - Surface(name=Surface(name=e4492df StatusBar)/@0xd7479f5 - animation-leash)/@0x5f8d852 / android.view.-$$Lambda$Rl1VZmNJ0VZDLK0BAbaVGis0rrA.accept:2 android.view.InsetsSourceControl.release:170 android.view.InsetsSourceConsumer.setControl:202 android.view.InsetsController.onControlsChanged:833
03-14 06:25:37.736  1244  1292 I SurfaceControl: nativeRelease nativeObject s[-5476376644737256336]
03-14 06:25:37.736  1244  1292 I SurfaceControl: nativeRelease nativeObject e[-5476376644737256336]
03-14 06:25:37.736 32148 32148 I ViewRootImpl@264481[SplashV2Activity]: stopped(false) old=false
03-14 06:25:37.736   894  2580 I SurfaceFlinger: id=768 Removed Surface(name=1242591 NavigationBar0)/@0x20ab8f7 - animation-leash#0 (63)
03-14 06:25:37.736   894  2580 I SurfaceFlinger: id=767 Removed Surface(name=e4492df StatusBar)/@0xd7479f5 - animation-leash#1 (63)
03-14 06:25:37.741  1244  4194 D InputTransport: Input channel constructed: 'edb51d9', fd=811
03-14 06:25:37.741  1244  4194 D InputTransport: Input channel constructed: 'edb51d9', fd=812
03-14 06:25:37.741   894  2580 I SurfaceFlinger: id=772 createSurf (0x0),-1 flag=80004, edb51d9 com.tiket.gits/com.tiket.gits.v2splash.SplashV2Activity#0
03-14 06:25:37.742  1244  4194 D WindowManager: isScreenshotDisabledLocked: userId = 0, disabled =false
03-14 06:25:37.742  1244  4194 D InputTransport: Input channel destroyed: 'edb51d9', fd=812
03-14 06:25:37.742  1244  1292 D SurfaceControl: hide : mNativeObject = -5476376644200405152 - sc.mNativeObject = -5476376644737141536 - Surface(name=Input Consumer recents_animation_input_consumer)/@0x730ecfe
03-14 06:25:37.742  1244  1292 D SurfaceControl: nativeSetFlags Done : Surface(name=Input Consumer recents_animation_input_consumer)/@0x730ecfe
03-14 06:25:37.742 32148 32148 D InputTransport: Input channel constructed: 'edb51d9', fd=70
03-14 06:25:37.742 32148 11539 I Apptimize: Apptimize: PrefetchMetadata received new metadata
03-14 06:25:37.743 32148 32148 I ViewRootImpl@985106a[SplashV2Activity]: setView = com.android.internal.policy.DecorView@fe8a7bc TM=true
03-14 06:25:37.746   894   894 I Layer   : id=767[1] Destroyed Surface(name=e4492df StatusBar)/@0xd7479f5 - animation-leash#1
03-14 06:25:37.746   894   894 I Layer   : id=768[1] Destroyed Surface(name=1242591 NavigationBar0)/@0x20ab8f7 - animation-leash#0
03-14 06:25:37.760  1244  1696 V MdnieScenarioControlService: mAclOffEnabled : false mAclPreviewState : false mAclCompensationState : false
03-14 06:25:37.761  1244  4192 D ConnectivityService: requestNetwork for uid/pid:10320/32148 NetworkRequest [ TRACK_DEFAULT id=91, [ Capabilities: INTERNET&NOT_RESTRICTED&TRUSTED Uid: 10320 AdministratorUids: [] RequestorUid: 10320 RequestorPackageName: com.tiket.gits] ]
03-14 06:25:37.762  1244  1519 D ConnectivityService: NetReassign [91 : null ?? 601]
03-14 06:25:37.762  1244  1596 D WIFI_AWARE_FACTORY: got request NetworkRequest [ TRACK_DEFAULT id=91, [ Capabilities: INTERNET&NOT_RESTRICTED&TRUSTED Uid: 10320 AdministratorUids: [] RequestorUid: 10320 RequestorPackageName: com.tiket.gits] ] with score 60 and providerId 6
03-14 06:25:37.762  1244  1597 D Ethernet: got request NetworkRequest [ TRACK_DEFAULT id=91, [ Capabilities: INTERNET&NOT_RESTRICTED&TRUSTED Uid: 10320 AdministratorUids: [] RequestorUid: 10320 RequestorPackageName: com.tiket.gits] ] with score 60 and providerId 6
03-14 06:25:37.762  1244  1507 D WifiNetworkFactory: got request NetworkRequest [ TRACK_DEFAULT id=91, [ Capabilities: INTERNET&NOT_RESTRICTED&TRUSTED Uid: 10320 AdministratorUids: [] RequestorUid: 10320 RequestorPackageName: com.tiket.gits] ] with score 60 and providerId 6
03-14 06:25:37.762  1244  1507 D UntrustedWifiNetworkFactory: got request NetworkRequest [ TRACK_DEFAULT id=91, [ Capabilities: INTERNET&NOT_RESTRICTED&TRUSTED Uid: 10320 AdministratorUids: [] RequestorUid: 10320 RequestorPackageName: com.tiket.gits] ] with score 60 and providerId 6
03-14 06:25:37.763  1638  1638 D PhoneSwitcherNetworkRequstListener: got request NetworkRequest [ TRACK_DEFAULT id=91, [ Capabilities: INTERNET&NOT_RESTRICTED&TRUSTED Uid: 10320 AdministratorUids: [] RequestorUid: 10320 RequestorPackageName: com.tiket.gits] ] with score 60 and providerId 6
03-14 06:25:37.776  1244  4192 V WindowManager: Relayout Window{f19c3fa u0 com.tiket.gits/com.tiket.gits.v2splash.SplashV2Activity}: viewVisibility=0 req=1080x2400
03-14 06:25:37.777  1244  4192 D WindowManager: isScreenshotDisabledLocked: userId = 0, disabled =false
03-14 06:25:37.777   894  2580 I SurfaceFlinger: id=773 createSurf (1080x2400),1 flag=4, com.tiket.gits/com.tiket.gits.v2splash.SplashV2Activity$_32148#0
03-14 06:25:37.778   769   852 E Netd    : getNetworkForDns: getNetId from enterpriseCtrl is netid 0
03-14 06:25:37.778  1244  4192 D WindowManager: makeSurface duration=1 name=com.tiket.gits/com.tiket.gits.v2splash.SplashV2Activity$_32148
03-14 06:25:37.778  1244  1292 D SurfaceControl: hide : mNativeObject = -5476376644200405152 - sc.mNativeObject = -5476376644737141536 - Surface(name=Input Consumer recents_animation_input_consumer)/@0x730ecfe
03-14 06:25:37.778  1244  1292 D SurfaceControl: nativeSetFlags Done : Surface(name=Input Consumer recents_animation_input_consumer)/@0x730ecfe
03-14 06:25:37.784 32148 11540 V Apptimize: Apptimize: List Filter with operator "in" is comparing Android and [Android]
03-14 06:25:37.784 32148 11540 V Apptimize: Apptimize: Filter with operator "=" is comparing Android and Android
03-14 06:25:37.784 32148 11540 V Apptimize: Apptimize: Filter with operator ">=" is comparing 11 and 11
03-14 06:25:37.784 32148 11540 V Apptimize: Apptimize: List Filter with operator "in" is comparing Android and [Android]
03-14 06:25:37.784 32148 11540 V Apptimize: Apptimize: Filter with operator "=" is comparing Android and Android
03-14 06:25:37.784 32148 11540 V Apptimize: Apptimize: List Filter with operator "in" is comparing SM-G991B and [Pixel 3a XL, SM-A520F, SM-A520DS, SM-A520F/DS, SM-A320FL, SM-A320F, SM-A320DS, SM-A320Y, SM-J737A, SM-J737V, SM-J737P, SM-J737U, SM-J737, SM-N950F, SM-N950DS, SM-N950U, SM-N950W, SM-N950N, SM-N950, SM-950U1, SM-N950U1, SM-G900F]
03-14 06:25:37.784 32148 11540 V Apptimize: Apptimize: Filter with operator "=" is comparing SM-G991B and Pixel 3a XL
03-14 06:25:37.784 32148 11540 V Apptimize: Apptimize: Filter with operator "=" is comparing SM-G991B and SM-A520F
03-14 06:25:37.784 32148 11540 V Apptimize: Apptimize: Filter with operator "=" is comparing SM-G991B and SM-A520DS
03-14 06:25:37.784 32148 11540 V Apptimize: Apptimize: Filter with operator "=" is comparing SM-G991B and SM-A520F/DS
03-14 06:25:37.784 32148 11540 V Apptimize: Apptimize: Filter with operator "=" is comparing SM-G991B and SM-A320FL
03-14 06:25:37.784 32148 11540 V Apptimize: Apptimize: Filter with operator "=" is comparing SM-G991B and SM-A320F
03-14 06:25:37.784 32148 11540 V Apptimize: Apptimize: Filter with operator "=" is comparing SM-G991B and SM-A320DS
03-14 06:25:37.784 32148 11540 V Apptimize: Apptimize: Filter with operator "=" is comparing SM-G991B and SM-A320Y
