03-14 06:25:34.954  1244  1290 D SettingsProvider: isChangeAllowed() : name = enabled_notification_policy_access_packages
03-14 06:25:34.955   841 10390 I ExynosC2H264EncComponent: [onUpdateC2Work] set CSD to configuration on output.
03-14 06:25:34.957 10371 10371 D MPEG4Writer: fpathconf _PC_FILESIZEBITS:64
03-14 06:25:34.957 10371 10371 D MPEG4Writer: File size limit set to 4503599627370495 bytes implicitly
03-14 06:25:34.957 10371 10371 D MPEG4Writer: MP4WtrCtrlHlpLooper Started
03-14 06:25:34.958  4542 10408 I MediaContentSyncLocation: [#CMH#] Location Count MP :  0, CMH : 0
03-14 06:25:34.958  4542 10408 I MediaContentSyncTask: [#CMH#] Total Sync Time :  74
03-14 06:25:34.958  4542 10408 I BaseThreadPoolExecutor: [#CMH#] afterExecute FutureTask
03-14 06:25:34.959  4542 10408 I ControllerEventHandler: [#CMH#] New Task for wait content sync job
03-14 06:25:34.959  4542 10408 I BaseThreadPoolExecutor: [#CMH#] Task com.samsung.cmh.database.MediaContentSyncTask@503b9c0 is submitted
03-14 06:25:34.961 10371 10383 I MediaCodec: setCodecState state : 1
03-14 06:25:34.961  6828  6869 V ResourceManagerHelper-JNI: JNIMediaResourceHelper::notify eventType : 3, ext1 : 0, ext2 : 0
03-14 06:25:34.961  6828  6869 V ResourceManagerHelper-JNI: notify eventType : 3, ext1 : 0, ext2 : 0
03-14 06:25:34.961  3473  3473 I SemMediaResourceHelper: onState
03-14 06:25:34.962  6828  6876 I SemMediaResourceHelper: onState
03-14 06:25:34.962  6828  6876 I DrmMediaResourceHelper: onStateChanged size = 1
03-14 06:25:34.962  6828  6876 I DrmMediaResourceHelper: resource type: 2,,,isSecured :  falsegetCodecState : 1getpid : 10371
03-14 06:25:34.962 28861 28925 D MediaSync: loaded: 22ms, 0
03-14 06:25:34.964 28861 28924 I SecMediaProvider: 10076 UPDATE /local/metadata [count=1]
03-14 06:25:34.966 10371 10460 I MPEG4Writer: setStartTimestampUs: 3605728924 from Video track
03-14 06:25:34.966 10371 10460 I MPEG4Writer: Earliest track starting time: 3605728924
03-14 06:25:34.972  4542 10408 I MediaContentSyncTask: [#CMH#] No of Row (SEC MP :  9, Max Id : 2147483686) (CMH : 9, Max Id : 2147483686) - Time :13
03-14 06:25:34.972  1024  1024 I keystore: clear_uid 10320
03-14 06:25:34.973  1024  1024 D keymaster_tee: [DBG] (knox_secure_db.cpp:1173) command(48) : L1692
03-14 06:25:34.973  1024  1024 D keymaster_tee: [DBG] (knox_secure_db.cpp:1189) SELECT (CREATOR,ALIAS) WHERE CREATOR_UID=10320
03-14 06:25:34.974  1244  1357 D PackageManager: result of clearing user data: succeeded{235879070}
03-14 06:25:34.975  1244  1528 D DeviceStorageMonitorService: check() STORAGE TOTAL > 64G
03-14 06:25:34.976  1244  1528 W DeviceStorageMonitorService: updateBroadcasts(/data) oldLevel:0, newLevel:0, seq:1
03-14 06:25:34.976  1244  1528 D DeviceStorageMonitorService: Available File Node Number is [13499012]
03-14 06:25:34.977  1244  1528 W DeviceStorageMonitorService: updateBroadcasts_filenode(/data) fn_oldLevel:0, fn_newLevel:0, seq:1
03-14 06:25:34.985 10451 10455 I cmd     : oneway function results will be dropped but finished with status OK and parcel size 4
03-14 06:25:34.986  1244  1244 D SamsungAlarmManager: Remove alarm for next reason : android.intent.action.PACKAGE_RESTARTED / pkg:com.tiket.gits
03-14 06:25:34.987  2523  2523 D KeyguardUpdateMonitor: received broadcast android.intent.action.PACKAGE_DATA_CLEARED
03-14 06:25:34.989  1638  1638 E PhoneInterfaceManager: [PhoneIntfMgr] getCarrierPackageNamesForIntentAndPhone: No UICC
03-14 06:25:34.989  1638  1638 D CarrierSvcBindHelper: No carrier app for: 0
03-14 06:25:34.990  1638  1638 E PhoneInterfaceManager: [PhoneIntfMgr] getCarrierPackageNamesForIntentAndPhone: No UICC
03-14 06:25:34.990  1638  1638 D CarrierSvcBindHelper: No carrier app for: 1
03-14 06:25:34.990  1638  1638 I Telephony: SamsungTuiRelayReceiver: registerWhoWhoPackageDataClearedEvents
03-14 06:25:34.992  2018  2018 D RegisteredServicesCache: com.tiket.gits is not realted HCE package
03-14 06:25:34.992  1244  1316 D SettingsProvider: onPackageDataCleared PackageName = com.tiket.gits
03-14 06:25:34.992  8240  8240 I CarrierServices: [2] RcsAutoStartReceiver.a: enableRcs changed from true to true
03-14 06:25:34.992  1244  1244 D AdaptiveBrightnessLongtermModelBuilder: Received android.intent.action.PACKAGE_DATA_CLEARED
03-14 06:25:34.992  1244  1244 D SEP_UNION_SemDeviceInfoManagerService: onReceive : android.intent.action.PACKAGE_DATA_CLEARED, userId = 0
03-14 06:25:34.992  1244  1244 D SEP_UNION_SemDeviceInfoManagerService: Data cleared package = package:com.tiket.gits, key = com.samsung.android.app.galaxyfinder
03-14 06:25:34.993  2018  2018 D RegisteredNfcFServicesCache: Service unchanged, not updating
03-14 06:25:34.995 28861 28925 I SecMediaProvider: 10076 INSERT /local
03-14 06:25:34.996   769   860 E Netd    : getNetworkForDns: getNetId from enterpriseCtrl is netid 0
03-14 06:25:34.997   769   860 E Netd    : getNetworkForDns: getNetId from enterpriseCtrl is netid 0
03-14 06:25:34.997  2750  2750 E adbd    : failed to connect to socket 'tcp:6790': Connection refused
03-14 06:25:34.998  4542 10408 I MediaContentSyncTask: [#CMH#] MP time stamp :  1647235577729, CMH time stamp : 1647235577729
03-14 06:25:34.998  4542 10408 I MediaContentSyncTask: [#CMH#] Update ITEM :  0
03-14 06:25:34.998 28861 28925 I SecMediaProvider: 10076 INSERT /local /local/2147483689
03-14 06:25:35.001  1244  1244 D SEP_UNION_SemDeviceInfoManagerService: UnionContentObserver onChange: content://secmedia/video/media
03-14 06:25:35.002  1244  1244 D SEP_UNION_SemDeviceInfoManagerService: Notifying descendants changes.
03-14 06:25:35.002  1244  1244 D ActivityManager: Received BROADCAST intent 0x6e98985 Key{broadcastIntent pkg=com.samsung.android.service.tagservice intent=act=com.samsung.android.app.action.TAG_CHANGED dat=content://secmedia cmp=com.samsung.android.service.tagservice/.service.TagBroadcastReceiver flags=0x0 u=0} requestCode=0 sent=0 from uid 1000
03-14 06:25:35.002  1244  1244 D SEP_UNION_SemDeviceInfoManagerService: reportUriChanged() uri = content://secmedia/video/media, tag =
03-14 06:25:35.002  1244  1244 D SEP_UNION_SemDeviceInfoManagerService: UnionContentObserver onChange: content://secmedia/images/media
03-14 06:25:35.002  4542  4790 I ControllerEventHandler: [#CMH#] Set wait content count
03-14 06:25:35.002  1244  1244 D SEP_UNION_SemDeviceInfoManagerService: Notifying descendants changes.
03-14 06:25:35.000 28861 28925 D MediaSync: loaded: 34ms, 1
03-14 06:25:35.002  1244  1244 D ActivityManager: Received BROADCAST intent 0x6e98985 Key{broadcastIntent pkg=com.samsung.android.service.tagservice intent=act=com.samsung.android.app.action.TAG_CHANGED dat=content://secmedia cmp=com.samsung.android.service.tagservice/.service.TagBroadcastReceiver flags=0x0 u=0} requestCode=0 sent=0 from uid 1000
03-14 06:25:35.002  1244  1244 D SEP_UNION_SemDeviceInfoManagerService: reportUriChanged() uri = content://secmedia/images/media, tag =
03-14 06:25:35.003  1244  1244 D SEP_UNION_SemDeviceInfoManagerService: UnionContentObserver onChange: content://secmedia/local
03-14 06:25:35.003  1244  1244 D SEP_UNION_SemDeviceInfoManagerService: Notifying descendants changes.
03-14 06:25:35.003  1244  1244 D ActivityManager: Received BROADCAST intent 0x6e98985 Key{broadcastIntent pkg=com.samsung.android.service.tagservice intent=act=com.samsung.android.app.action.TAG_CHANGED dat=content://secmedia cmp=com.samsung.android.service.tagservice/.service.TagBroadcastReceiver flags=0x0 u=0} requestCode=0 sent=0 from uid 1000
03-14 06:25:35.003  1244  1244 D SEP_UNION_SemDeviceInfoManagerService: reportUriChanged() uri = content://secmedia/local, tag =
03-14 06:25:35.003  1244  1244 D SEP_UNION_SemDeviceInfoManagerService: UnionContentObserver onChange: content://secmedia/media
03-14 06:25:35.003  1244  1244 D SEP_UNION_SemDeviceInfoManagerService: Notifying descendants changes.
03-14 06:25:35.003  1244  1244 D ActivityManager: Received BROADCAST intent 0x6e98985 Key{broadcastIntent pkg=com.samsung.android.service.tagservice intent=act=com.samsung.android.app.action.TAG_CHANGED dat=content://secmedia cmp=com.samsung.android.service.tagservice/.service.TagBroadcastReceiver flags=0x0 u=0} requestCode=0 sent=0 from uid 1000
03-14 06:25:35.003  1244  1244 D SEP_UNION_SemDeviceInfoManagerService: reportUriChanged() uri = content://secmedia/media, tag =
03-14 06:25:35.004 28861 28924 I SecMediaProvider: 10076 UPDATE /local/metadata [count=1]
03-14 06:25:35.004   563   853 E audit   : avc:  denied  { find } for pid=9327 uid=10277 name=tethering scontext=u:r:permissioncontroller_app:s0:c21,c257,c512,c768 tcontext=u:object_r:tethering_service:s0 tclass=service_manager permissive=0
03-14 06:25:35.004   563   853 I servicemanager: tethering : getService has failed, permission denied.
03-14 06:25:35.008  4542 28856 I CMHProvider: [#CMH#] call from app:  com.android.providers.downloads , methodName: media_content_change , arg:null
03-14 06:25:35.012  4542 10408 I MediaContentSyncLocation: [#CMH#] Location Count MP :  0, CMH : 0
03-14 06:25:35.012  4542 10408 I MediaContentSyncTask: [#CMH#] Total Sync Time :  53
03-14 06:25:35.012  4542 10408 I BaseThreadPoolExecutor: [#CMH#] afterExecute FutureTask
03-14 06:25:35.013  4542 10408 I ControllerEventHandler: [#CMH#] New Task for wait content sync job
03-14 06:25:35.013  4542 10408 I BaseThreadPoolExecutor: [#CMH#] Task com.samsung.cmh.database.MediaContentSyncTask@503b9c0 is submitted
03-14 06:25:35.019  1244  4194 I HeimdAllFS: Connect Installd
03-14 06:25:35.019  4542  4607 I ControllerEventHandler: [#CMH#] Set wait content count
03-14 06:25:35.020  1244  4194 I HeimdAllFS: DEBUG: TRUE Dry-run: FALSE UsageStateMode: mars
03-14 06:25:35.021  1244  1472 I ActivityManager: Force stopping io.appium.uiautomator2.server.test appid=10319 user=0: from pid 10488
03-14 06:25:35.023  1244  1244 D SamsungAlarmManager: Remove alarm for next reason : android.intent.action.PACKAGE_RESTARTED / pkg:io.appium.uiautomator2.server.test
03-14 06:25:35.024 10488 10490 I cmd     : oneway function results will be dropped but finished with status OK and parcel size 4
03-14 06:25:35.025  2018  2018 D RegisteredServicesCache: io.appium.uiautomator2.server.test is not realted HCE package
03-14 06:25:35.026  1638  1638 E PhoneInterfaceManager: [PhoneIntfMgr] getCarrierPackageNamesForIntentAndPhone: No UICC
03-14 06:25:35.026  1638  1638 D CarrierSvcBindHelper: No carrier app for: 0
03-14 06:25:35.026  1638  1638 E PhoneInterfaceManager: [PhoneIntfMgr] getCarrierPackageNamesForIntentAndPhone: No UICC
03-14 06:25:35.026  1638  1638 D CarrierSvcBindHelper: No carrier app for: 1
03-14 06:25:35.027  2018  2018 D RegisteredNfcFServicesCache: Service unchanged, not updating
03-14 06:25:35.033  4542 10408 I MediaContentSyncTask: [#CMH#] No of Row (SEC MP :  9, Max Id : 2147483686) (CMH : 9, Max Id : 2147483686) - Time :20
03-14 06:25:35.039 10409 10409 I FirebaseInitProvider: FirebaseApp initialization successful
03-14 06:25:35.042  4542 10408 I MediaContentSyncTask: [#CMH#] MP time stamp :  1647235577729, CMH time stamp : 1647235577729
03-14 06:25:35.042  4542 10408 I MediaContentSyncTask: [#CMH#] Update ITEM :  0
03-14 06:25:35.050  4542 10408 I MediaContentSyncLocation: [#CMH#] Location Count MP :  0, CMH : 0
03-14 06:25:35.050  4542 10408 I MediaContentSyncTask: [#CMH#] Total Sync Time :  37
03-14 06:25:35.050  4542 10408 I BaseThreadPoolExecutor: [#CMH#] afterExecute FutureTask
03-14 06:25:35.050  4542 10408 I ControllerEventHandler: [#CMH#] New Task for wait content sync job
03-14 06:25:35.050  4542 10408 I BaseThreadPoolExecutor: [#CMH#] Task com.samsung.cmh.database.MediaContentSyncTask@503b9c0 is submitted
03-14 06:25:35.066  1244  3418 I GenerationRegistry: mBackingStore.isClosed() : false
03-14 06:25:35.070  1244  3418 D StorageManagerService: getExternalStorageMountMode: uid=10249 packageName=com.android.chrome
03-14 06:25:35.070  1244  3418 D CompatibilityChangeReporter: Compat change id reported: 135634846; UID 10249; state: DISABLED
03-14 06:25:35.070  1244  1318 D CompatibilityChangeReporter: Compat change id reported: 143937733; UID 10249; state: ENABLED
03-14 06:25:35.070  4542 10408 I MediaContentSyncTask: [#CMH#] No of Row (SEC MP :  9, Max Id : 2147483686) (CMH : 9, Max Id : 2147483686) - Time :20
03-14 06:25:35.074  1244  3418 I GenerationRegistry: mBackingStore.isClosed() : false
03-14 06:25:35.075   771   771 D Zygote  : Forked child process 10525
03-14 06:25:35.076  1244  1318 I ActivityManager: Start proc 10525:com.android.chrome/u0a249 for broadcast {com.android.chrome/org.chromium.chrome.browser.browserservices.ClientAppBroadcastReceiver}
03-14 06:25:35.077  4542 10408 I MediaContentSyncTask: [#CMH#] MP time stamp :  1647235577729, CMH time stamp : 1647235577729
03-14 06:25:35.077  4542 10408 I MediaContentSyncTask: [#CMH#] Update ITEM :  0
03-14 06:25:35.086  4542 10408 I MediaContentSyncLocation: [#CMH#] Location Count MP :  0, CMH : 0
03-14 06:25:35.086  4542 10408 I MediaContentSyncTask: [#CMH#] Total Sync Time :  36
03-14 06:25:35.086  4542 10408 I BaseThreadPoolExecutor: [#CMH#] afterExecute FutureTask
03-14 06:25:35.087 10525 10525 E .android.chrom: Not starting debugger since process cannot load the jdwp agent.
03-14 06:25:35.087  4542 10408 I ControllerEventHandler: [#CMH#]  mCustomPolicyIgnoredCalled status:  false ignoring check
03-14 06:25:35.088  4542  4739 I ControllerEventHandler: [#CMH#] POI pending item is null
03-14 06:25:35.088   896   964 I heimdall: insert_task_to_group:57, insert tgid 10525 to group com.android.chrome, ret = 0
03-14 06:25:35.090 10525 10525 D ActivityThread: setConscryptValidator
03-14 06:25:35.090 10525 10525 D ActivityThread: setConscryptValidator - put
03-14 06:25:35.091  1244  3418 I ActivityManager: DSS OFF for com.android.chrome
03-14 06:25:35.092  1244  3418 D ActivityManager: attachApplicationLocked() app=ProcessRecord{7d2c4ae 10525:com.android.chrome/u0a249} app.isolatedEntryPoint=null instr2=null
03-14 06:25:35.094 10409 10519 E ActivityThread: Failed to find provider info for com.samsung.android.app.notes.hashtagnote
03-14 06:25:35.099 10525 10525 D ActivityThread: handleBindApplication()++ app=com.android.chrome
03-14 06:25:35.107 10500 10500 D AndroidRuntime: >>>>>> START com.android.internal.os.RuntimeInit uid 2000 <<<<<<
03-14 06:25:35.109 10500 10500 I AndroidRuntime: Using default boot image
03-14 06:25:35.109 10500 10500 I AndroidRuntime: Leaving lock profiling enabled
03-14 06:25:35.109 10500 10500 D SecNativeFeatureCppIf: encoded
03-14 06:25:35.109 10500 10500 D SecNativeFeatureCppIf: decoding and unzip finish
03-14 06:25:35.109 10500 10500 D SecNativeFeatureCppIf: use unCompDataBuff. encoded
03-14 06:25:35.109 10500 10500 D SecNativeFeatureCppIf: Free unCompDataBuff
03-14 06:25:35.109 10500 10500 D SecNativeFeatureCppIf: encoded
03-14 06:25:35.109 10500 10500 D SecNativeFeatureCppIf: decoding and unzip finish
03-14 06:25:35.109 10500 10500 D SecNativeFeatureCppIf: use unCompDataBuff. encoded
03-14 06:25:35.109 10500 10500 D SecNativeFeatureCppIf: Free unCompDataBuff
03-14 06:25:35.109 10500 10500 D SecNativeFeatureCppIf: encoded
03-14 06:25:35.109 10500 10500 D SecNativeFeatureCppIf: decoding and unzip finish
03-14 06:25:35.109 10500 10500 D SecNativeFeatureCppIf: use unCompDataBuff. encoded
03-14 06:25:35.109 10500 10500 D SecNativeFeatureCppIf: Free unCompDataBuff
03-14 06:25:35.109 10500 10500 D SecNativeFeatureCppIf: encoded
03-14 06:25:35.109 10500 10500 D SecNativeFeatureCppIf: decoding and unzip finish
03-14 06:25:35.109 10500 10500 D SecNativeFeatureCppIf: use unCompDataBuff. encoded
03-14 06:25:35.109 10500 10500 D SecNativeFeatureCppIf: Free unCompDataBuff
03-14 06:25:35.109 10500 10500 D AndroidRuntime: addProductProperty: pBrand1 is not null
03-14 06:25:35.109 10500 10500 D AndroidRuntime: addProductProperty: not brand or 7
03-14 06:25:35.110 10525 10525 W ActivityThread: Application com.android.chrome can be debugged on port 8100...
03-14 06:25:35.121 10525 10525 W .android.chrom: JIT profile information will not be recorded: profile file does not exist.
03-14 06:25:35.121 10525 10525 W .android.chrom: JIT profile information will not be recorded: profile file does not exist.
03-14 06:25:35.121 10525 10525 W .android.chrom: JIT profile information will not be recorded: profile file does not exist.
03-14 06:25:35.121 10525 10525 W .android.chrom: JIT profile information will not be recorded: profile file does not exist.
03-14 06:25:35.121 10525 10525 W .android.chrom: JIT profile information will not be recorded: profile file does not exist.
03-14 06:25:35.121 10525 10525 W .android.chrom: JIT profile information will not be recorded: profile file does not exist.
03-14 06:25:35.143 10525 10525 D ActivityThread: handleBindApplication() -- skipGraphicsSupport=false
03-14 06:25:35.144 10525 10525 D ActivityThread: ActivityThread::handleMakeApplication() data=AppBindData{appInfo=ApplicationInfo{e546b7e com.android.chrome}} appContext=android.app.ContextImpl@42658df appContext.mOpPackageName=com.android.chrome appContext.mBasePackageName=com.android.chrome appContext.mPackageInfo=android.app.LoadedApk@ee1f92c Caller=android.app.ActivityThread.handleBindApplication:7405 android.app.ActivityThread.access$1500:301 android.app.ActivityThread$H.handleMessage:2130 android.os.Handler.dispatchMessage:106 android.os.Looper.loop:246
03-14 06:25:35.147 10525 10525 D LoadedApk: LoadedApk::makeApplication() appContext=android.app.ContextImpl@42aaff5 appContext.mOpPackageName=com.android.chrome appContext.mBasePackageName=com.android.chrome appContext.mPackageInfo=android.app.LoadedApk@ee1f92c
03-14 06:25:35.147 10525 10525 D NetworkSecurityConfig: Using Network Security Config from resource 0_resource_name_obfuscated debugBuild: false
03-14 06:25:35.155  1244  4194 I ActivityManager: byname cpr=ContentProviderRecord{b03a5a2 u0 com.samsung.android.providers.media/.MediaProvider},0,true
03-14 06:25:35.156 10525 10525 D NetworkSecurityConfig: Using Network Security Config from resource 0_resource_name_obfuscated debugBuild: false
03-14 06:25:35.158 10525 10525 I cr_SplitCompatApp: Launched version=96.0.4664.104 minSdkVersion=29 isBundle=true processName=com.android.chrome isIsolated=false
03-14 06:25:35.174 10500 10500 D app_process: Time zone APEX ICU file found: /apex/com.android.tzdata/etc/icu/icu_tzdata.dat
03-14 06:25:35.174 10500 10500 D app_process: I18n APEX ICU file found: /apex/com.android.i18n/etc/icu/icudt66l.dat
03-14 06:25:35.178 10500 10500 I app_process: The ClassLoaderContext is a special shared library.
03-14 06:25:35.185 10500 10500 E SemDvfsManager_JNI: SemDvfsManager: registerfunction enter
03-14 06:25:35.185 10500 10500 E SemAffinityControl: SemAffinityControl: registerfunction enter
03-14 06:25:35.186 10500 10500 W app_process: JNI RegisterNativeMethods: attempt to register 0 native methods for android.media.AudioAttributes
03-14 06:25:35.188  1244  4194 I GenerationRegistry: mBackingStore.isClosed() : false
03-14 06:25:35.189 10500 10500 D AndroidRuntime: Calling main entry com.android.commands.am.Am
03-14 06:25:35.199  1244  3418 I ActivityManager: Force stopping io.appium.uiautomator2.server appid=10318 user=0: start instr
03-14 06:25:35.201  1244  3418 D StorageManagerService: getExternalStorageMountMode: uid=10318 packageName=io.appium.uiautomator2.server
03-14 06:25:35.202  1244  3418 D CompatibilityChangeReporter: Compat change id reported: 135634846; UID 10318; state: DISABLED
03-14 06:25:35.202  1244  3418 D CompatibilityChangeReporter: Compat change id reported: 135754954; UID 10318; state: DISABLED
03-14 06:25:35.202  1244  1318 D CompatibilityChangeReporter: Compat change id reported: 143937733; UID 10318; state: DISABLED
03-14 06:25:35.208   563   853 E audit   : avc:  denied  { find } for pid=9327 uid=10277 name=tethering scontext=u:r:permissioncontroller_app:s0:c21,c257,c512,c768 tcontext=u:object_r:tethering_service:s0 tclass=service_manager permissive=0
03-14 06:25:35.208   563   853 I servicemanager: tethering : getService has failed, permission denied.
03-14 06:25:35.212   770   770 D Zygote  : Forked child process 10603
03-14 06:25:35.212  1244  1318 I ActivityManager: Start proc 10603:io.appium.uiautomator2.server/u0a318 for added application io.appium.uiautomator2.server
03-14 06:25:35.217  2892  4425 I FontLog : Received query Google Sans, URI content://com.google.android.gms.fonts [CONTEXT service_id=132 ]
03-14 06:25:35.217  2892  4425 I FontLog : Query [Google Sans] resolved to {Google Sans, wdth 100.0, wght 400, ital 0.0, bestEffort false} [CONTEXT service_id=132 ]
03-14 06:25:35.218  2892  4425 I FontLog : Font PFD returned from cache for {Google Sans, wdth 100.0, wght 400, ital 0.0, bestEffort false} [CONTEXT service_id=132 ]
03-14 06:25:35.218  2892  4425 I FontLog : Fetch {Google Sans, wdth 100.0, wght 400, ital 0.0, bestEffort false} end status Status{statusCode=SUCCESS, resolution=null} [CONTEXT service_id=132 ]
03-14 06:25:35.220 10603 10603 I libc    : SetHeapTaggingLevel: tag level set to 0
03-14 06:25:35.222 10603 10603 I tomator2.serve: Late-enabling -Xcheck:jni
03-14 06:25:35.225  2892  4425 I FontLog : Pulling font file for id = 26, cache size = 12 [CONTEXT service_id=132 ]
03-14 06:25:35.231  1244  1472 D StorageManagerService: getExternalStorageMountMode: uid=10079 packageName=com.google.android.documentsui
03-14 06:25:35.231  1244  1472 D CompatibilityChangeReporter: Compat change id reported: 135634846; UID 10079; state: DISABLED
03-14 06:25:35.231  1244  1472 D CompatibilityChangeReporter: Compat change id reported: 135754954; UID 10079; state: ENABLED
03-14 06:25:35.232  1244  1318 D CompatibilityChangeReporter: Compat change id reported: 143937733; UID 10079; state: ENABLED
03-14 06:25:35.240  2892  2908 I FontLog : Received query Google Sans:500, URI content://com.google.android.gms.fonts [CONTEXT service_id=132 ]
03-14 06:25:35.240  2892  2908 I FontLog : Query [Google Sans:500] resolved to {Google Sans, wdth 100.0, wght 500, ital 0.0, bestEffort false} [CONTEXT service_id=132 ]
03-14 06:25:35.241  2892  2908 I FontLog : Font PFD returned from cache for {Google Sans, wdth 100.0, wght 500, ital 0.0, bestEffort false} [CONTEXT service_id=132 ]
03-14 06:25:35.241  2892  2908 I FontLog : Fetch {Google Sans, wdth 100.0, wght 500, ital 0.0, bestEffort false} end status Status{statusCode=SUCCESS, resolution=null} [CONTEXT service_id=132 ]
03-14 06:25:35.242   770   770 D Zygote  : Forked child process 10617
03-14 06:25:35.245  1244  1318 I ActivityManager: Start proc 10617:com.google.android.documentsui/u0a79 for broadcast {com.google.android.documentsui/com.android.documentsui.PackageReceiver}
03-14 06:25:35.247 10603 10603 I tomator2.serve: Unquickening 21 vdex files!
03-14 06:25:35.247  2892  2908 I FontLog : Pulling font file for id = 27, cache size = 8 [CONTEXT service_id=132 ]
03-14 06:25:35.250 10617 10617 E oid.documentsu: Not starting debugger since process cannot load the jdwp agent.
03-14 06:25:35.252   896   964 I heimdall: insert_task_to_group:57, insert tgid 10603 to group io.appium.uiautomator2.server, ret = 0
03-14 06:25:35.253  2750  2762 I adbd    : jdwp connection from 10603
03-14 06:25:35.254 10603 10603 D ActivityThread: setConscryptValidator
03-14 06:25:35.254 10603 10603 D ActivityThread: setConscryptValidator - put
03-14 06:25:35.258  1244  4194 I ActivityManager: DSS OFF for io.appium.uiautomator2.server
03-14 06:25:35.260  1244  4194 D ActivityManager: attachApplicationLocked() app=ProcessRecord{dbb0a3c 10603:io.appium.uiautomator2.server/u0a318} app.isolatedEntryPoint=null instr2=ActiveInstrumentation{1653abe {io.appium.uiautomator2.server.test/androidx.test.runner.AndroidJUnitRunner} 1 procs}
03-14 06:25:35.260  1244  4194 I AppOps  : updateUidProcState uid: 10318 procState: 4 capability:6
03-14 06:25:35.260  1244  4194 I AppOps  : commitUidPendingStateLocked() :: UID - 10318, 700 > 400, 0 > 6
03-14 06:25:35.260 10617 10617 D ActivityThread: setConscryptValidator
03-14 06:25:35.261 10617 10617 D ActivityThread: setConscryptValidator - put
03-14 06:25:35.264  1244  1472 I ActivityManager: DSS OFF for com.google.android.documentsui
03-14 06:25:35.265  1244  1472 D ActivityManager: attachApplicationLocked() app=ProcessRecord{38b21c3 10617:com.google.android.documentsui/u0a79} app.isolatedEntryPoint=null instr2=null
03-14 06:25:35.266 10603 10603 D ActivityThread: handleBindApplication()++ app=io.appium.uiautomator2.server
03-14 06:25:35.272 10603 10603 D ApplicationLoaders: Returning zygote-cached class loader: /system/framework/android.test.base.jar
03-14 06:25:35.273 10603 10603 I tomator2.serve: The ClassLoaderContext is a special shared library.
03-14 06:25:35.273 10603 10603 I tomator2.serve: The ClassLoaderContext is a special shared library.
03-14 06:25:35.274 10617 10617 D ActivityThread: handleBindApplication()++ app=com.google.android.documentsui
03-14 06:25:35.274 10603 10603 I tomator2.serve: The ClassLoaderContext is a special shared library.
03-14 06:25:35.275   896   964 I heimdall: insert_task_to_group:57, insert tgid 10617 to group com.google.android.documentsui, ret = 0
03-14 06:25:35.280  2892  4425 I FontLog : Received query Google Sans:700, URI content://com.google.android.gms.fonts [CONTEXT service_id=132 ]
03-14 06:25:35.281  2892  4425 I FontLog : Query [Google Sans:700] resolved to {Google Sans, wdth 100.0, wght 700, ital 0.0, bestEffort false} [CONTEXT service_id=132 ]
03-14 06:25:35.283  2892  4425 I FontLog : Fetch {Google Sans, wdth 100.0, wght 700, ital 0.0, bestEffort false} end status Status{statusCode=SUCCESS, resolution=null} [CONTEXT service_id=132 ]
03-14 06:25:35.290  2892  4425 I FontLog : Pulling font file for id = 28, cache size = 9 [CONTEXT service_id=132 ]
03-14 06:25:35.295 10617 10617 W oid.documentsu: JIT profile information will not be recorded: profile file does not exist.
03-14 06:25:35.295 10617 10617 W oid.documentsu: JIT profile information will not be recorded: profile file does not exist.
03-14 06:25:35.295 10617 10617 W oid.documentsu: JIT profile information will not be recorded: profile file does not exist.
03-14 06:25:35.295 10617 10617 W oid.documentsu: JIT profile information will not be recorded: profile file does not exist.
03-14 06:25:35.295 10617 10617 W oid.documentsu: JIT profile information will not be recorded: profile file does not exist.
03-14 06:25:35.295 10617 10617 W oid.documentsu: JIT profile information will not be recorded: profile file does not exist.
03-14 06:25:35.296 10617 10617 W oid.documentsu: JIT profile information will not be recorded: profile file does not exist.
03-14 06:25:35.312 10617 10617 D ActivityThread: handleBindApplication() -- skipGraphicsSupport=false
03-14 06:25:35.313 10617 10617 D ActivityThread: ActivityThread::handleMakeApplication() data=AppBindData{appInfo=ApplicationInfo{e546b7e com.google.android.documentsui}} appContext=android.app.ContextImpl@42658df appContext.mOpPackageName=com.google.android.documentsui appContext.mBasePackageName=com.google.android.documentsui appContext.mPackageInfo=android.app.LoadedApk@ee1f92c Caller=android.app.ActivityThread.handleBindApplication:7405 android.app.ActivityThread.access$1500:301 android.app.ActivityThread$H.handleMessage:2130 android.os.Handler.dispatchMessage:106 android.os.Looper.loop:246
03-14 06:25:35.315 10617 10617 D LoadedApk: LoadedApk::makeApplication() appContext=android.app.ContextImpl@42aaff5 appContext.mOpPackageName=com.google.android.documentsui appContext.mBasePackageName=com.google.android.documentsui appContext.mPackageInfo=android.app.LoadedApk@ee1f92c
03-14 06:25:35.315 10617 10617 D NetworkSecurityConfig: No Network Security Config specified, using platform default
03-14 06:25:35.324 10617 10617 D NetworkSecurityConfig: No Network Security Config specified, using platform default
03-14 06:25:35.326 10603 10603 D ApplicationLoaders: Returning zygote-cached class loader: /system/framework/android.test.base.jar
03-14 06:25:35.326 10603 10603 D ApplicationLoaders: Returning zygote-cached class loader: /system/framework/android.test.base.jar
03-14 06:25:35.327 10603 10603 I tomator2.serve: The ClassLoaderContext is a special shared library.
03-14 06:25:35.329 10603 10603 D ApplicationLoaders: Returning zygote-cached class loader: /system/framework/android.test.base.jar
03-14 06:25:35.329 10603 10603 D ApplicationLoaders: Returning zygote-cached class loader: /system/framework/android.test.base.jar
03-14 06:25:35.330 10603 10603 I tomator2.serve: The ClassLoaderContext is a special shared library.
03-14 06:25:35.332 10603 10603 I tomator2.serve: The ClassLoaderContext is a special shared library.
03-14 06:25:35.332 10603 10603 I tomator2.serve: The ClassLoaderContext is a special shared library.
03-14 06:25:35.333 10603 10603 I tomator2.serve: The ClassLoaderContext is a special shared library.
03-14 06:25:35.337 10617 10668 W ThemeOverlayManager: Skip enabled overlay package:com.google.android.overlay.modules.documentsui, user:UserHandle{0}
03-14 06:25:35.370 10617 10617 D DocumentsApplication: OverlayManager.setEnabled() result: false
03-14 06:25:35.377 10603 10603 W tomator2.serve: Accessing hidden method Landroid/app/Instrumentation;->execStartActivity(Landroid/content/Context;Landroid/os/IBinder;Landroid/os/IBinder;Landroid/app/Activity;Landroid/content/Intent;ILandroid/os/Bundle;)Landroid/app/Instrumentation$ActivityResult; (greylist, linking, allowed)
03-14 06:25:35.377 10603 10603 W tomator2.serve: Accessing hidden method Landroid/app/Instrumentation;->execStartActivity(Landroid/content/Context;Landroid/os/IBinder;Landroid/os/IBinder;Ljava/lang/String;Landroid/content/Intent;ILandroid/os/Bundle;)Landroid/app/Instrumentation$ActivityResult; (greylist, linking, allowed)
03-14 06:25:35.377  1244  3418 I ActivityManager: Killing 32565:com.samsung.android.mobileservice/u0a119 (adj 999): empty for 3045s
03-14 06:25:35.379 10603 10603 D ActivityThread: handleBindApplication() -- skipGraphicsSupport=false
03-14 06:25:35.379 10603 10603 D ActivityThread: ActivityThread::handleMakeApplication() data=AppBindData{appInfo=ApplicationInfo{e546b7e io.appium.uiautomator2.server}} appContext=android.app.ContextImpl@42658df appContext.mOpPackageName=io.appium.uiautomator2.server appContext.mBasePackageName=io.appium.uiautomator2.server appContext.mPackageInfo=android.app.LoadedApk@ee1f92c Caller=android.app.ActivityThread.handleBindApplication:7405 android.app.ActivityThread.access$1500:301 android.app.ActivityThread$H.handleMessage:2130 android.os.Handler.dispatchMessage:106 android.os.Looper.loop:246
03-14 06:25:35.381 10603 10603 D LoadedApk: LoadedApk::makeApplication() appContext=android.app.ContextImpl@42aaff5 appContext.mOpPackageName=io.appium.uiautomator2.server appContext.mBasePackageName=io.appium.uiautomator2.server appContext.mPackageInfo=android.app.LoadedApk@ee1f92c
03-14 06:25:35.381 10603 10603 D NetworkSecurityConfig: No Network Security Config specified, using platform default
03-14 06:25:35.388  3084  9375 I PackageIntentOperation: Received broadcast action=android.intent.action.PACKAGE_DATA_CLEARED [CONTEXT service_id=258 ]
03-14 06:25:35.388  3084  9375 I PackageIntentOperation: handling PACKAGE_DATA_CLEARED action. [CONTEXT service_id=258 ]
03-14 06:25:35.389  3084  9375 I BlockstoreStorage: Writing 0 bytes of block data for com.tiket.gits [CONTEXT service_id=258 ]
03-14 06:25:35.395  1244  3385 I GenerationRegistry: mBackingStore.isClosed() : false
03-14 06:25:35.404 10603 10603 D NetworkSecurityConfig: No Network Security Config specified, using platform default
03-14 06:25:35.408   563   853 E audit   : avc:  denied  { find } for pid=9327 uid=10277 name=tethering scontext=u:r:permissioncontroller_app:s0:c21,c257,c512,c768 tcontext=u:object_r:tethering_service:s0 tclass=service_manager permissive=0
03-14 06:25:35.408   563   853 I servicemanager: tethering : getService has failed, permission denied.
03-14 06:25:35.409 10603 10603 I MonitoringInstr: Instrumentation started!
03-14 06:25:35.410 10603 10603 I MonitoringInstr: Setting context classloader to 'dalvik.system.PathClassLoader[DexPathList[[zip file "/system/framework/android.test.runner.jar", zip file "/system/framework/android.test.mock.jar", zip file "/system/framework/android.test.base.jar", zip file "/data/app/~~rT9ysD4Zrd70DN5-2dh8kw==/io.appium.uiautomator2.server.test-wJG2sZg3jHV8JvoXrAPs_w==/base.apk", zip file "/data/app/~~raaThwpjDPAYHF-lHTkGTw==/io.appium.uiautomator2.server-NgRVA0QJki74s3N8npIK9Q==/base.apk"],nativeLibraryDirectories=[/data/app/~~rT9ysD4Zrd70DN5-2dh8kw==/io.appium.uiautomator2.server.test-wJG2sZg3jHV8JvoXrAPs_w==/lib/arm64, /data/app/~~raaThwpjDPAYHF-lHTkGTw==/io.appium.uiautomator2.server-NgRVA0QJki74s3N8npIK9Q==/lib/arm64, /system/lib64]]]', Original: 'dalvik.system.PathClassLoader[DexPathList[[zip file "/system/framework/android.test.runner.jar", zip file "/system/framework/android.test.mock.jar", zip file "/system/framework/android.test.base.jar", zip file "/data/app/~~rT9ysD4Zrd70DN5-2dh8kw==/io.appium.uiautomator2.server.test-wJG2sZg3jHV8JvoXrAPs_w==/base.apk", zip file "/data/app/~~raaThwpjDPAYHF-lHTkGTw==/io.appium.uiautomator2.server-NgRVA0QJki74s3N8npIK9Q==/base.apk"],nativeLibraryDirectories=[/data/app/~~rT9ysD4Zrd70DN5-2dh8kw==/io.appium.uiautomator2.server.test-wJG2sZg3jHV8JvoXrAPs_w==/lib/arm64, /data/app/~~raaThwpjDPAYHF-lHTkGTw==/io.appium.uiautomator2.server-NgRVA0QJki74s3N8npIK9Q==/lib/arm64, /system/lib64]]]'
03-14 06:25:35.413 10603 10603 I MonitoringInstr: No JSBridge.
03-14 06:25:35.413  3084 18198 I Icing   : doRemovePackageData com.tiket.gits
03-14 06:25:35.414 10603 10683 I MonitoringInstr: Setting context classloader to 'dalvik.system.PathClassLoader[DexPathList[[zip file "/system/framework/android.test.runner.jar", zip file "/system/framework/android.test.mock.jar", zip file "/system/framework/android.test.base.jar", zip file "/data/app/~~rT9ysD4Zrd70DN5-2dh8kw==/io.appium.uiautomator2.server.test-wJG2sZg3jHV8JvoXrAPs_w==/base.apk", zip file "/data/app/~~raaThwpjDPAYHF-lHTkGTw==/io.appium.uiautomator2.server-NgRVA0QJki74s3N8npIK9Q==/base.apk"],nativeLibraryDirectories=[/data/app/~~rT9ysD4Zrd70DN5-2dh8kw==/io.appium.uiautomator2.server.test-wJG2sZg3jHV8JvoXrAPs_w==/lib/arm64, /data/app/~~raaThwpjDPAYHF-lHTkGTw==/io.appium.uiautomator2.server-NgRVA0QJki74s3N8npIK9Q==/lib/arm64, /system/lib64]]]', Original: 'dalvik.system.PathClassLoader[DexPathList[[zip file "/system/framework/android.test.runner.jar", zip file "/system/framework/android.test.mock.jar", zip file "/system/framework/android.test.base.jar", zip file "/data/app/~~rT9ysD4Zrd70DN5-2dh8kw==/io.appium.uiautomator2.server.test-wJG2sZg3jHV8JvoXrAPs_w==/base.apk", zip file "/data/app/~~raaThwpjDPAYHF-lHTkGTw==/io.appium.uiautomator2.server-NgRVA0QJki74s3N8npIK9Q==/base.apk"],nativeLibraryDirectories=[/data/app/~~rT9ysD4Zrd70DN5-2dh8kw==/io.appium.uiautomator2.server.test-wJG2sZg3jHV8JvoXrAPs_w==/lib/arm64, /data/app/~~raaThwpjDPAYHF-lHTkGTw==/io.appium.uiautomator2.server-NgRVA0QJki74s3N8npIK9Q==/lib/arm64, /system/lib64]]]'
03-14 06:25:35.417  2892  9358 I Fitness : FitCleanupIntentOperation received Intent android.intent.action.PACKAGE_DATA_CLEARED [CONTEXT service_id=17 ]
03-14 06:25:35.421   771   771 I Zygote  : Process 32565 exited due to signal 9 (Killed)
03-14 06:25:35.422 10603 10683 I UsageTrackerFacilitator: Usage tracking enabled
03-14 06:25:35.423  1006  3287 I CameraService: UidPolicy: No processes running for a uid=10119 disabled=0
03-14 06:25:35.423 10603 10683 I TestRequestBuilder: Scanning classpath to find tests in paths [/data/app/~~rT9ysD4Zrd70DN5-2dh8kw==/io.appium.uiautomator2.server.test-wJG2sZg3jHV8JvoXrAPs_w==/base.apk]
03-14 06:25:35.423 10603 10683 W tomator2.serve: Opening an oat file without a class loader. Are you using the deprecated DexFile APIs?
03-14 06:25:35.439  1244  1323 I libprocessgroup: Successfully killed process cgroup uid 10119 pid 32565 in 59ms
03-14 06:25:35.443  1244  3310 D StorageManagerService: getExternalStorageMountMode: uid=10154 packageName=com.microsoft.appmanager
03-14 06:25:35.444  1244  3310 D CompatibilityChangeReporter: Compat change id reported: 135634846; UID 10154; state: DISABLED
03-14 06:25:35.444  1244  3310 D CompatibilityChangeReporter: Compat change id reported: 135754954; UID 10154; state: DISABLED
03-14 06:25:35.444  1244  1318 D CompatibilityChangeReporter: Compat change id reported: 143937733; UID 10154; state: DISABLED
03-14 06:25:35.451 28861 28861 D LoadedApk: LoadedApk::makeApplication() appContext=android.app.ContextImpl@16282d0 appContext.mOpPackageName=com.samsung.android.providers.media appContext.mBasePackageName=com.samsung.android.providers.media appContext.mPackageInfo=android.app.LoadedApk@7ad42c9
03-14 06:25:35.451 28861 28861 D NetworkSecurityConfig: No Network Security Config specified, using platform default
03-14 06:25:35.452 28861 28861 D MediaSyncService: job uri: content://media/external/video/media/79
03-14 06:25:35.454  3288 11130 I MediaProvider: Begin Intent { act=android.intent.action.PACKAGE_DATA_CLEARED dat=package:com.tiket.gits flg=0x1000010 cmp=com.google.android.providers.media.module/com.android.providers.media.MediaService (has extras) }
03-14 06:25:35.455   894  2552 D NativeSemDvfsManager: acquire:: timeout = 1000 mIsAcquired = 1  mTagName : SurfaceFlinger
03-14 06:25:35.456   835   854 I HYPER-HAL: [RequestManager.cpp]acquire(): Acquired ID : 1795565  [894 / 1000]    HINT : NOT_EXIST    list : [GPUMinFreq / 403000] [TIMEOUT / 1000]
03-14 06:25:35.457   894  2552 E NativeCustomFrequencyManager: [NativeCFMS] BpCustomFrequencyManager::acquire()
03-14 06:25:35.460  3288 11130 I MediaProvider: End Intent { act=android.intent.action.PACKAGE_DATA_CLEARED dat=package:com.tiket.gits flg=0x1000010 cmp=com.google.android.providers.media.module/com.android.providers.media.MediaService (has extras) }
03-14 06:25:35.471   770   770 D Zygote  : Forked child process 10693
03-14 06:25:35.472  1244  1318 I ActivityManager: Start proc 10693:com.microsoft.appmanager/u0a154 for broadcast {com.microsoft.appmanager/com.samsung.android.sdk.mdx.windowslink.tileservice.WindowsLinkTileBroadcastReceiver}
03-14 06:25:35.483 10693 10693 I libc    : SetHeapTaggingLevel: tag level set to 0
03-14 06:25:35.495 10603 10683 D TestExecutor: Adding listener androidx.test.internal.runner.listener.LogRunListener
03-14 06:25:35.495 10603 10683 D TestExecutor: Adding listener androidx.test.internal.runner.listener.InstrumentationResultPrinter
03-14 06:25:35.495 10603 10683 D TestExecutor: Adding listener androidx.test.internal.runner.listener.ActivityFinisherRunListener
03-14 06:25:35.495 10603 10683 I TestRunner: run started: 1 tests
03-14 06:25:35.496 10603 10683 I TestRunner: started: startServer(io.appium.uiautomator2.server.test.AppiumUiAutomator2Server)
03-14 06:25:35.498 10603 10603 I MonitoringInstr: Activities that are still in CREATED to STOPPED: 0
03-14 06:25:35.497 10693 10693 E soft.appmanage: Not starting debugger since process cannot load the jdwp agent.
03-14 06:25:35.501 10603 10683 I appium  : [AppiumUiAutomator2Server] Starting Server
03-14 06:25:35.501  1244  1257 W System  : A resource failed to call release.
03-14 06:25:35.501  1244  1257 I SurfaceControl: finalize : nativeObject = -5476376644737216240 - Surface(name=Surface(name=dce8864 InputMethod)/@0x2e62f82 - animation-leash)/@0x3bcb7da
03-14 06:25:35.501  1244  1257 I SurfaceControl: nativeRelease nativeObject s[-5476376644737216240]
03-14 06:25:35.501  1244  1257 I SurfaceControl: nativeRelease nativeObject e[-5476376644737216240]
03-14 06:25:35.501  1244  1257 W System  : A resource failed to call release.
03-14 06:25:35.502  1244  1257 I SurfaceControl: finalize : nativeObject = -5476376644737301136 - Surface(name=Surface(name=dce8864 InputMethod)/@0x2e62f82 - animation-leash)/@0x3fae40b
03-14 06:25:35.502  1244  1257 I SurfaceControl: nativeRelease nativeObject s[-5476376644737301136]
03-14 06:25:35.502  1244  1257 I SurfaceControl: nativeRelease nativeObject e[-5476376644737301136]
03-14 06:25:35.503   896   964 I heimdall: insert_task_to_group:57, insert tgid 10693 to group com.microsoft.appmanager, ret = 0
03-14 06:25:35.504  1244  1244 D StorageManagerService: getExternalStorageMountMode: uid=10117 packageName=com.samsung.android.scs
03-14 06:25:35.505  1244  1244 D CompatibilityChangeReporter: Compat change id reported: 135634846; UID 10117; state: DISABLED
03-14 06:25:35.505  1244  1244 D CompatibilityChangeReporter: Compat change id reported: 135754954; UID 10117; state: DISABLED
03-14 06:25:35.505  1244  1318 D CompatibilityChangeReporter: Compat change id reported: 143937733; UID 10117; state: DISABLED
03-14 06:25:35.507 10693 10693 D ActivityThread: setConscryptValidator
03-14 06:25:35.507 10693 10693 D ActivityThread: setConscryptValidator - put
03-14 06:25:35.510  1244  4417 I ActivityManager: DSS OFF for com.microsoft.appmanager
03-14 06:25:35.512  1244  4417 D ActivityManager: attachApplicationLocked() app=ProcessRecord{3605593 10693:com.microsoft.appmanager/u0a154} app.isolatedEntryPoint=null instr2=null
03-14 06:25:35.513   770   770 D Zygote  : Forked child process 10711
03-14 06:25:35.515  1244  1318 I ActivityManager: Start proc 10711:com.samsung.android.scs/u0a117 for service {com.samsung.android.scs/com.samsung.android.scs.ai.search.data.ObserverJobService}
03-14 06:25:35.515 10693 10693 D ActivityThread: handleBindApplication()++ app=com.microsoft.appmanager
03-14 06:25:35.519 10711 10711 I libc    : SetHeapTaggingLevel: tag level set to 0
03-14 06:25:35.524 10711 10711 E ung.android.sc: Not starting debugger since process cannot load the jdwp agent.
03-14 06:25:35.526 10711 10711 D ActivityThread: setConscryptValidator
03-14 06:25:35.526   896   964 I heimdall: insert_task_to_group:57, insert tgid 10711 to group com.samsung.android.scs, ret = 0
03-14 06:25:35.526 10711 10711 D ActivityThread: setConscryptValidator - put
03-14 06:25:35.527  1244  4417 I ActivityManager: DSS OFF for com.samsung.android.scs
03-14 06:25:35.528 10693 10693 D ApplicationLoaders: Returning zygote-cached class loader: /system/framework/android.test.base.jar
03-14 06:25:35.530 10693 10693 I soft.appmanage: The ClassLoaderContext is a special shared library.
03-14 06:25:35.530  1244  4417 D ActivityManager: attachApplicationLocked() app=ProcessRecord{3e77a6 10711:com.samsung.android.scs/u0a117} app.isolatedEntryPoint=null instr2=null
03-14 06:25:35.533 10711 10711 D ActivityThread: handleBindApplication()++ app=com.samsung.android.scs
03-14 06:25:35.549 10711 10711 I SCS@AiSearch user 0: (SearchProvider) [main] entering in onCreate():
03-14 06:25:35.550 10711 10733 I SCS@AiSearch user 0: (AiSearch user 0) [Thread-4] entering in init():  Logger initialization. Path: /data/log/
03-14 06:25:35.550 10711 10711 I SCS@AiSearch user 0: (LuceneApplication) [main] entering in init():
03-14 06:25:35.551 10693 10693 D ActivityThread: handleBindApplication() -- skipGraphicsSupport=false
03-14 06:25:35.552 10693 10693 D ActivityThread: ActivityThread::handleMakeApplication() data=AppBindData{appInfo=ApplicationInfo{e546b7e com.microsoft.appmanager}} appContext=android.app.ContextImpl@42658df appContext.mOpPackageName=com.microsoft.appmanager appContext.mBasePackageName=com.microsoft.appmanager appContext.mPackageInfo=android.app.LoadedApk@ee1f92c Caller=android.app.ActivityThread.handleBindApplication:7405 android.app.ActivityThread.access$1500:301 android.app.ActivityThread$H.handleMessage:2130 android.os.Handler.dispatchMessage:106 android.os.Looper.loop:246
03-14 06:25:35.553 10711 10711 I SCS@AiSearch user 0: (LuceneApplication) checkIsUpdated(): sIsUpdate = false
03-14 06:25:35.553 10711 10711 I SCS@AiSearch user 0: (IndexManager) ctor():
03-14 06:25:35.554 10711 10711 I SCS@AiSearch user 0: (LuceneApplication) validatePendingJobs: pendingJobs= 7
03-14 06:25:35.554 10711 10711 I SCS@AiSearch user 0: (LuceneApplication) [main] leaving from init():
03-14 06:25:35.554 10711 10711 I SCS@AiSearch user 0: (SearchProvider) [main] leaving from onCreate():
03-14 06:25:35.554 10711 10738 I SCS@AiSearch user 0: (ConfigManager) [pool-3-thread-1] entering in loadConfig():
03-14 06:25:35.554 10711 10738 I SCS@AiSearch user 0: (MD5Utils) verifyHashChanged(): storageHash = 1972ef604a0aa5e37829a0b0759f62c8 | assetsHash  = 1972ef604a0aa5e37829a0b0759f62c8
03-14 06:25:35.554 10711 10738 I SCS@AiSearch user 0: (ConfigManager) Config.json is already updated on internal storage
03-14 06:25:35.555 10693 10693 D LoadedApk: LoadedApk::makeApplication() appContext=android.app.ContextImpl@42aaff5 appContext.mOpPackageName=com.microsoft.appmanager appContext.mBasePackageName=com.microsoft.appmanager appContext.mPackageInfo=android.app.LoadedApk@ee1f92c
03-14 06:25:35.555 10693 10693 D NetworkSecurityConfig: No Network Security Config specified, using platform default
03-14 06:25:35.556 10711 10711 I ServiceApplication: process:com.samsung.android.scs version:1.1.00.27 flavor:full
03-14 06:25:35.556 10711 10711 I SCS@AiSearch user 0: (LuceneApplication) [main] entering in init():
03-14 06:25:35.557 10711 10733 I SCS@AiSearch user 0: (AiSearch user 0) Logger init success
03-14 06:25:35.558 10711 10740 I SCS@SuggestionEngine: (SuggestionManager) Suggestion Engine core init
03-14 06:25:35.558 10711 10740 I SCS@SuggestionEngine: (SuggestionManager) Scheduling GALLERY_CONTENT_CHECKER job 1020 first time for 600000 ms
03-14 06:25:35.559 10711 10738 I SCS@AiSearch user 0: (ConfigManager) isAppEnabled(): FloatingFeature :V4, com.sec.android.gallery3d enabled:
03-14 06:25:35.560  1244  3310 I GenerationRegistry: mBackingStore.isClosed() : false
03-14 06:25:35.560 10711 10711 I SCS@AiSearch user 0: (ObserverJobService) [main] entering in onStartJob():  jobId: 1008
03-14 06:25:35.560 10711 10738 I SCS@AiSearch user 0: (ConfigManager) [pool-3-thread-1] leaving from loadConfig():
03-14 06:25:35.561 10693 10693 D NetworkSecurityConfig: No Network Security Config specified, using platform default
03-14 06:25:35.564 10711 10711 I SCS@AiSearch user 0: (CollectorFactory) Creating collector for GALLERY
03-14 06:25:35.566 10711 10711 I SCS@AiSearch user 0: (BaseCollector:: GALLERY) [main] entering in onChange():
03-14 06:25:35.566 10711 10711 I SCS@AiSearch user 0: (ObserverJobService) [main] leaving from onStartJob():
03-14 06:25:35.569 10711 10745 I SCS@AiSearch user 0: (BaseCollector:: GALLERY) Start collecting
03-14 06:25:35.569 10711 10745 I SCS@AiSearch user 0: (BaseCollector:: GALLERY) [pool-6-thread-1] entering in findChanges():
03-14 06:25:35.570 10711 10741 I DIAGMON_SDK[605029][4N4-399-535399] : generated SR object
03-14 06:25:35.571 10711 10738 I SemDesktopModeManager: registerListener: com.samsung.android.scs.ai.search.application.-$$Lambda$LuceneApplication$4kkPgp9GhNJrHbADc6EescdOsns@b8c3fa7
03-14 06:25:35.571  1244  3332 I ActivityManager: byname cpr=ContentProviderRecord{b03a5a2 u0 com.samsung.android.providers.media/.MediaProvider},0,true
03-14 06:25:35.573  1244  1288 D SamsungAlarmManager: setInexact (T:3/F:8/AC:false) 20220314T062635 now=3606366 - CU:1000/CP:1244/L:6244fe1:*CountQuotaTracker.cleanup*
03-14 06:25:35.573  1244  1288 I SamsungAlarmManager: setLocked to kernel - T:2 / 20220314T062551, set=3622748, now=3606366
03-14 06:25:35.574  1244  4417 I SamsungAlarmManager: setLocked to kernel - T:2 / 20220314T062551, set=3622748, now=3606367
03-14 06:25:35.574  1244  4417 D SamsungAlarmManager: setInexact (T:2/F:0/AC:false) 20220314T062538 now=3606367 - CU:1000/CP:1244/L:4f46ae5:*job.deadline*
03-14 06:25:35.574  1244  4417 I SamsungAlarmManager: setLocked to kernel - T:2 / 20220314T062538, set=3609366, now=3606367
03-14 06:25:35.577  1244  4417 I SamsungAlarmManager: setLocked to kernel - T:2 / 20220314T062538, set=3609366, now=3606370
03-14 06:25:35.577  1244  4417 D SamsungAlarmManager: setInexact (T:3/F:0/AC:false) 20220314T062536 now=3606370 - CU:1000/CP:1244/L:824e7c8:*job.delay*
03-14 06:25:35.577  1244  4417 I SamsungAlarmManager: setLocked to kernel - T:2 / 20220314T062538, set=3609366, now=3606370
03-14 06:25:35.577  1244  4417 I SamsungAlarmManager: setLocked to kernel - T:3 / 20220314T062536, set=3607369, now=3606370
03-14 06:25:35.578 10711 10745 I SCS@AiSearch user 0: (IndexSearcherManager) ctor
03-14 06:25:35.581  1244  3332 I GenerationRegistry: mBackingStore.isClosed() : false
03-14 06:25:35.593 10693 10693 D DbContentProvider: Content provider initialized: com.microsoft.appmanager.DatabaseContentProvider
03-14 06:25:35.601  1244  3332 D PackageManager: setEnabledSetting : userId = 0 packageName = com.microsoft.appmanager cmp = androidx.work.impl.background.systemjob.SystemJobService newState = 1 callingPackage = 10154/com.microsoft.appmanager
03-14 06:25:35.603 10693 10693 I TetheringManager: registerTetheringEventCallback:com.microsoft.appmanager
03-14 06:25:35.604 10693 10693 D ConnectivityManager: ConnectivityManager() mContext=com.microsoft.appmanager.MainApplication@52fce02 getOpPackageName()=com.microsoft.appmanager getBasePackageName()=com.microsoft.appmanager getPackageName()=com.microsoft.appmanager
03-14 06:25:35.610   563   853 E audit   : avc:  denied  { find } for pid=9327 uid=10277 name=tethering scontext=u:r:permissioncontroller_app:s0:c21,c257,c512,c768 tcontext=u:object_r:tethering_service:s0 tclass=service_manager permissive=0
03-14 06:25:35.610   563   853 I servicemanager: tethering : getService has failed, permission denied.
03-14 06:25:35.620  1244  3332 D StorageManagerService: getExternalStorageMountMode: uid=10099 packageName=com.samsung.android.mdx
03-14 06:25:35.620  1244  3332 D CompatibilityChangeReporter: Compat change id reported: 135634846; UID 10099; state: DISABLED
03-14 06:25:35.620  1244  3332 D CompatibilityChangeReporter: Compat change id reported: 135754954; UID 10099; state: DISABLED
