03-11 08:31:21.986  1227  9212 I AppsFilter: interaction: PackageSetting{53020a com.tiket.gits.debug/10330} -> PackageSetting{4407f2d com.google.android.apps.carrier.carrierwifi/10234} BLOCKED
03-11 08:31:21.986  1227  9212 I AppsFilter: interaction: PackageSetting{53020a com.tiket.gits.debug/10330} -> PackageSetting{40c62 com.google.android.apps.setupwizard.searchselector/10233} BLOCKED
03-11 08:31:21.986  1227  9212 I AppsFilter: interaction: PackageSetting{53020a com.tiket.gits.debug/10330} -> PackageSetting{34b51f3 com.android.hotspot2.osulogin/10275} BLOCKED
03-11 08:31:21.986  1227  9212 I AppsFilter: interaction: PackageSetting{53020a com.tiket.gits.debug/10330} -> PackageSetting{efc1eb0 com.google.android.gms.location.history/10246} BLOCKED
03-11 08:31:21.986  1227  9212 I AppsFilter: interaction: PackageSetting{53020a com.tiket.gits.debug/10330} -> PackageSetting{ed2e129 com.android.internal.systemui.navbar.gestural/10008} BLOCKED
03-11 08:31:21.987  1227  9212 I AppsFilter: interaction: PackageSetting{53020a com.tiket.gits.debug/10330} -> PackageSetting{f1a8cae com.android.theme.color.orchid/10001} BLOCKED
03-11 08:31:21.987  1227  9212 I AppsFilter: interaction: PackageSetting{53020a com.tiket.gits.debug/10330} -> PackageSetting{1bf1a4f com.android.theme.color.purple/10015} BLOCKED
03-11 08:31:21.987  1227  9212 I AppsFilter: interaction: PackageSetting{53020a com.tiket.gits.debug/10330} -> PackageSetting{f14bcf8 com.facebook.appmanager/10196} BLOCKED
03-11 08:31:21.987  1227  9212 I AppsFilter: interaction: PackageSetting{53020a com.tiket.gits.debug/10330} -> PackageSetting{1cd25d7 com.google.android.cellbroadcastreceiver/10277} BLOCKED
03-11 08:31:21.987  1227  9212 I AppsFilter: interaction: PackageSetting{53020a com.tiket.gits.debug/10330} -> PackageSetting{7c75dc android.auto_generated_rro_product__/10044} BLOCKED
03-11 08:31:21.987  1227  9212 I AppsFilter: interaction: PackageSetting{53020a com.tiket.gits.debug/10330} -> PackageSetting{d4002a0 com.browserstack.inputinjector/10282} BLOCKED
03-11 08:31:21.987  1227  9212 I AppsFilter: interaction: PackageSetting{53020a com.tiket.gits.debug/10330} -> PackageSetting{50f66e5 com.sec.android.widgetapp.webmanual/10221} BLOCKED
03-11 08:31:21.987  1227  9212 I AppsFilter: interaction: PackageSetting{53020a com.tiket.gits.debug/10330} -> PackageSetting{306c5ba com.android.theme.icon.roundedrect/10004} BLOCKED
03-11 08:31:21.987  1227  9212 I AppsFilter: interaction: PackageSetting{53020a com.tiket.gits.debug/10330} -> PackageSetting{1fd0c6b com.android.internal.systemui.navbar.gestural_narrow_back/10045} BLOCKED
03-11 08:31:21.987  1227  9212 I AppsFilter: interaction: PackageSetting{53020a com.tiket.gits.debug/10330} -> PackageSetting{84913c8 com.android.theme.icon_pack.rounded.settings/10005} BLOCKED
03-11 08:31:21.987  1227  9212 I AppsFilter: interaction: PackageSetting{53020a com.tiket.gits.debug/10330} -> PackageSetting{fd48c61 android.auto_generated_rro_vendor__/10060} BLOCKED
03-11 08:31:21.987  1227  9212 I AppsFilter: interaction: PackageSetting{53020a com.tiket.gits.debug/10330} -> PackageSetting{44b8386 com.android.theme.icon_pack.circular.android/10025} BLOCKED
03-11 08:31:21.987  1227  9212 I AppsFilter: interaction: PackageSetting{53020a com.tiket.gits.debug/10330} -> PackageSetting{5de0447 com.google.android.apps.restore/10237} BLOCKED
03-11 08:31:22.005  1227  9212 I WindowManager: Cancelling animation restarting=true, leash=Surface(name=Surface(name=75e4de8 InputMethod)/@0x1379aa6 - animation-leash)/@0xf6af200
03-11 08:31:22.005  1227  9212 I WindowManager: Reparenting to original parent: Surface(name=WindowToken{298098e android.os.Binder@ed6c589})/@0x82f9ce7, destroy=false, surface=Surface(name=75e4de8 InputMethod)/@0x1379aa6
03-11 08:31:22.005  1227  9212 I SurfaceControl: release : mNativeObject = -5476376619639627312 - Surface(name=Surface(name=75e4de8 InputMethod)/@0x1379aa6 - animation-leash)/@0xf6af200 / android.view.SurfaceControl$Transaction.remove:3421 com.android.server.wm.SurfaceAnimator.cancelAnimation:365 com.android.server.wm.SurfaceAnimator.startAnimation:161 com.android.server.wm.WindowContainer.startAnimation:2206
03-11 08:31:22.005  1227  9212 I SurfaceControl: nativeRelease nativeObject s[-5476376619639627312]
03-11 08:31:22.005  1227  9212 I SurfaceControl: nativeRelease nativeObject e[-5476376619639627312]
03-11 08:31:22.005  1227  9212 I WindowManager: Reparenting to leash, surface=Surface(name=75e4de8 InputMethod)/@0x1379aa6, leashParent=Surface(name=WindowToken{298098e android.os.Binder@ed6c589})/@0x82f9ce7
03-11 08:31:22.005   891  7596 I SurfaceFlinger: id=5363 createSurf (0x0),-1 flag=24004, Surface(name=75e4de8 InputMethod)/@0x1379aa6 - animation-leash#0
03-11 08:31:22.006  1227  9212 D WindowManager: makeSurface duration=0 leash=Surface(name=Surface(name=75e4de8 InputMethod)/@0x1379aa6 - animation-leash)/@0xd5e78af
03-11 08:31:22.006  1227  9212 D SurfaceControl: hide : mNativeObject = -5476376619102596800 - sc.mNativeObject = -5476376619639583296 - Surface(name=Surface(name=75e4de8 InputMethod)/@0x1379aa6 - animation-leash)/@0xd5e78af
03-11 08:31:22.006  1227  9212 D SurfaceControl: nativeSetFlags Done : Surface(name=Surface(name=75e4de8 InputMethod)/@0x1379aa6 - animation-leash)/@0xd5e78af
03-11 08:31:22.006 20833 20833 I HBD     : HoneyBoardService onFinishInput
03-11 08:31:22.007 20833 20833 I HBD     : a IC have been unbinded,  InputConnectionWrapper{idHash=#1ec8255 mMissingMethods=}
03-11 08:31:22.007 20833 20833 I HBD     : HoneyBoardService [PF_CL][onFinishInput]  387616 ns
03-11 08:31:22.007 20833 20833 I HBD     : HoneyBoardService [IMI] onStartInput - caller pid : 12272 , caller uid : 10330
03-11 08:31:22.007 20833 20833 I HBD     : i updateConfigs
03-11 08:31:22.007 20833 20833 I HBD     : i isEnabledNightMode : false
03-11 08:31:22.007   891  7596 I Layer   : id=5335 removeFromCurrentState Surface(name=75e4de8 InputMethod)/@0x1379aa6 - animation-leash#1 (62)
03-11 08:31:22.007 20833 20833 I HBD     : a IC have been binded, InputConnectionWrapper{idHash=#f240416 mMissingMethods=}
03-11 08:31:22.008 20833 20833 I HBD     : h [EditorInputType]setPrivateImeOptionsToTable privateImeOptions ( null )
03-11 08:31:22.008 20833 20833 I HBD     : b incognitoMode : false
03-11 08:31:22.008 20833 20833 I HBD     : a needOff = true , isJpnConvertState : false, isForceOff = false
03-11 08:31:22.008  1227  1373 I ActivityTaskManager: Displayed com.tiket.gits.debug/com.tiket.gits.v2splash.SplashV2Activity: +1s306ms
03-11 08:31:22.008  1227  1373 I Pageboost: Launch time gathered : pid 12272 com.tiket.gits.debug 1306
03-11 08:31:22.008 20833 20833 I HBD     : h getDefaultInputRange : UNKNOWN
03-11 08:31:22.008 20833 20833 I HBD     : h getDefaultInputRange : UNKNOWN
03-11 08:31:22.008 20833 20833 I HBD     : h getDefaultInputRange : UNKNOWN
03-11 08:31:22.008 10179 10179 I SurfaceControl: release : mNativeObject = -5476376619639887600 - Surface(name=Surface(name=75e4de8 InputMethod)/@0x1379aa6 - animation-leash)/@0x9d4c35d / android.view.-$$Lambda$Rl1VZmNJ0VZDLK0BAbaVGis0rrA.accept:2 android.view.InsetsSourceControl.release:170 android.view.InsetsSourceConsumer.setControl:202 android.view.ImeInsetsSourceConsumer.setControl:154
03-11 08:31:22.008 10179 10179 I SurfaceControl: nativeRelease nativeObject s[-5476376619639887600]
03-11 08:31:22.008 10179 10179 I SurfaceControl: nativeRelease nativeObject e[-5476376619639887600]
03-11 08:31:22.008  1227  9212 D SdpManagerService: Not an enterprise user : 0
03-11 08:31:22.010   891  7596 I SurfaceFlinger: id=5335 Removed Surface(name=75e4de8 InputMethod)/@0x1379aa6 - animation-leash#1 (62)
03-11 08:31:22.009 20833 20833 I HBD     : h getDefaultInputRange : UNKNOWN
03-11 08:31:22.014  8312  8312 E pageboostd: Received HALT command code 2
03-11 08:31:22.014 20833 20833 I HBD     : a currentState : 0
03-11 08:31:22.014   774   881 E Netd    : getNetworkForDns: getNetId from enterpriseCtrl is netid 0
03-11 08:31:22.016   891   891 I Layer   : id=5335[1] Destroyed Surface(name=75e4de8 InputMethod)/@0x1379aa6 - animation-leash#1
03-11 08:31:22.024 12272 12272 I Dialog  : mIsSamsungBasicInteraction = false, isMetaDataInActivity = false
03-11 08:31:22.031   891  8039 D NativeSemDvfsManager: acquire:: timeout = 1000 mIsAcquired = 1  mTagName : SurfaceFlinger
03-11 08:31:22.031   891  8039 E NativeCustomFrequencyManager: [NativeCFMS] BpCustomFrequencyManager::acquire()
03-11 08:31:22.032   806   822 I HYPER-HAL: [RequestManager.cpp]acquire(): Acquired ID : 1789886  [891 / 1000]    HINT : NOT_EXIST    list : [GPUMinFreq / 403000] [TIMEOUT / 1000]
03-11 08:31:22.034 20833 20833 I HBD     : h load selected json info : {"version":"1.0","currentLanguageOrder":0,"selected":[{"activeOptionList":["auto_replace","auto_spacing"],"engName":"English","id":65538,"inputType":"qwerty","isUsed":true}]}
03-11 08:31:22.034 20833 20833 I HBD     : a [UpdatePolicy] [post] a: 0 cl: 65538 kit: [0/0] vt: 0 ir: 1
03-11 08:31:22.035 20833 20833 I HBD     : HoneyBoardService [PF_OP][onStartInput]  27839308 ns
03-11 08:31:22.052 12272 23826 D tracker : {dev_key=23Yxb4TKEcPG2DZbpmfJWh, af_id=1646987481481-1935209186969378871, eventCategory=openApp, screenName=home, event=click, eventLabel=Android, deviceNotificationSettings=on, url=android-app://com.android.shell, trackingId=UA-122503490-1}
03-11 08:31:22.057 22547 23251 I appium  : channel read invoked!
03-11 08:31:22.057 22547 23251 I appium  : channel read: POST /wd/hub/session/a98ff386-6f5b-4019-89af-d2bc1cef83c9/element
03-11 08:31:22.063   806 23776 I HYPER-HAL: [ResourceManager.cpp]removeResource(): [CPUMinFreq] RemoveResource Request ID : 780647
03-11 08:31:22.062 22547 23251 I appium  : Find element command using 'xpath' with selector '//*[contains(@resource-id, 'tds_btn') and (@text='Batalkan')]'.
03-11 08:31:22.066   806 23776 I HYPER-HAL: [RequestManager.cpp]releaseLocked(): Released ID : 780647
03-11 08:31:22.074 12272 23579 W Apptimize: Apptimize: Apptimize did not detect Flurry. If you are using Flurry, then the most likely cause is ProGuard. Please consult the Apptimize docs for how to adjust your ProGuard configuration.
03-11 08:31:22.074 12272 23579 W Apptimize: Apptimize: Apptimize did not detect Google Analytics V3. If you are using Google Analytics V3, then the most likely cause is ProGuard. Please consult the Apptimize docs for how to adjust your ProGuard configuration.
03-11 08:31:22.077 22547 23251 I appium  : Waiting up to 10000ms for device to be idle
03-11 08:31:22.083  1063  1063 D keymaster_tee: [DBG] (knox_secure_db.cpp:1173) command(54) : L1692
03-11 08:31:22.083  1063  1063 D keymaster_tee: [DBG] (knox_secure_db.cpp:1189) SELECT (ALIAS) WHERE CREATOR=u0_com.tiket.gits.debug
03-11 08:31:22.093  1063  1063 I keystore: del USRPKEY_com.appsflyer,KSAppsFlyerId=1646987481481-1935209186969378871,KSAppsFlyerRICounter=0 10330 0
03-11 08:31:22.093  1063  1063 I keystore: del USRSKEY_com.appsflyer,KSAppsFlyerId=1646987481481-1935209186969378871,KSAppsFlyerRICounter=0 10330 0
03-11 08:31:22.094  1063  1063 I keystore: del USRCERT_com.appsflyer,KSAppsFlyerId=1646987481481-1935209186969378871,KSAppsFlyerRICounter=0 10330 0
03-11 08:31:22.095  1063  1063 I keystore: del CACERT_com.appsflyer,KSAppsFlyerId=1646987481481-1935209186969378871,KSAppsFlyerRICounter=0 10330 0
03-11 08:31:22.095  1063  1063 I keystore: del USRCSR_com.appsflyer,KSAppsFlyerId=1646987481481-1935209186969378871,KSAppsFlyerRICounter=0 10330 0
03-11 08:31:22.102   627   627 W keymaster_tee: [WRN]start nwd_generate_key
03-11 08:31:22.105 12272 12272 W BottomSheetBehavior: BottomSheetBehavior now supports multiple callbacks. `setBottomSheetCallback()` removes all existing callbacks, including ones set internally by library authors, which may result in unintended behavior. This may change in the future. Please use `addBottomSheetCallback()` and `removeBottomSheetCallback()` instead to set your own callbacks.
03-11 08:31:22.108 12272 12272 I DecorView: [INFO] isPopOver=false, config=false
03-11 08:31:22.108 12272 12272 I DecorView: updateCaptionType >> DecorView@42eb610[], isFloating=false, isApplication=true, hasWindowDecorCaption=false, hasWindowControllerCallback=false
03-11 08:31:22.108 12272 12272 D DecorView: setCaptionType = 0, this = DecorView@42eb610[]
03-11 08:31:22.119  1227  9212 I HeimdAllFS: Connect Installd
03-11 08:31:22.119  1227  9212 I HeimdAllFS: DEBUG: TRUE Dry-run: FALSE UsageStateMode: mars
03-11 08:31:22.122 12272 23579 I Apptimize: Apptimize: Google Analytics V4 detected; now importing data
03-11 08:31:22.124 12272 23579 W Apptimize: Apptimize: Apptimize did not detect Mixpanel. If you are using Mixpanel, then the most likely cause is ProGuard. Please consult the Apptimize docs for how to adjust your ProGuard configuration.
03-11 08:31:22.124 12272 23579 W Apptimize: Apptimize: Apptimize did not detect Omniture 2.x. If you are using Omniture 2.x, then the most likely cause is ProGuard. Please consult the Apptimize docs for how to adjust your ProGuard configuration.
03-11 08:31:22.125 12272 23579 W Apptimize: Apptimize: Apptimize did not detect Adobe AppMeasurement 3.x. If you are using Adobe AppMeasurement 3.x, then the most likely cause is ProGuard. Please consult the Apptimize docs for how to adjust your ProGuard configuration.
03-11 08:31:22.125 12272 23579 W Apptimize: Apptimize: Apptimize did not detect Adobe Mobile 4.x Config class.
03-11 08:31:22.125 12272 23579 W Apptimize: Apptimize: Apptimize did not detect Adobe Mobile 4.x Analytics and will not import its event data. If you are using Adobe Mobile 4.x, then the most likely cause is ProGuard. Please consult the Apptimize docs for how to adjust your ProGuard configuration.
03-11 08:31:22.129 12272 23579 W Apptimize: Apptimize: Apptimize did not detect Localytics. If you are using Localytics, then the most likely cause is ProGuard. Please consult the Apptimize docs for how to adjust your ProGuard configuration.
03-11 08:31:22.142  1227  9212 D InputTransport: Input channel constructed: 'cf9e7f2', fd=728
03-11 08:31:22.142  1227  9212 D InputTransport: Input channel constructed: 'cf9e7f2', fd=731
03-11 08:31:22.142   891  1218 I SurfaceFlinger: id=5364 createSurf (0x0),-1 flag=80004, cf9e7f2 com.tiket.gits.debug/com.tiket.gits.v2splash.SplashV2Activity#0
03-11 08:31:22.143  1227  9212 V WindowManager: Changing focus from Window{f80beb3 u0 com.tiket.gits.debug/com.tiket.gits.v2splash.SplashV2Activity} to Window{cf9e7f2 u0 com.tiket.gits.debug/com.tiket.gits.v2splash.SplashV2Activity} displayId=0 Callers=com.android.server.wm.RootWindowContainer.updateFocusedWindowLocked:561 com.android.server.wm.WindowManagerService.updateFocusedWindowLocked:6261 com.android.server.wm.WindowManagerService.addWindow:1957 com.android.server.wm.Session.addToDisplayAsUser:180
03-11 08:31:22.143  1227  9212 I WindowManager: Cancelling animation restarting=true, leash=Surface(name=Surface(name=87848a0 StatusBar)/@0xe22201e - animation-leash)/@0x5a7fbe9
03-11 08:31:22.143  1227  9212 I WindowManager: Reparenting to original parent: Surface(name=WindowToken{a372da3 android.os.BinderProxy@74b275d})/@0xf8500ff, destroy=false, surface=Surface(name=87848a0 StatusBar)/@0xe22201e
03-11 08:31:22.143  1227 21855 I SystemUiVisibilityPolicyController: handleMessage: entry what = 1
03-11 08:31:22.143  1227  9212 I SurfaceControl: release : mNativeObject = -5476376619639675696 - Surface(name=Surface(name=87848a0 StatusBar)/@0xe22201e - animation-leash)/@0x5a7fbe9 / android.view.SurfaceControl$Transaction.remove:3421 com.android.server.wm.SurfaceAnimator.cancelAnimation:365 com.android.server.wm.SurfaceAnimator.startAnimation:161 com.android.server.wm.WindowContainer.startAnimation:2206
03-11 08:31:22.143  1227  9212 I SurfaceControl: nativeRelease nativeObject s[-5476376619639675696]
03-11 08:31:22.143  1227  9212 I SurfaceControl: nativeRelease nativeObject e[-5476376619639675696]
03-11 08:31:22.143  1227  9212 I WindowManager: Reparenting to leash, surface=Surface(name=87848a0 StatusBar)/@0xe22201e, leashParent=Surface(name=WindowToken{a372da3 android.os.BinderProxy@74b275d})/@0xf8500ff
03-11 08:31:22.143 12457 12457 I TrayStateController: systemUiVisibilityChanged : 0 0
03-11 08:31:22.143   891   919 I SurfaceFlinger: id=5365 createSurf (0x0),-1 flag=24000, Surface(name=87848a0 StatusBar)/@0xe22201e - animation-leash#1
03-11 08:31:22.143  1227  9212 D WindowManager: makeSurface duration=0 leash=Surface(name=Surface(name=87848a0 StatusBar)/@0xe22201e - animation-leash)/@0x707ccc0
03-11 08:31:22.144  1227  9212 I WindowManager: Cancelling animation restarting=true, leash=Surface(name=Surface(name=cc9f96a NavigationBar0)/@0xbd126f8 - animation-leash)/@0x67d706e
03-11 08:31:22.144  1227  9212 I WindowManager: Reparenting to original parent: Surface(name=WindowToken{9b55b55 android.os.BinderProxy@8f07d3f})/@0xdbd57d1, destroy=false, surface=Surface(name=cc9f96a NavigationBar0)/@0xbd126f8
03-11 08:31:22.144  1227  9212 I SurfaceControl: release : mNativeObject = -5476376619639699328 - Surface(name=Surface(name=cc9f96a NavigationBar0)/@0xbd126f8 - animation-leash)/@0x67d706e / android.view.SurfaceControl$Transaction.remove:3421 com.android.server.wm.SurfaceAnimator.cancelAnimation:365 com.android.server.wm.SurfaceAnimator.startAnimation:161 com.android.server.wm.WindowContainer.startAnimation:2206
03-11 08:31:22.144  1227  9212 I SurfaceControl: nativeRelease nativeObject s[-5476376619639699328]
03-11 08:31:22.144  1227  9212 I SurfaceControl: nativeRelease nativeObject e[-5476376619639699328]
03-11 08:31:22.144  1227  9212 I WindowManager: Reparenting to leash, surface=Surface(name=cc9f96a NavigationBar0)/@0xbd126f8, leashParent=Surface(name=WindowToken{9b55b55 android.os.BinderProxy@8f07d3f})/@0xdbd57d1
03-11 08:31:22.144   891   918 I SurfaceFlinger: id=5366 createSurf (0x0),-1 flag=24000, Surface(name=cc9f96a NavigationBar0)/@0xbd126f8 - animation-leash#0
03-11 08:31:22.144  1227  9212 D WindowManager: makeSurface duration=1 leash=Surface(name=Surface(name=cc9f96a NavigationBar0)/@0xbd126f8 - animation-leash)/@0xb34ddf9
03-11 08:31:22.144  1227  9212 D StatusBarManagerService: notifyRequestedSystemKey recent=false home=false
03-11 08:31:22.144  1227  9212 D InputTransport: Input channel destroyed: 'cf9e7f2', fd=731
03-11 08:31:22.145  1227  1365 D SurfaceControl: hide : mNativeObject = -5476376619102970624 - sc.mNativeObject = -5476376619639724304 - Surface(name=Input Consumer recents_animation_input_consumer)/@0x75c2a7f
03-11 08:31:22.145  1227  1365 D SurfaceControl: nativeSetFlags Done : Surface(name=Input Consumer recents_animation_input_consumer)/@0x75c2a7f
03-11 08:31:22.145 12272 12272 D InputTransport: Input channel constructed: 'cf9e7f2', fd=151
03-11 08:31:22.151   891   919 I Layer   : id=5357 removeFromCurrentState Surface(name=87848a0 StatusBar)/@0xe22201e - animation-leash#0 (64)
03-11 08:31:22.151   891   919 I Layer   : id=5358 removeFromCurrentState Surface(name=cc9f96a NavigationBar0)/@0xbd126f8 - animation-leash#1 (64)
03-11 08:31:22.152 12272 23579 I Apptimize: Apptimize: Amplitude detected; now importing data
03-11 08:31:22.153 12272 12272 I ViewRootImpl@9a377cc[SplashV2Activity]: setView = com.android.internal.policy.DecorView@42eb610 TM=true
03-11 08:31:22.157 12272 12272 W BottomSheetBehavior: BottomSheetBehavior now supports multiple callbacks. `setBottomSheetCallback()` removes all existing callbacks, including ones set internally by library authors, which may result in unintended behavior. This may change in the future. Please use `addBottomSheetCallback()` and `removeBottomSheetCallback()` instead to set your own callbacks.
03-11 08:31:22.159  1227  7118 I InputDispatcher: Focus left window (12272): f80beb3 in display 0 0
03-11 08:31:22.165 12272 23579 I Apptimize: Apptimize: Firebase detected; now importing data
03-11 08:31:22.166 12272 23579 D Apptimize: Apptimize: processMetaDataId.incrementAndGet:1
03-11 08:31:22.170 12272 23579 D Apptimize: Apptimize: notifyOnSetupEnd
03-11 08:31:22.171 12272 23579 D TiketTracer: TiketExperimentation-Initializer took 1049 ms
03-11 08:31:22.176 12272 23597 W iket.gits.debu: Long monitor contention with owner TAG (23606) at com.google.android.gms.tasks.Task com.google.firebase.messaging.RequestDeduplicator.getOrStartGetTokenRequest(java.lang.String, com.google.firebase.messaging.RequestDeduplicator$GetTokenRequest)(com.google.firebase:firebase-messaging@@23.0.0:8) waiters=0 in com.google.android.gms.tasks.Task com.google.firebase.messaging.RequestDeduplicator.getOrStartGetTokenRequest(java.lang.String, com.google.firebase.messaging.RequestDeduplicator$GetTokenRequest) for 738ms
03-11 08:31:22.180 12272 23844 D Apptimize: Apptimize: MetaMetaData was null
03-11 08:31:22.183 12272 23844 D Apptimize: Apptimize: metaDataProcessed 1 v3:false md:false
03-11 08:31:22.183 12272 23844 D Apptimize: Apptimize: downloadStateChanged
03-11 08:31:22.189   560   845 E audit   : avc:  denied  { find } for pid=4772 uid=10276 name=tethering scontext=u:r:permissioncontroller_app:s0:c20,c257,c512,c768 tcontext=u:object_r:tethering_service:s0 tclass=service_manager permissive=0
03-11 08:31:22.189   560   845 I servicemanager: tethering : getService has failed, permission denied.
03-11 08:31:22.201 12272 23724 D Braze v17.0.0 .bo.app.q5: Request(id = 867f5a012302b802) Executed in [624ms] [POST:https://sdk.iad-03.braze.com/api/v3/content_cards/sync]
03-11 08:31:22.202 12272 23724 D Braze v17.0.0 .bo.app.d3: Result(id = 867f5a012302b802)
03-11 08:31:22.202 12272 23724 D Braze v17.0.0 .bo.app.d3: {
03-11 08:31:22.202 12272 23724 D Braze v17.0.0 .bo.app.d3:   "cards": [],
03-11 08:31:22.202 12272 23724 D Braze v17.0.0 .bo.app.d3:   "last_full_sync_at": 0,
03-11 08:31:22.202 12272 23724 D Braze v17.0.0 .bo.app.d3:   "last_card_updated_at": 0
03-11 08:31:22.202 12272 23724 D Braze v17.0.0 .bo.app.d3: }
03-11 08:31:22.205 12272 23724 D Braze v17.0.0 .bo.app.b6: Triggered actions Json array was null. Not de-serializing triggered actions.
03-11 08:31:22.205 12272 23724 D Braze v17.0.0 .bo.app.b6: Templated message Json was null. Not de-serializing templated message.
03-11 08:31:22.206 12272 23724 D Braze v17.0.0 .a0: ContentCardsSyncRequest executed successfully.
03-11 08:31:22.206 12272 23724 V Braze v17.0.0 .bo.app.t: Processing server response payload for user with id:
03-11 08:31:22.206 12272 23724 I Braze v17.0.0 .bo.app.z: Updating offline Content Cards for user with id:
03-11 08:31:22.215  1227  9216 D SamsungAlarmManager: Cancel Alarm calling from uid:10243 pid :12521 / OP:PendingIntent{20c3769: PendingIntentRecord{d3988af com.google.android.gms/com.google.android.gms.measurement broadcastIntent}}
03-11 08:31:22.233 12272 23724 D Braze v17.0.0 .bo.app.b1: com.braze.events.ContentCardsUpdatedEvent fired: ContentCardsUpdatedEvent{mUserId='', mTimestampSeconds=1646987482, mIsFromOfflineStorage=false, card count=0}
03-11 08:31:22.233 12272 23724 I Braze v17.0.0 .bo.app.b1: Event was published, but no subscribers were found. Saving event for later publishing to a matching subscriber. Event class: class com.braze.events.ContentCardsUpdatedEvent
03-11 08:31:22.233 12272 23724 D Braze v17.0.0 .bo.app.b1: bo.app.m4 fired: bo.app.m4@316dbde
03-11 08:31:22.233 12272 23724 D Braze v17.0.0 .bo.app.b1: Triggering bo.app.m4 on 1 subscribers.
03-11 08:31:22.233 12272 23724 D Braze v17.0.0 .bo.app.b1: bo.app.q0 fired: bo.app.q0@36d71bf
03-11 08:31:22.233 12272 23724 D Braze v17.0.0 .bo.app.b1: Triggering bo.app.q0 on 1 subscribers.
03-11 08:31:22.244 12272 23584 D Apptimize: Apptimize: call experimentManager.processNewPermanentMetaData
03-11 08:31:22.244 12272 23584 D Apptimize: Apptimize: processMetaDataId.incrementAndGet:2
03-11 08:31:22.244 12272 23397 I iket.gits.debu: Background concurrent copying GC freed 80017(5642KB) AllocSpace objects, 44(3864KB) LOS objects, 50% free, 19MB/38MB, paused 1.529ms total 184.090ms
03-11 08:31:22.244 12272 23584 D Apptimize: Apptimize: PrefetchMetadata complete
03-11 08:31:22.244 12272 23584 D Apptimize: Apptimize: downloadStateChanged
03-11 08:31:22.244 12272 23584 D Apptimize: Apptimize: resume getImmediately:false
03-11 08:31:22.245 12272 23584 D Apptimize: Apptimize: experimentManager.metadataDownloadComplete
03-11 08:31:22.245 12272 23584 D Apptimize: Apptimize: metadataDownloaded
03-11 08:31:22.245 12272 23584 D Apptimize: Apptimize: notifyExperimentsProcessed
03-11 08:31:22.245 12272 23584 D Apptimize: Apptimize: notifyExperimentsProcessed
03-11 08:31:22.246  1227  9216 V WindowManager: Relayout Window{cf9e7f2 u0 com.tiket.gits.debug/com.tiket.gits.v2splash.SplashV2Activity}: viewVisibility=0 req=1080x2400
03-11 08:31:22.247  1227  9216 D WindowManager: isScreenshotDisabledLocked: userId = 0, disabled =false
03-11 08:31:22.248   891  1218 I SurfaceFlinger: id=5367 createSurf (1272x2592),1 flag=4, com.tiket.gits.debug/com.tiket.gits.v2splash.SplashV2Activity$_12272#2
03-11 08:31:22.248  1227  9216 D WindowManager: makeSurface duration=1 name=com.tiket.gits.debug/com.tiket.gits.v2splash.SplashV2Activity$_12272
03-11 08:31:22.249  1227  1365 D SurfaceControl: hide : mNativeObject = -5476376619102970624 - sc.mNativeObject = -5476376619639724304 - Surface(name=Input Consumer recents_animation_input_consumer)/@0x75c2a7f
03-11 08:31:22.249  1227  1365 D SurfaceControl: nativeSetFlags Done : Surface(name=Input Consumer recents_animation_input_consumer)/@0x75c2a7f
03-11 08:31:22.249  1227  9216 V WindowManager: Relayout hash=cf9e7f2, pid=12272: mAttrs={(0,0)(fillxfill) gr=BOTTOM CENTER_VERTICAL sim={adjust=resize forwardNavigation} ty=APPLICATION fmt=TRANSPARENT wanim=0x7f140008 surfaceInsets=Rect(96, 96 - 96, 96)
03-11 08:31:22.249  1227  9216 V WindowManager:   fl=81810102
03-11 08:31:22.249  1227  9216 V WindowManager:   pfl=12020000
03-11 08:31:22.249  1227  9216 V WindowManager:   apr=LIGHT_NAVIGATION_BARS
03-11 08:31:22.249  1227  9216 V WindowManager:   fitSides= dimAmount=0.6 naviIconColor=0
03-11 08:31:22.249  1227  9216 V WindowManager:   sfl=100000}
03-11 08:31:22.249  1227  9216 I SurfaceControl: release : mNativeObject = -5476376619639667072 - Surface(name=com.tiket.gits.debug/com.tiket.gits.v2splash.SplashV2Activity$_12272)/@0x11b0ab / android.view.SurfaceControl.writeToParcel:1136 android.view.IWindowSession$Stub.onTransact:910 com.android.server.wm.Session.onTransact:143 android.os.Binder.execTransactInternal:1190
03-11 08:31:22.249  1227  9216 I SurfaceControl: nativeRelease nativeObject s[-5476376619639667072]
03-11 08:31:22.249  1227  9216 I SurfaceControl: nativeRelease nativeObject e[-5476376619639667072]
03-11 08:31:22.251 12272 12272 I SurfaceControl: assignNativeObject: nativeObject = 0 Surface(name=null)/@0x4db6978 / android.view.SurfaceControl.readFromParcel:1115 android.view.IWindowSession$Stub$Proxy.relayout:1787 android.view.ViewRootImpl.relayoutWindow:8827 android.view.ViewRootImpl.performTraversals:3245 android.view.ViewRootImpl.doTraversal:2508 android.view.ViewRootImpl$TraversalRunnable.run:9784 android.view.Choreographer$CallbackRecord.run:1010 android.view.Choreographer.doCallbacks:809 android.view.Choreographer.doFrame:744 android.view.Choreographer$FrameDisplayEventReceiver.run:995
03-11 08:31:22.254 12272 12272 I ViewRootImpl@9a377cc[SplashV2Activity]: Relayout returned: old=(0,0,1080,2400) new=(0,0,1080,2400) req=(1080,2400)0 dur=7 res=0x7 s={true -5476376614807426768} ch=true fn=-1
03-11 08:31:22.260 12272 23856 D Apptimize: Apptimize: updateDownloadPeriod:86400000 setPace: true
03-11 08:31:22.277  1227  7118 I SamsungAlarmManager: setLocked to kernel - T:2 / 20220311T083721, set=10742821, now=10384042
03-11 08:31:22.277  1227  7118 I SamsungAlarmManager: setLocked to kernel - T:3 / 20220311T083124, set=10386441, now=10384042
03-11 08:31:22.282  1227  7118 D SamsungAlarmManager: setInexact (T:2/F:0/AC:false) 20220311T083124 now=10384047 - CU:10243/CP:12486/OP:PendingIntent{19a6aa1: PendingIntentRecord{ebea3a6 com.google.android.gms/com.google.android.gms.gcm broadcastIntent}}
03-11 08:31:22.282  1227  7118 I SamsungAlarmManager: setLocked to kernel - T:2 / 20220311T083127, set=10389040, now=10384047
03-11 08:31:22.283  1227  7118 I SamsungAlarmManager: setLocked to kernel - T:3 / 20220311T083124, set=10386441, now=10384047
03-11 08:31:22.290 12272 12272 I ViewRootImpl@9a377cc[SplashV2Activity]: [DP] dp(1) 1 android.view.ViewRootImpl.reportNextDraw:10760 android.view.ViewRootImpl.performTraversals:3722 android.view.ViewRootImpl.doTraversal:2508
03-11 08:31:22.290 12272 12272 I ViewRootImpl@9a377cc[SplashV2Activity]: [DP] pd() Asnyc report
03-11 08:31:22.309 12272 23750 D ApiLog  : <-- 200 https://api.tiket.com/ms-gateway/tix-general-config/settings?language=id (681ms)
03-11 08:31:22.309 12272 23750 D ApiLog  : date: Fri, 11 Mar 2022 08:31:21 GMT
03-11 08:31:22.309 12272 23750 D ApiLog  : content-type: application/json;charset=UTF-8
03-11 08:31:22.309 12272 23750 D ApiLog  : cache-control: max-age=3600
03-11 08:31:22.309 12272 23750 D ApiLog  : x-ratelimit-remaining-quota-tix-api-gateway_general-config-settings_tix-general-config_settings_: 49999
03-11 08:31:22.309 12272 23750 D ApiLog  : etag: "3a01dbbcfe1341bd3e5341c3b72e7cac"
03-11 08:31:22.309 12272 23750 D ApiLog  : x-ratelimit-limit-tix-api-gateway_general-config-settings_tix-general-config_settings_: 50000
03-11 08:31:22.309 12272 23750 D ApiLog  : x-ratelimit-reset-tix-api-gateway_general-config-settings_tix-general-config_settings_: 9000
03-11 08:31:22.309 12272 23750 D ApiLog  : x-application-context: tix-api-gateway:8888
03-11 08:31:22.309 12272 23750 D ApiLog  : x-ratelimit-remaining-tix-api-gateway_general-config-settings_tix-general-config_settings_: 49979
03-11 08:31:22.309 12272 23750 D ApiLog  : x-ratelimit-quota-tix-api-gateway_general-config-settings_tix-general-config_settings_: 50000
03-11 08:31:22.309 12272 23750 D ApiLog  : x-forwarded-proto: https
03-11 08:31:22.309 12272 23750 D ApiLog  : strict-transport-security: max-age=2592000
03-11 08:31:22.309 12272 23750 D ApiLog  : via: 1.1 google
03-11 08:31:22.309 12272 23750 D ApiLog  : cf-cache-status: DYNAMIC
03-11 08:31:22.309 12272 23750 D ApiLog  : expect-ct: max-age=604800, report-uri="https://report-uri.cloudflare.com/cdn-cgi/beacon/expect-ct"
03-11 08:31:22.309 12272 23750 D ApiLog  : set-cookie: __cf_bm=DMriqghRJ8F0uysyKbBgmb44Cg9qV4LdDZukBfrqh_Y-1646987481-0-AWwqIUMrh3ihBtujs4yMh4dQgm1/4/gSTD9kLtu2alVO2641MX6FJ3hmVyAXJnvJtB8E7Ixkz1DaY9IfrF/Py8w11MXxVOw/GdUsieEGhWXT; path=/; expires=Fri, 11-Mar-22 09:01:21 GMT; domain=.tiket.com; HttpOnly; Secure; SameSite=None
03-11 08:31:22.309 12272 23750 D ApiLog  : report-to: {"endpoints":[{"url":"https:\/\/a.nel.cloudflare.com\/report\/v3?s=QysacSqGiRNfAuXqhVgd7pns26N6FIoBX8es%2F74A7wJspzFTn1GWwkgC8ppIOOher0RObAdkNPXI%2Fg4nSYh5XN0xZxj8vE2BSv%2BDFLKHfWenIZJr7szHzJ3YEOYTWtc%3D"}],"group":"cf-nel","max_age":604800}
03-11 08:31:22.309 12272 23750 D ApiLog  : nel: {"success_fraction":0.01,"report_to":"cf-nel","max_age":604800}
03-11 08:31:22.309 12272 23750 D ApiLog  : server: cloudflare
03-11 08:31:22.309 12272 23750 D ApiLog  : cf-ray: 6ea2eef0e9635527-SYD
03-11 08:31:22.314  1227  7118 D SamsungAlarmManager: Cancel Alarm calling from uid:10243 pid :12521 / OP:PendingIntent{4c2a4c6: PendingIntentRecord{d3988af com.google.android.gms/com.google.android.gms.measurement broadcastIntent}}
03-11 08:31:22.318 12272 23750 D ApiLog  :
03-11 08:31:22.318 12272 23750 D ApiLog  : {"code":"SUCCESS","message":"SUCCESS","errors":null,"data":{"holidays":[{"date":"2022-01-01","name":"Tahun Baru 2022"},{"date":"2022-02-01","name":"Tahun Baru Imlek"},{"date":"2022-02-28","name":"Isra Mi'raj"},{"date":"2022-03-03","name":"Nyepi"},{"date":"2022-04-15","name":"Jumat Agung"},{"date":"2022-04-17","name":"Paskah"},{"date":"2022-05-01","name":"Hari Buruh"},{"date":"2022-05-02","name":"Hari Raya Idul Fitri"},{"date":"2022-05-03","name":"Hari Raya Idul Fitri"},{"date":"2022-05-16","name":"Hari Raya Waisak"},{"date":"2022-05-26","name":"Kenaikan Yesus Kristus"},{"date":"2022-06-01","name":"Hari Lahir Pancasila"},{"date":"2022-07-09","name":"Hari Raya Idul Adha"},{"date":"2022-07-30","name":"Tahun Baru Hijriyah"},{"date":"2022-08-17","name":"Hari Kemerdekaan Indonesia"},{"date":"2022-10-08","name":"Maulid Nabi Muhammad SAW"},{"date":"2022-12-25","name":"Hari Raya Natal"}],"countries":[{"id":1,"name":"Indonesia","isoCode":"ID","isdCode":"+62","image":"https://s-light.tiket.photos/t/01E25EBZS3W0FY9GTG6C42E1SE/original/flags/2020/11/18/608dd8da-a07c-419b-bf96-83369c802b54-1605688145924-ee24949240fd44431bbd0fc9d9c2cadc.png"},{"id":2,"name":"Aruba","isoCode":"AW","isdCode":"+297","image":"https://s-light.tiket.photos/t/01E25EBZS3W0FY9GTG6C42E1SE/original/flags/2020/11/18/ff07262c-5d71-4e60-989a-ffc8a8ca4d84-1605688154989-6a010ad3e4d500d289b2ea14d440b26a.png"},{"id":3,"name":"Afghanistan Arabian","isoCode":"AF","isdCode":"+93","image":"https://s-light.tiket.photos/t/01E25EBZS3W0FY9GTG6C42E1SE/original/flags/2020/11/18/932921d8-e968-406c-9052-2f2825bd2c36-1605688162975-8ce816115bacd991b90f786f83a0b865.png"},{"id":4,"name":"Angola","isoCode":"AO","isdCode":"+244","image":"https://s-light.tiket.photos/t/01E25EBZS3W0FY9GTG6C42E1SE/original/flags/2020/11/18/f144851f-469e-41dc-b6af-4ce386986c37-1605688161386-508ceecc2766a01760eb8a3eae6a3d32.png"},{"id":5,"name":"Anguilla","isoCode":"AI","isdCode":"+1264","image":"https://s-light.tiket.photos/t/01E25EBZS3W0FY9GTG6C42E1SE/original/flags/2020/11/18/2adf81ec-7a42-44dd-ad01-5257c18be1e4-1605688162151-394ed82ea25b0fee6a5ffdd9b1b0d276.png"},{"id":6,"name":"land Islands","isoCode":"AX","isdCode":"+358","image":"https://s-light.tiket.photos/t/01E25EBZS3W0FY9GTG6C42E1SE/original/flags/2020/11/18/932921d8-e968-406c-9052-2f2825bd2c36-1605688162975-8ce816115bacd991b90f786f83a0b865.png"},{"id":7,"name":"Albania","isoCode":"AL","isdCode":"+355","image":"https://s-light.tiket.photos/t/01E25EBZS3W0FY9GTG6C42E1SE/original/flags/2020/11/18/528a0d9b-33d2-4a61-bfc1-692801a00dcc-1605688163786-c533354a689738f934d9e37856371ccf.png"},{"id":8,"name":"Andorra","isoCode":"AD","isdCode":"+376","image":"https://s-light.tiket.photos/t/01E25EBZS3W0FY9GTG6C42E1SE/original/flags/2020/11/18/fb25ad99-7334-4064-8a05-90caa6789cb1-1605688164897-7813f7c3ce55fcea7e66d62b095e7843.png"},{"id":9,"name":"United Arab Emirates","isoCode":"AE","isdCode":"+971","image":"https://s-light.tiket.photos/t/01E25EBZS3W0FY9GTG6C42E1SE/original/flags/2020/11/18/05e8ac29-6814-4efe-8c24-bf3f386d53b5-1605688165727-66216a9a4baeba8db143d0b9f6720462.png"},{"id":10,"name":"Argentina","isoCode":"AR","isdCode":"+54","image":"https://s-light.tiket.photos/t/01E25EBZS3W0FY9GTG6C42E1SE/original/flags/2020/11/18/b9905709-c306-4c35-b92b-e5b271ab3bb3-1605688146053-289d0b932b5a0b301e8997226e8554d8.png"},{"id":11,"name":"Armenia","isoCode":"AM","isdCode":"+374","image":"https://s-light.tiket.photos/t/01E25EBZS3W0FY9GTG6C42E1SE/original/flags/2020/11/18/767f46c3-a06a-4f79-a140-fd23eeaa735c-1605688147062-20d746a33e476bb5cd84e129d5184f03.png"},{"id":12,"name":"American Samoa","isoCode":"AS","isdCode":"+1684","image":"https://s-light.tiket.photos/t/01E25EBZS3W0FY9GTG6C42E1SE/original/flags/2020/11/18/6923ca06-8cf1-428c-a6f1-701ae1b8cc8b-1605688147962-7cd5002ff585c85970e3e4c62284526e.png"},{"id":13,"name":"Antigua and Barbuda","isoCode":"AG","isdCode":"+1268","image":"https://s-light.tiket.photos/t/01E25EBZS3W0FY9GTG6C42E1SE/original/flags/2020/11/18/17a32ef2-d0e8-416f-98e9-033b49b5bc00-1605688148825-7b57153cfb448d3c
03-11 08:31:22.318 12272 23750 D ApiLog  : <-- END HTTP (61284-byte body)
03-11 08:31:22.329 12272 12272 I ViewRootImpl@9a377cc[SplashV2Activity]: [DP] pdf(0) 1 android.view.ViewRootImpl.lambda$performDraw$1$ViewRootImpl:4545 android.view.-$$Lambda$ViewRootImpl$DJd0VUYJgsebcnSohO6h8zc_ONI.run:6 android.os.Handler.handleCallback:938
03-11 08:31:22.329 12272 12272 I ViewRootImpl@9a377cc[SplashV2Activity]: [DP] rdf()
03-11 08:31:22.329  1083  1135 I GMC     : BOOST type 1 on 1
03-11 08:31:22.330  1227  9212 D WindowManager: finishDrawingWindow: Window{cf9e7f2 u0 com.tiket.gits.debug/com.tiket.gits.v2splash.SplashV2Activity} mDrawState=DRAW_PENDING
03-11 08:31:22.332 12272 12272 D InputMethodManager: prepareNavigationBarInfo() DecorView@a472a40[SplashV2Activity]
03-11 08:31:22.332 12272 12272 D InputMethodManager: getNavigationBarColor() -855310
03-11 08:31:22.332 12272 12272 V InputMethodManager: Starting input: tba=com.tiket.gits.debug ic=null mNaviBarColor -855310 mIsGetNaviBarColorSuccess true , NavVisible : true , NavTrans : false
03-11 08:31:22.332 12272 12272 D InputMethodManager: startInputInner - Id : 0
03-11 08:31:22.339 12272 23856 V Apptimize: Apptimize: Applying winner or instant update: [AT] Airport Transfer 4.0 in Search Form Page, Product Detail Page and Booking Form Page
03-11 08:31:22.340 12272 23856 V Apptimize: Apptimize: Applying winner or instant update: discoverhomepage
03-11 08:31:22.340 12272 23856 V Apptimize: Apptimize: Applying winner or instant update: [DISC] Vertical 2 Liners
03-11 08:31:22.341 12272 23856 V Apptimize: Apptimize: Applying winner or instant update: [DISC] NHA vertical icon
03-11 08:31:22.341 12272 23856 V Apptimize: Apptimize: Filter requests an unsupplied prefixed attribute: ^e119574_2. Not Matching.
03-11 08:31:22.341 12272 23856 V Apptimize: Apptimize: Filter requests an unsupplied prefixed attribute: ^e120320_1. Not Matching.
03-11 08:31:22.342  1227  9212 D ApplicationPolicy: isStatusBarNotificationAllowedAsUser: packageName = com.tiket.gits.debug,userId = 0
03-11 08:31:22.342  1227  9212 D PersonaManagerAdapter: ContainerOnlyMode - EOS
03-11 08:31:22.342   891   891 I HWComposer: ActiveConfigToHWC, ID : 2
03-11 08:31:22.342   793   859 I display : Set Affinity config for fps(60) : 2, cpuIDs : 255
03-11 08:31:22.342   793   859 I display : Set Affinity CPU ID : 0
03-11 08:31:22.342   793   859 I display : Set Affinity CPU ID : 1
03-11 08:31:22.342   793   859 I display : Set Affinity CPU ID : 2
03-11 08:31:22.342   793   859 I display : Set Affinity CPU ID : 3
03-11 08:31:22.342   793   859 I display : Set Affinity CPU ID : 4
03-11 08:31:22.342   793   859 I display : Set Affinity CPU ID : 5
03-11 08:31:22.342   793   859 I display : Set Affinity CPU ID : 6
03-11 08:31:22.342   793   859 I display : Set Affinity CPU ID : 7
03-11 08:31:22.342   793   859 I display : Set affinity HWC : 793
03-11 08:31:22.342  1227  9212 D ApplicationPolicy: isStatusBarNotificationAllowedAsUser: packageName = com.tiket.gits.debug,userId = 0
03-11 08:31:22.342  1227  9212 D PersonaManagerAdapter: ContainerOnlyMode - EOS
03-11 08:31:22.342 12272 23856 V Apptimize: Apptimize: Filter requests an unsupplied prefixed attribute: ^e121064_2. Not Matching.
03-11 08:31:22.343   793   859 I display : CPU set : Cluster(0), min_clock(0)
03-11 08:31:22.343   793   859 I display : CPU set : Cluster(1), min_clock(0)
03-11 08:31:22.343   793   859 I display : CPU set : Cluster(2), min_clock(0)
03-11 08:31:22.343   793   859 I display : setActiveConfig(config=2)
03-11 08:31:22.343   793   859 I display : next config(2): width=1080 height=2400 period=16666666 Xdpi=422030 Ydpi=423333 groupId=0
03-11 08:31:22.343   793   859 I display : Current VRR MODE is 3
03-11 08:31:22.343 12272 23856 V Apptimize: Apptimize: Filter requests an unsupplied prefixed attribute: ^e121384_3. Not Matching.
03-11 08:31:22.343   891   891 I SurfaceFlinger: Touch=0, Idle=0, DisplayPower=0
03-11 08:31:22.344 12272 12272 D SurfaceControl: hide : mNativeObject = -5476376619102377328 - sc.mNativeObject = -5476376619639919408 - Surface(name=Surface(name=75e4de8 InputMethod)/@0x1379aa6 - animation-leash)/@0xa7ec0cb
03-11 08:31:22.344 12272 23856 V Apptimize: Apptimize: Filter requests an unsupplied prefixed attribute: ^e121539_1. Not Matching.
03-11 08:31:22.344 12272 12272 D SurfaceControl: nativeSetFlags Done : Surface(name=Surface(name=75e4de8 InputMethod)/@0x1379aa6 - animation-leash)/@0xa7ec0cb
03-11 08:31:22.344 12272 23856 V Apptimize: Apptimize: Filter requests an unsupplied prefixed attribute: ^e122323_1. Not Matching.
03-11 08:31:22.345  1227  7118 D SamsungIMMSHWKeyboard: isConnectedDexOnPC false
03-11 08:31:22.346 12272 12272 I SurfaceControl: release : mNativeObject = -5476376619639915824 - Surface(name=Surface(name=cc9f96a NavigationBar0)/@0xbd126f8 - animation-leash)/@0xeb820a8 / android.view.-$$Lambda$Rl1VZmNJ0VZDLK0BAbaVGis0rrA.accept:2 android.view.InsetsSourceControl.release:170 android.view.InsetsSourceConsumer.setControl:202 android.view.InsetsController.onControlsChanged:833
03-11 08:31:22.346 12272 12272 I SurfaceControl: nativeRelease nativeObject s[-5476376619639915824]
03-11 08:31:22.346 12272 12272 I SurfaceControl: nativeRelease nativeObject e[-5476376619639915824]
03-11 08:31:22.346 12272 12272 I SurfaceControl: release : mNativeObject = -5476376619639912688 - Surface(name=Surface(name=87848a0 StatusBar)/@0xe22201e - animation-leash)/@0x84947c1 / android.view.-$$Lambda$Rl1VZmNJ0VZDLK0BAbaVGis0rrA.accept:2 android.view.InsetsSourceControl.release:170 android.view.InsetsSourceConsumer.setControl:202 android.view.InsetsController.onControlsChanged:833
03-11 08:31:22.346 12272 12272 I SurfaceControl: nativeRelease nativeObject s[-5476376619639912688]
03-11 08:31:22.346 12272 12272 I SurfaceControl: nativeRelease nativeObject e[-5476376619639912688]
03-11 08:31:22.347 12272 23856 V Apptimize: Apptimize: Filter requests an unsupplied prefixed attribute: ^e122644_1. Not Matching.
03-11 08:31:22.347 12272 23856 V Apptimize: Apptimize: Filter requests an unsupplied prefixed attribute: ^e122646_2. Not Matching.
03-11 08:31:22.348 12272 23856 V Apptimize: Apptimize: Filter requests an unsupplied prefixed attribute: ^e122327_2. Not Matching.
03-11 08:31:22.348 12272 23856 V Apptimize: Apptimize: Filter requests an unsupplied prefixed attribute: ^e122688_2. Not Matching.
03-11 08:31:22.349 12272 23856 V Apptimize: Apptimize: Filter requests an unsupplied prefixed attribute: ^e122732_2. Not Matching.
03-11 08:31:22.349 12272 23856 V Apptimize: Apptimize: Filter requests an unsupplied prefixed attribute: ^e122743_1. Not Matching.
03-11 08:31:22.350   891   891 D Scheduler: onPrimaryDisplayConfigChanged to 2
03-11 08:31:22.350 12272 23856 V Apptimize: Apptimize: Filter requests an unsupplied prefixed attribute: ^e122777_1. Not Matching.
03-11 08:31:22.350 12272 23856 V Apptimize: Apptimize: Filter requests an unsupplied prefixed attribute: ^e123292_4. Not Matching.
03-11 08:31:22.351 12272 23856 V Apptimize: Apptimize: Filter requests an unsupplied prefixed attribute: ^e123386_1. Not Matching.
03-11 08:31:22.352 12272 23856 V Apptimize: Apptimize: Filter requests an unsupplied prefixed attribute: ^e123387_1. Not Matching.
03-11 08:31:22.352 12272 23856 V Apptimize: Apptimize: Filter requests an unsupplied prefixed attribute: ^e123388_1. Not Matching.
03-11 08:31:22.352 12272 23856 V Apptimize: Apptimize: Filter requests an unsupplied prefixed attribute: ^e123389_1. Not Matching.
03-11 08:31:22.353 12272 23856 V Apptimize: Apptimize: Filter requests an unsupplied prefixed attribute: ^v2800771_2. Not Matching.
03-11 08:31:22.353 12272 23856 V Apptimize: Apptimize: Filter requests an unsupplied prefixed attribute: ^v2800781_2. Not Matching.
03-11 08:31:22.353 12272 23856 V Apptimize: Apptimize: Filter requests an unsupplied prefixed attribute: ^v2821601_1. Not Matching.
03-11 08:31:22.353 12272 23856 V Apptimize: Apptimize: Filter requests an unsupplied prefixed attribute: ^v2821611_1. Not Matching.
03-11 08:31:22.353 12272 23856 V Apptimize: Apptimize: Filter requests an unsupplied prefixed attribute: ^v2821621_1. Not Matching.
03-11 08:31:22.354 12272 23856 V Apptimize: Apptimize: Filter requests an unsupplied prefixed attribute: ^v2843331_2. Not Matching.
03-11 08:31:22.354 12272 23856 V Apptimize: Apptimize: Filter requests an unsupplied prefixed attribute: ^v2843341_2. Not Matching.
03-11 08:31:22.354 12272 23856 V Apptimize: Apptimize: Filter requests an unsupplied prefixed attribute: ^v2843351_2. Not Matching.
03-11 08:31:22.354 12272 23856 V Apptimize: Apptimize: Filter requests an unsupplied prefixed attribute: ^v2843361_2. Not Matching.
03-11 08:31:22.354 12272 23856 V Apptimize: Apptimize: Filter requests an unsupplied prefixed attribute: ^v2851631_3. Not Matching.
03-11 08:31:22.354 12272 23856 V Apptimize: Apptimize: Filter requests an unsupplied prefixed attribute: ^v2851641_3. Not Matching.
03-11 08:31:22.354 12272 23856 V Apptimize: Apptimize: Filter requests an unsupplied prefixed attribute: ^v2851651_3. Not Matching.
03-11 08:31:22.354 12272 12272 I SurfaceControl: release : mNativeObject = -5476376619639952224 - Surface(name=Surface(name=cc9f96a NavigationBar0)/@0xbd126f8 - animation-leash)/@0xa619efd / android.view.-$$Lambda$Rl1VZmNJ0VZDLK0BAbaVGis0rrA.accept:2 android.view.InsetsSourceControl.release:170 android.view.InsetsSourceConsumer.setControl:202 android.view.InsetsController.onControlsChanged:833
03-11 08:31:22.354 12272 12272 I SurfaceControl: nativeRelease nativeObject s[-5476376619639952224]
03-11 08:31:22.354 12272 12272 I SurfaceControl: nativeRelease nativeObject e[-5476376619639952224]
03-11 08:31:22.354 12272 23856 V Apptimize: Apptimize: Filter requests an unsupplied prefixed attribute: ^v2851661_3. Not Matching.
03-11 08:31:22.354 12272 23856 V Apptimize: Apptimize: Filter requests an unsupplied prefixed attribute: ^v2851671_3. Not Matching.
03-11 08:31:22.354 12272 12272 I SurfaceControl: release : mNativeObject = -5476376619639950432 - Surface(name=Surface(name=87848a0 StatusBar)/@0xe22201e - animation-leash)/@0xeaff7f2 / android.view.-$$Lambda$Rl1VZmNJ0VZDLK0BAbaVGis0rrA.accept:2 android.view.InsetsSourceControl.release:170 android.view.InsetsSourceConsumer.setControl:202 android.view.InsetsController.onControlsChanged:833
03-11 08:31:22.354 12272 12272 I SurfaceControl: nativeRelease nativeObject s[-5476376619639950432]
03-11 08:31:22.354 12272 12272 I SurfaceControl: nativeRelease nativeObject e[-5476376619639950432]
03-11 08:31:22.354 12272 23856 V Apptimize: Apptimize: Filter requests an unsupplied prefixed attribute: ^v2851681_3. Not Matching.
03-11 08:31:22.355 12272 23856 V Apptimize: Apptimize: Filter requests an unsupplied prefixed attribute: ^v2855711_1. Not Matching.
03-11 08:31:22.355 12272 23856 V Apptimize: Apptimize: Filter requests an unsupplied prefixed attribute: ^v2855721_1. Not Matching.
03-11 08:31:22.355 12272 23856 V Apptimize: Apptimize: Filter requests an unsupplied prefixed attribute: ^v2876741_1. Not Matching.
03-11 08:31:22.356 12272 12272 I SurfaceControl: release : mNativeObject = -5476376619639919408 - Surface(name=Surface(name=75e4de8 InputMethod)/@0x1379aa6 - animation-leash)/@0xa7ec0cb / android.view.-$$Lambda$Rl1VZmNJ0VZDLK0BAbaVGis0rrA.accept:2 android.view.InsetsSourceControl.release:170 android.view.InsetsSourceConsumer.setControl:202 android.view.ImeInsetsSourceConsumer.setControl:154
03-11 08:31:22.356 12272 12272 I SurfaceControl: nativeRelease nativeObject s[-5476376619639919408]
03-11 08:31:22.356 12272 12272 I SurfaceControl: nativeRelease nativeObject e[-5476376619639919408]
03-11 08:31:22.356 12272 23856 V Apptimize: Apptimize: Filter requests an unsupplied prefixed attribute: ^v2876751_1. Not Matching.
03-11 08:31:22.356 12272 12272 I SurfaceControl: release : mNativeObject = -5476376619639920304 - Surface(name=Surface(name=cc9f96a NavigationBar0)/@0xbd126f8 - animation-leash)/@0x5a47e43 / android.view.-$$Lambda$Rl1VZmNJ0VZDLK0BAbaVGis0rrA.accept:2 android.view.InsetsSourceControl.release:170 android.view.InsetsSourceConsumer.setControl:202 android.view.InsetsController.onControlsChanged:833
03-11 08:31:22.356 12272 12272 I SurfaceControl: nativeRelease nativeObject s[-5476376619639920304]
03-11 08:31:22.357 12272 12272 I SurfaceControl: nativeRelease nativeObject e[-5476376619639920304]
03-11 08:31:22.357 12272 23856 V Apptimize: Apptimize: Filter requests an unsupplied prefixed attribute: ^v2886461_1. Not Matching.
03-11 08:31:22.357 12272 12272 I SurfaceControl: release : mNativeObject = -5476376619639917840 - Surface(name=Surface(name=87848a0 StatusBar)/@0xe22201e - animation-leash)/@0x545cc0 / android.view.-$$Lambda$Rl1VZmNJ0VZDLK0BAbaVGis0rrA.accept:2 android.view.InsetsSourceControl.release:170 android.view.InsetsSourceConsumer.setControl:202 android.view.InsetsController.onControlsChanged:833
03-11 08:31:22.357 12272 12272 I SurfaceControl: nativeRelease nativeObject s[-5476376619639917840]
03-11 08:31:22.357 12272 12272 I SurfaceControl: nativeRelease nativeObject e[-5476376619639917840]
03-11 08:31:22.357 12272 23856 V Apptimize: Apptimize: Filter requests an unsupplied prefixed attribute: ^v2886471_1. Not Matching.
03-11 08:31:22.357 12272 23856 V Apptimize: Apptimize: Filter requests an unsupplied prefixed attribute: ^v2886561_2. Not Matching.
03-11 08:31:22.357 12272 12272 I ViewRootImpl@64d869c[SplashV2Activity]: MSG_WINDOW_FOCUS_CHANGED 0 1
03-11 08:31:22.357 12272 23856 V Apptimize: Apptimize: Filter requests an unsupplied prefixed attribute: ^v2886581_2. Not Matching.
03-11 08:31:22.357 12272 23856 V Apptimize: Apptimize: Filter requests an unsupplied prefixed attribute: ^v2886591_2. Not Matching.
03-11 08:31:22.357 12272 23856 V Apptimize: Apptimize: Filter requests an unsupplied prefixed attribute: ^v2888061_2. Not Matching.
03-11 08:31:22.357 12272 23856 V Apptimize: Apptimize: Filter requests an unsupplied prefixed attribute: ^v2888081_2. Not Matching.
03-11 08:31:22.357 12272 23856 V Apptimize: Apptimize: Filter requests an unsupplied prefixed attribute: ^v2888411_2. Not Matching.
03-11 08:31:22.358 12272 23856 V Apptimize: Apptimize: Filter requests an unsupplied prefixed attribute: ^v2888421_2. Not Matching.
03-11 08:31:22.358 12272 23856 V Apptimize: Apptimize: Filter requests an unsupplied prefixed attribute: ^v2888431_2. Not Matching.
