03-10 07:02:20.615   903  1228 W ServiceManager: Permission failure: android.permission.ACCESS_SURFACE_FLINGER from uid=10333 pid=8925
03-10 07:02:20.615   903  1228 D PermissionCache: checking android.permission.ACCESS_SURFACE_FLINGER for uid=10333 => denied (645 us)
03-10 07:02:20.617  8925  8925 I ViewRootImpl@6673111[SplashV2Activity]: Relayout returned: old=(0,0,1080,2400) new=(0,0,1080,2400) req=(1080,2400)0 dur=7 res=0x7 s={true -5476376611764824144} ch=true fn=-1
03-10 07:02:20.624  8925  8925 I ViewRootImpl@6673111[SplashV2Activity]: [DP] dp(1) 1 android.view.ViewRootImpl.reportNextDraw:10957 android.view.ViewRootImpl.performTraversals:3845 android.view.ViewRootImpl.doTraversal:2618
03-10 07:02:20.624  8925  8925 I ViewRootImpl@6673111[SplashV2Activity]: [DP] pd() Asnyc report
03-10 07:02:20.633   789   925 E Netd    : getNetworkForDns: getNetId from enterpriseCtrl is netid 0
03-10 07:02:20.646  1243  1464 I AppsFilter: interaction: PackageSetting{fdea7a5 com.browserstack.inputinjector/10283} -> PackageSetting{eb6b9f2 com.microsoft.appmanager/10156} BLOCKED
03-10 07:02:20.646  1243  1464 I AppsFilter: interaction: PackageSetting{6393392 com.browserstack.uiautomation/10281} -> PackageSetting{eb6b9f2 com.microsoft.appmanager/10156} BLOCKED
03-10 07:02:20.646  1243  1464 I AppsFilter: interaction: PackageSetting{fa653b7 com.browserstack.uiautomation.test/10282} -> PackageSetting{eb6b9f2 com.microsoft.appmanager/10156} BLOCKED
03-10 07:02:20.646  1243  1464 I AppsFilter: interaction: PackageSetting{19710f3 com.tiket.gits.debug/10333} -> PackageSetting{eb6b9f2 com.microsoft.appmanager/10156} BLOCKED
03-10 07:02:20.646  1243  1464 I AppsFilter: interaction: PackageSetting{4ad957d com.browserstack.inputinjector.test/10284} -> PackageSetting{eb6b9f2 com.microsoft.appmanager/10156} BLOCKED
03-10 07:02:20.647  1243  1464 D ActivityManager: Parallel Broadcast is delayed BroadcastRecord{632f6bb u0 android.intent.action.PACKAGE_CHANGED}
03-10 07:02:20.652  1243  9414 V WindowManager: Relayout Window{f051045 u0 com.tiket.gits.debug/com.tiket.gits.v2splash.SplashV2Activity}: viewVisibility=0 req=1080x2400
03-10 07:02:20.653  1243  9414 D WindowManager: isScreenshotDisabledLocked - win: Window{f051045 u0 com.tiket.gits.debug/com.tiket.gits.v2splash.SplashV2Activity}
03-10 07:02:20.653  1243  9414 D WindowManager: isScreenshotDisabledLocked: userId = 0, disabled =false
03-10 07:02:20.653   903  1229 I SurfaceFlinger: id=9781 createSurf (1080x2400),1 flag=404, com.tiket.gits.debug/com.tiket.gits.v2splash.SplashV2Activity$_8925#1
03-10 07:02:20.654  1243  9414 D WindowManager: makeSurface duration=2 name=com.tiket.gits.debug/com.tiket.gits.v2splash.SplashV2Activity$_8925
03-10 07:02:20.655  1243  9414 V WindowManager: Relayout hash=f051045, pid=8925: mAttrs={(0,0)(fillxfill) sim={adjust=resize forwardNavigation} ty=BASE_APPLICATION
03-10 07:02:20.655  1243  9414 V WindowManager:   fl=81810100
03-10 07:02:20.655  1243  9414 V WindowManager:   pfl=12020000
03-10 07:02:20.655  1243  9414 V WindowManager:   vsysui=2500
03-10 07:02:20.655  1243  9414 V WindowManager:   apr=LIGHT_STATUS_BARS LIGHT_NAVIGATION_BARS
03-10 07:02:20.655  1243  9414 V WindowManager:   fitSides= naviIconColor=0
03-10 07:02:20.655  1243  9414 V WindowManager:   sfl=100000}
03-10 07:02:20.655  1243  9414 I SurfaceControl: nativeRelease nativeObject s[-5476376616597052992]
03-10 07:02:20.655  1243  9414 I SurfaceControl: nativeRelease nativeObject e[-5476376616597052992]
03-10 07:02:20.658  8925  8925 I SurfaceControl: assignNativeObject: nativeObject = 0 Surface(name=null)/@0xb25fee1 / android.view.SurfaceControl.readFromParcel:1115 android.view.IWindowSession$Stub$Proxy.relayout:1820 android.view.ViewRootImpl.relayoutWindow:9005 android.view.ViewRootImpl.performTraversals:3360 android.view.ViewRootImpl.doTraversal:2618 android.view.ViewRootImpl$TraversalRunnable.run:9971 android.view.Choreographer$CallbackRecord.run:1010 android.view.Choreographer.doCallbacks:809 android.view.Choreographer.doFrame:744 android.view.Choreographer$FrameDisplayEventReceiver.run:995
03-10 07:02:20.659  8925  8925 I ViewRootImpl@7f44b4b[SplashV2Activity]: Relayout returned: old=(0,0,1080,2400) new=(0,0,1080,2400) req=(1080,2400)0 dur=6 res=0x7 s={true -5476376611764789264} ch=true fn=-1
03-10 07:02:20.662  8925  8925 W RecyclerView: No adapter attached; skipping layout
03-10 07:02:20.662  8925 14665 I iket.gits.debu: Explicit concurrent copying GC freed 16758(1536KB) AllocSpace objects, 6(264KB) LOS objects, 49% free, 12MB/25MB, paused 729us total 79.710ms
03-10 07:02:20.688  8925 14727 D com.amplitude.api.AmplitudeClient: Logged event to Amplitude: $identify
03-10 07:02:20.720  8925 14665 I Apptimize: Apptimize: Initializing Apptimize with appKey BNDrKahqS7vcA94Wgf6e2gfgPr4kqCg .
03-10 07:02:20.729  8925  8925 I ViewRootImpl@7f44b4b[SplashV2Activity]: [DP] dp(1) 1 android.view.ViewRootImpl.reportNextDraw:10957 android.view.ViewRootImpl.performTraversals:3845 android.view.ViewRootImpl.doTraversal:2618
03-10 07:02:20.729  8925  8925 I ViewRootImpl@7f44b4b[SplashV2Activity]: [DP] pd() Asnyc report
03-10 07:02:20.733  8925 14727 D com.amplitude.api.AmplitudeClient: Logged event to Amplitude: $identify
03-10 07:02:20.733  1243  1243 I NotificationService: RuneStone mIsRuneStoneSupported = true, mIsRuneStoneEnabled = false
03-10 07:02:20.735  1243  1243 W NotificationHistory: Attempted to add notif for locked/gone/disabled user 0
03-10 07:02:20.737  5433  5433 I Launcher.NotificationListener: onNotificationPosted : com.tiket.gits.debug number : 0
03-10 07:02:20.737  5433  5496 I Launcher.NotificationListener: notificationIsValidForUI : com.tiket.gits.debug missingTitleAndText : false isGroupHeader : false
03-10 07:02:20.738  5433  5433 I FolderIconView: applyDotState FolderInfo : Samsung display : 1 count : 0
03-10 07:02:20.739  5433  5433 I FolderIconView: applyDotState FolderInfo : Google display : 1 count : 0
03-10 07:02:20.739  5433  5433 I IconView: applyDotState itemInfo : (Debug) tiket.com display : 1 count : 1
03-10 07:02:20.749 10013 10013 D InterruptionStateProvider: No bubble up: not allowed to bubble: 0|com.tiket.gits.debug|1139|null|10333
03-10 07:02:20.752  8925  8925 I ViewRootImpl@7f44b4b[SplashV2Activity]: [DP] pdf(0) 1 android.view.ViewRootImpl.lambda$performDraw$1$ViewRootImpl:4668 android.view.-$$Lambda$ViewRootImpl$DJd0VUYJgsebcnSohO6h8zc_ONI.run:6 android.os.Handler.handleCallback:938
03-10 07:02:20.752  8925  8925 I ViewRootImpl@7f44b4b[SplashV2Activity]: [DP] rdf()
03-10 07:02:20.752  1243  9414 D WindowManager: finishDrawingWindow: Window{f051045 u0 com.tiket.gits.debug/com.tiket.gits.v2splash.SplashV2Activity} mDrawState=DRAW_PENDING
03-10 07:02:20.752  8925  8925 I ViewRootImpl@6673111[SplashV2Activity]: [DP] pdf(0) 1 android.view.ViewRootImpl.lambda$performDraw$1$ViewRootImpl:4668 android.view.-$$Lambda$ViewRootImpl$DJd0VUYJgsebcnSohO6h8zc_ONI.run:6 android.os.Handler.handleCallback:938
03-10 07:02:20.752  8925  8925 I ViewRootImpl@6673111[SplashV2Activity]: [DP] rdf()
03-10 07:02:20.753 10013 10013 D InterruptionStateProvider:  no Heads up : edgelighting enabled app. 0|com.tiket.gits.debug|1139|null|10333
03-10 07:02:20.754  1243  7519 D WindowManager: finishDrawingWindow: Window{d97ebea u0 com.tiket.gits.debug/com.tiket.gits.v2splash.SplashV2Activity} mDrawState=DRAW_PENDING
03-10 07:02:20.755  8925  8925 I SurfaceControl: nativeRelease nativeObject s[-5476376616597119968]
03-10 07:02:20.755  8925  8925 I SurfaceControl: nativeRelease nativeObject e[-5476376616597119968]
03-10 07:02:20.755  8925  8925 I SurfaceControl: nativeRelease nativeObject s[-5476376616597092192]
03-10 07:02:20.755  8925  8925 I SurfaceControl: nativeRelease nativeObject e[-5476376616597092192]
03-10 07:02:20.757  1243  1418 D PkgPredictorService: pkg:com.tiket.gits.debug activity:com.tiket.gits.v2splash.SplashV2Activity thisTime:1444
03-10 07:02:20.757  1243  1418 D PkgPredictorService-Collector: update activity launch time: SplashV2Activity : 1444
03-10 07:02:20.757  1243  1418 I SemDvfsHyPerManager: acquire hyper - AMS_RESUME_TAIL/1243@21, type = -999
03-10 07:02:20.757  1243  1418 I SemDvfsHyPerManager: acquire hyper - AMS_ACT_LAZY/1243@22, type = -999
03-10 07:02:20.757  1243  1418 D ActivityManagerPerformance: AMP_acquire() TAIL
03-10 07:02:20.757  1243  1418 D ActivityManagerPerformance: AMP_release() APP_SWITCH
03-10 07:02:20.758   820   840 I HYPER-HAL: [RequestManager.cpp]acquire(): Acquired ID : 799501  [1243 / 21]    HINT : AMS_RESUME_TAIL    list :
03-10 07:02:20.758  1243  1427 D ArtManagerInternalImpl: /data/misc/iorapd/com.tiket.gits.debug/4290/com.tiket.gits.v2splash.SplashV2Activity/compiled_traces/compiled_trace.pb doesn't exist
03-10 07:02:20.758   820   840 I HYPER-HAL: [ResourceManager.cpp]updateResource(): [CPUMinFreq] UpdateResource Request ID : 799501    Value : 1768000
03-10 07:02:20.758   820   840 I HYPER-HAL: [RequestManager.cpp]acquire(): Acquired ID : 800767  [1243 / 22]    HINT :      list :
03-10 07:02:20.758   820   840 E HYPER-HAL: [Request.cpp]acquire(): Request:: id : 800767, No Resource to set
03-10 07:02:20.758   820   840 I HYPER-HAL: [ResourceManager.cpp]removeResource(): [CPUMinFreq] RemoveResource Request ID : 804571
03-10 07:02:20.762  1243  1418 D ViewRootImpl@591299e[debug]: dispatchDetachedFromWindow: reset blurmask
03-10 07:02:20.762  1243  1418 I ViewRootImpl@591299e[debug]: dispatchDetachedFromWindow
03-10 07:02:20.762  1243  1418 I SurfaceControl: nativeRelease nativeObject s[-5476376616596914560]
03-10 07:02:20.762  1243  1418 I SurfaceControl: nativeRelease nativeObject e[-5476376616596914560]
03-10 07:02:20.763  1243  1418 D InputTransport: Input channel destroyed: '7b10c7f', fd=796
03-10 07:02:20.763  1243  1418 I WindowManager: Reparenting to leash, surface=Surface(name=7b10c7f Splash Screen com.tiket.gits.debug)/@0xf734087, leashParent=Surface(name=ActivityRecord{ae8597e u0 com.tiket.gits.debug/com.tiket.gits.v2splash.SplashV2Activity t312})/@0x125cbb4
03-10 07:02:20.763   903  8160 I SurfaceFlinger: id=9782 createSurf (0x0),-1 flag=24000, Surface(name=7b10c7f Splash Screen com.tiket.gits.debug)/@0xf734087 - animation-leash#0
03-10 07:02:20.764  1243  1418 D WindowManager: makeSurface duration=0 leash=Surface(name=Surface(name=7b10c7f Splash Screen com.tiket.gits.debug)/@0xf734087 - animation-leash)/@0x260c3dd
03-10 07:02:20.766   820   840 I HYPER-HAL: [RequestManager.cpp]releaseLocked(): Released ID : 804571
03-10 07:02:20.766  1243  9444 I InputDispatcher: Focus entered window (8925): d97ebea in display 0 0
03-10 07:02:20.766  1243  1418 D InputTransport: Input channel destroyed: '7b10c7f', fd=797
03-10 07:02:20.772  1243  8272 D FreecessController: com.sec.android.app.camera(state: Initial -> Freezeable, Reason: uidIdle)
03-10 07:02:20.774  1243  9444 D SensorService: Calling batch handle==1 flags=0 rate=2000000 timeout== 0
03-10 07:02:20.774   813   813 I Sensors : batch(0) - accelerometer_sensor try to batching with 2000000
03-10 07:02:20.774   903   903 D SurfaceFlinger: Display 21442653864348033 HWC layers:
03-10 07:02:20.774   903   903 D SurfaceFlinger:      DEVICE | 0xb400006efa8f9090 | 0002 | RGBA_8888    |    0.0    0.0 1080.0 2400.0 |    0    0 1080 2400 | com.tiket.gits.debug/com.tiket.gits.v2splash.SplashV2Activity$_8925#1
03-10 07:02:20.774   903   903 D SurfaceFlinger:      DEVICE | 0xb400006efa8fbc50 | 0000 | RGBA_8888    |    0.0    0.0 1080.0 2400.0 |    0    0 1080 2400 | com.tiket.gits.debug/com.tiket.gits.v2splash.SplashV2Activity$_8925#0
03-10 07:02:20.774   903   903 D SurfaceFlinger:      DEVICE | 0xb400006efa9044d0 | 0000 | RGBA_8888    |    0.0    0.0 1080.0 2400.0 |    0    0 1080 2400 | Splash Screen com.tiket.gits.debug#0
03-10 07:02:20.774   903   903 D SurfaceFlinger:      DEVICE | 0xb400006efa910010 | 0000 | RGBA_8888    |    0.0    0.0 1080.0   79.0 |    0    0 1080   79 | StatusBar$_10013#0
03-10 07:02:20.774   903   903 D SurfaceFlinger:      DEVICE | 0xb400006efa8fa210 | 0000 | RGBA_8888    |    0.0    0.0   67.0  342.0 | 1013  458 1080  800 | com.samsung.android.app.cocktailbars[...]rservice.CocktailBarService$_12337#0
03-10 07:02:20.774   903   903 D SurfaceFlinger:      DEVICE | 0xb400006efa915950 | 0000 | RGBA_8888    |    0.0    0.0 1080.0  144.0 |    0 2256 1080 2400 | NavigationBar0$_10013#0
03-10 07:02:20.774   903   903 D SurfaceFlinger:
03-10 07:02:20.777   813   813 I Sensors : AccSensor old sensor_state 16384, new sensor_state : 140754668240897 en : 1
03-10 07:02:20.781 13780 14097 I appium  : channel read invoked!
03-10 07:02:20.781 13780 14097 I appium  : channel read: GET /wd/hub/session/5ff5c424-305e-4260-9021-9a461317ed53/appium/device/pixel_ratio
03-10 07:02:20.781   813   813 I Sensors : enable:: accelerometer_sensor(0)
03-10 07:02:20.781 13780 14097 I appium  : Get device pixel ratio
03-10 07:02:20.782 13780 14097 I appium  : AppiumResponse: {"sessionId":"5ff5c424-305e-4260-9021-9a461317ed53","value":3}
03-10 07:02:20.782  8925  8925 D SensorManager: registerListener :: 1, LSM6DSO Accelerometer, 0, 0, com.appsflyer.internal.t@15f2c3ad
03-10 07:02:20.783   568   574 E audit   : avc:  denied  { find } for pid=5402 uid=10276 name=tethering scontext=u:r:permissioncontroller_app:s0:c20,c257,c512,c768 tcontext=u:object_r:tethering_service:s0 tclass=service_manager permissive=0
03-10 07:02:20.783   568   574 I servicemanager: tethering : getService has failed, permission denied.
03-10 07:02:20.784  1243  9444 D SensorService: Calling batch handle==2 flags=0 rate=2000000 timeout== 0
03-10 07:02:20.784   813   813 I Sensors : batch(2) - gyro_sensor try to batching with 2000000
03-10 07:02:20.787   813   813 I Sensors : GyroSensor old sensor_state 16385, new sensor_state : 140754668240899 en : 1
03-10 07:02:20.788   813   813 I Sensors : enable:: gyro_sensor(2)
03-10 07:02:20.788 13780 14097 I appium  : channel read invoked!
03-10 07:02:20.788 13780 14097 I appium  : channel read: GET /wd/hub/session/5ff5c424-305e-4260-9021-9a461317ed53/appium/device/system_bars
03-10 07:02:20.788  8925  8925 D SensorManager: registerListener :: 2, LSM6DSO Gyroscope, 0, 0, com.appsflyer.internal.t@700e20fa
03-10 07:02:20.788 13780 14097 I appium  : Get status bar height of the device
03-10 07:02:20.789 13780 14097 I appium  : AppiumResponse: {"sessionId":"5ff5c424-305e-4260-9021-9a461317ed53","value":{"statusBar":79}}
03-10 07:02:20.789  1243  9438 D SensorService: Calling batch handle==5 flags=0 rate=10000000 timeout== 0
03-10 07:02:20.789   813   813 I Sensors : batch(1) - geomagnetic_sensor try to batching with 10000000
03-10 07:02:20.790   813   813 I Sensors : GeoMagneticSensor old sensor_state 16387, new sensor_state : 140754668240915 en : 1
03-10 07:02:20.791   813   813 I Sensors : enable:: geomagnetic_sensor(1)
03-10 07:02:20.791  8925  8925 D SensorManager: registerListener :: 5, AK09918C Magnetometer, 0, 0, com.appsflyer.internal.t@2707dcf6
03-10 07:02:20.794  8925 14921 W LOTTIE  : Animation contains merge paths. Merge paths are only supported on KitKat+ and must be manually enabled by calling enableMergePathsForKitKatAndAbove().
03-10 07:02:20.796  8925 14921 W LOTTIE  : Animation contains merge paths but they are disabled.
03-10 07:02:20.798 13780 14097 I appium  : channel read invoked!
03-10 07:02:20.798 13780 14097 I appium  : channel read: GET /wd/hub/session/5ff5c424-305e-4260-9021-9a461317ed53/window/current/size
03-10 07:02:20.798 13780 14097 I appium  : Get window size of the device
03-10 07:02:20.799 13780 14097 I appium  : AppiumResponse: {"sessionId":"5ff5c424-305e-4260-9021-9a461317ed53","value":{"height":2176,"width":1080}}
03-10 07:02:20.805 10013 10013 E ExpandableNotifRow: onNotificationUpdated() NSSL is null..
03-10 07:02:20.807 10013 10013 D FaceWidgetNotificationManager: updateFaceWidgetMusicNotificationKey() return : mFaceWidgetMusicNotificationKey is empty
03-10 07:02:20.808 11435 13105 E class fr.pchab.AndroidRTC.NewTabPoller: error sending newtab event : timeout
03-10 07:02:20.824 10013 10352 E IndicatorGardenAlgorithmBasicCutout: NOT MATCH !!!! resourceHeight:79, cutoutHeight:80 ([IndicatorGardenInputProperty]  Rotation(0-0,90-1,180-2,270-3)0, Density:3.0, ScreenWidthSize:1080, CoverSidePadding:0, mIndicatorGardenCenterOffset:13, mCameraCutoutCropSize:0, mGardenPaddingStart:24, mIndicatorCornerPadding:82, mCameraSidePadding:30, mCameraTopMargin:20, DpCutout:DisplayCutout{insets=Rect(0, 80 - 0, 0) waterfall=Insets{left=0, top=0, right=0, bottom=0} boundingRect={Bounds=[Rect(0, 0 - 0, 0), Rect(510, 0 - 570, 80), Rect(0, 0 - 0, 0), Rect(0, 0 - 0, 0)]}})
03-10 07:02:20.824 10013 10352 E IndicatorGardenAlgorithmBasicCutout: NOT MATCH !!!! resourceHeight:79, cutoutHeight:80 ([IndicatorGardenInputProperty]  Rotation(0-0,90-1,180-2,270-3)0, Density:3.0, ScreenWidthSize:1080, CoverSidePadding:0, mIndicatorGardenCenterOffset:13, mCameraCutoutCropSize:0, mGardenPaddingStart:24, mIndicatorCornerPadding:82, mCameraSidePadding:30, mCameraTopMargin:20, DpCutout:DisplayCutout{insets=Rect(0, 80 - 0, 0) waterfall=Insets{left=0, top=0, right=0, bottom=0} boundingRect={Bounds=[Rect(0, 0 - 0, 0), Rect(510, 0 - 570, 80), Rect(0, 0 - 0, 0), Rect(0, 0 - 0, 0)]}})
03-10 07:02:20.827  8925  8925 I GAv4    : Google Analytics 12.4.51 is starting up. To enable debug logging on a device run:
03-10 07:02:20.827  8925  8925 I GAv4    :   adb shell setprop log.tag.GAv4 DEBUG
03-10 07:02:20.827  8925  8925 I GAv4    :   adb logcat -s GAv4
03-10 07:02:20.827  1243  1427 V BroadcastQueue: Delayed Parallel Broadcast added to main list BroadcastRecord{1a19047 u0 android.intent.action.PACKAGE_RESTARTED}
03-10 07:02:20.827  1243  1427 V BroadcastQueue: Delayed Parallel Broadcast added to main list BroadcastRecord{632f6bb u0 android.intent.action.PACKAGE_CHANGED}
03-10 07:02:20.828  1243  1428 V BroadcastQueue: Delayed Ordered Broadcast added to main list BroadcastRecord{9aa4074 u0 android.intent.action.PACKAGE_RESTARTED}
03-10 07:02:20.833  7552  7552 D RegisteredServicesCache: com.tiket.gits.debug is not related HCE package
03-10 07:02:20.834  1243  1418 I WindowManager: Reparenting to original parent: Surface(name=ActivityRecord{ae8597e u0 com.tiket.gits.debug/com.tiket.gits.v2splash.SplashV2Activity t312})/@0x125cbb4, destroy=true, surface=Surface(name=7b10c7f Splash Screen com.tiket.gits.debug)/@0xf734087
03-10 07:02:20.834  1243  1418 I SurfaceControl: nativeRelease nativeObject s[-5476376616596819472]
03-10 07:02:20.834  1243  1418 I SurfaceControl: nativeRelease nativeObject e[-5476376616596819472]
03-10 07:02:20.834  1243  1243 D SamsungAlarmManager: Remove alarm for next reason : android.intent.action.PACKAGE_RESTARTED / pkg:com.tiket.gits.debug
03-10 07:02:20.835  7617  7617 E PhoneInterfaceManager: [PhoneIntfMgr] getCarrierPackageNamesForIntentAndPhone: No UICC
03-10 07:02:20.835  7617  7617 D CarrierSvcBindHelper: No carrier app for: 0
03-10 07:02:20.836  7617  7617 E PhoneInterfaceManager: [PhoneIntfMgr] getCarrierPackageNamesForIntentAndPhone: No UICC
03-10 07:02:20.836  7617  7617 D CarrierSvcBindHelper: No carrier app for: 1
03-10 07:02:20.837  6218  6289 I SystemBroadcastReceiver: [#CMH#] onReceive completed :  0
03-10 07:02:20.837  7552  7552 D RegisteredNfcFServicesCache: Service unchanged, not updating
03-10 07:02:20.837  6218  6218 I ControllerEventHandler: [#CMH#] onPackageChanged()  null
03-10 07:02:20.837 25860 25860 I SCS@AiSearch user 0: (PackageBroadcastReceiver) onReceive android.intent.action.PACKAGE_CHANGED
03-10 07:02:20.838  7552  7552 D RegisteredServicesCache: com.microsoft.appmanager is not related HCE package
03-10 07:02:20.839  1243  1418 E WindowManager: win=Window{7b10c7f u0 Splash Screen com.tiket.gits.debug EXITING} destroySurfaces: appStopped=false win.mWindowRemovalAllowed=true win.mRemoveOnExit=true win.mViewVisibility=0 caller=com.android.server.wm.ActivityRecord.destroySurfaces:5251 com.android.server.wm.ActivityRecord.destroySurfaces:5232 com.android.server.wm.WindowState.onExitAnimationDone:5623 com.android.server.wm.WindowStateAnimator.onAnimationFinished:332 com.android.server.wm.WindowState.onAnimationFinished:6088 com.android.server.wm.-$$Lambda$dwJG8BAnLlvKNGuDY9U3-haNY4M.onAnimationFinished:2 com.android.server.wm.SurfaceAnimator.lambda$getFinishedCallback$0$SurfaceAnimator:112
03-10 07:02:20.839  7552  7552 D RegisteredNfcFServicesCache: Service unchanged, not updating
03-10 07:02:20.839  1243  1418 I WindowManager: Destroying surface Surface(name=Splash Screen com.tiket.gits.debug)/@0x6ab6050 called by com.android.server.wm.WindowStateAnimator.destroySurface:1794 com.android.server.wm.WindowStateAnimator.destroySurfaceLocked:765 com.android.server.wm.WindowState.destroySurfaceUnchecked:3918 com.android.server.wm.WindowState.destroySurface:3892 com.android.server.wm.ActivityRecord.destroySurfaces:5251 com.android.server.wm.ActivityRecord.destroySurfaces:5232 com.android.server.wm.WindowState.onExitAnimationDone:5623 com.android.server.wm.WindowStateAnimator.onAnimationFinished:332
03-10 07:02:20.839  1243  1418 I SurfaceControl: nativeRelease nativeObject s[-5476376616597106192]
03-10 07:02:20.839  1243  1418 I SurfaceControl: nativeRelease nativeObject e[-5476376616597106192]
03-10 07:02:20.839   903  8160 I Layer   : id=9773 removeFromCurrentState Splash Screen com.tiket.gits.debug#0 (64)
03-10 07:02:20.840  1243  1428 W BroadcastQueue: Background execution not allowed: receiving Intent { act=android.intent.action.PACKAGE_RESTARTED dat=package:com.tiket.gits.debug flg=0x10 (has extras) } to android/com.kddi.android.CpaNotiReceiver
03-10 07:02:20.842 10013 10013 D KeyguardUpdateMonitor: received broadcast android.intent.action.PACKAGE_CHANGED
03-10 07:02:20.842 10013 10013 D SPluginManagerImpl: onReceive: android.intent.action.PACKAGE_CHANGED, size:{com.android.systemui.slimindicator.SlimIndicatorPluginMediator@f8eacb=SPluginInstanceManager@220477372 (action=com.samsung.systemui.action.SPLUGIN_SLIMINDICATOR), com.android.systemui.statusbar.phone.NavBarInteractorManager$1@1d5eb73=SPluginInstanceManager@147796805 (action=com.samsung.systemui.navigationbar.PLUGIN), com.android.systemui.BixbyInteractor$1@5190bd5=SPluginInstanceManager@238422682 (action=com.samsung.systemui.bixby2.PLUGIN), com.android.systemui.pluginlock.PluginLockMediatorImpl@c4be959=SPluginInstanceManager@22650827 (action=com.samsung.systemui.action.PLUGIN_LOCK), com.android.systemui.noticenter.NotiCenterPlugin$NotiCenterPluginListener@cd4a3de=SPluginInstanceManager@64689064 (action=com.samsung.systemui.action.PLUGIN_NOTICENTER), com.android.systemui.volume.VolumeStarInteractor$1@f5262de=SPluginInstanceManager@3456705 (action=com.samsung.systemui.volume.PLUGIN), com.samsung.android.systemui.multistar.MultiStarManager$1@fbe6a44=SPluginInstanceManager@47855206 (action=com.samsung.systemui.action.PLUGIN_MULTISTAR)}
03-10 07:02:20.844  1243  1418 I SurfaceControl: nativeRelease nativeObject s[-5476376616597049856]
03-10 07:02:20.844  1243  1418 I SurfaceControl: nativeRelease nativeObject e[-5476376616597049856]
03-10 07:02:20.847   903   946 I Layer   : id=9772 removeFromCurrentState 7b10c7f Splash Screen com.tiket.gits.debug#0 (64)
03-10 07:02:20.847   903   946 I Layer   : id=9782 removeFromCurrentState Surface(name=7b10c7f Splash Screen com.tiket.gits.debug)/@0xf734087 - animation-leash#0 (64)
03-10 07:02:20.847  1243  9438 D SamsungAlarmManager: Cancel Alarm calling from uid:10333 pid :8925 / OP:PendingIntent{14afa5a: PendingIntentRecord{d0348b com.tiket.gits.debug broadcastIntent}}
03-10 07:02:20.848  7617  7617 E CellBroadcastUtils: getDefaultCellBroadcastReceiverPackageName: no package found
03-10 07:02:20.848  7617  7617 E SmsApplication: Package not found: null
03-10 07:02:20.849   903   903 I HWComposer: ActiveConfigToHWC, ID : 0
03-10 07:02:20.849   808   993 I display : Set Affinity config for fps(120) : 0, cpuIDs : 255
03-10 07:02:20.849   808   993 I display : Set Affinity CPU ID : 0
03-10 07:02:20.849   808   993 I display : Set Affinity CPU ID : 1
03-10 07:02:20.849   808   993 I display : Set Affinity CPU ID : 2
03-10 07:02:20.849   808   993 I display : Set Affinity CPU ID : 3
03-10 07:02:20.849   808   993 I display : Set Affinity CPU ID : 4
03-10 07:02:20.849   808   993 I display : Set Affinity CPU ID : 5
03-10 07:02:20.849   808   993 I display : Set Affinity CPU ID : 6
03-10 07:02:20.849   808   993 I display : Set Affinity CPU ID : 7
03-10 07:02:20.849   808   993 I display : Set affinity HWC : 808
03-10 07:02:20.849   808   993 I display : CPU set : Cluster(0), min_clock(0)
03-10 07:02:20.849   808   993 I display : CPU set : Cluster(1), min_clock(0)
03-10 07:02:20.849   808   993 I display : CPU set : Cluster(2), min_clock(0)
03-10 07:02:20.849   808   993 I display : setActiveConfig(config=0)
03-10 07:02:20.849   808   993 I display : next config(0): width=1080 height=2400 period=8333333 Xdpi=422030 Ydpi=423333 groupId=0
03-10 07:02:20.849   808   993 I display : Current VRR MODE is 3
03-10 07:02:20.849   903   903 I SurfaceFlinger: Touch=0, Idle=0, DisplayPower=0
03-10 07:02:20.850  7617  7617 E PhoneInterfaceManager: [PhoneIntfMgr] getCarrierPackageNamesForIntentAndPhone: No UICC
03-10 07:02:20.850  7617  7617 D CarrierSvcBindHelper: No carrier app for: 0
03-10 07:02:20.852   903  8160 I SurfaceFlinger: id=9772 Removed 7b10c7f Splash Screen com.tiket.gits.debug#0 (64)
03-10 07:02:20.852   903  8160 I SurfaceFlinger: id=9782 Removed Surface(name=7b10c7f Splash Screen com.tiket.gits.debug)/@0xf734087 - animation-leash#0 (64)
03-10 07:02:20.852   903  8160 I SurfaceFlinger: id=9773 Removed Splash Screen com.tiket.gits.debug#0 (64)
03-10 07:02:20.855   903   903 D SurfaceFlinger: Display 21442653864348033 HWC layers:
03-10 07:02:20.855   903   903 D SurfaceFlinger:      DEVICE | 0xb400006efa8f9090 | 0002 | RGBA_8888    |    0.0    0.0 1080.0 2400.0 |    0    0 1080 2400 | com.tiket.gits.debug/com.tiket.gits.v2splash.SplashV2Activity$_8925#1
03-10 07:02:20.855   903   903 D SurfaceFlinger:      DEVICE | 0xb400006efa8fbc50 | 0000 | RGBA_8888    |    0.0    0.0 1080.0 2400.0 |    0    0 1080 2400 | com.tiket.gits.debug/com.tiket.gits.v2splash.SplashV2Activity$_8925#0
03-10 07:02:20.855   903   903 D SurfaceFlinger:      DEVICE | 0xb400006efa909fd0 | 0000 | RGBA_8888    |    0.0    0.0 1080.0   79.0 |    0    0 1080   79 | StatusBar$_10013#0
03-10 07:02:20.855   903   903 D SurfaceFlinger:      DEVICE | 0xb400006efa8fa210 | 0000 | RGBA_8888    |    0.0    0.0   67.0  342.0 | 1013  458 1080  800 | com.samsung.android.app.cocktailbars[...]rservice.CocktailBarService$_12337#0
03-10 07:02:20.855   903   903 D SurfaceFlinger:      DEVICE | 0xb400006efa915950 | 0000 | RGBA_8888    |    0.0    0.0 1080.0  144.0 |    0 2256 1080 2400 | NavigationBar0$_10013#0
03-10 07:02:20.855   903   903 D SurfaceFlinger:
03-10 07:02:20.855  7552  7552 D RegisteredComponentCache: Collect Tech packages for Knox
03-10 07:02:20.857  7617  7617 E PhoneInterfaceManager: [PhoneIntfMgr] getCarrierPackageNamesForIntentAndPhone: No UICC
03-10 07:02:20.857  7617  7617 D CarrierSvcBindHelper: No carrier app for: 1
03-10 07:02:20.857 10013 10013 D FaceWidgetMetadataParser: updatePackage() com.microsoft.appmanager false
03-10 07:02:20.857  7617  7617 D ImsResolver: maybeAddedImsService, packageName: com.microsoft.appmanager
03-10 07:02:20.858 10013 10013 W FaceWidgetMetadataParser: updatePackage() there is no metadata
03-10 07:02:20.858 10013 10013 D FaceWidgetMetadataParser: removePackage() key = com.microsoft.appmanager
03-10 07:02:20.858 11435 13105 I class fr.pchab.AndroidRTC.NewTabPoller: URL: https://183.177.55.156/json?debug_port=
03-10 07:02:20.859 11435 13105 I System.out: (HTTPLog)-Static: isSBSettingEnabled false
03-10 07:02:20.859 11435 13105 I System.out: (HTTPLog)-Static: isSBSettingEnabled false
03-10 07:02:20.861  1243  1427 I ActivityTaskManager: Displayed com.tiket.gits.debug/com.tiket.gits.v2splash.SplashV2Activity: +1s444ms
03-10 07:02:20.861  1243  1427 I Pageboost: Launch time gathered : pid 8925 com.tiket.gits.debug 1444
03-10 07:02:20.861   789   925 E Netd    : getNetworkForDns: getNetId from enterpriseCtrl is netid 0
03-10 07:02:20.861  8356  8356 E pageboostd: Received HALT command code 2
03-10 07:02:20.865   903   903 D Scheduler: onPrimaryDisplayConfigChanged to 0
03-10 07:02:20.865   903   903 I Layer   : id=9773[1] Destroyed Splash Screen com.tiket.gits.debug#0
03-10 07:02:20.866   903   903 I Layer   : id=9782[1] Destroyed Surface(name=7b10c7f Splash Screen com.tiket.gits.debug)/@0xf734087 - animation-leash#0
03-10 07:02:20.866   903   903 I Layer   : id=9772[1] Destroyed 7b10c7f Splash Screen com.tiket.gits.debug#0
03-10 07:02:20.866  8925 14665 I Apptimize: Apptimize: Localytics not found. Experiment participation events will not be exported to Localytics.
03-10 07:02:20.867  8925 14665 I Apptimize: Apptimize: Mixpanel not found. Experiment participation events will not be exported to Mixpanel.
03-10 07:02:20.868  8925 14665 E Apptimize: Apptimize: Airship classes not found. Expected version >= 12.0.0 and < 14.0.0 found version Unknown. Enrollment and participation tags will not be exported to Airship.
03-10 07:02:20.870  8925 14665 D Apptimize: Apptimize: experimentManagerStarted
03-10 07:02:20.871  8925 14665 D Apptimize: Apptimize: updateDownloadPeriod:86400000 setPace: true
03-10 07:02:20.871  8925 14665 E Apptimize: Apptimize: PrefetchMetadata start processing
03-10 07:02:20.871  8925 14665 I Apptimize: Apptimize: Downloaded new metadata.
03-10 07:02:20.885  1243  7031 W Looper  : Drained
03-10 07:02:20.887   903   903 D SurfaceFlinger: GPIS:: requestGPIS
03-10 07:02:20.890  1243  1639 I InputReader: Reconfiguring input devices, changes=KEYBOARD_LAYOUTS |
03-10 07:02:20.890  1243  1417 D LocalDisplayAdapter: updateActiveRealModeLocked, mActiveRealPhysIndex=0, mActiveRealModeId=1, forceUpdate=false, caller=com.android.server.display.LocalDisplayAdapter$LocalDisplayDevice.onActiveDisplayConfigChangedLocked:1177 com.android.server.display.LocalDisplayAdapter$PhysicalDisplayEventReceiver.onConfigChanged:1503 android.view.DisplayEventReceiver.dispatchConfigChanged:216
03-10 07:02:20.891  1243  1417 I DisplayManagerService: Display device changed: DisplayDeviceInfo{"Built-in Screen": uniqueId="local:21442653864348033", 1080 x 2400, modeId 3, defaultModeId 3, supportedModes [{id=1, width=1080, height=2400, fps=120.00001}, {id=2, width=1080, height=2400, fps=96.00001}, {id=3, width=1080, height=2400, fps=60.000004}, {id=4, width=1080, height=2400, fps=48.000004}], refreshRateMode REFRESH_RATE_MODE_SEAMLESS, realModeId 1, colorMode 0, supportedColorModes [0, 6, 7], HdrCapabilities HdrCapabilities{mSupportedHdrTypes=[2, 3], mMaxLuminance=450.0, mMaxAverageLuminance=120.0, mMinLuminance=5.0E-4}, allmSupported false, gameContentTypeSupported false, density 480, 422.03 x 423.333 dpi, appVsyncOff 0, presDeadline 17666666, cutout DisplayCutout{insets=Rect(0, 80 - 0, 0) waterfall=Insets{left=0, top=0, right=0, bottom=0} boundingRect={Bounds=[Rect(0, 0 - 0, 0), Rect(510, 0 - 570, 80), Rect(0, 0 - 0, 0), Rect(0, 0 - 0, 0)]}}, touch INTERNAL, rotation 0, type INTERNAL, address {port=129, model=0x4c2dfae6a049}, deviceProductInfo DeviceProductInfo{name=samsung lcd  , manufacturerPnpId=SAM, productId=0, modelYear=null, manufactureDate=ManufactureDate{week=16, year=2020}, relativeAddress=null}, state ON, FLAG_DEFAULT_DISPLAY, FLAG_ROTATES_WITH_CONTENT, FLAG_SECURE, FLAG_SUPPORTS_PROTECTED_BUFFERS}
03-10 07:02:20.900  1243  1417 D TspStateManager: updateCustomValue customSetting=
03-10 07:02:20.901  1243  1417 D TspStateManager: updateCustomValue customSetting=
03-10 07:02:20.908  1243  1627 I CAE     : handleMessage(CaPowerManager.java:202) - AP_WAKEUP_Already_Delivered
03-10 07:02:20.908  1243  1627 I CAE     : handleMessage(CaPowerManager.java:212) - SCREEN_ON_Already_Delivered
03-10 07:02:20.918 10013 10013 D DisplayLifecycle: updateDisplay id = 0
03-10 07:02:20.936 14529 14529 I CalendarProvider$ContactsBirthdaySync: [ContactsBirthdaySyncAdapter] Contacts permission is granted. observer is registered
03-10 07:02:20.936 14529 14529 I CalendarProvider$CalendarProvider2: Started observing the contact sync.
03-10 07:02:20.937 14529 14955 I CalendarProvider$ContactsBirthdaySync: [ContactsBirthdayUpdater] Init birthdayAlarmOffset
03-10 07:02:20.960  8925 14665 D Apptimize: Apptimize: metaDataDownloadSuccess: {"schemaVersion":4,"appKey":"BNDrKahqS7vcA94Wgf6e2gfgPr4kqCg","sequenceNumber":2008,"disableAllVersions":false,"checkinUrls":["https:\/\/brahe.apptimize.com\/api\/device\/"],"seedGroups":[{"seeds":[{"type":"guid"},{"type":"constant","value":"exclusive"}],"filters":null,"filters2":null,"rangeGroups":[{"ranges":[[0,536870912]],"filters":[{"operator":"is_null","value":[{"operator":">","prefixedAttribute":"^e119574_2","value":0}]}],"filters2":[],"variants":null,"seedGroups":[{"seeds":[{"type":"guid"},{"type":"constant","value":"experiment"},{"type":"constant","value":"119574"},{"type":"constant","value":"2"}],"filters":null,"filters2":null,"rangeGroups":[{"ranges":[[0,536870912]],"filters":null,"filters2":null,"variants":[{"filters":[],"filters2":[],"overridingInclusiveFilters":[],"variantId":2800771,"experimentId":119574,"experimentName":"[FGDC] Adding Promo Information on SRP","codeBlockName":"[FGDC] Adding Promo Information on SRP","experimentType":"code-block","variantName":"original","alterations":[{"type":"block","filters":null,"filters2":null,"key":"[FGDC] Adding Promo Information on SRP","methodName":"baseline"}],"alterations2":[],"startTime":1637758952295,"phase":2,"cycle":2}],"seedGroups":null,"sdkParameters":null},{"ranges":[[536870912,1073741824]],"filters":null,"filters2":null,"variants":[{"filters":[],"filters2":[],"overridingInclusiveFilters":[],"variantId":2800781,"experimentId":119574,"experimentName":"[FGDC] Adding Promo Information on SRP","codeBlockName":"[FGDC] Adding Promo Information on SRP","experimentType":"code-block","variantName":"Variant B","alterations":[{"type":"block","filters":null,"filters2":null,"key":"[FGDC] Adding Promo Information on SRP","methodName":"variation1"}],"alterations2":[],"startTime":1637758952295,"phase":2,"cycle":2}],"seedGroups":null,"sdkParameters":null}]}],"sdkParameters":null},{"ranges":[[0,536870912]],"filters":[{"operator":"is_null","value":[{"operator":">","prefixedAttribute":"^e120320_1","value":0}]}],"filters2":[],"variants":null,"seedGroups":[{"seeds":[{"type":"guid"},{"type":"constant","value":"experiment"},{"type":"constant","value":"120320"}],"filters":null,"filters2":null,"rangeGroups":[{"ranges":[[0,357913941]],"filters":null,"filters2":null,"variants":[{"filters":[],"filters2":[],"overridingInclusiveFilters":[],"variantId":2821601,"experimentId":120320,"experimentName":"[FGDC] CTA SRP to PDP + Refund n Reschedule","codeBlockName":"[FGDC] CTA SRP to PDP + Refund n Reschedule","experimentType":"code-block","variantName":"original","alterations":[{"type":"block","filters":null,"filters2":null,"key":"[FGDC] CTA SRP to PDP + Refund n Reschedule","methodName":"baseline"}],"alterations2":[],"startTime":1637650969523,"phase":1,"cycle":1}],"seedGroups":null,"sdkParameters":null},{"ranges":[[357913941,715827882]],"filters":null,"filters2":null,"variants":[{"filters":[],"filters2":[],"overridingInclusiveFilters":[],"variantId":2821611,"experimentId":120320,"experimentName":"[FGDC] CTA SRP to PDP + Refund n Reschedule","codeBlockName":"[FGDC] CTA SRP to PDP + Refund n Reschedule","experimentType":"code-block","variantName":"Variant B","alterations":[{"type":"block","filters":null,"filters2":null,"key":"[FGDC] CTA SRP to PDP + Refund n Reschedule","methodName":"variation1"}],"alterations2":[],"startTime":1637650969523,"phase":1,"cycle":1}],"seedGroups":null,"sdkParameters":null},{"ranges":[[715827882,1073741823]],"filters":null,"filters2":null,"variants":[{"filters":[],"filters2":[],"overridingInclusiveFilters":[],"variantId":2821621,"experimentId":120320,"experimentName":"[FGDC] CTA SRP to PDP + Refund n Reschedule","codeBlockName":"[FGDC] CTA SRP to PDP + Refund n Reschedule","experimentType":"code-block","variantName":"Variant C","alterations":[{"type":"block","filters":null,"filters2":null,"key":"[FGDC] CTA SRP to PDP + Refund n Reschedule","methodName":"variation2"}],"alterations2":[],"startTime":1637650969523,"phase":1,"cycle":1}],"seedGroups":null,"sdkParameters":null}]}],"sdkParameters":n
03-10 07:02:20.972 14493 14516 I SamsungCalendar$PreferenceProvider: query uri = content://com.sec.android.calendar.preference/PreferenceString
03-10 07:02:20.980  8925 14685 W iket.gits.debu: Long monitor contention with owner TAG (14691) at com.google.android.gms.tasks.Task com.google.firebase.messaging.RequestDeduplicator.getOrStartGetTokenRequest(java.lang.String, com.google.firebase.messaging.RequestDeduplicator$GetTokenRequest)(com.google.firebase:firebase-messaging@@23.0.0:8) waiters=0 in com.google.android.gms.tasks.Task com.google.firebase.messaging.RequestDeduplicator.getOrStartGetTokenRequest(java.lang.String, com.google.firebase.messaging.RequestDeduplicator$GetTokenRequest) for 599ms
03-10 07:02:20.983  1243  1417 D SemGameManager: isForegroundGame(), begin
03-10 07:02:20.983  1243  1417 D GameManagerService: identifyForegroundApp. com.tiket.gits.debug, mCurrentUserId: 0, callerUserId: 0
03-10 07:02:20.983  1243  1417 D PkgDataHelper: getGamePkgData(). com.tiket.gits.debug
03-10 07:02:20.983  1243  1417 D SemGameManager: isForegroundGame(), ret=false
03-10 07:02:20.984   568   574 E audit   : avc:  denied  { find } for pid=5402 uid=10276 name=tethering scontext=u:r:permissioncontroller_app:s0:c20,c257,c512,c768 tcontext=u:object_r:tethering_service:s0 tclass=service_manager permissive=0
03-10 07:02:20.984   568   574 I servicemanager: tethering : getService has failed, permission denied.
03-10 07:02:20.985  1243 14970 D TspStateManager: update cmd=set_grip_data,1,45,7,15,720,24,1881
03-10 07:02:20.989  4331 12451 I Icing   : IndexChimeraService.getServiceInterface callingPackage=com.google.android.gms componentName=AppsCorpus serviceId=36
03-10 07:02:20.997  1243  1243 W LoadedApk: Slow system_server main thread handled for android.intent.action.PACKAGE_RESTARTED took 162 ms, Receiver = com.android.server.job.JobSchedulerService$3@288c8eb
03-10 07:02:20.997  1243  1243 W Looper  : Slow dispatch took 162ms main h=android.app.ActivityThread$H c=android.app.-$$Lambda$LoadedApk$ReceiverDispatcher$Args$_BumDX2UKsnxLVrE6UJsJZkotuA@deaae41 m=0
03-10 07:02:21.021  1243  1427 I Searchables: Start of updateSearchableList
03-10 07:02:21.022  2293 11694 I BluetoothAdapter: STATE_BLE_ON
03-10 07:02:21.022  2293 11694 I BluetoothAdapter: appoCount is = 0 G/S = 3/3
03-10 07:02:21.022  2293 11694 W BluetoothAdapter: getPeriodicAdvertisingManager() ble not available
03-10 07:02:21.030  4331 12620 W Icing   : No valid account for uploading user actions
03-10 07:02:21.030  8925 14976 W GAv4    : CampaignTrackingReceiver is not registered, not exported or is disabled. Installation campaign tracking is not possible. See http://goo.gl/8Rd3yj for instructions.
03-10 07:02:21.031  1243  1427 I Searchables: try to find metadata, c = 56
03-10 07:02:21.047  1243  9314 I HeimdAllFS: Connect Installd
03-10 07:02:21.048  1243  9314 I HeimdAllFS: DEBUG: TRUE Dry-run: FALSE UsageStateMode: mars
03-10 07:02:21.048 14529 14955 I CalendarProvider$ContactsBirthdaySync: [BirthdayAlarmPreferenceImpl] Saved alarmOffset : -1
03-10 07:02:21.050  8925 14850 D Braze v17.0.0 .bo.app.q5: Request(id = c8defc4679ca5100) Executed in [513ms] [POST:https://sdk.iad-03.braze.com/api/v3/data]
03-10 07:02:21.050  8925 14850 D Braze v17.0.0 .bo.app.d3: Result(id = c8defc4679ca5100)
03-10 07:02:21.050  8925 14850 D Braze v17.0.0 .bo.app.d3: {
03-10 07:02:21.050  8925 14850 D Braze v17.0.0 .bo.app.d3:   "triggers": [],
03-10 07:02:21.050  8925 14850 D Braze v17.0.0 .bo.app.d3:   "config": {
03-10 07:02:21.050  8925 14850 D Braze v17.0.0 .bo.app.d3:     "time": 1603355070,
03-10 07:02:21.050  8925 14850 D Braze v17.0.0 .bo.app.d3:     "attributes_blacklist": [
03-10 07:02:21.050  8925 14850 D Braze v17.0.0 .bo.app.d3:       "first_name2"
03-10 07:02:21.050  8925 14850 D Braze v17.0.0 .bo.app.d3:     ],
03-10 07:02:21.050  8925 14850 D Braze v17.0.0 .bo.app.d3:     "events_blacklist": [],
03-10 07:02:21.050  8925 14850 D Braze v17.0.0 .bo.app.d3:     "purchases_blacklist": [],
03-10 07:02:21.050  8925 14850 D Braze v17.0.0 .bo.app.d3:     "messaging_session_timeout": 21600,
03-10 07:02:21.050  8925 14850 D Braze v17.0.0 .bo.app.d3:     "geofences": {
03-10 07:02:21.050  8925 14850 D Braze v17.0.0 .bo.app.d3:       "enabled": true,
03-10 07:02:21.050  8925 14850 D Braze v17.0.0 .bo.app.d3:       "min_time_since_last_request": 86400,
03-10 07:02:21.050  8925 14850 D Braze v17.0.0 .bo.app.d3:       "min_time_since_last_report": 0
03-10 07:02:21.050  8925 14850 D Braze v17.0.0 .bo.app.d3:     },
03-10 07:02:21.050  8925 14850 D Braze v17.0.0 .bo.app.d3:     "content_cards": {
03-10 07:02:21.050  8925 14850 D Braze v17.0.0 .bo.app.d3:       "enabled": true
03-10 07:02:21.050  8925 14850 D Braze v17.0.0 .bo.app.d3:     }
03-10 07:02:21.050  8925 14850 D Braze v17.0.0 .bo.app.d3:   }
03-10 07:02:21.050  8925 14850 D Braze v17.0.0 .bo.app.d3: }
03-10 07:02:21.051  2293 11694 W ChimeraUtils: Module com.google.android.gms.nearby_en has empty metadata display_name_string_id
03-10 07:02:21.056  1243  1243 D SdpManagerService: Not an enterprise user : 0
03-10 07:02:21.056  1243  1243 W Looper  : Slow delivery took 225ms main h=android.os.Handler c=android.app.-$$Lambda$LoadedApk$ReceiverDispatcher$Args$_BumDX2UKsnxLVrE6UJsJZkotuA@4756c9b m=0
03-10 07:02:21.056  1243  1243 D EdgeLightingManager: isCallingUserSupported : callingUserId=0, mUserId=0, isDualAppId=false, isKnoxId=false
03-10 07:02:21.056  1243  1243 D EdgeLightingManager: hideForNotification : packageName = com.tiket.gits.debug
03-10 07:02:21.056  1243  1243 D EdgeLightingPolicyManager:NotificationGroup: remove : sbn : StatusBarNotification(pkg=com.tiket.gits.debug user=UserHandle{0} id=1139 tag=null key=0|com.tiket.gits.debug|1139|null|10333: Notification(channel=chucker_transactions shortcut=null contentView=null vibrate=null sound=null defaults=0x0 flags=0x110 color=0xff01579b vis=PRIVATE semFlags=0x0 semPriority=0 semMissedCount=0))
03-10 07:02:21.056  1243  1243 D EdgeLightingManager: hideForNotification : isOngoing is false
03-10 07:02:21.056  1243  1243 I NotificationService: RuneStone mIsRuneStoneSupported = true, mIsRuneStoneEnabled = false
03-10 07:02:21.057  1243  1243 I Telecom : DefaultDialerCache: Refreshing default dialer for user 0: now com.samsung.android.dialer: DDC.oR@BUc
03-10 07:02:21.057  1243  1243 D SEP_UNION_SemDeviceInfoManagerService: onReceive : android.intent.action.PACKAGE_CHANGED, userId = 0
03-10 07:02:21.059   820 14928 I HYPER-HAL: [ResourceManager.cpp]removeResource(): [CPUMinFreq] RemoveResource Request ID : 799501
03-10 07:02:21.060  1243  1243 W ActivityManager: Unable to start service Intent { act=com.samsung.android.rotine.ACTION_PACKAGE_CHANGED dat=package:com.microsoft.appmanager cmp=com.samsung.android.app.routines/.domainmodel.core.service.RoutineService (has extras) } U=0: not found
03-10 07:02:21.060  1243  1243 D ActivityManager: Received SERVICE intent 0x3923578 Key{startService pkg=com.samsung.android.app.routines intent=act=com.samsung.android.rotine.ACTION_PACKAGE_CHANGED cmp=com.samsung.android.app.routines/.domainmodel.core.service.RoutineService flags=0x0 u=0} requestCode=10000 from uid 1000
03-10 07:02:21.060  1243  1243 D SEP_UNION_SemDeviceInfoManagerService: sendIntentAction() action = android.intent.action.PACKAGE_CHANGED, tag =
03-10 07:02:21.072  8925 14850 V Braze v17.0.0 .d: Found 0 triggered actions in server response.
03-10 07:02:21.072  8925 14850 V Braze v17.0.0 .d: Got server config: {
03-10 07:02:21.072  8925 14850 V Braze v17.0.0 .d:   "time": 1603355070,
03-10 07:02:21.072  8925 14850 V Braze v17.0.0 .d:   "attributes_blacklist": [
03-10 07:02:21.072  8925 14850 V Braze v17.0.0 .d:     "first_name2"
03-10 07:02:21.072  8925 14850 V Braze v17.0.0 .d:   ],
03-10 07:02:21.072  8925 14850 V Braze v17.0.0 .d:   "events_blacklist": [],
03-10 07:02:21.072  8925 14850 V Braze v17.0.0 .d:   "purchases_blacklist": [],
03-10 07:02:21.072  8925 14850 V Braze v17.0.0 .d:   "messaging_session_timeout": 21600,
03-10 07:02:21.072  8925 14850 V Braze v17.0.0 .d:   "geofences": {
03-10 07:02:21.072  8925 14850 V Braze v17.0.0 .d:     "enabled": true,
03-10 07:02:21.072  8925 14850 V Braze v17.0.0 .d:     "min_time_since_last_request": 86400,
03-10 07:02:21.072  8925 14850 V Braze v17.0.0 .d:     "min_time_since_last_report": 0
03-10 07:02:21.072  8925 14850 V Braze v17.0.0 .d:   },
03-10 07:02:21.072  8925 14850 V Braze v17.0.0 .d:   "content_cards": {
03-10 07:02:21.072  8925 14850 V Braze v17.0.0 .d:     "enabled": true
03-10 07:02:21.072  8925 14850 V Braze v17.0.0 .d:   }
03-10 07:02:21.072  8925 14850 V Braze v17.0.0 .d: }
03-10 07:02:21.072  8925 14850 D Braze v17.0.0 .bo.app.b6: Templated message Json was null. Not de-serializing templated message.
03-10 07:02:21.072  8925 14850 D Braze v17.0.0 .h0: DataSyncRequest executed successfully.
03-10 07:02:21.072  8925 14850 V Braze v17.0.0 .bo.app.t: Processing server response payload for user with id:
03-10 07:02:21.072  8925 14850 D Braze v17.0.0 .bo.app.v4: Server config updated for Content Cards from disabled to enabled
03-10 07:02:21.072  8925 14850 D Braze v17.0.0 .bo.app.w4: Content cards enabled in server config. Requesting Content Cards refresh.
03-10 07:02:21.073  1243  1243 D StorageManagerService: getExternalStorageMountMode: uid=10086 packageName=com.samsung.android.app.galaxyfinder
03-10 07:02:21.073  2293 13297 I Fitness : OnPackageChangedOperation got intent: Intent { act=android.intent.action.PACKAGE_CHANGED dat=package:com.microsoft.appmanager flg=0x45000010 pkg=com.google.android.gms cmp=com.google.android.gms/.chimera.PersistentIntentOperationService (has extras) } [CONTEXT service_id=17 ]
03-10 07:02:21.076   820 14928 I HYPER-HAL: [RequestManager.cpp]releaseLocked(): Released ID : 799501
03-10 07:02:21.076  4331 12456 I Icing   : IndexChimeraService.getServiceInterface callingPackage=com.google.android.gms componentName=null serviceId=30
03-10 07:02:21.076  1243  1427 W SearchableInfo: Invalid searchable metadata for com.samsung.android.messaging/.ui.view.recipientspicker.PickerActivity: Search label must be a resource reference.
03-10 07:02:21.079  8925 14850 D Braze v17.0.0 .bo.app.b1: bo.app.u4 fired: bo.app.u4@7d25a06
03-10 07:02:21.079  8925 14850 D Braze v17.0.0 .bo.app.b1: Triggering bo.app.u4 on 1 subscribers.
03-10 07:02:21.079  8925 14822 D Braze v17.0.0 .bo.app.b1: bo.app.n0 fired: mCommandType=ADD_REQUEST
03-10 07:02:21.079  8925 14822 D Braze v17.0.0 .bo.app.b1: mBrazeEvent=null
03-10 07:02:21.079  8925 14822 D Braze v17.0.0 .bo.app.b1: mSessionId=null
03-10 07:02:21.079  8925 14822 D Braze v17.0.0 .bo.app.b1: mBrazeRequest=bo.app.a0@dc8361d
03-10 07:02:21.079  8925 14822 D Braze v17.0.0 .bo.app.b1: Triggering bo.app.n0 on 1 subscribers.
03-10 07:02:21.079  8925 14822 V Braze v17.0.0 .bo.app.p0: Added request to dispatcher with parameters:
03-10 07:02:21.079  8925 14822 V Braze v17.0.0 .bo.app.p0: {
03-10 07:02:21.079  8925 14822 V Braze v17.0.0 .bo.app.p0:   "last_full_sync_at": 0,
03-10 07:02:21.079  8925 14822 V Braze v17.0.0 .bo.app.p0:   "last_card_updated_at": 0
03-10 07:02:21.079  8925 14822 V Braze v17.0.0 .bo.app.p0: }
03-10 07:02:21.080  8925 14850 D Braze v17.0.0 .bo.app.m: Geofences enabled server config value true received.
03-10 07:02:21.082  1243  1243 D CompatibilityChangeReporter: Compat change id reported: 135634846; UID 10086; state: DISABLED
03-10 07:02:21.083  1243  1243 D CompatibilityChangeReporter: Compat change id reported: 135754954; UID 10086; state: DISABLED
03-10 07:02:21.083  1243  1429 D CompatibilityChangeReporter: Compat change id reported: 143937733; UID 10086; state: DISABLED
03-10 07:02:21.088  1243  1243 D ActivityManager: Received SERVICE intent 0xf03148d Key{startService pkg=com.samsung.android.app.galaxyfinder intent=act=package_changed cmp=com.samsung.android.app.galaxyfinder/.acceleration.AppCoreService flags=0x0 u=0} requestCode=0 from uid 1000
03-10 07:02:21.088  1243  1243 D SEP_UNION_SemDeviceInfoManagerService: sendIntentAction() action = android.intent.action.PACKAGE_CHANGED, tag =
03-10 07:02:21.088  1243  1243 E Native_CFMS: nativePerfMgrSendFps    Fail    fps : 120    return : -1
03-10 07:02:21.093  5402  5421 I PermissionControllerServiceImpl: Updating user sensitive for uid 10156
03-10 07:02:21.099  1243  1630 D LiftUpHandler: already ended..
03-10 07:02:21.104  8925 14986 D tracker : {dev_key=23Yxb4TKEcPG2DZbpmfJWh, af_id=1646895740460-893842950431316766, eventCategory=openApp, screenName=home, event=click, eventLabel=Android, deviceNotificationSettings=on, url=android-app://com.android.shell, trackingId=UA-122503490-1}
03-10 07:02:21.107  1243  1243 D MotionRecognitionService: [DisplayListner] getRefreshRate 120.00001
03-10 07:02:21.108  1243  1630 D MotionRecognitionService: [REFRESHRATE]  : 120
03-10 07:02:21.108  1243  1630 D SensorService: setSContextDataLocked ints length 3 , byte length 8
03-10 07:02:21.108  1243  1630 D SensorService: setSContextDataLocked 100048c1
03-10 07:02:21.108  1243  1243 D GameManagerService: onDisplayChanged. displyId: 0, state: 2
03-10 07:02:21.108  1243  1243 D AODManagerService: requestReCalToTSP IsSingleTouchMode = false / previousDisplayState = ON
03-10 07:02:21.108  1243  1645 D GameManagerService: onLooperPrepared(), msg: MSG_LCD_ON
03-10 07:02:21.109   813   813 D Sensors : c1 48 00 10 78 00 00 00
03-10 07:02:21.109   813   813 E Sensors : inject_scontext_data: New ssp_data_injection_fd(41)
