03-10 07:02:21.453  1243  7226 I AppsFilter: interaction: PackageSetting{19710f3 com.tiket.gits.debug/10333} -> PackageSetting{bc03c4b fr.pchab.AndroidRTC2/10287} BLOCKED
03-10 07:02:21.453  1243  7226 I AppsFilter: interaction: PackageSetting{19710f3 com.tiket.gits.debug/10333} -> PackageSetting{d883dcd com.android.theme.font.notoserifsource/10054} BLOCKED
03-10 07:02:21.453  1243  7226 I AppsFilter: interaction: PackageSetting{19710f3 com.tiket.gits.debug/10333} -> PackageSetting{f64f682 com.android.theme.icon_pack.filled.android/10000} BLOCKED
03-10 07:02:21.453  1243  7226 I AppsFilter: interaction: PackageSetting{19710f3 com.tiket.gits.debug/10333} -> PackageSetting{ba4c193 com.android.internal.display.cutout.emulation.waterfall/10044} BLOCKED
03-10 07:02:21.453  1243  7226 I AppsFilter: interaction: PackageSetting{19710f3 com.tiket.gits.debug/10333} -> PackageSetting{2d365d0 com.netflix.mediaclient/10183} BLOCKED
03-10 07:02:21.453  1243  7226 I AppsFilter: interaction: PackageSetting{19710f3 com.tiket.gits.debug/10333} -> PackageSetting{be7e9c9 com.android.theme.icon_pack.circular.systemui/10043} BLOCKED
03-10 07:02:21.453  1243  7226 I AppsFilter: interaction: PackageSetting{19710f3 com.tiket.gits.debug/10333} -> PackageSetting{56ff8ce com.google.android.feedback/10264} BLOCKED
03-10 07:02:21.453  1243  7226 I AppsFilter: interaction: PackageSetting{19710f3 com.tiket.gits.debug/10333} -> PackageSetting{bcfe3ef com.google.android.printservice.recommendation/10176} BLOCKED
03-10 07:02:21.453  1243  7226 I AppsFilter: interaction: PackageSetting{19710f3 com.tiket.gits.debug/10333} -> PackageSetting{229c21f com.google.android.syncadapters.calendar/10258} BLOCKED
03-10 07:02:21.453  1243  7226 I AppsFilter: interaction: PackageSetting{19710f3 com.tiket.gits.debug/10333} -> PackageSetting{8d10efc com.swiftkey.swiftkeyconfigurator/10262} BLOCKED
03-10 07:02:21.453  1243  7226 I AppsFilter: interaction: PackageSetting{19710f3 com.tiket.gits.debug/10333} -> PackageSetting{a2f39e1 com.sec.android.app.sbrowser/10291} BLOCKED
03-10 07:02:21.454  1243  7226 I AppsFilter: interaction: PackageSetting{19710f3 com.tiket.gits.debug/10333} -> PackageSetting{67c5985 com.android.dreams.phototable/10175} BLOCKED
03-10 07:02:21.454  1243  7226 I AppsFilter: interaction: PackageSetting{19710f3 com.tiket.gits.debug/10333} -> PackageSetting{816d3da com.google.mainline.telemetry/10257} BLOCKED
03-10 07:02:21.454  1243  7226 I AppsFilter: interaction: PackageSetting{19710f3 com.tiket.gits.debug/10333} -> PackageSetting{7f6e0f6 com.facebook.katana/10295} BLOCKED
03-10 07:02:21.454  1243  7226 I AppsFilter: interaction: PackageSetting{19710f3 com.tiket.gits.debug/10333} -> PackageSetting{68da346 io.appium.uiautomator2.server.test/10330} BLOCKED
03-10 07:02:21.454  1243  7226 I AppsFilter: interaction: PackageSetting{19710f3 com.tiket.gits.debug/10333} -> PackageSetting{46a4c4e com.android.browserstack/10285} BLOCKED
03-10 07:02:21.454  1243  7226 I AppsFilter: interaction: PackageSetting{19710f3 com.tiket.gits.debug/10333} -> PackageSetting{ae0d00b com.android.providers.partnerbookmarks/10209} BLOCKED
03-10 07:02:21.454  1243  7226 I AppsFilter: interaction: PackageSetting{19710f3 com.tiket.gits.debug/10333} -> PackageSetting{49e1ee8 com.samsung.internal.systemui.navbar.gestural_no_hint_narrow_back/10051} BLOCKED
03-10 07:02:21.454  1243  7226 I AppsFilter: interaction: PackageSetting{19710f3 com.tiket.gits.debug/10333} -> PackageSetting{42e0901 com.samsung.internal.systemui.navbar.gestural_no_hint/10031} BLOCKED
03-10 07:02:21.454  1243  7226 I AppsFilter: interaction: PackageSetting{19710f3 com.tiket.gits.debug/10333} -> PackageSetting{61e53a6 com.facebook.system/10084} BLOCKED
03-10 07:02:21.454  1243  7226 I AppsFilter: interaction: PackageSetting{19710f3 com.tiket.gits.debug/10333} -> PackageSetting{f5d6752 org.mozilla.firefox/10290} BLOCKED
03-10 07:02:21.454  1243  7226 I AppsFilter: interaction: PackageSetting{19710f3 com.tiket.gits.debug/10333} -> PackageSetting{ca61e7 com.android.theme.icon.squircle/10015} BLOCKED
03-10 07:02:21.454  1243  7226 I AppsFilter: interaction: PackageSetting{19710f3 com.tiket.gits.debug/10333} -> PackageSetting{faa4194 com.android.storagemanager/10267} BLOCKED
03-10 07:02:21.454  1243  7226 I AppsFilter: interaction: PackageSetting{19710f3 com.tiket.gits.debug/10333} -> PackageSetting{7f1343d com.android.bookmarkprovider/10157} BLOCKED
03-10 07:02:21.454  1243  7226 I AppsFilter: interaction: PackageSetting{19710f3 com.tiket.gits.debug/10333} -> PackageSetting{3cc0432 com.android.theme.icon_pack.filled.launcher/10030} BLOCKED
03-10 07:02:21.454  1243  7226 I AppsFilter: interaction: PackageSetting{19710f3 com.tiket.gits.debug/10333} -> PackageSetting{fa653b7 com.browserstack.uiautomation.test/10282} BLOCKED
03-10 07:02:21.454  1243  7226 I AppsFilter: interaction: PackageSetting{19710f3 com.tiket.gits.debug/10333} -> PackageSetting{6393392 com.browserstack.uiautomation/10281} BLOCKED
03-10 07:02:21.454  1243  7226 I AppsFilter: interaction: PackageSetting{19710f3 com.tiket.gits.debug/10333} -> PackageSetting{7c39a37 com.google.android.projection.gearhead/10241} BLOCKED
03-10 07:02:21.454  1243  7226 I AppsFilter: interaction: PackageSetting{19710f3 com.tiket.gits.debug/10333} -> PackageSetting{93d3d18 com.google.android.apps.turbo/10240} BLOCKED
03-10 07:02:21.455  1243  7226 I AppsFilter: interaction: PackageSetting{19710f3 com.tiket.gits.debug/10333} -> PackageSetting{7d13583 com.android.cts.ctsshim/10273} BLOCKED
03-10 07:02:21.455  1243  7226 I AppsFilter: interaction: PackageSetting{19710f3 com.tiket.gits.debug/10333} -> PackageSetting{4853b28 com.samsung.android.svoiceime/10112} BLOCKED
03-10 07:02:21.455  1243  7226 I AppsFilter: interaction: PackageSetting{19710f3 com.tiket.gits.debug/10333} -> PackageSetting{8b3e300 com.android.theme.icon_pack.circular.launcher/10028} BLOCKED
03-10 07:02:21.455  1243  7226 I AppsFilter: interaction: PackageSetting{19710f3 com.tiket.gits.debug/10333} -> PackageSetting{5c1d739 com.hiya.star/10223} BLOCKED
03-10 07:02:21.455  1243  7226 I AppsFilter: interaction: PackageSetting{19710f3 com.tiket.gits.debug/10333} -> PackageSetting{232317e com.google.android.overlay.modules.cellbroadcastservice/10026} BLOCKED
03-10 07:02:21.455  1243  7226 I AppsFilter: interaction: PackageSetting{19710f3 com.tiket.gits.debug/10333} -> PackageSetting{fe7a6df com.google.android.apps.carrier.carrierwifi/10238} BLOCKED
03-10 07:02:21.455  1243  7226 I AppsFilter: interaction: PackageSetting{19710f3 com.tiket.gits.debug/10333} -> PackageSetting{9f42f2c com.google.android.apps.setupwizard.searchselector/10235} BLOCKED
03-10 07:02:21.455  1243  7226 I AppsFilter: interaction: PackageSetting{19710f3 com.tiket.gits.debug/10333} -> PackageSetting{b5fadf5 com.android.hotspot2.osulogin/10275} BLOCKED
03-10 07:02:21.455  1243  7226 I AppsFilter: interaction: PackageSetting{19710f3 com.tiket.gits.debug/10333} -> PackageSetting{f3be78a com.google.android.gms.location.history/10247} BLOCKED
03-10 07:02:21.455  1243  7226 I AppsFilter: interaction: PackageSetting{19710f3 com.tiket.gits.debug/10333} -> PackageSetting{bc9d1fb com.android.internal.systemui.navbar.gestural/10027} BLOCKED
03-10 07:02:21.455  1243  7226 I AppsFilter: interaction: PackageSetting{19710f3 com.tiket.gits.debug/10333} -> PackageSetting{60b1218 com.android.theme.color.orchid/10033} BLOCKED
03-10 07:02:21.455  1243  7226 I AppsFilter: interaction: PackageSetting{19710f3 com.tiket.gits.debug/10333} -> PackageSetting{8ca3471 com.android.theme.color.purple/10012} BLOCKED
03-10 07:02:21.455  1243  7226 I AppsFilter: interaction: PackageSetting{19710f3 com.tiket.gits.debug/10333} -> PackageSetting{f7f2a7 com.facebook.appmanager/10167} BLOCKED
03-10 07:02:21.455  1243  7226 I AppsFilter: interaction: PackageSetting{19710f3 com.tiket.gits.debug/10333} -> PackageSetting{f4a4d71 com.google.android.cellbroadcastreceiver/10271} BLOCKED
03-10 07:02:21.455  1243  7226 I AppsFilter: interaction: PackageSetting{19710f3 com.tiket.gits.debug/10333} -> PackageSetting{a78f256 android.auto_generated_rro_product__/10037} BLOCKED
03-10 07:02:21.456  1243  7226 I AppsFilter: interaction: PackageSetting{19710f3 com.tiket.gits.debug/10333} -> PackageSetting{fdea7a5 com.browserstack.inputinjector/10283} BLOCKED
03-10 07:02:21.456  1243  7226 I AppsFilter: interaction: PackageSetting{19710f3 com.tiket.gits.debug/10333} -> PackageSetting{3d992d7 com.sec.android.widgetapp.webmanual/10187} BLOCKED
03-10 07:02:21.456  1243  7226 I AppsFilter: interaction: PackageSetting{19710f3 com.tiket.gits.debug/10333} -> PackageSetting{7ab37c4 com.android.theme.icon.roundedrect/10008} BLOCKED
03-10 07:02:21.456  1243  7226 I AppsFilter: interaction: PackageSetting{19710f3 com.tiket.gits.debug/10333} -> PackageSetting{47ca6ad com.android.internal.systemui.navbar.gestural_narrow_back/10019} BLOCKED
03-10 07:02:21.456  1243  7226 I AppsFilter: interaction: PackageSetting{19710f3 com.tiket.gits.debug/10333} -> PackageSetting{aa9dde2 com.android.theme.icon_pack.rounded.settings/10014} BLOCKED
03-10 07:02:21.456  1243  7226 I AppsFilter: interaction: PackageSetting{19710f3 com.tiket.gits.debug/10333} -> PackageSetting{aba8573 android.auto_generated_rro_vendor__/10059} BLOCKED
03-10 07:02:21.456  1243  7226 I AppsFilter: interaction: PackageSetting{19710f3 com.tiket.gits.debug/10333} -> PackageSetting{60c30 com.android.theme.icon_pack.circular.android/10005} BLOCKED
03-10 07:02:21.456  1243  7226 I AppsFilter: interaction: PackageSetting{19710f3 com.tiket.gits.debug/10333} -> PackageSetting{76a00a9 com.google.android.apps.restore/10244} BLOCKED
03-10 07:02:21.458  8925 15073 D Apptimize: Apptimize: updateDownloadPeriod:86400000 setPace: true
03-10 07:02:21.458  1243  7519 V WindowManager: Relayout Window{c7d0b85 u0 com.tiket.gits.debug/com.tiket.gits.v2splash.SplashV2Activity}: viewVisibility=0 req=1080x2400
03-10 07:02:21.459  1243  7519 D WindowManager: isScreenshotDisabledLocked - win: Window{c7d0b85 u0 com.tiket.gits.debug/com.tiket.gits.v2splash.SplashV2Activity}
03-10 07:02:21.459  1243  7519 D WindowManager: isScreenshotDisabledLocked: userId = 0, disabled =false
03-10 07:02:21.459   903  8160 I SurfaceFlinger: id=9787 createSurf (1272x2592),1 flag=4, com.tiket.gits.debug/com.tiket.gits.v2splash.SplashV2Activity$_8925#2
03-10 07:02:21.460  1243  7519 D WindowManager: makeSurface duration=2 name=com.tiket.gits.debug/com.tiket.gits.v2splash.SplashV2Activity$_8925
03-10 07:02:21.461  1243  7519 V WindowManager: Relayout hash=c7d0b85, pid=8925: mAttrs={(0,0)(fillxfill) gr=BOTTOM CENTER_VERTICAL sim={adjust=resize forwardNavigation} ty=APPLICATION fmt=TRANSPARENT wanim=0x7f140008 surfaceInsets=Rect(96, 96 - 96, 96)
03-10 07:02:21.461  1243  7519 V WindowManager:   fl=81810102
03-10 07:02:21.461  1243  7519 V WindowManager:   pfl=12020000
03-10 07:02:21.461  1243  7519 V WindowManager:   apr=LIGHT_NAVIGATION_BARS
03-10 07:02:21.461  1243  7519 V WindowManager:   fitSides= dimAmount=0.6 naviIconColor=0
03-10 07:02:21.461  1243  7519 V WindowManager:   sfl=100000}
03-10 07:02:21.461  1243  7519 I SurfaceControl: nativeRelease nativeObject s[-5476376616596809840]
03-10 07:02:21.461  1243  7519 I SurfaceControl: nativeRelease nativeObject e[-5476376616596809840]
03-10 07:02:21.464  2293  8431 I System.out: (HTTPLog)-Static: isSBSettingEnabled false
03-10 07:02:21.464  2293  8431 I System.out: (HTTPLog)-Static: isSBSettingEnabled false
03-10 07:02:21.473  8925  8925 I SurfaceControl: assignNativeObject: nativeObject = 0 Surface(name=null)/@0x8fdde27 / android.view.SurfaceControl.readFromParcel:1115 android.view.IWindowSession$Stub$Proxy.relayout:1820 android.view.ViewRootImpl.relayoutWindow:9005 android.view.ViewRootImpl.performTraversals:3360 android.view.ViewRootImpl.doTraversal:2618 android.view.ViewRootImpl$TraversalRunnable.run:9971 android.view.Choreographer$CallbackRecord.run:1010 android.view.Choreographer.doCallbacks:809 android.view.Choreographer.doFrame:744 android.view.Choreographer$FrameDisplayEventReceiver.run:995
03-10 07:02:21.475  8925  8925 I ViewRootImpl@c0dd098[SplashV2Activity]: Relayout returned: old=(0,0,1080,2400) new=(0,0,1080,2400) req=(1080,2400)0 dur=16 res=0x7 s={true -5476376611764475344} ch=true fn=-1
03-10 07:02:21.482  8925 14359 I iket.gits.debu: Background concurrent copying GC freed 62226(4866KB) AllocSpace objects, 56(4928KB) LOS objects, 50% free, 21MB/42MB, paused 206us total 159.336ms
03-10 07:02:21.498  1243  1427 I Searchables: End of updateSearchableList
03-10 07:02:21.500  8925  8925 I ViewRootImpl@c0dd098[SplashV2Activity]: [DP] dp(1) 1 android.view.ViewRootImpl.reportNextDraw:10957 android.view.ViewRootImpl.performTraversals:3845 android.view.ViewRootImpl.doTraversal:2618
03-10 07:02:21.500  8925  8925 I ViewRootImpl@c0dd098[SplashV2Activity]: [DP] pd() Asnyc report
03-10 07:02:21.502  8925 15073 V Apptimize: Apptimize: Applying winner or instant update: [AT] Airport Transfer 4.0 in Search Form Page, Product Detail Page and Booking Form Page
03-10 07:02:21.503  8925 15073 V Apptimize: Apptimize: Applying winner or instant update: discoverhomepage
03-10 07:02:21.503  8925 15073 V Apptimize: Apptimize: Applying winner or instant update: [DISC] Vertical 2 Liners
03-10 07:02:21.503  8925 15073 V Apptimize: Apptimize: Applying winner or instant update: [DISC] NHA vertical icon
03-10 07:02:21.506  8925 15073 V Apptimize: Apptimize: Filter requests an unsupplied prefixed attribute: ^e119574_2. Not Matching.
03-10 07:02:21.506  8925 15073 V Apptimize: Apptimize: Filter requests an unsupplied prefixed attribute: ^e120320_1. Not Matching.
03-10 07:02:21.508  8925 15073 V Apptimize: Apptimize: Filter requests an unsupplied prefixed attribute: ^e121064_2. Not Matching.
03-10 07:02:21.509  8925 15073 V Apptimize: Apptimize: Filter requests an unsupplied prefixed attribute: ^e121384_3. Not Matching.
03-10 07:02:21.518  8925 15073 V Apptimize: Apptimize: Filter requests an unsupplied prefixed attribute: ^e121539_1. Not Matching.
03-10 07:02:21.518  8925 15073 V Apptimize: Apptimize: Filter requests an unsupplied prefixed attribute: ^e122323_1. Not Matching.
03-10 07:02:21.518  8925 15073 V Apptimize: Apptimize: Filter requests an unsupplied prefixed attribute: ^e122646_2. Not Matching.
03-10 07:02:21.519  8925 15073 V Apptimize: Apptimize: Filter requests an unsupplied prefixed attribute: ^e122327_2. Not Matching.
03-10 07:02:21.519  8925 15073 V Apptimize: Apptimize: Filter requests an unsupplied prefixed attribute: ^e122688_2. Not Matching.
03-10 07:02:21.519  8925 15073 V Apptimize: Apptimize: Filter requests an unsupplied prefixed attribute: ^e122743_1. Not Matching.
03-10 07:02:21.520  8925 15073 V Apptimize: Apptimize: Filter requests an unsupplied prefixed attribute: ^e122777_1. Not Matching.
03-10 07:02:21.520  8925 15073 V Apptimize: Apptimize: Filter requests an unsupplied prefixed attribute: ^e123292_4. Not Matching.
03-10 07:02:21.521  8925 15073 V Apptimize: Apptimize: Filter requests an unsupplied prefixed attribute: ^e123310_3. Not Matching.
03-10 07:02:21.521 14996 14996 I Process : Sending signal. PID: 14996 SIG: 9
03-10 07:02:21.525  5433  5433 I Launcher.Model: isValidStateInKnoxMode:false user:UserHandle{0}
03-10 07:02:21.525  8925 15073 V Apptimize: Apptimize: Filter requests an unsupplied prefixed attribute: ^e123311_2. Not Matching.
03-10 07:02:21.525 12337 12337 I AppsEdge.Panel: onPackageChanged
03-10 07:02:21.526  5433  5496 I PackageUpdatedTask: mAllAppsList.updatePackage com.microsoft.appmanager
03-10 07:02:21.526  8925 15073 V Apptimize: Apptimize: Filter requests an unsupplied prefixed attribute: ^e123342_1. Not Matching.
03-10 07:02:21.526  8925 15073 V Apptimize: Apptimize: Filter requests an unsupplied prefixed attribute: ^e123343_1. Not Matching.
03-10 07:02:21.527  8925 15073 V Apptimize: Apptimize: Filter requests an unsupplied prefixed attribute: ^e123380_1. Not Matching.
03-10 07:02:21.527  8925 15073 V Apptimize: Apptimize: Filter requests an unsupplied prefixed attribute: ^v2800771_2. Not Matching.
03-10 07:02:21.527  8925 15073 V Apptimize: Apptimize: Filter requests an unsupplied prefixed attribute: ^v2800781_2. Not Matching.
03-10 07:02:21.527  8925 15073 V Apptimize: Apptimize: Filter requests an unsupplied prefixed attribute: ^v2821601_1. Not Matching.
03-10 07:02:21.528  8925 15073 V Apptimize: Apptimize: Filter requests an unsupplied prefixed attribute: ^v2821611_1. Not Matching.
03-10 07:02:21.528  8925 15073 V Apptimize: Apptimize: Filter requests an unsupplied prefixed attribute: ^v2821621_1. Not Matching.
03-10 07:02:21.528  8925 15073 V Apptimize: Apptimize: Filter requests an unsupplied prefixed attribute: ^v2843331_2. Not Matching.
03-10 07:02:21.528  8925 15073 V Apptimize: Apptimize: Filter requests an unsupplied prefixed attribute: ^v2843341_2. Not Matching.
03-10 07:02:21.528  8925 15073 V Apptimize: Apptimize: Filter requests an unsupplied prefixed attribute: ^v2843351_2. Not Matching.
03-10 07:02:21.528  8925 15073 V Apptimize: Apptimize: Filter requests an unsupplied prefixed attribute: ^v2843361_2. Not Matching.
03-10 07:02:21.528  8925 15073 V Apptimize: Apptimize: Filter requests an unsupplied prefixed attribute: ^v2851631_3. Not Matching.
03-10 07:02:21.528  8925 15073 V Apptimize: Apptimize: Filter requests an unsupplied prefixed attribute: ^v2851641_3. Not Matching.
03-10 07:02:21.528  8925 15073 V Apptimize: Apptimize: Filter requests an unsupplied prefixed attribute: ^v2851651_3. Not Matching.
03-10 07:02:21.528  8925 15073 V Apptimize: Apptimize: Filter requests an unsupplied prefixed attribute: ^v2851661_3. Not Matching.
03-10 07:02:21.529  8925 15073 V Apptimize: Apptimize: Filter requests an unsupplied prefixed attribute: ^v2851671_3. Not Matching.
03-10 07:02:21.529  8925 15073 V Apptimize: Apptimize: Filter requests an unsupplied prefixed attribute: ^v2851681_3. Not Matching.
03-10 07:02:21.529  8925 15073 V Apptimize: Apptimize: Filter requests an unsupplied prefixed attribute: ^v2855711_1. Not Matching.
03-10 07:02:21.529  8925 15073 V Apptimize: Apptimize: Filter requests an unsupplied prefixed attribute: ^v2855721_1. Not Matching.
03-10 07:02:21.529  8925 15073 V Apptimize: Apptimize: Filter requests an unsupplied prefixed attribute: ^v2876741_1. Not Matching.
03-10 07:02:21.529  8925 15073 V Apptimize: Apptimize: Filter requests an unsupplied prefixed attribute: ^v2876751_1. Not Matching.
03-10 07:02:21.529  8925 15073 V Apptimize: Apptimize: Filter requests an unsupplied prefixed attribute: ^v2886561_2. Not Matching.
03-10 07:02:21.529  8925 15073 V Apptimize: Apptimize: Filter requests an unsupplied prefixed attribute: ^v2886581_2. Not Matching.
03-10 07:02:21.529  8925 15073 V Apptimize: Apptimize: Filter requests an unsupplied prefixed attribute: ^v2886591_2. Not Matching.
03-10 07:02:21.530  8925 15073 V Apptimize: Apptimize: Filter requests an unsupplied prefixed attribute: ^v2888061_2. Not Matching.
03-10 07:02:21.530  8925 15073 V Apptimize: Apptimize: Filter requests an unsupplied prefixed attribute: ^v2888081_2. Not Matching.
03-10 07:02:21.530  8925 15073 V Apptimize: Apptimize: Filter requests an unsupplied prefixed attribute: ^v2888411_2. Not Matching.
03-10 07:02:21.530  8925 15073 V Apptimize: Apptimize: Filter requests an unsupplied prefixed attribute: ^v2888421_2. Not Matching.
03-10 07:02:21.530  8925 15073 V Apptimize: Apptimize: Filter requests an unsupplied prefixed attribute: ^v2888431_2. Not Matching.
03-10 07:02:21.530  8925 15073 V Apptimize: Apptimize: Filter requests an unsupplied prefixed attribute: ^v2889811_1. Not Matching.
03-10 07:02:21.530  8925 15073 V Apptimize: Apptimize: Filter requests an unsupplied prefixed attribute: ^v2889821_1. Not Matching.
03-10 07:02:21.530  8925 15073 V Apptimize: Apptimize: Filter requests an unsupplied prefixed attribute: ^v2889831_1. Not Matching.
03-10 07:02:21.530  8925 15073 V Apptimize: Apptimize: Filter requests an unsupplied prefixed attribute: ^v2889841_1. Not Matching.
03-10 07:02:21.530  8925 15073 V Apptimize: Apptimize: Filter requests an unsupplied prefixed attribute: ^v2889851_1. Not Matching.
03-10 07:02:21.531  8925 15073 V Apptimize: Apptimize: Filter requests an unsupplied prefixed attribute: ^v2890781_1. Not Matching.
03-10 07:02:21.531  8925 15073 V Apptimize: Apptimize: Filter requests an unsupplied prefixed attribute: ^v2890791_1. Not Matching.
03-10 07:02:21.531  8925 15073 V Apptimize: Apptimize: Filter requests an unsupplied prefixed attribute: ^v2890801_1. Not Matching.
03-10 07:02:21.531  8925 15073 V Apptimize: Apptimize: Filter requests an unsupplied prefixed attribute: ^v2903761_4. Not Matching.
03-10 07:02:21.531  8925 15073 V Apptimize: Apptimize: Filter requests an unsupplied prefixed attribute: ^v2903771_4. Not Matching.
03-10 07:02:21.531  8925 15073 V Apptimize: Apptimize: Filter requests an unsupplied prefixed attribute: ^v2904151_3. Not Matching.
03-10 07:02:21.531  8925 15073 V Apptimize: Apptimize: Filter requests an unsupplied prefixed attribute: ^v2904161_3. Not Matching.
03-10 07:02:21.531  8925 15073 V Apptimize: Apptimize: Filter requests an unsupplied prefixed attribute: ^v2904201_2. Not Matching.
03-10 07:02:21.531  8925 15073 V Apptimize: Apptimize: Filter requests an unsupplied prefixed attribute: ^v2904211_2. Not Matching.
03-10 07:02:21.531  8925 15073 V Apptimize: Apptimize: Filter requests an unsupplied prefixed attribute: ^v2904881_1. Not Matching.
03-10 07:02:21.531  8925 15073 V Apptimize: Apptimize: Filter requests an unsupplied prefixed attribute: ^v2904891_1. Not Matching.
03-10 07:02:21.531  8925 15073 V Apptimize: Apptimize: Filter requests an unsupplied prefixed attribute: ^v2904901_1. Not Matching.
03-10 07:02:21.532  8925 15073 V Apptimize: Apptimize: Filter requests an unsupplied prefixed attribute: ^v2904921_1. Not Matching.
03-10 07:02:21.532  8925 15073 V Apptimize: Apptimize: Filter requests an unsupplied prefixed attribute: ^v2905821_1. Not Matching.
03-10 07:02:21.532  8925 15073 V Apptimize: Apptimize: Filter requests an unsupplied prefixed attribute: ^v2905831_1. Not Matching.
03-10 07:02:21.532  8925 15073 V Apptimize: Apptimize: Filter requests an unsupplied prefixed attribute: ^v2905841_1. Not Matching.
03-10 07:02:21.535  8925  8925 I ViewRootImpl@c0dd098[SplashV2Activity]: [DP] pdf(0) 1 android.view.ViewRootImpl.lambda$performDraw$1$ViewRootImpl:4668 android.view.-$$Lambda$ViewRootImpl$DJd0VUYJgsebcnSohO6h8zc_ONI.run:6 android.os.Handler.handleCallback:938
03-10 07:02:21.535  8925  8925 I ViewRootImpl@c0dd098[SplashV2Activity]: [DP] rdf()
03-10 07:02:21.535  1243  1371 D WindowManager: finishDrawingWindow: Window{c7d0b85 u0 com.tiket.gits.debug/com.tiket.gits.v2splash.SplashV2Activity} mDrawState=DRAW_PENDING
03-10 07:02:21.539  1243  1418 I WindowManager: Reparenting to leash, surface=Surface(name=c7d0b85 com.tiket.gits.debug/com.tiket.gits.v2splash.SplashV2Activity)/@0x690f0c1, leashParent=Surface(name=ActivityRecord{ae8597e u0 com.tiket.gits.debug/com.tiket.gits.v2splash.SplashV2Activity t312})/@0x125cbb4
03-10 07:02:21.539   903  1229 I SurfaceFlinger: id=9788 createSurf (0x0),-1 flag=24004, Surface(name=c7d0b85 com.tiket.gits.debug/com.tiket.gits.v2splash.SplashV2Activity)/@0x690f0c1 - animation-leash#0
03-10 07:02:21.541  1243  1418 D WindowManager: makeSurface duration=2 leash=Surface(name=Surface(name=c7d0b85 com.tiket.gits.debug/com.tiket.gits.v2splash.SplashV2Activity)/@0x690f0c1 - animation-leash)/@0xffad7fd
03-10 07:02:21.541   903  8160 I SurfaceFlinger: id=9789 createSurf (0x0),-1 flag=20004, Dim Layer for - Task=312#0
03-10 07:02:21.542  1243  1418 I WindowManager: Reparenting to leash, surface=Surface(name=Dim Layer for - Task=312)/@0x85a9c0, leashParent=Surface(name=Task=312)/@0xd21f6f9
03-10 07:02:21.543   903  1229 I SurfaceFlinger: id=9790 createSurf (0x0),-1 flag=24000, Surface(name=Dim Layer for - Task=312)/@0x85a9c0 - animation-leash#0
03-10 07:02:21.543  1243  1418 D WindowManager: makeSurface duration=1 leash=Surface(name=Surface(name=Dim Layer for - Task=312)/@0x85a9c0 - animation-leash)/@0x8fba1ec
03-10 07:02:21.544  8925 15073 D Apptimize: Apptimize: Seed group: 2fd162c8-caf4-4cb0-8482-ea088db0eb52; exclusive; generated seed: 451355321
03-10 07:02:21.544  8925 15073 V Apptimize: Apptimize: Filter requests an unsupplied prefixed attribute: ^e119574_2. Not Matching.
03-10 07:02:21.544  8925 15073 D Apptimize: Apptimize: Seed group: 2fd162c8-caf4-4cb0-8482-ea088db0eb52; experiment; 119574; 2; generated seed: 677183333
03-10 07:02:21.545  8925 15073 V Apptimize: Apptimize: Allocated to variant Variant B of experiment [FGDC] Adding Promo Information on SRP
03-10 07:02:21.546  1243  9442 I InputDispatcher: Focus entered window (8925): c7d0b85 in display 0 0
03-10 07:02:21.552  1243  1371 D ApplicationPolicy: isStatusBarNotificationAllowedAsUser: packageName = com.tiket.gits.debug,userId = 0
03-10 07:02:21.552  1243  1371 D PersonaManagerAdapter: ContainerOnlyMode - EOS
03-10 07:02:21.552  1243  1371 D ApplicationPolicy: isStatusBarNotificationAllowedAsUser: packageName = com.tiket.gits.debug,userId = 0
03-10 07:02:21.552  1243  1371 D PersonaManagerAdapter: ContainerOnlyMode - EOS
03-10 07:02:21.553   903   903 I HWComposer: ActiveConfigToHWC, ID : 2
03-10 07:02:21.553   808   993 I display : Set Affinity config for fps(60) : 2, cpuIDs : 255
03-10 07:02:21.553   808   993 I display : Set Affinity CPU ID : 0
03-10 07:02:21.553   808   993 I display : Set Affinity CPU ID : 1
03-10 07:02:21.553   808   993 I display : Set Affinity CPU ID : 2
03-10 07:02:21.553   808   993 I display : Set Affinity CPU ID : 3
03-10 07:02:21.553   808   993 I display : Set Affinity CPU ID : 4
03-10 07:02:21.553   808   993 I display : Set Affinity CPU ID : 5
03-10 07:02:21.553   808   993 I display : Set Affinity CPU ID : 6
03-10 07:02:21.553   808   993 I display : Set Affinity CPU ID : 7
03-10 07:02:21.553   808   993 I display : Set affinity HWC : 808
03-10 07:02:21.553   808   993 I display : CPU set : Cluster(0), min_clock(0)
03-10 07:02:21.553   808   993 I display : CPU set : Cluster(1), min_clock(0)
03-10 07:02:21.553   808   993 I display : CPU set : Cluster(2), min_clock(0)
03-10 07:02:21.553   808   993 I display : setActiveConfig(config=2)
03-10 07:02:21.553   808   993 I display : next config(2): width=1080 height=2400 period=16666666 Xdpi=422030 Ydpi=423333 groupId=0
03-10 07:02:21.553   808   993 I display : Current VRR MODE is 3
03-10 07:02:21.553  8925 15073 V Apptimize: Apptimize: Filter requests an unsupplied prefixed attribute: ^e120320_1. Not Matching.
03-10 07:02:21.553   766   766 E audit   : type=1400 audit(1646895741.551:37165): avc:  denied  { write } for  pid=808 comm="HwBinder:808_2" name="epic" dev="tmpfs" ino=14824 scontext=u:r:hal_graphics_composer_default:s0 tcontext=u:object_r:epicd_socket:s0 tclass=sock_file permissive=0 SEPF_SM-G991B_11_0010 audit_filtered
03-10 07:02:21.554   766   766 E audit   : type=1300 audit(1646895741.551:37165): arch=c00000b7 syscall=206 success=no exit=-13 a0=17 a1=b400006f92c4aaa8 a2=164 a3=40 items=1 ppid=1 pid=808 auid=4294967295 uid=1000 gid=1003 euid=1000 suid=1000 fsuid=1000 egid=1003 sgid=1003 fsgid=1003 tty=(none) ses=4294967295 comm="HwBinder:808_2" exe="/vendor/bin/hw/android.hardware.graphics.composer@2.4-service" subj=u:r:hal_graphics_composer_default:s0 key=(null)
03-10 07:02:21.554   766   766 E audit   : type=1306 audit(1646895741.551:37165): saddr=01002F6465762F736F636B65742F657069630000000000000000000000000000000000000000000000000000000000000000000000000000000000000000000000000000000000000000000000000000000000000000000000000000000000000000000000000000000000000000
03-10 07:02:21.554   766   766 E audit   : type=1302 audit(1646895741.551:37165): item=0 name="/dev/socket/epic" inode=14824 dev=00:12 mode=0140666 ouid=1000 ogid=1000 rdev=00:00 obj=u:object_r:epicd_socket:s0 nametype=NORMAL cap_fp=0 cap_fi=0 cap_fe=0 cap_fver=0 cap_frootid=0
03-10 07:02:21.554   766   766 E audit   : type=1327 audit(1646895741.551:37165): proctitle="/vendor/bin/hw/android.hardware.graphics.composer@2.4-service"
03-10 07:02:21.554  8925 15073 D Apptimize: Apptimize: Seed group: 2fd162c8-caf4-4cb0-8482-ea088db0eb52; experiment; 120320; generated seed: 215583037
03-10 07:02:21.554  8925 15073 V Apptimize: Apptimize: Allocated to variant original of experiment [FGDC] CTA SRP to PDP + Refund n Reschedule
03-10 07:02:21.555  8925 15073 V Apptimize: Apptimize: Filter requests an unsupplied prefixed attribute: ^e121064_2. Not Matching.
03-10 07:02:21.555  8925 15073 D Apptimize: Apptimize: Seed group: 2fd162c8-caf4-4cb0-8482-ea088db0eb52; experiment; 121064; 2; generated seed: 132124386
03-10 07:02:21.555  8925 15073 V Apptimize: Apptimize: Allocated to variant original of experiment [DISC] TTD vertical icon
03-10 07:02:21.556  8925 15073 V Apptimize: Apptimize: Filter requests an unsupplied prefixed attribute: ^e121384_3. Not Matching.
03-10 07:02:21.556  8925 15073 D Apptimize: Apptimize: Seed group: 2fd162c8-caf4-4cb0-8482-ea088db0eb52; experiment; 121384; 3; generated seed: 638792530
03-10 07:02:21.557   903   903 I SurfaceFlinger: Touch=0, Idle=0, DisplayPower=0
03-10 07:02:21.559  8925  8925 I SurfaceControl: nativeRelease nativeObject s[-5476376616597117728]
03-10 07:02:21.559  8925  8925 I SurfaceControl: nativeRelease nativeObject e[-5476376616597117728]
03-10 07:02:21.559  8925  8925 I SurfaceControl: nativeRelease nativeObject s[-5476376616597103840]
03-10 07:02:21.559  8925  8925 I SurfaceControl: nativeRelease nativeObject e[-5476376616597103840]
03-10 07:02:21.560  8925  8925 I SurfaceControl: nativeRelease nativeObject s[-5476376616597104512]
03-10 07:02:21.560  8925  8925 I SurfaceControl: nativeRelease nativeObject e[-5476376616597104512]
03-10 07:02:21.560  8925  8925 I SurfaceControl: nativeRelease nativeObject s[-5476376616597098128]
03-10 07:02:21.560  8925  8925 I SurfaceControl: nativeRelease nativeObject e[-5476376616597098128]
03-10 07:02:21.560  8925  8925 I ViewRootImpl@6673111[SplashV2Activity]: MSG_WINDOW_FOCUS_CHANGED 0 1
03-10 07:02:21.560   903  1229 I SurfaceFlinger: id=9778 Removed Surface(name=dd3626a NavigationBar0)/@0x3d737f8 - animation-leash#1 (68)
03-10 07:02:21.560   903  1229 I SurfaceFlinger: id=9777 Removed Surface(name=1701b40 StatusBar)/@0x9bbc3be - animation-leash#0 (68)
03-10 07:02:21.561  8925  8925 D InputMethodManager: prepareNavigationBarInfo() DecorView@8ece425[SplashV2Activity]
03-10 07:02:21.561  8925  8925 D InputMethodManager: getNavigationBarColor() -855310
03-10 07:02:21.561   903   903 D Scheduler: onPrimaryDisplayConfigChanged to 2
03-10 07:02:21.561  8925  8925 V InputMethodManager: Starting input: tba=com.tiket.gits.debug ic=null mNaviBarColor -855310 mIsGetNaviBarColorSuccess true , NavVisible : true , NavTrans : false
03-10 07:02:21.561  8925  8925 D InputMethodManager: startInputInner - Id : 0
03-10 07:02:21.561   903   903 I Layer   : id=9778[1] Destroyed Surface(name=dd3626a NavigationBar0)/@0x3d737f8 - animation-leash#1
03-10 07:02:21.561   903   903 I Layer   : id=9777[1] Destroyed Surface(name=1701b40 StatusBar)/@0x9bbc3be - animation-leash#0
03-10 07:02:21.562  8925 15073 V Apptimize: Apptimize: Allocated to variant model_i of experiment [HPEP] Use Dorado for Hotel Autocomplete v6
03-10 07:02:21.562  8925 15073 V Apptimize: Apptimize: Filter requests an unsupplied prefixed attribute: ^e121539_1. Not Matching.
03-10 07:02:21.563  8925 15073 D Apptimize: Apptimize: Seed group: 2fd162c8-caf4-4cb0-8482-ea088db0eb52; experiment; 121539; generated seed: 543065067
03-10 07:02:21.563  8925 15073 V Apptimize: Apptimize: Allocated to variant Variant B of experiment [TRA] Highlight Select Seat Button in Booking Form Page
03-10 07:02:21.563  8925 15073 V Apptimize: Apptimize: Filter requests an unsupplied prefixed attribute: ^e122323_1. Not Matching.
03-10 07:02:21.563  8925 15073 D Apptimize: Apptimize: Seed group: 2fd162c8-caf4-4cb0-8482-ea088db0eb52; experiment; 122323; generated seed: 148819968
03-10 07:02:21.564  8925 15073 V Apptimize: Apptimize: Allocated to variant original of experiment [DISC] NHA vertical image
03-10 07:02:21.564  8925 15073 V Apptimize: Apptimize: Filter requests an unsupplied prefixed attribute: ^e122646_2. Not Matching.
03-10 07:02:21.564  8925 15073 D Apptimize: Apptimize: Seed group: 2fd162c8-caf4-4cb0-8482-ea088db0eb52; experiment; 122646; 2; generated seed: 212462455
03-10 07:02:21.564  8925 15073 V Apptimize: Apptimize: Allocated to variant original (V4.0 of experiment [HPEP] Room group variants in Room List 4.0
03-10 07:02:21.565  1243  1417 D LocalDisplayAdapter: updateActiveRealModeLocked, mActiveRealPhysIndex=2, mActiveRealModeId=3, forceUpdate=false, caller=com.android.server.display.LocalDisplayAdapter$LocalDisplayDevice.onActiveDisplayConfigChangedLocked:1177 com.android.server.display.LocalDisplayAdapter$PhysicalDisplayEventReceiver.onConfigChanged:1503 android.view.DisplayEventReceiver.dispatchConfigChanged:216
03-10 07:02:21.565  1243  1417 I DisplayManagerService: Display device changed: DisplayDeviceInfo{"Built-in Screen": uniqueId="local:21442653864348033", 1080 x 2400, modeId 3, defaultModeId 3, supportedModes [{id=1, width=1080, height=2400, fps=120.00001}, {id=2, width=1080, height=2400, fps=96.00001}, {id=3, width=1080, height=2400, fps=60.000004}, {id=4, width=1080, height=2400, fps=48.000004}], refreshRateMode REFRESH_RATE_MODE_SEAMLESS, realModeId 3, colorMode 0, supportedColorModes [0, 6, 7], HdrCapabilities HdrCapabilities{mSupportedHdrTypes=[2, 3], mMaxLuminance=450.0, mMaxAverageLuminance=120.0, mMinLuminance=5.0E-4}, allmSupported false, gameContentTypeSupported false, density 480, 422.03 x 423.333 dpi, appVsyncOff 0, presDeadline 17666666, cutout DisplayCutout{insets=Rect(0, 80 - 0, 0) waterfall=Insets{left=0, top=0, right=0, bottom=0} boundingRect={Bounds=[Rect(0, 0 - 0, 0), Rect(510, 0 - 570, 80), Rect(0, 0 - 0, 0), Rect(0, 0 - 0, 0)]}}, touch INTERNAL, rotation 0, type INTERNAL, address {port=129, model=0x4c2dfae6a049}, deviceProductInfo DeviceProductInfo{name=samsung lcd  , manufacturerPnpId=SAM, productId=0, modelYear=null, manufactureDate=ManufactureDate{week=16, year=2020}, relativeAddress=null}, state ON, FLAG_DEFAULT_DISPLAY, FLAG_ROTATES_WITH_CONTENT, FLAG_SECURE, FLAG_SUPPORTS_PROTECTED_BUFFERS}
03-10 07:02:21.565  8925 15073 V Apptimize: Apptimize: Filter requests an unsupplied prefixed attribute: ^e122327_2. Not Matching.
03-10 07:02:21.565  8925 15073 D Apptimize: Apptimize: Seed group: 2fd162c8-caf4-4cb0-8482-ea088db0eb52; experiment; 122327; 2; generated seed: 514386164
03-10 07:02:21.566   903   903 D SurfaceFlinger: Display 21442653864348033 HWC layers:
03-10 07:02:21.566   903   903 D SurfaceFlinger:      DEVICE | 0xb400006efa8fc6d0 | 0002 | RGBA_8888    |    0.0    0.0 1080.0 2400.0 |    0    0 1080 2400 | com.tiket.gits.debug/com.tiket.gits.v2splash.SplashV2Activity$_8925#1
03-10 07:02:21.566   903   903 D SurfaceFlinger:      DEVICE | 0xb400006efa8fe9d0 | 0000 | RGBA_8888    |    0.0    0.0 1080.0 2400.0 |    0    0 1080 2400 | com.tiket.gits.debug/com.tiket.gits.v2splash.SplashV2Activity$_8925#0
03-10 07:02:21.566   903   903 D SurfaceFlinger:  SOLID_COLOR |              | 0000 |  Unknown  |    0.0    0.0    0.0    0.0 |    0    0 1080 2400 | Dim Layer for - Task=312#0
03-10 07:02:21.566   903   903 D SurfaceFlinger:      DEVICE | 0xb400006efa9098d0 | 0000 | RGBA_8888    |   96.0    0.0 1176.0 2064.0 |    0  336 1080 2400 | com.tiket.gits.debug/com.tiket.gits.v2splash.SplashV2Activity$_8925#2
03-10 07:02:21.566   903   903 D SurfaceFlinger:      DEVICE | 0xb400006efa90add0 | 0000 | RGBA_8888    |    0.0    0.0 1080.0   79.0 |    0    0 1080   79 | StatusBar$_10013#0
03-10 07:02:21.566   903   903 D SurfaceFlinger:      DEVICE | 0xb400006efa8fa210 | 0000 | RGBA_8888    |    0.0    0.0   67.0  342.0 | 1013  458 1080  800 | com.samsung.android.app.cocktailbars[...]rservice.CocktailBarService$_12337#0
03-10 07:02:21.566   903   903 D SurfaceFlinger:
03-10 07:02:21.566   903   903 D SurfaceFlinger: DEVICE | 0xb400006efa915950 | 0000 | RGBA_8888    |    0.0    0.0 1080.0  144.0 |    0 2256 1080 2400 | NavigationBar0$_10013#0
03-10 07:02:21.566   903   903 D SurfaceFlinger:
03-10 07:02:21.567  1243  1417 D TspStateManager: updateCustomValue customSetting=
03-10 07:02:21.568  1243  1417 D TspStateManager: updateCustomValue customSetting=
03-10 07:02:21.569  1243  1243 E Native_CFMS: nativePerfMgrSendFps    Fail    fps : 60    return : -1
03-10 07:02:21.569  8925 15073 V Apptimize: Apptimize: Filter requests an unsupplied prefixed attribute: ^e122688_2. Not Matching.
03-10 07:02:21.570  1243  1627 I CAE     : handleMessage(CaPowerManager.java:202) - AP_WAKEUP_Already_Delivered
03-10 07:02:21.570  1243  1627 I CAE     : handleMessage(CaPowerManager.java:212) - SCREEN_ON_Already_Delivered
03-10 07:02:21.570  8925 15073 D Apptimize: Apptimize: Seed group: 2fd162c8-caf4-4cb0-8482-ea088db0eb52; experiment; 122688; 2; generated seed: 264060993
03-10 07:02:21.570  8925 15073 V Apptimize: Apptimize: Allocated to variant original of experiment [PAYM] Installment wording PLAN
03-10 07:02:21.571  8925 15073 V Apptimize: Apptimize: Filter requests an unsupplied prefixed attribute: ^e122743_1. Not Matching.
03-10 07:02:21.571 10013 10013 D DisplayLifecycle: updateDisplay id = 0
03-10 07:02:21.571  8925 15073 D Apptimize: Apptimize: Seed group: 2fd162c8-caf4-4cb0-8482-ea088db0eb52; experiment; 122743; generated seed: 856930277
03-10 07:02:21.572  1243  1630 D LiftUpHandler: already ended..
03-10 07:02:21.572  8925 15073 V Apptimize: Apptimize: Allocated to variant Variant D of experiment Installment test a/b
03-10 07:02:21.572  8925 15073 V Apptimize: Apptimize: Filter requests an unsupplied prefixed attribute: ^e122777_1. Not Matching.
03-10 07:02:21.573  8925 15073 D Apptimize: Apptimize: Seed group: 2fd162c8-caf4-4cb0-8482-ea088db0eb52; experiment; 122777; generated seed: 745815209
03-10 07:02:21.573  8925 15073 V Apptimize: Apptimize: Allocated to variant Variant C of experiment [PAYM] A/B Testing Copy Installment Fee Plan
03-10 07:02:21.573  8925 15073 V Apptimize: Apptimize: Filter requests an unsupplied prefixed attribute: ^e123292_4. Not Matching.
03-10 07:02:21.574  8925 15073 D Apptimize: Apptimize: Seed group: 2fd162c8-caf4-4cb0-8482-ea088db0eb52; experiment; 123292; 4; generated seed: 386122054
03-10 07:02:21.574  8925 15073 V Apptimize: Apptimize: Allocated to variant fxcity of experiment [HPEP] SRP Ranking BE - Personalization
03-10 07:02:21.574  8925 15073 V Apptimize: Apptimize: Filter requests an unsupplied prefixed attribute: ^e123310_3. Not Matching.
03-10 07:02:21.574  8925 15073 D Apptimize: Apptimize: Seed group: 2fd162c8-caf4-4cb0-8482-ea088db0eb52; experiment; 123310; 3; generated seed: 843630837
03-10 07:02:21.575  8925 15073 V Apptimize: Apptimize: Allocated to variant Variant B of experiment fallback_testing_android
03-10 07:02:21.575  1243  7226 D SamsungIMMSHWKeyboard: isConnectedDexOnPC false
03-10 07:02:21.575  8925 15073 V Apptimize: Apptimize: Filter requests an unsupplied prefixed attribute: ^e123311_2. Not Matching.
03-10 07:02:21.575  1243  7226 D InputMethodManagerService: isImeSwitcherDisabledPackage : false
03-10 07:02:21.575  8925 15073 D Apptimize: Apptimize: Seed group: 2fd162c8-caf4-4cb0-8482-ea088db0eb52; experiment; 123311; 2; generated seed: 735125806
03-10 07:02:21.576  8925 15073 V Apptimize: Apptimize: Allocated to variant Variant B of experiment fallback_testing_ios
03-10 07:02:21.576  8925 15073 V Apptimize: Apptimize: Filter requests an unsupplied prefixed attribute: ^e123342_1. Not Matching.
03-10 07:02:21.576  8925  8925 D Apptimize: Apptimize: onExperimentsProcessedListeners
03-10 07:02:21.576  8925  8925 D Apptimize: Apptimize: onApptimizeInitializedListener
03-10 07:02:21.578  8925  8925 I ViewRootImpl@c0dd098[SplashV2Activity]: MSG_WINDOW_FOCUS_CHANGED 1 1
03-10 07:02:21.578  8925  8925 D InputMethodManager: prepareNavigationBarInfo() DecorView@4527611[SplashV2Activity]
03-10 07:02:21.578  8925  8925 D InputMethodManager: getNavigationBarColor() -855310
03-10 07:02:21.579  8925  8925 D InputMethodManager: prepareNavigationBarInfo() DecorView@4527611[SplashV2Activity]
03-10 07:02:21.579  8925  8925 D InputMethodManager: getNavigationBarColor() -855310
03-10 07:02:21.579  8925  8925 V InputMethodManager: Starting input: tba=com.tiket.gits.debug ic=null mNaviBarColor -855310 mIsGetNaviBarColorSuccess true , NavVisible : true , NavTrans : false
03-10 07:02:21.579  8925  8925 D InputMethodManager: startInputInner - Id : 0
03-10 07:02:21.579  8925  8925 I InputMethodManager: startInputInner - mService.startInputOrWindowGainedFocus
03-10 07:02:21.581  8925 15073 D Apptimize: Apptimize: Seed group: 2fd162c8-caf4-4cb0-8482-ea088db0eb52; experiment; 123342; generated seed: 607852135
03-10 07:02:21.582  8925 15073 V Apptimize: Apptimize: Allocated to variant Variant B of experiment fallback_testing_android_v2
03-10 07:02:21.582  8925 15073 V Apptimize: Apptimize: Filter requests an unsupplied prefixed attribute: ^e123343_1. Not Matching.
03-10 07:02:21.582  8925 15073 D Apptimize: Apptimize: Seed group: 2fd162c8-caf4-4cb0-8482-ea088db0eb52; experiment; 123343; generated seed: 387044010
03-10 07:02:21.583  8925 15073 V Apptimize: Apptimize: Allocated to variant original of experiment fallback_testing_ios_v2
03-10 07:02:21.583  8925 15073 V Apptimize: Apptimize: Filter requests an unsupplied prefixed attribute: ^e123380_1. Not Matching.
03-10 07:02:21.583  8925 15073 D Apptimize: Apptimize: Seed group: 2fd162c8-caf4-4cb0-8482-ea088db0eb52; experiment; 123380; generated seed: 370224730
03-10 07:02:21.584  8925 15073 V Apptimize: Apptimize: Allocated to variant Variant B of experiment Core testing
03-10 07:02:21.584  1243  1243 D MotionRecognitionService: [DisplayListner] getRefreshRate 60.000004
03-10 07:02:21.584  1243  1630 D MotionRecognitionService: [REFRESHRATE]  : 60
03-10 07:02:21.584  1243  1243 D GameManagerService: onDisplayChanged. displyId: 0, state: 2
03-10 07:02:21.584  1243  1630 D SensorService: setSContextDataLocked ints length 3 , byte length 8
03-10 07:02:21.584  1243  1630 D SensorService: setSContextDataLocked 100048c1
03-10 07:02:21.584  1243  1243 D AODManagerService: requestReCalToTSP IsSingleTouchMode = false / previousDisplayState = ON
03-10 07:02:21.584  1243  1645 D GameManagerService: onLooperPrepared(), msg: MSG_LCD_ON
03-10 07:02:21.584  8925 15073 V Apptimize: Apptimize: Filter requests an unsupplied prefixed attribute: ^v2800771_2. Not Matching.
03-10 07:02:21.584   813   813 D Sensors : c1 48 00 10 3c 00 00 00
03-10 07:02:21.584   813   813 E Sensors : inject_scontext_data: New ssp_data_injection_fd(41)
03-10 07:02:21.584  8925 15073 V Apptimize: Apptimize: Variant does not match filters: Experiment: [FGDC] Adding Promo Information on SRP; Variant: original
03-10 07:02:21.584  8925 15073 V Apptimize: Apptimize: Filter requests an unsupplied prefixed attribute: ^v2800781_2. Not Matching.
03-10 07:02:21.584  8925 15073 V Apptimize: Apptimize: Variant does not match filters: Experiment: [FGDC] Adding Promo Information on SRP; Variant: Variant B
03-10 07:02:21.584  8925 15073 V Apptimize: Apptimize: Filter requests an unsupplied prefixed attribute: ^v2821601_1. Not Matching.
03-10 07:02:21.584  8925 15073 V Apptimize: Apptimize: Variant does not match filters: Experiment: [FGDC] CTA SRP to PDP + Refund n Reschedule; Variant: original
03-10 07:02:21.584   813   813 D Sensors : SContext Data Injection return 8
03-10 07:02:21.584  8925 15073 V Apptimize: Apptimize: Filter requests an unsupplied prefixed attribute: ^v2821611_1. Not Matching.
03-10 07:02:21.585  8925 15073 V Apptimize: Apptimize: Variant does not match filters: Experiment: [FGDC] CTA SRP to PDP + Refund n Reschedule; Variant: Variant B
03-10 07:02:21.585  8925 15073 V Apptimize: Apptimize: Filter requests an unsupplied prefixed attribute: ^v2821621_1. Not Matching.
03-10 07:02:21.585  8925 15073 V Apptimize: Apptimize: Variant does not match filters: Experiment: [FGDC] CTA SRP to PDP + Refund n Reschedule; Variant: Variant C
03-10 07:02:21.585  1243  7072 D InputMethodManagerService: mSecureKeypadEnabled = false
03-10 07:02:21.585  1243  7072 V InputMethodManagerService: Unspecified window will hide input
03-10 07:02:21.585  1243  7072 V InputMethodManagerService: hideCurrentInputLocked : shouldHideSoftInput is false
03-10 07:02:21.585  8925 15073 V Apptimize: Apptimize: Filter requests an unsupplied prefixed attribute: ^v2843331_2. Not Matching.
03-10 07:02:21.585  8925 15073 V Apptimize: Apptimize: Variant does not match filters: Experiment: [DISC] TTD vertical icon; Variant: original
03-10 07:02:21.585  8925 15073 V Apptimize: Apptimize: Filter requests an unsupplied prefixed attribute: ^v2843341_2. Not Matching.
03-10 07:02:21.585  8925 15073 V Apptimize: Apptimize: Variant does not match filters: Experiment: [DISC] TTD vertical icon; Variant: Variant B
03-10 07:02:21.585  8925 15073 V Apptimize: Apptimize: Filter requests an unsupplied prefixed attribute: ^v2843351_2. Not Matching.
03-10 07:02:21.585  8925 15073 V Apptimize: Apptimize: Variant does not match filters: Experiment: [DISC] TTD vertical icon; Variant: Variant C
03-10 07:02:21.585  8925 15073 V Apptimize: Apptimize: Filter requests an unsupplied prefixed attribute: ^v2843361_2. Not Matching.
03-10 07:02:21.585  8925 15073 V Apptimize: Apptimize: Variant does not match filters: Experiment: [DISC] TTD vertical icon; Variant: Variant D
03-10 07:02:21.586  8925 15073 V Apptimize: Apptimize: Filter requests an unsupplied prefixed attribute: ^v2851631_3. Not Matching.
03-10 07:02:21.586  8925 15073 V Apptimize: Apptimize: Variant does not match filters: Experiment: [HPEP] Use Dorado for Hotel Autocomplete v6; Variant: original
03-10 07:02:21.586  8925 15073 V Apptimize: Apptimize: Filter requests an unsupplied prefixed attribute: ^v2851641_3. Not Matching.
03-10 07:02:21.588 26339 15097 I AppsEdge.Service: changeItem() removed=false
03-10 07:02:21.593  8925 15073 V Apptimize: Apptimize: Variant does not match filters: Experiment: [HPEP] Use Dorado for Hotel Autocomplete v6; Variant: model_e
03-10 07:02:21.593  8925 15073 V Apptimize: Apptimize: Filter requests an unsupplied prefixed attribute: ^v2851651_3. Not Matching.
03-10 07:02:21.593  8925 15073 V Apptimize: Apptimize: Variant does not match filters: Experiment: [HPEP] Use Dorado for Hotel Autocomplete v6; Variant: model_d
03-10 07:02:21.593  8925 15073 V Apptimize: Apptimize: Filter requests an unsupplied prefixed attribute: ^v2851661_3. Not Matching.
03-10 07:02:21.593  8925 15073 V Apptimize: Apptimize: Variant does not match filters: Experiment: [HPEP] Use Dorado for Hotel Autocomplete v6; Variant: dorado_model_f
03-10 07:02:21.593  8925 15073 V Apptimize: Apptimize: Filter requests an unsupplied prefixed attribute: ^v2851671_3. Not Matching.
03-10 07:02:21.594  8925 15073 V Apptimize: Apptimize: Variant does not match filters: Experiment: [HPEP] Use Dorado for Hotel Autocomplete v6; Variant: model_g
03-10 07:02:21.594  8925 15073 V Apptimize: Apptimize: Filter requests an unsupplied prefixed attribute: ^v2851681_3. Not Matching.
03-10 07:02:21.594  8925 15073 V Apptimize: Apptimize: Variant does not match filters: Experiment: [HPEP] Use Dorado for Hotel Autocomplete v6; Variant: model_i
03-10 07:02:21.594  8925 15073 V Apptimize: Apptimize: Filter requests an unsupplied prefixed attribute: ^v2855711_1. Not Matching.
03-10 07:02:21.594  8925 15073 V Apptimize: Apptimize: Variant does not match filters: Experiment: [TRA] Highlight Select Seat Button in Booking Form Page; Variant: original
03-10 07:02:21.594  8925 15073 V Apptimize: Apptimize: Filter requests an unsupplied prefixed attribute: ^v2855721_1. Not Matching.
03-10 07:02:21.595  8925 15073 V Apptimize: Apptimize: Variant does not match filters: Experiment: [TRA] Highlight Select Seat Button in Booking Form Page; Variant: Variant B
03-10 07:02:21.595  8925 15073 V Apptimize: Apptimize: Filter requests an unsupplied prefixed attribute: ^v2876741_1. Not Matching.
03-10 07:02:21.595  8925 15073 V Apptimize: Apptimize: Variant does not match filters: Experiment: [DISC] NHA vertical image; Variant: original
03-10 07:02:21.595  8925 15073 V Apptimize: Apptimize: Filter requests an unsupplied prefixed attribute: ^v2876751_1. Not Matching.
03-10 07:02:21.595  8925 15073 V Apptimize: Apptimize: Variant does not match filters: Experiment: [DISC] NHA vertical image; Variant: Variant B
03-10 07:02:21.595  8925 15073 V Apptimize: Apptimize: Filter requests an unsupplied prefixed attribute: ^v2886561_2. Not Matching.
03-10 07:02:21.595  8925 15073 V Apptimize: Apptimize: Variant does not match filters: Experiment: [HPEP] Room group variants in Room List 4.0; Variant: original (V4.0
03-10 07:02:21.595  8925 15073 V Apptimize: Apptimize: Filter requests an unsupplied prefixed attribute: ^v2886581_2. Not Matching.
03-10 07:02:21.595  8925 15073 V Apptimize: Apptimize: Variant does not match filters: Experiment: [HPEP] Room group variants in Room List 4.0; Variant: Variant B (V3.0)
03-10 07:02:21.595  8925 15073 V Apptimize: Apptimize: Filter requests an unsupplied prefixed attribute: ^v2886591_2. Not Matching.
03-10 07:02:21.595  8925 15073 V Apptimize: Apptimize: Variant does not match filters: Experiment: [HPEP] Room group variants in Room List 4.0; Variant: Variant C (no_group)
03-10 07:02:21.595  8925 15073 V Apptimize: Apptimize: Filter requests an unsupplied prefixed attribute: ^v2888061_2. Not Matching.
03-10 07:02:21.596  8925 15073 V Apptimize: Apptimize: Variant does not match filters: Experiment: [PAYM] A/B Testing Copy Installment Fee Plan (TESTING); Variant: original
