03-11 08:31:22.442 20833 20833 I HBD     : HoneyBoardService [PF_OP][onStartInput]  2946462 ns
03-11 08:31:22.443   891   918 I Layer   : id=5363 removeFromCurrentState Surface(name=75e4de8 InputMethod)/@0x1379aa6 - animation-leash#0 (69)
03-11 08:31:22.447  1227  7118 E WindowManager: win=Window{4d5f103 u0 com.sec.android.app.launcher/com.sec.android.app.launcher.activities.LauncherActivity} destroySurfaces: appStopped=true win.mWindowRemovalAllowed=false win.mRemoveOnExit=false win.mViewVisibility=8 caller=com.android.server.wm.ActivityRecord.destroySurfaces:5204 com.android.server.wm.ActivityRecord.destroySurfaces:5185 com.android.server.wm.ActivityRecord.notifyAppStopped:5244 com.android.server.wm.ActivityRecord.activityStopped:5872 com.android.server.wm.ActivityTaskManagerService.activityStopped:2578 android.app.IActivityTaskManager$Stub.onTransact:2201 android.os.Binder.execTransactInternal:1190
03-11 08:31:22.447  1227  7118 I WindowManager: Destroying surface Surface(name=com.sec.android.app.launcher/com.sec.android.app.launcher.activities.LauncherActivity$_10179)/@0xad4de64 called by com.android.server.wm.WindowStateAnimator.destroySurface:1794 com.android.server.wm.WindowStateAnimator.destroySurfaceLocked:765 com.android.server.wm.WindowState.destroySurfaceUnchecked:3905 com.android.server.wm.WindowState.destroySurface:3879 com.android.server.wm.ActivityRecord.destroySurfaces:5204 com.android.server.wm.ActivityRecord.destroySurfaces:5185 com.android.server.wm.ActivityRecord.notifyAppStopped:5244 com.android.server.wm.ActivityRecord.activityStopped:5872
03-11 08:31:22.447  1227  7118 I SurfaceControl: release : mNativeObject = -5476376619639701568 - Surface(name=com.sec.android.app.launcher/com.sec.android.app.launcher.activities.LauncherActivity$_10179)/@0xad4de64 / android.view.SurfaceControl$Transaction.remove:3421 com.android.server.wm.WindowSurfaceController.destroyNotInTransaction:225 com.android.server.wm.WindowStateAnimator.destroySurface:1794 com.android.server.wm.WindowStateAnimator.destroySurfaceLocked:765
03-11 08:31:22.448  1227  7118 I SurfaceControl: nativeRelease nativeObject s[-5476376619639701568]
03-11 08:31:22.448  1227  7118 I SurfaceControl: nativeRelease nativeObject e[-5476376619639701568]
03-11 08:31:22.448   891   918 I Layer   : id=5345 removeFromCurrentState com.sec.android.app.launcher/com.sec.android.app.launcher.activities.LauncherActivity$_10179#0 (69)
03-11 08:31:22.450  1227  1362 D SIProcessListener: PID is 10179 State is 2
03-11 08:31:22.450   891   918 I SurfaceFlinger: id=5345 Removed com.sec.android.app.launcher/com.sec.android.app.launcher.activities.LauncherActivity$_10179#0 (69)
03-11 08:31:22.450  1227  1362 D SehCodecSolutionService: Update top [com.tiket.gits.debug]
03-11 08:31:22.451  1227  1362 E Native_CFMS: nativePerfMgrRemoveTask    Fail    tid : 10179    return : -1
03-11 08:31:22.458   891   891 I Layer   : id=5345[1] Destroyed com.sec.android.app.launcher/com.sec.android.app.launcher.activities.LauncherActivity$_10179#0
03-11 08:31:22.469 12272 12272 I SurfaceControl: release : mNativeObject = -5476376619639919184 - Surface(name=Surface(name=75e4de8 InputMethod)/@0x1379aa6 - animation-leash)/@0x83d416d / android.view.-$$Lambda$Rl1VZmNJ0VZDLK0BAbaVGis0rrA.accept:2 android.view.InsetsSourceControl.release:170 android.view.InsetsSourceConsumer.setControl:202 android.view.ImeInsetsSourceConsumer.setControl:154
03-11 08:31:22.469 12272 12272 I SurfaceControl: nativeRelease nativeObject s[-5476376619639919184]
03-11 08:31:22.469 12272 12272 I SurfaceControl: nativeRelease nativeObject e[-5476376619639919184]
03-11 08:31:22.470   891  7595 I SurfaceFlinger: id=5363 Removed Surface(name=75e4de8 InputMethod)/@0x1379aa6 - animation-leash#0 (68)
03-11 08:31:22.470 12272 12272 D SurfaceControl: hide : mNativeObject = -5476376619102432416 - sc.mNativeObject = -5476376619639936768 - Surface(name=Surface(name=75e4de8 InputMethod)/@0x1379aa6 - animation-leash)/@0x35241a2
03-11 08:31:22.470 12272 12272 D SurfaceControl: nativeSetFlags Done : Surface(name=Surface(name=75e4de8 InputMethod)/@0x1379aa6 - animation-leash)/@0x35241a2
03-11 08:31:22.471  1227  9212 D SamsungIMMSHWKeyboard: isConnectedDexOnPC false
03-11 08:31:22.472  1227  9212 D InputMethodManagerService: isImeSwitcherDisabledPackage : false
03-11 08:31:22.473 12272 12272 I SurfaceControl: release : mNativeObject = -5476376619639898464 - Surface(name=Surface(name=cc9f96a NavigationBar0)/@0xbd126f8 - animation-leash)/@0xf517e33 / android.view.-$$Lambda$Rl1VZmNJ0VZDLK0BAbaVGis0rrA.accept:2 android.view.InsetsSourceControl.release:170 android.view.InsetsSourceConsumer.setControl:202 android.view.InsetsController.onControlsChanged:833
03-11 08:31:22.473 12272 12272 I SurfaceControl: nativeRelease nativeObject s[-5476376619639898464]
03-11 08:31:22.473 12272 12272 I SurfaceControl: nativeRelease nativeObject e[-5476376619639898464]
03-11 08:31:22.473 12272 12272 I SurfaceControl: release : mNativeObject = -5476376619639900144 - Surface(name=Surface(name=87848a0 StatusBar)/@0xe22201e - animation-leash)/@0x89875f0 / android.view.-$$Lambda$Rl1VZmNJ0VZDLK0BAbaVGis0rrA.accept:2 android.view.InsetsSourceControl.release:170 android.view.InsetsSourceConsumer.setControl:202 android.view.InsetsController.onControlsChanged:833
03-11 08:31:22.474 12272 12272 I SurfaceControl: nativeRelease nativeObject s[-5476376619639900144]
03-11 08:31:22.474 12272 12272 I SurfaceControl: nativeRelease nativeObject e[-5476376619639900144]
03-11 08:31:22.476   891   891 I Layer   : id=5363[1] Destroyed Surface(name=75e4de8 InputMethod)/@0x1379aa6 - animation-leash#0
03-11 08:31:22.477 12272 23856 V Apptimize: Apptimize: The applicable tests are: [[HPEP] Use Dorado for Hotel Autocomplete v6, Installment test a/b, [PAYM] A/B Testing Copy Installment Fee Plan (TESTING), fallback-testing-ios-v2, Homes PDP USP config, [PAYM] A/B Testing Copy Installment Fee Plan, [HPEP] SRP Ranking BE - Personalization, [FGDC] Adding Promo Information on SRP, fallback-testing-android-v2, [CAR] Review Booking Page Revamp, [PAYM] Installment wording PLAN, [HNHA] Sold Out Logic SRP, [DISC] NHA vertical image, [HPEP] Room group variants in Room List 4.0, [FGDC] CTA SRP to PDP + Refund n Reschedule, core-fallback-ios-v2, core-fallback-android-v2, [DISC] TTD vertical icon, [DISC] Home Iteration, [TRA] Highlight Select Seat Button in Booking Form Page]
03-11 08:31:22.477 12272 23856 I Apptimize: Apptimize: Updated meta-data
03-11 08:31:22.477 12272 23584 D Apptimize: Apptimize: notifyExperimentsProcessed
03-11 08:31:22.478 12272 23584 D Apptimize: Apptimize: notifyExperimentsProcessed
03-11 08:31:22.496  1063  1063 I keystore: !@ reading blob user_0/10330_USRPKEY_com+^appsflyer+\KSAppsFlyerId=1646987481481+]1935209186969378871+\KSAppsFlyerRICounter=0
03-11 08:31:22.496  1063  1063 I keystore: !@ reading blob user_0/10330_USRPKEY_com+^appsflyer+\KSAppsFlyerId=1646987481481+]1935209186969378871+\KSAppsFlyerRICounter=0
03-11 08:31:22.512 12272 12272 D Apptimize: Apptimize: onExperimentsProcessedListeners
03-11 08:31:22.533   891  8039 D NativeSemDvfsManager: acquire:: timeout = 1000 mIsAcquired = 1  mTagName : SurfaceFlinger
03-11 08:31:22.533   891  8039 E NativeCustomFrequencyManager: [NativeCFMS] BpCustomFrequencyManager::acquire()
03-11 08:31:22.533   806   822 I HYPER-HAL: [RequestManager.cpp]acquire(): Acquired ID : 1789886  [891 / 1000]    HINT : NOT_EXIST    list : [GPUMinFreq / 403000] [TIMEOUT / 1000]
03-11 08:31:22.535  1227  9224 D SamsungAlarmManager: Cancel Alarm calling from uid:10243 pid :12521 / OP:PendingIntent{aa76dac: PendingIntentRecord{d3988af com.google.android.gms/com.google.android.gms.measurement broadcastIntent}}
03-11 08:31:22.545  1227  1227 I NotificationService: RuneStone mIsRuneStoneSupported = true, mIsRuneStoneEnabled = false
03-11 08:31:22.558  1227  1365 I WindowManager: Reparenting to original parent: Surface(name=ActivityRecord{29b30dc u0 com.tiket.gits.debug/com.tiket.gits.v2splash.SplashV2Activity t180})/@0xc9bc3f, destroy=true, surface=Surface(name=cf9e7f2 com.tiket.gits.debug/com.tiket.gits.v2splash.SplashV2Activity)/@0xe4ccd9
03-11 08:31:22.558  1227  1365 I SurfaceControl: release : mNativeObject = -5476376619639901936 - Surface(name=Surface(name=cf9e7f2 com.tiket.gits.debug/com.tiket.gits.v2splash.SplashV2Activity)/@0xe4ccd9 - animation-leash)/@0xab869e / android.view.SurfaceControl$Transaction.remove:3421 com.android.server.wm.SurfaceAnimator.removeLeash:418 com.android.server.wm.SurfaceAnimator.reset:384 com.android.server.wm.SurfaceAnimator.lambda$getFinishedCallback$0$SurfaceAnimator:110
03-11 08:31:22.558  1227  1365 I SurfaceControl: nativeRelease nativeObject s[-5476376619639901936]
03-11 08:31:22.558  1227  1365 I SurfaceControl: nativeRelease nativeObject e[-5476376619639901936]
03-11 08:31:22.559   891  7596 I Layer   : id=5368 removeFromCurrentState Surface(name=cf9e7f2 com.tiket.gits.debug/com.tiket.gits.v2splash.SplashV2Activity)/@0xe4ccd9 - animation-leash#0 (67)
03-11 08:31:22.561  1227  1365 I WindowManager: Reparenting to original parent: Surface(name=Task=180)/@0x52d594c, destroy=true, surface=Surface(name=Dim Layer for - Task=180)/@0x840a57f
03-11 08:31:22.562  1227  1365 I SurfaceControl: release : mNativeObject = -5476376619639626416 - Surface(name=Surface(name=Dim Layer for - Task=180)/@0x840a57f - animation-leash)/@0x24c5d95 / android.view.SurfaceControl$Transaction.remove:3421 com.android.server.wm.SurfaceAnimator.removeLeash:418 com.android.server.wm.SurfaceAnimator.reset:384 com.android.server.wm.SurfaceAnimator.lambda$getFinishedCallback$0$SurfaceAnimator:110
03-11 08:31:22.562  1227  1365 I SurfaceControl: nativeRelease nativeObject s[-5476376619639626416]
03-11 08:31:22.562  1227  1365 I SurfaceControl: nativeRelease nativeObject e[-5476376619639626416]
03-11 08:31:22.562   891   918 I SurfaceFlinger: id=5368 Removed Surface(name=cf9e7f2 com.tiket.gits.debug/com.tiket.gits.v2splash.SplashV2Activity)/@0xe4ccd9 - animation-leash#0 (67)
03-11 08:31:22.567  1227  1227 W NotificationHistory: Attempted to add notif for locked/gone/disabled user 0
03-11 08:31:22.567  1227  7118 D SamsungAlarmManager: Cancel Alarm calling from uid:10243 pid :12486 / OP:PendingIntent{90e3cd6: PendingIntentRecord{ebea3a6 com.google.android.gms/com.google.android.gms.gcm broadcastIntent}}
03-11 08:31:22.567  1227  7118 I SamsungAlarmManager: setLocked to kernel - T:2 / 20220311T083541, set=10643139, now=10384332
03-11 08:31:22.567  1227  7118 I SamsungAlarmManager: setLocked to kernel - T:3 / 20220311T083124, set=10386441, now=10384332
03-11 08:31:22.568   891   919 I Layer   : id=5370 removeFromCurrentState Surface(name=Dim Layer for - Task=180)/@0x840a57f - animation-leash#0 (67)
03-11 08:31:22.569  1227  1365 D SurfaceControl: hide : mNativeObject = -5476376619102970624 - sc.mNativeObject = -5476376619639724304 - Surface(name=Input Consumer recents_animation_input_consumer)/@0x75c2a7f
03-11 08:31:22.569  1227  1365 D SurfaceControl: nativeSetFlags Done : Surface(name=Input Consumer recents_animation_input_consumer)/@0x75c2a7f
03-11 08:31:22.571  1227  9212 D SamsungAlarmManager: setInexact (T:2/F:0/AC:false) 20220311T084500 now=10384335 - CU:10243/CP:12486/OP:PendingIntent{6b7c644: PendingIntentRecord{ebea3a6 com.google.android.gms/com.google.android.gms.gcm broadcastIntent}}
03-11 08:31:22.571  1227  9212 I SamsungAlarmManager: setLocked to kernel - T:2 / 20220311T083541, set=10643139, now=10384335
03-11 08:31:22.571  1227  9212 I SamsungAlarmManager: setLocked to kernel - T:3 / 20220311T083124, set=10386441, now=10384335
03-11 08:31:22.573  1227  1365 D SurfaceControl: hide : mNativeObject = -5476376619102970624 - sc.mNativeObject = -5476376619639724304 - Surface(name=Input Consumer recents_animation_input_consumer)/@0x75c2a7f
03-11 08:31:22.573  1227  1365 D SurfaceControl: nativeSetFlags Done : Surface(name=Input Consumer recents_animation_input_consumer)/@0x75c2a7f
03-11 08:31:22.575   891   919 I SurfaceFlinger: id=5370 Removed Surface(name=Dim Layer for - Task=180)/@0x840a57f - animation-leash#0 (67)
03-11 08:31:22.577   891   891 I Layer   : id=5368[1] Destroyed Surface(name=cf9e7f2 com.tiket.gits.debug/com.tiket.gits.v2splash.SplashV2Activity)/@0xe4ccd9 - animation-leash#0
03-11 08:31:22.577   891   891 I Layer   : id=5370[1] Destroyed Surface(name=Dim Layer for - Task=180)/@0x840a57f - animation-leash#0
03-11 08:31:22.578   891   891 I HWComposer: ActiveConfigToHWC, ID : 0
03-11 08:31:22.578   793   793 I display : Set Affinity config for fps(120) : 0, cpuIDs : 255
03-11 08:31:22.578   793   793 I display : Set Affinity CPU ID : 0
03-11 08:31:22.578   793   793 I display : Set Affinity CPU ID : 1
03-11 08:31:22.578   793   793 I display : Set Affinity CPU ID : 2
03-11 08:31:22.578   793   793 I display : Set Affinity CPU ID : 3
03-11 08:31:22.578   793   793 I display : Set Affinity CPU ID : 4
03-11 08:31:22.578   793   793 I display : Set Affinity CPU ID : 5
03-11 08:31:22.578   793   793 I display : Set Affinity CPU ID : 6
03-11 08:31:22.578   793   793 I display : Set Affinity CPU ID : 7
03-11 08:31:22.578   793   793 I display : Set affinity HWC : 793
03-11 08:31:22.578  1227  7118 I SamsungAlarmManager: setLocked to kernel - T:2 / 20220311T083541, set=10643139, now=10384343
03-11 08:31:22.578  1227  7118 I SamsungAlarmManager: setLocked to kernel - T:3 / 20220311T083124, set=10386441, now=10384343
03-11 08:31:22.578   793   793 I display : CPU set : Cluster(0), min_clock(0)
03-11 08:31:22.578   793   793 I display : CPU set : Cluster(1), min_clock(0)
03-11 08:31:22.578   793   793 I display : CPU set : Cluster(2), min_clock(0)
03-11 08:31:22.578   793   793 I display : setActiveConfig(config=0)
03-11 08:31:22.578   793   793 I display : next config(0): width=1080 height=2400 period=8333333 Xdpi=422030 Ydpi=423333 groupId=0
03-11 08:31:22.578   793   793 I display : Current VRR MODE is 3
03-11 08:31:22.579 10179 10179 I Launcher.NotificationListener: onNotificationPosted : com.tiket.gits.debug number : 0
03-11 08:31:22.579   891   891 I SurfaceFlinger: Touch=0, Idle=0, DisplayPower=0
03-11 08:31:22.579 10179 10220 I Launcher.NotificationListener: notificationIsValidForUI : com.tiket.gits.debug missingTitleAndText : false isGroupHeader : false
03-11 08:31:22.579  1227  7118 D SamsungAlarmManager: setInexact (T:2/F:0/AC:false) 20220311T083142 now=10384344 - CU:10243/CP:12486/OP:PendingIntent{740532d: PendingIntentRecord{ebea3a6 com.google.android.gms/com.google.android.gms.gcm broadcastIntent}}
03-11 08:31:22.579  1227  7118 I SamsungAlarmManager: setLocked to kernel - T:2 / 20220311T083142, set=10404310, now=10384344
03-11 08:31:22.579  1227  7118 I SamsungAlarmManager: setLocked to kernel - T:3 / 20220311T083124, set=10386441, now=10384344
03-11 08:31:22.582 12272 23397 I iket.gits.debu: Background young concurrent copying GC freed 188440(10MB) AllocSpace objects, 51(4280KB) LOS objects, 30% free, 26MB/38MB, paused 135us total 101.914ms
03-11 08:31:22.587  1227  7179 D MdnieScenarioControlService:  packageName : com.tiket.gits.debug    className : com.tiket.feature.homecontainer.HomeSplashActivity
03-11 08:31:22.587 13812 13812 D InterruptionStateProvider: No bubble up: not allowed to bubble: 0|com.tiket.gits.debug|1138|null|10330
03-11 08:31:22.587 13812 13812 D InterruptionStateProvider:  no Heads up : edgelighting enabled app. 0|com.tiket.gits.debug|1138|null|10330
03-11 08:31:22.588  1227  7179 V MdnieScenarioControlService: setUIMode from UI function(3)
03-11 08:31:22.591   560   845 E audit   : avc:  denied  { find } for pid=4772 uid=10276 name=tethering scontext=u:r:permissioncontroller_app:s0:c20,c257,c512,c768 tcontext=u:object_r:tethering_service:s0 tclass=service_manager permissive=0
03-11 08:31:22.591   560   845 I servicemanager: tethering : getService has failed, permission denied.
03-11 08:31:22.593   891   891 D Scheduler: onPrimaryDisplayConfigChanged to 0
03-11 08:31:22.596  6233  8915 I Finsky  : [626] agtg.a(16): Package com.google.android.gms is verified.
03-11 08:31:22.595  1227  1364 D LocalDisplayAdapter: updateActiveRealModeLocked, mActiveRealPhysIndex=0, mActiveRealModeId=1, forceUpdate=false, caller=com.android.server.display.LocalDisplayAdapter$LocalDisplayDevice.onActiveDisplayConfigChangedLocked:1117 com.android.server.display.LocalDisplayAdapter$PhysicalDisplayEventReceiver.onConfigChanged:1419 android.view.DisplayEventReceiver.dispatchConfigChanged:216
03-11 08:31:22.598  1227  1364 I DisplayManagerService: Display device changed: DisplayDeviceInfo{"Built-in Screen": uniqueId="local:21442653864348033", 1080 x 2400, modeId 3, defaultModeId 3, supportedModes [{id=1, width=1080, height=2400, fps=120.00001}, {id=2, width=1080, height=2400, fps=96.00001}, {id=3, width=1080, height=2400, fps=60.000004}, {id=4, width=1080, height=2400, fps=48.000004}], refreshRateMode REFRESH_RATE_MODE_SEAMLESS, realModeId 1, colorMode 0, supportedColorModes [0, 6, 7], HdrCapabilities HdrCapabilities{mSupportedHdrTypes=[2, 3], mMaxLuminance=450.0, mMaxAverageLuminance=120.0, mMinLuminance=5.0E-4}, allmSupported false, gameContentTypeSupported false, density 480, 422.03 x 423.333 dpi, appVsyncOff 0, presDeadline 17666666, cutout DisplayCutout{insets=Rect(0, 80 - 0, 0) waterfall=Insets{left=0, top=0, right=0, bottom=0} boundingRect={Bounds=[Rect(0, 0 - 0, 0), Rect(510, 0 - 570, 80), Rect(0, 0 - 0, 0), Rect(0, 0 - 0, 0)]}}, touch INTERNAL, rotation 0, type INTERNAL, address {port=129, model=0x4c2dfae6a049}, deviceProductInfo DeviceProductInfo{name=samsung lcd  , manufacturerPnpId=SAM, productId=0, modelYear=null, manufactureDate=ManufactureDate{week=16, year=2020}, relativeAddress=null}, state ON, FLAG_DEFAULT_DISPLAY, FLAG_ROTATES_WITH_CONTENT, FLAG_SECURE, FLAG_SUPPORTS_PROTECTED_BUFFERS}
03-11 08:31:22.599 12521 21369 W FA-SVC  : Service response is missing Install Referrer install timestamp
03-11 08:31:22.599   891   891 D SurfaceFlinger: GPIS:: requestGPIS
03-11 08:31:22.610 13812 13812 E ExpandableNotifRow: onNotificationUpdated() NSSL is null..
03-11 08:31:22.613 13812 13812 D FaceWidgetNotificationManager: updateFaceWidgetMusicNotificationKey() return : mFaceWidgetMusicNotificationKey is empty
03-11 08:31:22.616  1227  1364 D TspStateManager: updateCustomValue customSetting=
03-11 08:31:22.619  1227  1364 D TspStateManager: updateCustomValue customSetting=
03-11 08:31:22.626 13812 21925 E IndicatorGardenAlgorithmBasicCutout: NOT MATCH !!!! resourceHeight:79, cutoutHeight:80 ([IndicatorGardenInputProperty]  Rotation(0-0,90-1,180-2,270-3)0, Density:3.0, ScreenWidthSize:1080, CoverSidePadding:0, mIndicatorGardenCenterOffset:13, mCameraCutoutCropSize:0, mGardenPaddingStart:24, mIndicatorCornerPadding:82, mCameraSidePadding:30, mCameraTopMargin:20, DpCutout:DisplayCutout{insets=Rect(0, 80 - 0, 0) waterfall=Insets{left=0, top=0, right=0, bottom=0} boundingRect={Bounds=[Rect(0, 0 - 0, 0), Rect(510, 0 - 570, 80), Rect(0, 0 - 0, 0), Rect(0, 0 - 0, 0)]}})
03-11 08:31:22.626 13812 21925 E IndicatorGardenAlgorithmBasicCutout: NOT MATCH !!!! resourceHeight:79, cutoutHeight:80 ([IndicatorGardenInputProperty]  Rotation(0-0,90-1,180-2,270-3)0, Density:3.0, ScreenWidthSize:1080, CoverSidePadding:0, mIndicatorGardenCenterOffset:13, mCameraCutoutCropSize:0, mGardenPaddingStart:24, mIndicatorCornerPadding:82, mCameraSidePadding:30, mCameraTopMargin:20, DpCutout:DisplayCutout{insets=Rect(0, 80 - 0, 0) waterfall=Insets{left=0, top=0, right=0, bottom=0} boundingRect={Bounds=[Rect(0, 0 - 0, 0), Rect(510, 0 - 570, 80), Rect(0, 0 - 0, 0), Rect(0, 0 - 0, 0)]}})
03-11 08:31:22.631  1227  1365 D SurfaceControl: hide : mNativeObject = -5476376619102970624 - sc.mNativeObject = -5476376619639724304 - Surface(name=Input Consumer recents_animation_input_consumer)/@0x75c2a7f
03-11 08:31:22.631  1227  1365 D SurfaceControl: nativeSetFlags Done : Surface(name=Input Consumer recents_animation_input_consumer)/@0x75c2a7f
03-11 08:31:22.633 13812 13812 D DisplayLifecycle: updateDisplay id = 0
03-11 08:31:22.635  1227  1685 I CAE     : handleMessage(CaPowerManager.java:202) - AP_WAKEUP_Already_Delivered
03-11 08:31:22.635  1227  1685 I CAE     : handleMessage(CaPowerManager.java:212) - SCREEN_ON_Already_Delivered
03-11 08:31:22.638  1227  1227 D MotionRecognitionService: [DisplayListner] getRefreshRate 120.00001
03-11 08:31:22.638  1227  1227 D GameManagerService: onDisplayChanged. displyId: 0, state: 2
03-11 08:31:22.638  1227  1688 D LiftUpHandler: already ended..
03-11 08:31:22.638  1227  1227 D AODManagerService: requestReCalToTSP IsSingleTouchMode = false / previousDisplayState = ON
03-11 08:31:22.638  1227  1688 D MotionRecognitionService: [REFRESHRATE]  : 120
03-11 08:31:22.638  1227  1688 D SensorService: setSContextDataLocked ints length 3 , byte length 8
03-11 08:31:22.638  1227  1688 D SensorService: setSContextDataLocked 100048c1
03-11 08:31:22.639  1227  1702 D GameManagerService: onLooperPrepared(), msg: MSG_LCD_ON
03-11 08:31:22.639   799   799 D Sensors : c1 48 00 10 78 00 00 00
03-11 08:31:22.639   799   799 E Sensors : inject_scontext_data: New ssp_data_injection_fd(41)
03-11 08:31:22.645   799   799 D Sensors : SContext Data Injection return 8
03-11 08:31:22.651 10179 10179 I Launcher.NotificationListener: onNotificationPosted : com.tiket.gits.debug number : 0
03-11 08:31:22.653 10179 10220 I Launcher.NotificationListener: notificationIsValidForUI : com.tiket.gits.debug missingTitleAndText : false isGroupHeader : false
03-11 08:31:22.653  1227  1365 D SurfaceControl: hide : mNativeObject = -5476376619102970624 - sc.mNativeObject = -5476376619639724304 - Surface(name=Input Consumer recents_animation_input_consumer)/@0x75c2a7f
03-11 08:31:22.653  1227  1365 D SurfaceControl: nativeSetFlags Done : Surface(name=Input Consumer recents_animation_input_consumer)/@0x75c2a7f
03-11 08:31:22.665 13812 13812 D InterruptionStateProvider: No bubble up: not allowed to bubble: 0|com.tiket.gits.debug|1138|null|10330
03-11 08:31:22.666 13812 13812 D InterruptionStateProvider:  no Heads up : edgelighting enabled app. 0|com.tiket.gits.debug|1138|null|10330
03-11 08:31:22.669 12272 23743 D CertificatePolicyCache: Creating new instance of CertificatePolicyCache myUid: 10330 callingUid: 10330
03-11 08:31:22.669 12272 23743 D CertificatePolicyCache: readVariables type: null userId: 0
03-11 08:31:22.672  1063  1063 I keystore: !@ writeBlobs blob user_0/10330_USRCERT_com+^appsflyer+\KSAppsFlyerId=1646987481481+]1935209186969378871+\KSAppsFlyerRICounter=0
03-11 08:31:22.683  1227  9212 D SensorService: removeConnection, index : 1, size : 2
03-11 08:31:22.683  1227  9212 D SensorService: # removeConnection, index : 1, size : 1
03-11 08:31:22.683  1227  9212 D SensorService: Calling activate off 1
03-11 08:31:22.684   799   799 I Sensors : batch(0) - accelerometer_sensor try to batching with 20000000
03-11 08:31:22.685  1227  7118 I AppsFilter: interaction: PackageSetting{53020a com.tiket.gits.debug/10330} -> PackageSetting{4735133 com.facebook.katana/10294} BLOCKED
03-11 08:31:22.689  1227  7179 V MdnieScenarioControlService: mAclOffEnabled : false mAclPreviewState : false mAclCompensationState : false
03-11 08:31:22.690 12272 12272 D SensorManager: unregisterListener :: com.appsflyer.internal.t@15f2c3ad
03-11 08:31:22.692  1227  9216 D SensorService: removeConnection, index : 0, size : 1
03-11 08:31:22.692  1227  9216 D SensorService: # removeConnection, index : 0, size : 0
03-11 08:31:22.692  1227  9216 D SensorService: Calling activate off 5
03-11 08:31:22.692   799   799 I Sensors : GeoMagneticSensor old sensor_state 16403, new sensor_state : 140754668240899 en : 0
03-11 08:31:22.696   799   799 I Sensors : disable:: geomagnetic_sensor(1)
03-11 08:31:22.697 12272 12272 D SensorManager: unregisterListener :: com.appsflyer.internal.t@2707dcf6
03-11 08:31:22.697  1227  9212 D SensorService: removeConnection, index : 0, size : 1
03-11 08:31:22.697  1227  9212 D SensorService: # removeConnection, index : 0, size : 0
03-11 08:31:22.697  1227  9212 D SensorService: Calling activate off 2
03-11 08:31:22.698 12272 23743 I AppsFlyerOaid5.4.2: Failed resolution of: Lcom/bun/miitmdid/core/JLibrary;
03-11 08:31:22.698   799   799 I Sensors : GyroSensor old sensor_state 16387, new sensor_state : 140754668240897 en : 0
03-11 08:31:22.698 12272 23743 I AppsFlyerOaid5.4.2: Fetch 1 ms
03-11 08:31:22.699   799   799 I Sensors : disable:: gyro_sensor(2)
03-11 08:31:22.700 12272 12272 D SensorManager: unregisterListener :: com.appsflyer.internal.t@700e20fa
03-11 08:31:22.722  1227  9216 I EDMNativeHelperService: isScreenCaptureEnabled
03-11 08:31:22.722  1227  9216 D RestrictionPolicy: isScreenCaptureEnabled : ret=true userId=0
03-11 08:31:22.725 13812 13812 E ExpandableNotifRow: onNotificationUpdated() NSSL is null..
03-11 08:31:22.730 13812 13812 D FaceWidgetNotificationManager: updateFaceWidgetMusicNotificationKey() return : mFaceWidgetMusicNotificationKey is empty
03-11 08:31:22.740 12272 12272 V Braze v17.0.0 .bo.app.f1: Automatically obtained Firebase Cloud Messaging token: eO6nVzjbSzqDR21TTsVDlh:APA91bEG1foP38vPL3kwg8BctQwPl61u50iK_5xcYFEPx6awZsDd4iGsXuBl71_tsJW4K7ykYboSHIBlzhOcmWMW--2-ygyWJphMfkmTfFv5ODbs7HYEQSlhurb8HE_7gBebR9odmtux
03-11 08:31:22.751 12272 23906 I Braze v17.0.0 .com.braze.Braze: Push token eO6nVzjbSzqDR21TTsVDlh:APA91bEG1foP38vPL3kwg8BctQwPl61u50iK_5xcYFEPx6awZsDd4iGsXuBl71_tsJW4K7ykYboSHIBlzhOcmWMW--2-ygyWJphMfkmTfFv5ODbs7HYEQSlhurb8HE_7gBebR9odmtux registered and immediately being flushed.
03-11 08:31:22.757 12272 23684 D Braze v17.0.0 .bo.app.b1: bo.app.n0 fired: mCommandType=ADD_REQUEST
03-11 08:31:22.757 12272 23684 D Braze v17.0.0 .bo.app.b1: mBrazeEvent=null
03-11 08:31:22.757 12272 23684 D Braze v17.0.0 .bo.app.b1: mSessionId=null
03-11 08:31:22.757 12272 23684 D Braze v17.0.0 .bo.app.b1: mBrazeRequest=bo.app.h0@8b8a612
03-11 08:31:22.757 12272 23684 D Braze v17.0.0 .bo.app.b1: Triggering bo.app.n0 on 1 subscribers.
03-11 08:31:22.757 12272 23684 V Braze v17.0.0 .bo.app.p0: Added request to dispatcher with parameters:
03-11 08:31:22.757 12272 23684 V Braze v17.0.0 .bo.app.p0: {
03-11 08:31:22.757 12272 23684 V Braze v17.0.0 .bo.app.p0:   "respond_with": {
03-11 08:31:22.757 12272 23684 V Braze v17.0.0 .bo.app.p0:     "config": {
03-11 08:31:22.757 12272 23684 V Braze v17.0.0 .bo.app.p0:       "config_time": 0
03-11 08:31:22.757 12272 23684 V Braze v17.0.0 .bo.app.p0:     }
03-11 08:31:22.757 12272 23684 V Braze v17.0.0 .bo.app.p0:   }
03-11 08:31:22.757 12272 23684 V Braze v17.0.0 .bo.app.p0: }
03-11 08:31:22.773 12272 23709 D Braze v17.0.0 .bo.app.a: Received call to export dirty object, but the cache was already locked.
03-11 08:31:22.774 12272 23709 D Braze v17.0.0 .bo.app.a: Received call to export dirty object, but the cache was already locked.
03-11 08:31:22.775 12272 23724 D Braze v17.0.0 .bo.app.d3: Making request with id => "da5364ad0c2d3900"
03-11 08:31:22.775 12272 23724 D Braze v17.0.0 .bo.app.d3: to url: https://sdk.iad-03.braze.com/api/v3/data
03-11 08:31:22.775 12272 23724 D Braze v17.0.0 .bo.app.d3:
03-11 08:31:22.775 12272 23724 D Braze v17.0.0 .bo.app.d3: with headers:
03-11 08:31:22.775 12272 23724 D Braze v17.0.0 .bo.app.d3: "Accept-Encoding" => "gzip, deflate"
03-11 08:31:22.775 12272 23724 D Braze v17.0.0 .bo.app.d3: "Content-Type" => "application/json"
03-11 08:31:22.775 12272 23724 D Braze v17.0.0 .bo.app.d3: "X-Braze-Api-Key" => "eebc7cb5-14f6-4fec-ad26-524bcd63039
03-11 08:31:22.775 12272 23724 D Braze v17.0.0 .bo.app.d3:
03-11 08:31:22.775 12272 23724 D Braze v17.0.0 .bo.app.d3: and JSON:
03-11 08:31:22.775 12272 23724 D Braze v17.0.0 .bo.app.d3: {
03-11 08:31:22.775 12272 23724 D Braze v17.0.0 .bo.app.d3:   "device_id": "df88b662-7ed2-4ae9-8e27-a4cfc194339b",
03-11 08:31:22.775 12272 23724 D Braze v17.0.0 .bo.app.d3:   "time": 1646987482,
03-11 08:31:22.775 12272 23724 D Braze v17.0.0 .bo.app.d3:   "api_key": "eebc7cb5-14f6-4fec-ad26-524bcd630398",
03-11 08:31:22.775 12272 23724 D Braze v17.0.0 .bo.app.d3:   "sdk_version": "17.0.0",
03-11 08:31:22.775 12272 23724 D Braze v17.0.0 .bo.app.d3:   "app_version": "4.29.0-debug-RC",
03-11 08:31:22.775 12272 23724 D Braze v17.0.0 .bo.app.d3:   "app_version_code": "4290.0.0.0",
03-11 08:31:22.775 12272 23724 D Braze v17.0.0 .bo.app.d3:   "respond_with": {
03-11 08:31:22.775 12272 23724 D Braze v17.0.0 .bo.app.d3:     "config": {
03-11 08:31:22.775 12272 23724 D Braze v17.0.0 .bo.app.d3:       "config_time": 0
03-11 08:31:22.775 12272 23724 D Braze v17.0.0 .bo.app.d3:     }
03-11 08:31:22.775 12272 23724 D Braze v17.0.0 .bo.app.d3:   }
03-11 08:31:22.775 12272 23724 D Braze v17.0.0 .bo.app.d3: }
03-11 08:31:22.781 12272 23724 I System.out: (HTTPLog)-Static: isSBSettingEnabled false
03-11 08:31:22.781 12272 23724 I System.out: (HTTPLog)-Static: isSBSettingEnabled false
03-11 08:31:22.784   774   881 E Netd    : getNetworkForDns: getNetId from enterpriseCtrl is netid 0
03-11 08:31:22.790 12272 23743 W iket.gits.debu: Accessing hidden method Landroid/app/ActivityThread;->currentApplication()Landroid/app/Application; (greylist, reflection, allowed)
03-11 08:31:22.792   560   845 E audit   : avc:  denied  { find } for pid=4772 uid=10276 name=tethering scontext=u:r:permissioncontroller_app:s0:c20,c257,c512,c768 tcontext=u:object_r:tethering_service:s0 tclass=service_manager permissive=0
03-11 08:31:22.792   560   845 I servicemanager: tethering : getService has failed, permission denied.
03-11 08:31:22.829 12272 23724 V Braze v17.0.0 .bo.app.i5: Enabling SSL protocols: [TLSv1, TLSv1.1, TLSv1.2, TLSv1.3]
03-11 08:31:22.892 22668 23166 W SCS@AiSearch user 0: (TransliterationPropertyHelper) There is no matched LangType with en, Will use latin as default
03-11 08:31:22.893 22668 23166 I SCS@AiSearch user 0: (TransliterationAnalyzer) Property=TransliterationProperty{mInputLanguage='la', mOutputLanguage='la', mCategory='app', mNoNeedTransliteration='true'}
03-11 08:31:22.893 22668 23166 I SCS@AiSearch user 0: (TransliterationAnalyzer) Does not need transliteration. Will do nothing
03-11 08:31:22.896   809  1299 D BufferPoolAccessor2.0: bufferpool2 0xb40000766f922208 : 0(0 size) total buffers - 0(0 size) used buffers - 0/0 (recycle/alloc) - 0/0 (fetch/transfer)
03-11 08:31:22.896   809  1299 D BufferPoolAccessor2.0: evictor expired: 1, evicted: 1
03-11 08:31:22.913 12272 23710 D Braze v17.0.0 .bo.app.q5: Request(id = ead5c30280a1cd00) Executed in [1338ms] [POST:https://sdk.iad-03.braze.com/api/v3/data]
03-11 08:31:22.914 12272 23710 D Braze v17.0.0 .bo.app.d3: Result(id = ead5c30280a1cd00)
03-11 08:31:22.914 12272 23710 D Braze v17.0.0 .bo.app.d3: {
03-11 08:31:22.914 12272 23710 D Braze v17.0.0 .bo.app.d3:   "triggers": [],
03-11 08:31:22.914 12272 23710 D Braze v17.0.0 .bo.app.d3:   "config": {
03-11 08:31:22.914 12272 23710 D Braze v17.0.0 .bo.app.d3:     "time": 1603355070,
03-11 08:31:22.914 12272 23710 D Braze v17.0.0 .bo.app.d3:     "attributes_blacklist": [
03-11 08:31:22.914 12272 23710 D Braze v17.0.0 .bo.app.d3:       "first_name2"
03-11 08:31:22.914 12272 23710 D Braze v17.0.0 .bo.app.d3:     ],
03-11 08:31:22.914 12272 23710 D Braze v17.0.0 .bo.app.d3:     "events_blacklist": [],
03-11 08:31:22.914 12272 23710 D Braze v17.0.0 .bo.app.d3:     "purchases_blacklist": [],
03-11 08:31:22.914 12272 23710 D Braze v17.0.0 .bo.app.d3:     "messaging_session_timeout": 21600,
03-11 08:31:22.914 12272 23710 D Braze v17.0.0 .bo.app.d3:     "geofences": {
03-11 08:31:22.914 12272 23710 D Braze v17.0.0 .bo.app.d3:       "enabled": true,
03-11 08:31:22.914 12272 23710 D Braze v17.0.0 .bo.app.d3:       "min_time_since_last_request": 86400,
03-11 08:31:22.914 12272 23710 D Braze v17.0.0 .bo.app.d3:       "min_time_since_last_report": 0
03-11 08:31:22.914 12272 23710 D Braze v17.0.0 .bo.app.d3:     },
03-11 08:31:22.914 12272 23710 D Braze v17.0.0 .bo.app.d3:     "content_cards": {
03-11 08:31:22.914 12272 23710 D Braze v17.0.0 .bo.app.d3:       "enabled": true
03-11 08:31:22.914 12272 23710 D Braze v17.0.0 .bo.app.d3:     }
03-11 08:31:22.914 12272 23710 D Braze v17.0.0 .bo.app.d3:   }
03-11 08:31:22.914 12272 23710 D Braze v17.0.0 .bo.app.d3: }
03-11 08:31:22.917 12272 23710 V Braze v17.0.0 .d: Found 0 triggered actions in server response.
03-11 08:31:22.918 12272 23750 D ApiLog  : --> GET https://api.tiket.com/apiv1/payexpress?method=getToken&output=json&secretkey=c4c6cf96775fd9337a58ffa65a4fde02
03-11 08:31:22.918 12272 23750 D ApiLog  : deviceId: 3342ecbb29e42178
03-11 08:31:22.918 12272 23750 D ApiLog  : deviceModel: Samsung SM-G991B
03-11 08:31:22.918 12272 23750 D ApiLog  : osVersion: 11
03-11 08:31:22.918 12272 23750 D ApiLog  : appVersion: 4.29.0-debug-RC
03-11 08:31:22.918 12272 23750 D ApiLog  : tiketSessionId: 4ac5711c-5a98-4872-ba44-c690dafd2ae5
03-11 08:31:22.918 12272 23750 D ApiLog  : platform: ANDROID
03-11 08:31:22.918 12272 23750 D ApiLog  : accessToken:
03-11 08:31:22.918 12272 23750 D ApiLog  : Content-Type: application/json
03-11 08:31:22.918 12272 23750 D ApiLog  : lang: id
03-11 08:31:22.918 12272 23750 D ApiLog  : language: id
03-11 08:31:22.918 12272 23750 D ApiLog  : currency: IDR
03-11 08:31:22.918 12272 23750 D ApiLog  : User-Agent: tiketcom/android-version (twh:20296642) - v4.29.0-debug-RC
03-11 08:31:22.918 12272 23750 D ApiLog  : Accept-Language: id
03-11 08:31:22.918 12272 23750 D ApiLog  : X-Currency: IDR
03-11 08:31:22.918 12272 23750 D ApiLog  : Authorization: Bearer
03-11 08:31:22.918 12272 23750 D ApiLog  : --> END GET
03-11 08:31:22.921 12272 23743 W iket.gits.debu: Accessing hidden field Ldalvik/system/BaseDexClassLoader;->pathList:Ldalvik/system/DexPathList; (greylist, reflection, allowed)
03-11 08:31:22.921 12272 23743 W iket.gits.debu: Accessing hidden field Ldalvik/system/DexPathList;->nativeLibraryDirectories:Ljava/util/List; (greylist, reflection, allowed)
03-11 08:31:22.921 12272 23743 W iket.gits.debu: Accessing hidden field Ldalvik/system/DexPathList;->nativeLibraryPathElements:[Ldalvik/system/DexPathList$NativeLibraryElement; (greylist, reflection, allowed)
03-11 08:31:22.921 12272 23743 I iket.gits.debu: Waiting for a blocking GC ClassLinker
03-11 08:31:22.923 15565 21701 E class fr.pchab.AndroidRTC.NewTabPoller: error sending newtab event : timeout
03-11 08:31:22.925 22668 23166 I SCS@AiSearch user 0: (IndexManager) [UPDATE] Done pkgName: com.samsung.android.apps updateList.size():1
03-11 08:31:22.925 12272 23710 V Braze v17.0.0 .d: Got server config: {
03-11 08:31:22.925 12272 23710 V Braze v17.0.0 .d:   "time": 1603355070,
03-11 08:31:22.925 12272 23710 V Braze v17.0.0 .d:   "attributes_blacklist": [
03-11 08:31:22.925 12272 23710 V Braze v17.0.0 .d:     "first_name2"
03-11 08:31:22.925 12272 23710 V Braze v17.0.0 .d:   ],
03-11 08:31:22.925 12272 23710 V Braze v17.0.0 .d:   "events_blacklist": [],
03-11 08:31:22.925 12272 23710 V Braze v17.0.0 .d:   "purchases_blacklist": [],
03-11 08:31:22.925 12272 23710 V Braze v17.0.0 .d:   "messaging_session_timeout": 21600,
03-11 08:31:22.925 12272 23710 V Braze v17.0.0 .d:   "geofences": {
03-11 08:31:22.925 12272 23710 V Braze v17.0.0 .d:     "enabled": true,
03-11 08:31:22.925 12272 23710 V Braze v17.0.0 .d:     "min_time_since_last_request": 86400,
03-11 08:31:22.925 12272 23710 V Braze v17.0.0 .d:     "min_time_since_last_report": 0
03-11 08:31:22.925 12272 23710 V Braze v17.0.0 .d:   },
03-11 08:31:22.925 12272 23710 V Braze v17.0.0 .d:   "content_cards": {
03-11 08:31:22.925 12272 23710 V Braze v17.0.0 .d:     "enabled": true
03-11 08:31:22.925 12272 23710 V Braze v17.0.0 .d:   }
03-11 08:31:22.925 12272 23710 V Braze v17.0.0 .d: }
03-11 08:31:22.925 12272 23710 D Braze v17.0.0 .bo.app.b6: Templated message Json was null. Not de-serializing templated message.
03-11 08:31:22.926 22668 23166 I SCS@AiSearch user 0: (IndexManager) [AppsDataObserver] entering in closeIndexWriter():
03-11 08:31:22.926 12272 23710 D Braze v17.0.0 .h0: DataSyncRequest executed successfully.
03-11 08:31:22.926 12272 23710 V Braze v17.0.0 .bo.app.t: Processing server response payload for user with id:
03-11 08:31:22.926 12272 23710 D Braze v17.0.0 .bo.app.v4: Server config updated for Content Cards from disabled to enabled
03-11 08:31:22.926 12272 23710 D Braze v17.0.0 .bo.app.w4: Content cards enabled in server config. Requesting Content Cards refresh.
03-11 08:31:22.930 12272 23684 D Braze v17.0.0 .bo.app.b1: bo.app.n0 fired: mCommandType=ADD_REQUEST
03-11 08:31:22.930 12272 23684 D Braze v17.0.0 .bo.app.b1: mBrazeEvent=null
03-11 08:31:22.930 12272 23684 D Braze v17.0.0 .bo.app.b1: mSessionId=null
03-11 08:31:22.930 12272 23684 D Braze v17.0.0 .bo.app.b1: mBrazeRequest=bo.app.a0@a4fa0d4
03-11 08:31:22.930 12272 23684 D Braze v17.0.0 .bo.app.b1: Triggering bo.app.n0 on 1 subscribers.
03-11 08:31:22.930 12272 23684 V Braze v17.0.0 .bo.app.p0: Added request to dispatcher with parameters:
03-11 08:31:22.930 12272 23684 V Braze v17.0.0 .bo.app.p0: {
03-11 08:31:22.930 12272 23684 V Braze v17.0.0 .bo.app.p0:   "last_full_sync_at": 0,
03-11 08:31:22.930 12272 23684 V Braze v17.0.0 .bo.app.p0:   "last_card_updated_at": 0
03-11 08:31:22.930 12272 23684 V Braze v17.0.0 .bo.app.p0: }
03-11 08:31:22.936 12272 23710 D Braze v17.0.0 .bo.app.b1: bo.app.u4 fired: bo.app.u4@ee0427d
03-11 08:31:22.936 12272 23710 D Braze v17.0.0 .bo.app.b1: Triggering bo.app.u4 on 1 subscribers.
03-11 08:31:22.936 12272 23710 D Braze v17.0.0 .bo.app.m: Geofences enabled server config value true received.
03-11 08:31:22.936 12272 23710 D Braze v17.0.0 .com.braze.configuration.CachedConfigurationProvider: Unable to find the xml BOOLEAN configuration value with primary key 'com_braze_geofences_enabled'. Using default value 'false'.
03-11 08:31:22.936 12272 23710 D Braze v17.0.0 .com.braze.configuration.CachedConfigurationProvider: Using resources value for key: 'com_braze_geofences_enabled' and value: 'false'
03-11 08:31:22.936 12272 23710 D Braze v17.0.0 .bo.app.m: Braze Geofences disabled or Braze location collection disabled in local configuration. Geofences not enabled.
03-11 08:31:22.936 12272 23710 D Braze v17.0.0 .bo.app.m: Geofences enabled status false unchanged during server config update.
03-11 08:31:22.936 12272 23710 I Braze v17.0.0 .bo.app.m: Max number to register newly set to 20 via server config.
03-11 08:31:22.936 12272 23710 I Braze v17.0.0 .bo.app.n: Min time since last geofence request reset via server configuration: 86400s.
03-11 08:31:22.936 12272 23710 I Braze v17.0.0 .bo.app.n: Min time since last geofence report reset via server configuration: 0s.
03-11 08:31:22.937 12272 23710 D Braze v17.0.0 .bo.app.b1: bo.app.g6 fired: bo.app.g6@36c9572
03-11 08:31:22.937 12272 23710 D Braze v17.0.0 .bo.app.b1: Triggering bo.app.g6 on 1 subscribers.
03-11 08:31:22.937 12272 23710 D Braze v17.0.0 .bo.app.z5: Registering 0 new triggered actions.
03-11 08:31:22.937 12272 23710 D Braze v17.0.0 .bo.app.z5: No test triggered actions found.
03-11 08:31:22.937 12272 23710 D Braze v17.0.0 .bo.app.b1: bo.app.m4 fired: bo.app.m4@2f08dc3
03-11 08:31:22.937 12272 23710 D Braze v17.0.0 .bo.app.b1: Triggering bo.app.m4 on 1 subscribers.
03-11 08:31:22.938 12272 23710 D Braze v17.0.0 .bo.app.b1: bo.app.q0 fired: bo.app.q0@36ff640
03-11 08:31:22.938 12272 23710 D Braze v17.0.0 .bo.app.b1: Triggering bo.app.q0 on 1 subscribers.
03-11 08:31:22.938 12272 23710 V Braze v17.0.0 .bo.app.a: Notifying confirmAndUnlock listeners for cache: bo.app.j0@9338979
03-11 08:31:22.938 12272 23710 V Braze v17.0.0 .bo.app.a: Notifying confirmAndUnlock listeners for cache: bo.app.i6@b6a96be
03-11 08:31:22.938  1227  1364 D SemGameManager: isForegroundGame(), begin
03-11 08:31:22.938  1227  1364 D GameManagerService: identifyForegroundApp. com.tiket.gits.debug, mCurrentUserId: 0, callerUserId: 0
03-11 08:31:22.938  1227  1364 D PkgDataHelper: getGamePkgData(). com.tiket.gits.debug
03-11 08:31:22.938 12272 23710 V Braze v17.0.0 .bo.app.q: Updated shouldRequestTriggersInNextRequest to: false
03-11 08:31:22.938  1227  1364 D SemGameManager: isForegroundGame(), ret=false
03-11 08:31:22.938 12272 23710 D Braze v17.0.0 .h0: Trigger dispatch completed. Alerting subscribers.
03-11 08:31:22.938 12272 23710 D Braze v17.0.0 .bo.app.b1: bo.app.t5 fired: bo.app.t5@b44431f
03-11 08:31:22.938 12272 23710 D Braze v17.0.0 .bo.app.b1: Triggering bo.app.t5 on 1 subscribers.
03-11 08:31:22.938 12272 23710 D Braze v17.0.0 .bo.app.z5: In flight trigger requests is empty. Executing any pending trigger events.
03-11 08:31:22.938 12272 23710 D Braze v17.0.0 .bo.app.z5: New incoming <open>. Searching for matching triggers.
03-11 08:31:22.938 12272 23710 D Braze v17.0.0 .bo.app.z5: Failed to match triggered action for incoming <open>.
03-11 08:31:22.939 12272 23710 D Braze v17.0.0 .bo.app.d3: Making request with id => "6216b1185a96729b"
03-11 08:31:22.939 12272 23710 D Braze v17.0.0 .bo.app.d3: to url: https://sdk.iad-03.braze.com/api/v3/content_cards/sync
03-11 08:31:22.939 12272 23710 D Braze v17.0.0 .bo.app.d3:
03-11 08:31:22.939 12272 23710 D Braze v17.0.0 .bo.app.d3: with headers:
03-11 08:31:22.939 12272 23710 D Braze v17.0.0 .bo.app.d3: "X-Braze-ContentCardsRequest" => "true"
03-11 08:31:22.939 12272 23710 D Braze v17.0.0 .bo.app.d3: "X-Braze-DataRequest" => "true"
03-11 08:31:22.939 12272 23710 D Braze v17.0.0 .bo.app.d3: "Accept-Encoding" => "gzip, deflate"
03-11 08:31:22.939 12272 23710 D Braze v17.0.0 .bo.app.d3: "Content-Type" => "application/json"
03-11 08:31:22.939 12272 23710 D Braze v17.0.0 .bo.app.d3: "X-Braze-Api-Key" => "eebc7cb5-14f6-4fec-ad26-524bcd63039
03-11 08:31:22.939 12272 23710 D Braze v17.0.0 .bo.app.d3:
03-11 08:31:22.939 12272 23710 D Braze v17.0.0 .bo.app.d3: and JSON:
03-11 08:31:22.939 12272 23710 D Braze v17.0.0 .bo.app.d3: {
03-11 08:31:22.939 12272 23710 D Braze v17.0.0 .bo.app.d3:   "device_id": "df88b662-7ed2-4ae9-8e27-a4cfc194339b",
03-11 08:31:22.939 12272 23710 D Braze v17.0.0 .bo.app.d3:   "time": 1646987482,
03-11 08:31:22.939 12272 23710 D Braze v17.0.0 .bo.app.d3:   "api_key": "eebc7cb5-14f6-4fec-ad26-524bcd630398",
03-11 08:31:22.939 12272 23710 D Braze v17.0.0 .bo.app.d3:   "sdk_version": "17.0.0",
03-11 08:31:22.939 12272 23710 D Braze v17.0.0 .bo.app.d3:   "last_full_sync_at": 0,
03-11 08:31:22.939 12272 23710 D Braze v17.0.0 .bo.app.d3:   "last_card_updated_at": 0
03-11 08:31:22.939 12272 23710 D Braze v17.0.0 .bo.app.d3: }
03-11 08:31:22.943 12272 23710 I System.out: (HTTPLog)-Static: isSBSettingEnabled false
03-11 08:31:22.943 12272 23710 I System.out: (HTTPLog)-Static: isSBSettingEnabled false
03-11 08:31:22.943  1227 23918 D TspStateManager: update cmd=set_grip_data,1,45,7,15,720,24,1881
03-11 08:31:22.950   774   881 E Netd    : getNetworkForDns: getNetId from enterpriseCtrl is netid 0
03-11 08:31:22.969  1227  9216 D ApplicationPolicy: isStatusBarNotificationAllowedAsUser: packageName = com.tiket.gits.debug,userId = 0
03-11 08:31:22.969  1227  9216 D PersonaManagerAdapter: ContainerOnlyMode - EOS
03-11 08:31:22.969  1227  9216 D ApplicationPolicy: isStatusBarNotificationAllowedAsUser: packageName = com.tiket.gits.debug,userId = 0
03-11 08:31:22.969  1227  9216 D PersonaManagerAdapter: ContainerOnlyMode - EOS
03-11 08:31:22.973 15565 21701 I class fr.pchab.AndroidRTC.NewTabPoller: URL: https://183.177.55.166/json?debug_port=
03-11 08:31:22.974 15565 21701 I System.out: (HTTPLog)-Static: isSBSettingEnabled false
03-11 08:31:22.974 15565 21701 I System.out: (HTTPLog)-Static: isSBSettingEnabled false
03-11 08:31:22.975   774   881 E Netd    : getNetworkForDns: getNetId from enterpriseCtrl is netid 0
03-11 08:31:22.981 12272 23710 V Braze v17.0.0 .bo.app.i5: Enabling SSL protocols: [TLSv1, TLSv1.1, TLSv1.2, TLSv1.3]
03-11 08:31:22.994   560   845 E audit   : avc:  denied  { find } for pid=4772 uid=10276 name=tethering scontext=u:r:permissioncontroller_app:s0:c20,c257,c512,c768 tcontext=u:object_r:tethering_service:s0 tclass=service_manager permissive=0
03-11 08:31:22.994   560   845 I servicemanager: tethering : getService has failed, permission denied.
03-11 08:31:22.999 12272 23924 I GoogleTagManager: Obtained fresh AdvertisingId info from GmsCore.
03-11 08:31:23.040   891  8039 D NativeSemDvfsManager: acquire:: timeout = 1000 mIsAcquired = 1  mTagName : SurfaceFlinger
03-11 08:31:23.040   806   822 I HYPER-HAL: [RequestManager.cpp]acquire(): Acquired ID : 1789886  [891 / 1000]    HINT : NOT_EXIST    list : [GPUMinFreq / 403000] [TIMEOUT / 1000]
03-11 08:31:23.041   891  8039 E NativeCustomFrequencyManager: [NativeCFMS] BpCustomFrequencyManager::acquire()
03-11 08:31:23.090 22668 23166 I SCS@AiSearch user 0: (IndexSearcherManager) [AppsDataObserver] entering in refreshSearcherManager():  refreshSearcherManager for pkg com.samsung.android.apps
03-11 08:31:23.106   891   891 D SurfaceFlinger: GPIS:: requestGPIS
03-11 08:31:23.109 22668 23166 I SCS@AiSearch user 0: (IndexSearcherManager) [AppsDataObserver] leaving from refreshSearcherManager():
03-11 08:31:23.109 22668 23166 I SCS@AiSearch user 0: (IndexManager) [AppsDataObserver] leaving from closeIndexWriter():
03-11 08:31:23.109 22668 23166 I SCS@AiSearch user 0: (IndexManager) [AppsDataObserver] leaving from updateIndex():
03-11 08:31:23.110 22668 23166 I SCS@AiSearch user 0: (AppsDataObserver) updateChangedPackages: changed package count: 1
03-11 08:31:23.111 22668 23166 I SCS@AiSearch user 0: (IndexSearcherManager) SearcherMap already set for pkg com.samsung.android.apps
03-11 08:31:23.124 22485 22513 I oid.documentsu: Waiting for a blocking GC ProfileSaver
03-11 08:31:23.130 22668 23166 E SCS@AiSearch user 0: (IndexManager) deleteIndex: ids is null or empty. Index: com.samsung.android.apps
03-11 08:31:23.132 22485 22513 I oid.documentsu: WaitForGcToComplete blocked ProfileSaver on RunEmptyCheckpoint for 7.975ms
03-11 08:31:23.163 12272 23397 I iket.gits.debu: Background concurrent copying GC freed 399293(12MB) AllocSpace objects, 52(11MB) LOS objects, 25% free, 70MB/94MB, paused 435us total 458.475ms
03-11 08:31:23.163 12272 23743 I iket.gits.debu: WaitForGcToComplete blocked ClassLinker on ClassLinker for 241.705ms
03-11 08:31:23.174  1227  1227 W NotificationHistory: Attempted to add notif for locked/gone/disabled user 0
03-11 08:31:23.176 10179 10179 I Launcher.NotificationListener: onNotificationPosted : com.tiket.gits.debug number : 0
03-11 08:31:23.176 10179 10220 I Launcher.NotificationListener: notificationIsValidForUI : com.tiket.gits.debug missingTitleAndText : false isGroupHeader : false
03-11 08:31:23.177 13812 13812 D InterruptionStateProvider: No bubble up: not allowed to bubble: 0|com.tiket.gits.debug|1138|null|10330
03-11 08:31:23.178 13812 13812 D InterruptionStateProvider:  no Heads up : edgelighting enabled app. 0|com.tiket.gits.debug|1138|null|10330
03-11 08:31:23.184 12272 23743 E libc    : Access denied finding property "vzw.os.rooted"
03-11 08:31:23.184   749   749 E audit   : type=1400 audit(1646987483.179:25607): avc:  denied  { read } for  pid=12272 comm="Thread-17" name="u:object_r:vzw_os_prop:s0" dev="tmpfs" ino=12329 scontext=u:r:untrusted_app:s0:c74,c257,c512,c768 tcontext=u:object_r:vzw_os_prop:s0 tclass=file permissive=0 SEPF_SM-G991B_11_0007 audit_filtered
03-11 08:31:23.185  1227  9224 I AppsFilter: interaction: PackageSetting{53020a com.tiket.gits.debug/10330} -> PackageSetting{ec063c1 com.android.cts.priv.ctsshim/10270} BLOCKED
03-11 08:31:23.185  1227  9224 I AppsFilter: interaction: PackageSetting{53020a com.tiket.gits.debug/10330} -> PackageSetting{e957766 com.sec.vsim.ericssonnsds.webapp/10105} BLOCKED
03-11 08:31:23.185  1227  9224 I AppsFilter: interaction: PackageSetting{53020a com.tiket.gits.debug/10330} -> PackageSetting{b8c755a com.google.android.youtube/10252} BLOCKED
03-11 08:31:23.185  1227  9224 I AppsFilter: interaction: PackageSetting{53020a com.tiket.gits.debug/10330} -> PackageSetting{236d697 com.samsung.android.themestore/10146} BLOCKED
03-11 08:31:23.185  1227  9224 I AppsFilter: interaction: PackageSetting{53020a com.tiket.gits.debug/10330} -> PackageSetting{ee91aa7 com.android.internal.display.cutout.emulation.corner/10048} BLOCKED
03-11 08:31:23.185  1227  9224 I AppsFilter: interaction: PackageSetting{53020a com.tiket.gits.debug/10330} -> PackageSetting{3896b54 com.android.internal.display.cutout.emulation.double/10030} BLOCKED
03-11 08:31:23.185  1227  9224 I AppsFilter: interaction: PackageSetting{53020a com.tiket.gits.debug/10330} -> PackageSetting{72e7afd com.sec.location.nfwlocationprivacy/10171} BLOCKED
03-11 08:31:23.185  1227  9224 I AppsFilter: interaction: PackageSetting{53020a com.tiket.gits.debug/10330} -> PackageSetting{985fb44 com.microsoft.appmanager/10154} BLOCKED
03-11 08:31:23.185  1227  9224 I AppsFilter: interaction: PackageSetting{53020a com.tiket.gits.debug/10330} -> PackageSetting{371a41a io.appium.settings/10324} BLOCKED
03-11 08:31:23.185  1227  9224 I AppsFilter: interaction: PackageSetting{53020a com.tiket.gits.debug/10330} -> PackageSetting{4f1a3f2 com.samsung.internal.systemui.navbar.gestural_no_hint_wide_back/10029} BLOCKED
03-11 08:31:23.185  1227  9224 I AppsFilter: interaction: PackageSetting{53020a com.tiket.gits.debug/10330} -> PackageSetting{a02ba43 com.android.theme.icon.pebble/10019} BLOCKED
03-11 08:31:23.185  1227  9224 I AppsFilter: interaction: PackageSetting{53020a com.tiket.gits.debug/10330} -> PackageSetting{9ae8e3d com.google.android.googlequicksearchbox/10244} BLOCKED
03-11 08:31:23.186  1227  9224 I AppsFilter: interaction: PackageSetting{53020a com.tiket.gits.debug/10330} -> PackageSetting{8cc1e20 com.touchtype.swiftkey/10262} BLOCKED
03-11 08:31:23.186  1227  9224 I AppsFilter: interaction: PackageSetting{53020a com.tiket.gits.debug/10330} -> PackageSetting{abbe8c0 com.google.android.onetimeinitializer/10264} BLOCKED
