03-10 07:02:22.709  1243  9314 I AppsFilter: interaction: PackageSetting{19710f3 com.tiket.gits.debug/10333} -> PackageSetting{aba8573 android.auto_generated_rro_vendor__/10059} BLOCKED
03-10 07:02:22.709  1243  9314 I AppsFilter: interaction: PackageSetting{19710f3 com.tiket.gits.debug/10333} -> PackageSetting{60c30 com.android.theme.icon_pack.circular.android/10005} BLOCKED
03-10 07:02:22.709  1243  9314 I AppsFilter: interaction: PackageSetting{19710f3 com.tiket.gits.debug/10333} -> PackageSetting{76a00a9 com.google.android.apps.restore/10244} BLOCKED
03-10 07:02:22.709 10013 10013 D FaceWidgetNotificationManager: updateFaceWidgetMusicNotificationKey() return : mFaceWidgetMusicNotificationKey is empty
03-10 07:02:22.710   789   925 E Netd    : getNetworkForDns: getNetId from enterpriseCtrl is netid 0
03-10 07:02:22.768   824  1373 D BufferPoolAccessor2.0: bufferpool2 0xb400006e908f87e8 : 0(0 size) total buffers - 0(0 size) used buffers - 0/0 (recycle/alloc) - 0/0 (fetch/transfer)
03-10 07:02:22.768   824  1373 D BufferPoolAccessor2.0: evictor expired: 1, evicted: 1
03-10 07:02:22.776  8925 14802 I GAv4-SVC: Google Analytics 220.6.15 is starting up.
03-10 07:02:22.781  8925  8925 D Apptimize: Apptimize: onExperimentsProcessedListeners
03-10 07:02:22.791  1243  9442 I ActivityManager: Killing 6794:com.sec.android.app.camera/u0a116 (adj 999): ML_Kill: over 1 slots kill a
03-10 07:02:22.791  1243  9442 I ActivityManager: Killing 10130:com.samsung.android.app.aodservice:provider/u0a63 (adj 999): empty #37
03-10 07:02:22.796  8925 14670 W System  : Ignoring header If-None-Match because its value was null.
03-10 07:02:22.798  8925 14670 I System.out: (HTTPLog)-Static: isSBSettingEnabled false
03-10 07:02:22.798  8925 14670 I System.out: (HTTPLog)-Static: isSBSettingEnabled false
03-10 07:02:22.800   789   925 E Netd    : getNetworkForDns: getNetId from enterpriseCtrl is netid 0
03-10 07:02:22.805  1243  7226 D SamsungAlarmManager: Cancel Alarm calling from uid:10333 pid :8925 / OP:PendingIntent{895fc87: PendingIntentRecord{237d7b4 com.tiket.gits.debug broadcastIntent}}
03-10 07:02:22.806   568   574 E audit   : avc:  denied  { find } for pid=5402 uid=10276 name=tethering scontext=u:r:permissioncontroller_app:s0:c20,c257,c512,c768 tcontext=u:object_r:tethering_service:s0 tclass=service_manager permissive=0
03-10 07:02:22.806   568   574 I servicemanager: tethering : getService has failed, permission denied.
03-10 07:02:22.809   907   969 E heimdall: update_proc_tgid:326, failed to read cmdline from 15276, No such file or directory
03-10 07:02:22.814  8925 14802 I GAv4-SVC: GoogleAnalytics.setLogger() is deprecated. To enable debug logging, please run:
03-10 07:02:22.814  8925 14802 I GAv4-SVC: adb shell setprop log.tag.GAv4-SVC DEBUG
03-10 07:02:22.834  8925 14986 D tracker : {dev_key=23Yxb4TKEcPG2DZbpmfJWh, af_id=1646895740460-893842950431316766, eventCategory=globalSearch, screenName=home, runningText=Mau cari apa di tiket.com?, event=impression, trackingId=UA-122503490-1}
03-10 07:02:22.835  1243  9473 D ApplicationPolicy: isStatusBarNotificationAllowedAsUser: packageName = com.tiket.gits.debug,userId = 0
03-10 07:02:22.835  1243  9473 D PersonaManagerAdapter: ContainerOnlyMode - EOS
03-10 07:02:22.835  1243  9473 D ApplicationPolicy: isStatusBarNotificationAllowedAsUser: packageName = com.tiket.gits.debug,userId = 0
03-10 07:02:22.835  1243  9473 D PersonaManagerAdapter: ContainerOnlyMode - EOS
03-10 07:02:22.840  8925 14986 D tracker : {dev_key=23Yxb4TKEcPG2DZbpmfJWh, af_id=1646895740460-893842950431316766, eventCategory=viewPromotionBanner, screenName=home, event=impression, eventLabel=home;bannerUrl;null, trackingId=UA-122503490-1}
03-10 07:02:22.842 13780 14097 I appium  : AppiumResponse: {"sessionId":"5ff5c424-305e-4260-9021-9a461317ed53","value":{"ELEMENT":"7abc71e3-b388-4e77-8031-dcdf57f1e111","element-6066-11e4-a52e-4f735466cecf":"7abc71e3-b388-4e77-8031-dcdf57f1e111"}}
03-10 07:02:22.847   790   790 I Zygote  : Process 10130 exited due to signal 9 (Killed)
03-10 07:02:22.867   790   790 I Zygote  : Process 6794 exited due to signal 9 (Killed)
03-10 07:02:22.871  1243  1431 I libprocessgroup: Successfully killed process cgroup uid 10116 pid 6794 in 77ms
03-10 07:02:22.871  1243  1431 I libprocessgroup: Successfully killed process cgroup uid 10063 pid 10130 in 0ms
03-10 07:02:22.873  8925 15287 D ApiLog  : --> POST https://api.tiket.com/ms-gateway/tix-notification-setting/v1/user-devices
03-10 07:02:22.873  8925 15287 D ApiLog  : Content-Length: 82
03-10 07:02:22.873  8925 15287 D ApiLog  : X-Account-Id: 0
03-10 07:02:22.873  8925 15287 D ApiLog  : deviceId: cde381aa1349203d
03-10 07:02:22.873  8925 15287 D ApiLog  : deviceModel: Samsung SM-G991B
03-10 07:02:22.873  8925 15287 D ApiLog  : osVersion: 11
03-10 07:02:22.873  8925 15287 D ApiLog  : appVersion: 4.29.0-debug-RC
03-10 07:02:22.873  8925 15287 D ApiLog  : tiketSessionId: c4a46159-82e7-4ae6-ae33-15d9d07cffc6
03-10 07:02:22.873  8925 15287 D ApiLog  : platform: ANDROID
03-10 07:02:22.873  8925 15287 D ApiLog  : accessToken: 03bade1de7c81ecb4654a2dbe52dca66196900d6
03-10 07:02:22.873  8925 15287 D ApiLog  : Content-Type: application/json
03-10 07:02:22.873  8925 15287 D ApiLog  : lang: id
03-10 07:02:22.873  8925 15287 D ApiLog  : language: id
03-10 07:02:22.873  8925 15287 D ApiLog  : currency: IDR
03-10 07:02:22.873  8925 15287 D ApiLog  : User-Agent: tiketcom/android-version (twh:20296642) - v4.29.0-debug-RC
03-10 07:02:22.873  8925 15287 D ApiLog  : Accept-Language: id
03-10 07:02:22.873  8925 15287 D ApiLog  : X-Currency: IDR
03-10 07:02:22.873  8925 15287 D ApiLog  : Authorization: Bearer 03bade1de7c81ecb4654a2dbe52dca66196900d6
03-10 07:02:22.873  8925 15287 D ApiLog  :
03-10 07:02:22.873  8925 15287 D ApiLog  : {"deviceId":"b9db6243-60c9-4291-81f0-fed0a7fbd624","pushNotificationEnabled":true}
03-10 07:02:22.873  8925 15287 D ApiLog  : --> END POST (82-byte body)
03-10 07:02:22.876  8925 15287 I Chucker : Decoding with: com.chuckerteam.chucker.internal.support.PlainTextDecoder@864deca
03-10 07:02:22.896  8925 15289 D ApiLog  : --> POST https://api.tiket.com/ms-gateway/tix-push-notif/userPushNotif/saveToken
03-10 07:02:22.896  8925 15289 D ApiLog  : Content-Length: 262
03-10 07:02:22.896  8925 15289 D ApiLog  : deviceId: cde381aa1349203d
03-10 07:02:22.896  8925 15289 D ApiLog  : deviceModel: Samsung SM-G991B
03-10 07:02:22.896  8925 15289 D ApiLog  : osVersion: 11
03-10 07:02:22.896  8925 15289 D ApiLog  : appVersion: 4.29.0-debug-RC
03-10 07:02:22.896  8925 15289 D ApiLog  : tiketSessionId: c4a46159-82e7-4ae6-ae33-15d9d07cffc6
03-10 07:02:22.896  8925 15289 D ApiLog  : platform: ANDROID
03-10 07:02:22.896  8925 15289 D ApiLog  : accessToken: 03bade1de7c81ecb4654a2dbe52dca66196900d6
03-10 07:02:22.896  8925 15289 D ApiLog  : Content-Type: application/json
03-10 07:02:22.896  8925 15289 D ApiLog  : lang: id
03-10 07:02:22.896  8925 15289 D ApiLog  : language: id
03-10 07:02:22.896  8925 15289 D ApiLog  : currency: IDR
03-10 07:02:22.896  8925 15289 D ApiLog  : User-Agent: tiketcom/android-version (twh:20296642) - v4.29.0-debug-RC
03-10 07:02:22.897  8925 15289 D ApiLog  : Accept-Language: id
03-10 07:02:22.897  8925 15289 D ApiLog  : X-Currency: IDR
03-10 07:02:22.897  8925 15289 D ApiLog  : Authorization: Bearer 03bade1de7c81ecb4654a2dbe52dca66196900d6
03-10 07:02:22.897  8925 15289 D ApiLog  :
03-10 07:02:22.897  8925 15289 D ApiLog  : {"deviceId":"b9db6243-60c9-4291-81f0-fed0a7fbd624","firebaseToken":"ekm4L6-OTNiIie9PIfFrGM:APA91bEAGzmQfd2Bh5x-aYWcr2-66qK7wTwUysJaVAYe0qgSseBy2mx3Dh78wi1PWSzB8ZQTREIpWCXlj00EPm4c6dC9DRQgox2Y7cCheSIut2VmomBNl4MloF0CpJqXJ4KKA_i5M2vz","isNotificationEnabled":true}
03-10 07:02:22.897  8925 15289 D ApiLog  : --> END POST (262-byte body)
03-10 07:02:22.905  8925 15289 I Chucker : Decoding with: com.chuckerteam.chucker.internal.support.PlainTextDecoder@864deca
03-10 07:02:22.913  1243  9314 D SamsungAlarmManager: Cancel Alarm calling from uid:10245 pid :4331 / OP:PendingIntent{c624a99: PendingIntentRecord{6471634 com.google.android.gms/com.google.android.gms.measurement broadcastIntent}}
03-10 07:02:22.932  1243  1371 D SamsungAlarmManager: Cancel Alarm calling from uid:10245 pid :2293 / OP:PendingIntent{400420c: PendingIntentRecord{fe21fb3 com.google.android.gms/com.google.android.gms.gcm broadcastIntent}}
03-10 07:02:22.933  1243  1371 I SamsungAlarmManager: setLocked to kernel - T:2 / 20220310T070406, set=27357850, now=27254655
03-10 07:02:22.934  1243  1371 I SamsungAlarmManager: setLocked to kernel - T:3 / 20220310T070229, set=27261682, now=27254656
03-10 07:02:22.941  1243  1371 D SamsungAlarmManager: setInexact (T:3/F:0/AC:false) 20220310T070926 now=27254664 - CU:10245/CP:2293/OP:PendingIntent{983f755: PendingIntentRecord{fe21fb3 com.google.android.gms/com.google.android.gms.gcm broadcastIntent}}
03-10 07:02:22.941  1243  1371 I SamsungAlarmManager: setLocked to kernel - T:2 / 20220310T070406, set=27357850, now=27254664
03-10 07:02:22.941  1243  1371 I SamsungAlarmManager: setLocked to kernel - T:3 / 20220310T070229, set=27261682, now=27254664
03-10 07:02:22.942  2293  7175 W NetworkScheduler: Error inserting flex_time=8000 job_id=-1 period=18000 source=16 requires_charging=0 preferred_network_type=1 target_class=com.google.android.gms.measurement.PackageMeasurementTaskService user_id=0 target_package=com.google.android.gms tag=Measurement.PackageMeasurementTaskService.UPLOAD_TASK_TAG task_type=0 required_idleness_state=0 service_kind=0 source_version=220615000 persistence_level=1 preferred_charging_state=1 required_network_type=0 runtime=1646895742923 retry_strategy={"maximum_backoff_seconds":{"3600":0},"initial_backoff_seconds":{"30":0},"retry_policy":{"0":0}} last_runtime=0, error message: UNIQUE constraint failed: pending_ops.tag, pending_ops.target_class, pending_ops.target_package, pending_ops.user_id (code 2067 SQLITE_CONSTRAINT_UNIQUE[2067]) [CONTEXT service_id=218 ]
03-10 07:02:22.943   903   903 D SurfaceFlinger: GPIS:: requestGPIS
03-10 07:02:22.944  1243  9314 I SamsungAlarmManager: setLocked to kernel - T:2 / 20220310T070406, set=27357850, now=27254666
03-10 07:02:22.944  1243  9314 I SamsungAlarmManager: setLocked to kernel - T:3 / 20220310T070229, set=27261682, now=27254666
03-10 07:02:22.944  1243  9314 D SamsungAlarmManager: setInexact (T:3/F:0/AC:false) 20220310T070240 now=27254667 - CU:10245/CP:2293/OP:PendingIntent{34a656a: PendingIntentRecord{fe21fb3 com.google.android.gms/com.google.android.gms.gcm broadcastIntent}}
03-10 07:02:22.944  1243  9314 I SamsungAlarmManager: setLocked to kernel - T:2 / 20220310T070406, set=27357850, now=27254667
03-10 07:02:22.944  1243  9314 I SamsungAlarmManager: setLocked to kernel - T:3 / 20220310T070229, set=27261682, now=27254667
03-10 07:02:22.964  8925 14802 E GoogleTagManagerAPI: com.tiket.gits.analytic.BrazeSetUserID can't be found in the application.
03-10 07:02:22.967  8925 14802 E GoogleTagManagerAPI: com.tiket.android.analytic.provider.AmplitudeUserAttribute can't be found in the application.
03-10 07:02:22.974  8925 14802 E GoogleTagManagerAPI: com.tiket.gits.analytic.AmplitudeUserAttribute can't be found in the application.
03-10 07:02:22.978  8925 14802 E GoogleTagManagerAPI: com.tiket.gits.analytic.AmplitudeUserId can't be found in the application.
03-10 07:02:22.984  8925 14802 E GoogleTagManagerAPI: com.tiket.android.analytic.provider.AmplitudeUserId can't be found in the application.
03-10 07:02:23.006   568   574 E audit   : avc:  denied  { find } for pid=5402 uid=10276 name=tethering scontext=u:r:permissioncontroller_app:s0:c20,c257,c512,c768 tcontext=u:object_r:tethering_service:s0 tclass=service_manager permissive=0
03-10 07:02:23.006   568   574 I servicemanager: tethering : getService has failed, permission denied.
03-10 07:02:23.020 13780 14097 I appium  : channel read invoked!
03-10 07:02:23.020 13780 14097 I appium  : channel read: GET /wd/hub/session/5ff5c424-305e-4260-9021-9a461317ed53/element/7abc71e3-b388-4e77-8031-dcdf57f1e111/attribute/displayed
03-10 07:02:23.020 13780 14097 I appium  : get attribute of element command
03-10 07:02:23.029  8925 14899 D ApiLog  : <-- 200 https://api.tiket.com/ms-gateway/tix-home/v2/home-pages?availablePlatforms=ANDROID&platform=MOBILE&vertical=HOME (416ms)
03-10 07:02:23.029  8925 14899 D ApiLog  : date: Thu, 10 Mar 2022 07:02:22 GMT
03-10 07:02:23.029  8925 14899 D ApiLog  : content-type: application/json;charset=UTF-8
03-10 07:02:23.030  8925 14899 D ApiLog  : tiket-app-request-id: 9a614f5a-a8c0-4802-a09c-853454420479
03-10 07:02:23.030  8925 14899 D ApiLog  : cache-control: max-age=0
03-10 07:02:23.030  8925 14899 D ApiLog  : x-ratelimit-remaining-quota-tix-api-gateway_home-pages_tix-home_v2_home-pages_03bade1de7c81ecb4654a2dbe52dca66196900d6: 50000
03-10 07:02:23.030  8925 14899 D ApiLog  : etag: "fbd8584a383f2cd6da42d32db247cdd5"
03-10 07:02:23.030  8925 14899 D ApiLog  : vary: accept-encoding
03-10 07:02:23.030  8925 14899 D ApiLog  : x-ratelimit-limit-tix-api-gateway_home-pages_tix-home_v2_home-pages_03bade1de7c81ecb4654a2dbe52dca66196900d6: 50000
03-10 07:02:23.030  8925 14899 D ApiLog  : x-ratelimit-reset-tix-api-gateway_home-pages_tix-home_v2_home-pages_03bade1de7c81ecb4654a2dbe52dca66196900d6: -2000
03-10 07:02:23.030  8925 14899 D ApiLog  : tiket-svc-request-id: 6a885be4-52a7-4e16-809d-40cb04f78a98
03-10 07:02:23.030  8925 14899 D ApiLog  : x-application-context: tix-api-gateway:8888
03-10 07:02:23.030  8925 14899 D ApiLog  : x-ratelimit-remaining-tix-api-gateway_home-pages_tix-home_v2_home-pages_03bade1de7c81ecb4654a2dbe52dca66196900d6: 49999
03-10 07:02:23.030  8925 14899 D ApiLog  : x-ratelimit-quota-tix-api-gateway_home-pages_tix-home_v2_home-pages_03bade1de7c81ecb4654a2dbe52dca66196900d6: 50000
03-10 07:02:23.030  8925 14899 D ApiLog  : x-forwarded-proto: https
03-10 07:02:23.030  8925 14899 D ApiLog  : strict-transport-security: max-age=2592000
03-10 07:02:23.030  8925 14899 D ApiLog  : via: 1.1 google
03-10 07:02:23.030  8925 14899 D ApiLog  : cf-cache-status: DYNAMIC
03-10 07:02:23.030  8925 14899 D ApiLog  : expect-ct: max-age=604800, report-uri="https://report-uri.cloudflare.com/cdn-cgi/beacon/expect-ct"
03-10 07:02:23.030  8925 14899 D ApiLog  : set-cookie: __cf_bm=s9OHuikhM65NSIhMPqkAZEG8VidmLbVWDSclYV9OCRE-1646895742-0-AWozIdmXDTJ7Rf7Qvz92BU6k9sx+KREBAAS5OExXcn7gvu+TyfKLNs6kHYQ68k/G8VbvMnwsW1AxG8eym+oxWA/YzQ4nj6DeXFPRX0QeR8X2; path=/; expires=Thu, 10-Mar-22 07:32:22 GMT; domain=.tiket.com; HttpOnly; Secure; SameSite=None
03-10 07:02:23.030  8925 14899 D ApiLog  : report-to: {"endpoints":[{"url":"https:\/\/a.nel.cloudflare.com\/report\/v3?s=wVj1gqFI7gmjPoBhK5RspxBy8RAn7rSVYSc1ehTRHd0AbJy08y9bHTSm3lZEmna3tZf%2F2D39BQQwX6cqWnPA%2BqX%2F%2BrACvDp5jzRi9qJNDMNNYl11%2FxpHElwyjpy%2FFoU%3D"}],"group":"cf-nel","max_age":604800}
03-10 07:02:23.030  8925 14899 D ApiLog  : nel: {"success_fraction":0.01,"report_to":"cf-nel","max_age":604800}
03-10 07:02:23.030  8925 14899 D ApiLog  : server: cloudflare
03-10 07:02:23.030  8925 14899 D ApiLog  : cf-ray: 6e9a2f341b075599-SYD
03-10 07:02:23.038  1243  1243 W NotificationHistory: Attempted to add notif for locked/gone/disabled user 0
03-10 07:02:23.042  8925 15244 I Apptimize: Apptimize: Downloaded new secondary metadata.
03-10 07:02:23.042  8925 15244 D Apptimize: Apptimize: New secondary meta-data url:https://mapi.apptimize.com/api/pilot-groups?appKey=BNDrKahqS7vcA94Wgf6e2gfgPr4kqCg&pilotTargetingId=6ebe26c3c7fd592285246375d7ab75bc&metadataSequenceNumber=2008 result:[]
03-10 07:02:23.045  5433  5433 I Launcher.NotificationListener: onNotificationPosted : com.tiket.gits.debug number : 0
03-10 07:02:23.046  5433  5496 I Launcher.NotificationListener: notificationIsValidForUI : com.tiket.gits.debug missingTitleAndText : false isGroupHeader : false
03-10 07:02:23.047  8925 15201 V Apptimize: Apptimize: Set Filter with operator "intersection" is comparing [] and [29008, 29007]
03-10 07:02:23.047  8925 15201 V Apptimize: Apptimize: Applying winner or instant update: [AT] Airport Transfer 4.0 in Search Form Page, Product Detail Page and Booking Form Page
03-10 07:02:23.047  8925 15201 V Apptimize: Apptimize: Set Filter with operator "intersection" is comparing [] and [31840, 31839, 31987]
03-10 07:02:23.047  8925 15201 V Apptimize: Apptimize: Applying winner or instant update: discoverhomepage
03-10 07:02:23.047  8925 15201 V Apptimize: Apptimize: Applying winner or instant update: [DISC] Vertical 2 Liners
03-10 07:02:23.047  8925 15201 V Apptimize: Apptimize: Applying winner or instant update: [DISC] NHA vertical icon
03-10 07:02:23.047  8925 15201 V Apptimize: Apptimize: Filter requests an unsupplied prefixed attribute: ^e119574_2. Not Matching.
03-10 07:02:23.047  8925 15201 V Apptimize: Apptimize: Filter requests an unsupplied prefixed attribute: ^e120320_1. Not Matching.
03-10 07:02:23.047  8925 15201 V Apptimize: Apptimize: Filter requests an unsupplied prefixed attribute: ^e121064_2. Not Matching.
03-10 07:02:23.048  8925 15201 V Apptimize: Apptimize: Filter requests an unsupplied prefixed attribute: ^e121384_3. Not Matching.
03-10 07:02:23.048  8925 15201 V Apptimize: Apptimize: Filter requests an unsupplied prefixed attribute: ^e121539_1. Not Matching.
03-10 07:02:23.048  8925 15201 V Apptimize: Apptimize: Set Filter with operator "intersection" is comparing [] and [29010, 29108, 33206, 33207]
03-10 07:02:23.048  8925 15201 V Apptimize: Apptimize: Filter requests an unsupplied prefixed attribute: ^e122323_1. Not Matching.
03-10 07:02:23.048  8925 15201 V Apptimize: Apptimize: Filter requests an unsupplied prefixed attribute: ^e122646_2. Not Matching.
03-10 07:02:23.048  8925 15201 V Apptimize: Apptimize: Filter requests an unsupplied prefixed attribute: ^e122327_2. Not Matching.
03-10 07:02:23.048  8925 15201 V Apptimize: Apptimize: Set Filter with operator "intersection" is comparing [] and [33758, 33756, 33757]
03-10 07:02:23.048  8925 15201 V Apptimize: Apptimize: Filter requests an unsupplied prefixed attribute: ^e122688_2. Not Matching.
03-10 07:02:23.049  8925 15201 V Apptimize: Apptimize: Filter requests an unsupplied prefixed attribute: ^e122743_1. Not Matching.
03-10 07:02:23.049  8925 15201 V Apptimize: Apptimize: Set Filter with operator "intersection" is comparing [] and [33743]
03-10 07:02:23.049  8925 15201 V Apptimize: Apptimize: Filter requests an unsupplied prefixed attribute: ^e122777_1. Not Matching.
03-10 07:02:23.049  8925 15201 V Apptimize: Apptimize: Set Filter with operator "intersection" is comparing [] and [33761, 33760, 33759]
03-10 07:02:23.049  8925 15201 V Apptimize: Apptimize: Filter requests an unsupplied prefixed attribute: ^e123292_4. Not Matching.
03-10 07:02:23.049  8925 15201 V Apptimize: Apptimize: Filter requests an unsupplied prefixed attribute: ^e123310_3. Not Matching.
03-10 07:02:23.050  8925 15201 V Apptimize: Apptimize: Set Filter with operator "intersection" is comparing [] and [34055]
03-10 07:02:23.050  8925 15201 V Apptimize: Apptimize: Filter requests an unsupplied prefixed attribute: ^e123311_2. Not Matching.
03-10 07:02:23.050  8925 15201 V Apptimize: Apptimize: Set Filter with operator "intersection" is comparing [] and [34072, 34071]
03-10 07:02:23.050  8925 15201 V Apptimize: Apptimize: Filter requests an unsupplied prefixed attribute: ^e123342_1. Not Matching.
03-10 07:02:23.050  8925 15201 V Apptimize: Apptimize: Set Filter with operator "intersection" is comparing [] and [34069]
03-10 07:02:23.050  8925 15201 V Apptimize: Apptimize: Filter requests an unsupplied prefixed attribute: ^e123343_1. Not Matching.
03-10 07:02:23.050  8925 15201 V Apptimize: Apptimize: Filter requests an unsupplied prefixed attribute: ^e123380_1. Not Matching.
03-10 07:02:23.050 10013 10013 D InterruptionStateProvider: No bubble up: not allowed to bubble: 0|com.tiket.gits.debug|1138|null|10333
03-10 07:02:23.050  8925 15201 V Apptimize: Apptimize: Set Filter with operator "intersection" is comparing [] and [34075]
03-10 07:02:23.051  8925 15201 V Apptimize: Apptimize: Filter requests an unsupplied prefixed attribute: ^v2800771_2. Not Matching.
03-10 07:02:23.051  8925 15201 V Apptimize: Apptimize: Filter requests an unsupplied prefixed attribute: ^v2800781_2. Not Matching.
03-10 07:02:23.051  8925 15201 V Apptimize: Apptimize: Filter requests an unsupplied prefixed attribute: ^v2821601_1. Not Matching.
03-10 07:02:23.051  8925 15201 V Apptimize: Apptimize: Filter requests an unsupplied prefixed attribute: ^v2821611_1. Not Matching.
03-10 07:02:23.051  8925 15201 V Apptimize: Apptimize: Filter requests an unsupplied prefixed attribute: ^v2821621_1. Not Matching.
03-10 07:02:23.051  8925 15201 V Apptimize: Apptimize: Filter requests an unsupplied prefixed attribute: ^v2843331_2. Not Matching.
03-10 07:02:23.051  8925 15201 V Apptimize: Apptimize: Filter requests an unsupplied prefixed attribute: ^v2843341_2. Not Matching.
03-10 07:02:23.051  8925 15201 V Apptimize: Apptimize: Filter requests an unsupplied prefixed attribute: ^v2843351_2. Not Matching.
03-10 07:02:23.051  8925 15201 V Apptimize: Apptimize: Filter requests an unsupplied prefixed attribute: ^v2843361_2. Not Matching.
03-10 07:02:23.051  8925 15201 V Apptimize: Apptimize: Filter requests an unsupplied prefixed attribute: ^v2851631_3. Not Matching.
03-10 07:02:23.051  8925 15201 V Apptimize: Apptimize: Filter requests an unsupplied prefixed attribute: ^v2851641_3. Not Matching.
03-10 07:02:23.051  8925 15201 V Apptimize: Apptimize: Filter requests an unsupplied prefixed attribute: ^v2851651_3. Not Matching.
03-10 07:02:23.051  8925 15201 V Apptimize: Apptimize: Filter requests an unsupplied prefixed attribute: ^v2851661_3. Not Matching.
03-10 07:02:23.051  8925 15201 V Apptimize: Apptimize: Filter requests an unsupplied prefixed attribute: ^v2851671_3. Not Matching.
03-10 07:02:23.051  8925 15201 V Apptimize: Apptimize: Filter requests an unsupplied prefixed attribute: ^v2851681_3. Not Matching.
03-10 07:02:23.051  8925 15201 V Apptimize: Apptimize: Filter requests an unsupplied prefixed attribute: ^v2855711_1. Not Matching.
03-10 07:02:23.051  8925 15201 V Apptimize: Apptimize: Filter requests an unsupplied prefixed attribute: ^v2855721_1. Not Matching.
03-10 07:02:23.051  8925 15201 V Apptimize: Apptimize: Filter requests an unsupplied prefixed attribute: ^v2876741_1. Not Matching.
03-10 07:02:23.051  8925 15201 V Apptimize: Apptimize: Filter requests an unsupplied prefixed attribute: ^v2876751_1. Not Matching.
03-10 07:02:23.051  8925 15201 V Apptimize: Apptimize: Filter requests an unsupplied prefixed attribute: ^v2886561_2. Not Matching.
03-10 07:02:23.051  8925 15201 V Apptimize: Apptimize: Filter requests an unsupplied prefixed attribute: ^v2886581_2. Not Matching.
03-10 07:02:23.051  8925 15201 V Apptimize: Apptimize: Filter requests an unsupplied prefixed attribute: ^v2886591_2. Not Matching.
03-10 07:02:23.051  8925 15201 V Apptimize: Apptimize: Filter requests an unsupplied prefixed attribute: ^v2888061_2. Not Matching.
03-10 07:02:23.051  8925 15201 V Apptimize: Apptimize: Filter requests an unsupplied prefixed attribute: ^v2888081_2. Not Matching.
03-10 07:02:23.051  8925 15201 V Apptimize: Apptimize: Filter requests an unsupplied prefixed attribute: ^v2888411_2. Not Matching.
03-10 07:02:23.051  8925 15201 V Apptimize: Apptimize: Filter requests an unsupplied prefixed attribute: ^v2888421_2. Not Matching.
03-10 07:02:23.051  8925 15201 V Apptimize: Apptimize: Filter requests an unsupplied prefixed attribute: ^v2888431_2. Not Matching.
03-10 07:02:23.051  8925 15201 V Apptimize: Apptimize: Filter requests an unsupplied prefixed attribute: ^v2889811_1. Not Matching.
03-10 07:02:23.051  8925 15201 V Apptimize: Apptimize: Filter requests an unsupplied prefixed attribute: ^v2889821_1. Not Matching.
03-10 07:02:23.051  8925 15201 V Apptimize: Apptimize: Filter requests an unsupplied prefixed attribute: ^v2889831_1. Not Matching.
03-10 07:02:23.051  8925 15201 V Apptimize: Apptimize: Filter requests an unsupplied prefixed attribute: ^v2889841_1. Not Matching.
03-10 07:02:23.051  8925 15201 V Apptimize: Apptimize: Filter requests an unsupplied prefixed attribute: ^v2889851_1. Not Matching.
03-10 07:02:23.052  8925 15201 V Apptimize: Apptimize: Filter requests an unsupplied prefixed attribute: ^v2890781_1. Not Matching.
03-10 07:02:23.052  8925 15201 V Apptimize: Apptimize: Filter requests an unsupplied prefixed attribute: ^v2890791_1. Not Matching.
03-10 07:02:23.052  8925 15201 V Apptimize: Apptimize: Filter requests an unsupplied prefixed attribute: ^v2890801_1. Not Matching.
03-10 07:02:23.052  8925 15201 V Apptimize: Apptimize: Filter requests an unsupplied prefixed attribute: ^v2903761_4. Not Matching.
03-10 07:02:23.052  8925 15201 V Apptimize: Apptimize: Filter requests an unsupplied prefixed attribute: ^v2903771_4. Not Matching.
03-10 07:02:23.052  8925 15201 V Apptimize: Apptimize: Filter requests an unsupplied prefixed attribute: ^v2904151_3. Not Matching.
03-10 07:02:23.052  8925 15201 V Apptimize: Apptimize: Filter requests an unsupplied prefixed attribute: ^v2904161_3. Not Matching.
03-10 07:02:23.052  8925 15201 V Apptimize: Apptimize: Filter requests an unsupplied prefixed attribute: ^v2904201_2. Not Matching.
03-10 07:02:23.052  8925 15201 V Apptimize: Apptimize: Filter requests an unsupplied prefixed attribute: ^v2904211_2. Not Matching.
03-10 07:02:23.052  8925 15201 V Apptimize: Apptimize: Filter requests an unsupplied prefixed attribute: ^v2904881_1. Not Matching.
03-10 07:02:23.052  8925 15201 V Apptimize: Apptimize: Filter requests an unsupplied prefixed attribute: ^v2904891_1. Not Matching.
03-10 07:02:23.052  8925 15201 V Apptimize: Apptimize: Filter requests an unsupplied prefixed attribute: ^v2904901_1. Not Matching.
03-10 07:02:23.052  8925 15201 V Apptimize: Apptimize: Filter requests an unsupplied prefixed attribute: ^v2904921_1. Not Matching.
03-10 07:02:23.052  8925 15201 V Apptimize: Apptimize: Filter requests an unsupplied prefixed attribute: ^v2905821_1. Not Matching.
03-10 07:02:23.052  8925 15201 V Apptimize: Apptimize: Filter requests an unsupplied prefixed attribute: ^v2905831_1. Not Matching.
03-10 07:02:23.052  8925 15201 V Apptimize: Apptimize: Filter requests an unsupplied prefixed attribute: ^v2905841_1. Not Matching.
03-10 07:02:23.052 10013 10013 D InterruptionStateProvider:  no Heads up : edgelighting enabled app. 0|com.tiket.gits.debug|1138|null|10333
03-10 07:02:23.052  8925 15201 V Apptimize: Apptimize: Set Filter with operator "intersection" is comparing [] and [28443]
03-10 07:02:23.052  8925 15201 V Apptimize: Apptimize: Set Filter with operator "intersection" is comparing [] and [28659]
03-10 07:02:23.053  8925 15201 V Apptimize: Apptimize: Set Filter with operator "intersection" is comparing [] and [28529]
03-10 07:02:23.053  8925 15201 V Apptimize: Apptimize: Set Filter with operator "intersection" is comparing [] and [29254]
03-10 07:02:23.053  8925 15201 V Apptimize: Apptimize: Set Filter with operator "intersection" is comparing [] and [29144, 29108]
03-10 07:02:23.057  8925 15201 V Apptimize: Apptimize: Set Filter with operator "intersection" is comparing [] and [29143, 29108]
03-10 07:02:23.058  8925 15201 V Apptimize: Apptimize: Set Filter with operator "intersection" is comparing [] and [29107]
03-10 07:02:23.058  8925 15201 V Apptimize: Apptimize: Set Filter with operator "intersection" is comparing [] and [29007]
03-10 07:02:23.058  8925 15201 V Apptimize: Apptimize: Set Filter with operator "intersection" is comparing [] and [29008, 29007]
03-10 07:02:23.058  8925 15201 V Apptimize: Apptimize: Set Filter with operator "intersection" is comparing [] and [29008]
03-10 07:02:23.059  8925 15201 V Apptimize: Apptimize: Set Filter with operator "intersection" is comparing [] and [30304]
03-10 07:02:23.062  8925 14895 I System.out: (HTTPLog)-Static: isSBSettingEnabled false
03-10 07:02:23.062  8925 14895 I System.out: (HTTPLog)-Static: isSBSettingEnabled false
03-10 07:02:23.063  8925 15201 V Apptimize: Apptimize: Set Filter with operator "intersection" is comparing [] and [30302]
03-10 07:02:23.063   789   925 E Netd    : getNetworkForDns: getNetId from enterpriseCtrl is netid 0
03-10 07:02:23.064  8925 14899 D ApiLog  :
03-10 07:02:23.064  8925 15201 V Apptimize: Apptimize: Set Filter with operator "intersection" is comparing [] and [30684]
03-10 07:02:23.064  8925 15201 V Apptimize: Apptimize: Set Filter with operator "intersection" is comparing [] and [30685]
03-10 07:02:23.064  8925 15201 V Apptimize: Apptimize: Set Filter with operator "intersection" is comparing [] and [29223, 30472]
03-10 07:02:23.065  8925 15201 V Apptimize: Apptimize: Set Filter with operator "intersection" is comparing [] and [30386]
03-10 07:02:23.065  8925 15201 V Apptimize: Apptimize: Set Filter with operator "intersection" is comparing [] and [30945]
03-10 07:02:23.065  8925 14899 D ApiLog  : {"code":"SUCCESS","message":"SUCCESS","errors":null,"data":{"tiketPoint":{"icon":"https://s-light.tiket.photos/t/01E25EBZS3W0FY9GTG6C42E1SE/original/assets/2022/02/08/5a1cfb05-7779-4462-bab9-21310100679d-1644311612592-e1102c0cc22caa08e10766d4ed87764f.png","titles":["tiket Points"],"content":{"text":"Daftar dan lengkapi profilmu untuk dapetin 10.000 poin!","textColor":"#007BFF"},"url":"https://www.tiket.com/login"},"paylater":null,"impressionSentences":["Staycation di Bandung","Event di Jakarta","Penerbangan ke Surabaya","Tur ke Lombok","Tiket kereta ke Yogyakarta","Airport Transfer di Soekarno-Hatta","Aktivitas di Bali","Sewa Mobil di Semarang","Cicilan Paylater"],"heroBanner":{"url":"https://s-light.tiket.photos/t/01E25EBZS3W0FY9GTG6C42E1SE/home-mobile/hero-banner/2022/02/23/461fb0f2-3329-4cc1-acb5-a2608a162fd0-1645592059132-7c8e94137dfb41bb2900e2afdb2cb1c3.png","linkUrl":""},"verticalIcons":{"sequenceId":"5f759fb2676cc157a9282797","verticals":[{"id":"5f759fb2676cc157a9282791","code":"flight","name":"Pesawat","label":null,"typeAction":"DEEPLINK","iconUrl":"https://s-light.tiket.photos/t/01E25EBZS3W0FY9GTG6C42E1SE/original/vertical/2021/12/15/a82beb78-5849-4c32-b6f1-ca3de437ff72-1639587035209-10e4f27a65c4c0e546b0de03d68c3d07.png","clickUrl":"/pesawat","isPromptUpdate":false,"trackerCode":"flight"},{"id":"5f759fb2676cc157a9282792","code":"hotel","name":"Hotel","label":null,"typeAction":"DEEPLINK","iconUrl":"https://s-light.tiket.photos/t/01E25EBZS3W0FY9GTG6C42E1SE/original/vertical/2021/12/15/8c3d5471-e5f0-4d85-bb1d-86e92ff8e63b-1639587051373-70b8b0f18e8cdf359a6f811e06babef4.png","clickUrl":"/hotel","isPromptUpdate":false,"trackerCode":"hotel"},{"id":"5f759fb2676cc157a9282794","code":"train","name":"Kereta Api","label":null,"typeAction":"DEEPLINK","iconUrl":"https://s-light.tiket.photos/t/01E25EBZS3W0FY9GTG6C42E1SE/original/vertical/2021/12/15/43b69f25-545b-40e6-959b-e7ad739af539-1639587078281-c7a6a0acd9868d1a03fa28ee87b2dd92.png","clickUrl":"/kereta-api","isPromptUpdate":false,"trackerCode":"train"},{"id":"5ffebb7db970ad060052da6f","code":"homes","name":"Vila & Apt.","label":null,"typeAction":"DEEPLINK","iconUrl":"https://s-light.tiket.photos/t/01E25EBZS3W0FY9GTG6C42E1SE/original/vertical/2021/12/15/7b6e49fe-5e29-46c1-80ab-49d93cd5e565-1639587099348-c06a91c2032dd96ac0fe224ea299f98d.png","clickUrl":"/hotel?accommodationType=NHA","isPromptUpdate":false,"trackerCode":"nha"},{"id":"5f759fb2676cc157a9282793","code":"to-do","name":"To Do","label":null,"typeAction":"DEEPLINK","iconUrl":"https://s-light.tiket.photos/t/01E25EBZS3W0FY9GTG6C42E1SE/original/vertical/2021/12/15/6fa4be88-911e-4322-b237-b71718d7a4c0-1639587065117-395e882901943898c2b9177f72c6f5a2.png","clickUrl":"/to-do","isPromptUpdate":false,"trackerCode":"toDo"},{"id":"6107cc6b3de0dc051bea0cb8","code":"covid","name":"Tes COVID-19","label":null,"typeAction":"DEEPLINK","iconUrl":"https://s-light.tiket.photos/t/01E25EBZS3W0FY9GTG6C42E1SE/original/vertical/2021/12/15/fa42295b-3f77-454a-bba0-f81dd8f8f58a-1639587167858-333de94cee5edae339f2abae3d4bba7c.png","clickUrl":"https://m.tiket.com/to-do/category/covid19-test","isPromptUpdate":false,"trackerCode":"covid"},{"id":"6195d813407a39061ac5ef2a","code":"peduli-lindungi","name":"Peduli Lindungi","label":null,"typeAction":"DEEPLINK","iconUrl":"https://s-light.tiket.photos/t/01E25EBZS3W0FY9GTG6C42E1SE/original/vertical/2021/11/18/c1cfdfa8-1f37-4d33-8599-c0acb2dcd9db-1637210124989-6e6281ec3223f45d997ea255e55d1b95.png","clickUrl":"https://m.tiket.com/pedulilindungi","isPromptUpdate":false,"trackerCode":"peduliLindungi"},{"id":"5facbbb1fb8bc5056b77a597","code":"paylater","name":"PayLater","label":null,"typeAction":"DEEPLINK","iconUrl":"https://s-light.tiket.photos/t/01E25EBZS3W0FY9GTG6C42E1SE/original/vertical/2021/08/31/592858b4-cdfd-4cc6-9e6e-7489637d3b4f-1630424010116-c80c80e300d3264e30375e8c82ae9cda.png","clickUrl":"https://www.tiket.com/payment/paylater/info","isPromptUpdate":false,"trackerCode":"payLater"},{"id":"5f759fb2676cc157a9282796","code":"event","name":"Event","label":null,"typeAc
03-10 07:02:23.065  8925 15201 V Apptimize: Apptimize: Set Filter with operator "intersection" is comparing [] and [30592]
03-10 07:02:23.065  8925 14899 D ApiLog  : <-- END HTTP (97486-byte body)
03-10 07:02:23.066  8925 15201 V Apptimize: Apptimize: Set Filter with operator "intersection" is comparing [] and [30594]
03-10 07:02:23.066  8925 15201 V Apptimize: Apptimize: Set Filter with operator "intersection" is comparing [] and [30721]
03-10 07:02:23.066  8925 15201 V Apptimize: Apptimize: Set Filter with operator "intersection" is comparing [] and [30724]
03-10 07:02:23.067  8925 15201 V Apptimize: Apptimize: Set Filter with operator "intersection" is comparing [] and [30723]
03-10 07:02:23.067  8925 15201 V Apptimize: Apptimize: Set Filter with operator "intersection" is comparing [] and [31006]
03-10 07:02:23.068  8925 15201 V Apptimize: Apptimize: Set Filter with operator "intersection" is comparing [] and [31007]
03-10 07:02:23.068  8925 15201 V Apptimize: Apptimize: Set Filter with operator "intersection" is comparing [] and [31008]
03-10 07:02:23.068  8925 15201 V Apptimize: Apptimize: Set Filter with operator "intersection" is comparing [] and [31009]
03-10 07:02:23.069  8925 15201 V Apptimize: Apptimize: Set Filter with operator "intersection" is comparing [] and [31010]
03-10 07:02:23.069  8925 15201 V Apptimize: Apptimize: Set Filter with operator "intersection" is comparing [] and [30998]
03-10 07:02:23.069  8925 15201 V Apptimize: Apptimize: Set Filter with operator "intersection" is comparing [] and [31034]
03-10 07:02:23.070  8925 15201 V Apptimize: Apptimize: Set Filter with operator "intersection" is comparing [] and [31025]
03-10 07:02:23.073  8925 15201 V Apptimize: Apptimize: Set Filter with operator "intersection" is comparing [] and [31154]
03-10 07:02:23.074  8925 15201 V Apptimize: Apptimize: Set Filter with operator "intersection" is comparing [] and [30269, 31812]
03-10 07:02:23.074  8925 15201 V Apptimize: Apptimize: Set Filter with operator "intersection" is comparing [] and [31839]
03-10 07:02:23.074  8925 15201 V Apptimize: Apptimize: Set Filter with operator "intersection" is comparing [] and [31840, 31839, 31987]
03-10 07:02:23.075  8925 15201 V Apptimize: Apptimize: Set Filter with operator "intersection" is comparing [] and [31840, 31987]
03-10 07:02:23.075  8925 15201 V Apptimize: Apptimize: Set Filter with operator "intersection" is comparing [] and [31763]
03-10 07:02:23.075  8925 15201 V Apptimize: Apptimize: Set Filter with operator "intersection" is comparing [] and [31986]
03-10 07:02:23.076  8925 15201 V Apptimize: Apptimize: Set Filter with operator "intersection" is comparing [] and [31987]
03-10 07:02:23.076  8925 15201 V Apptimize: Apptimize: Set Filter with operator "intersection" is comparing [] and [33771]
03-10 07:02:23.076  8925 15201 V Apptimize: Apptimize: Set Filter with operator "intersection" is comparing [] and [33207]
03-10 07:02:23.076  8925 15201 V Apptimize: Apptimize: Set Filter with operator "intersection" is comparing [] and [29010, 29108, 33206]
03-10 07:02:23.077  8925 15201 V Apptimize: Apptimize: Set Filter with operator "intersection" is comparing [] and [29010, 34068]
03-10 07:02:23.077  8925 15201 V Apptimize: Apptimize: Set Filter with operator "intersection" is comparing [] and [33756]
03-10 07:02:23.077  8925 15201 V Apptimize: Apptimize: Set Filter with operator "intersection" is comparing [] and [33757]
03-10 07:02:23.078  8925 15201 V Apptimize: Apptimize: Set Filter with operator "intersection" is comparing [] and [33758]
03-10 07:02:23.078  8925 15201 V Apptimize: Apptimize: Set Filter with operator "intersection" is comparing [] and [33743]
03-10 07:02:23.078  8925 15201 V Apptimize: Apptimize: Set Filter with operator "intersection" is comparing [] and [33759]
03-10 07:02:23.078  8925 15201 V Apptimize: Apptimize: Set Filter with operator "intersection" is comparing [] and [33760]
03-10 07:02:23.079  8925 15201 V Apptimize: Apptimize: Set Filter with operator "intersection" is comparing [] and [33761]
03-10 07:02:23.080  8925 15201 V Apptimize: Apptimize: Set Filter with operator "intersection" is comparing [] and [34055]
03-10 07:02:23.080  8925 15201 V Apptimize: Apptimize: Set Filter with operator "intersection" is comparing [] and [34072]
03-10 07:02:23.080  8925 15201 V Apptimize: Apptimize: Set Filter with operator "intersection" is comparing [] and [34071]
03-10 07:02:23.081  8925 15201 V Apptimize: Apptimize: Set Filter with operator "intersection" is comparing [] and [34069]
03-10 07:02:23.081  8925 15201 V Apptimize: Apptimize: Set Filter with operator "intersection" is comparing [] and [34075]
03-10 07:02:23.081  8925 15201 V Apptimize: Apptimize: Set Filter with operator "intersection" is comparing [] and [33771]
03-10 07:02:23.083  8925 15201 D Apptimize: Apptimize: Seed group: userId; exclusive; generated seed: 16409216
03-10 07:02:23.083  8925 15201 V Apptimize: Apptimize: Filter requests an unsupplied prefixed attribute: ^e119574_2. Not Matching.
03-10 07:02:23.083  8925 15201 D Apptimize: Apptimize: Seed group: userId; experiment; 119574; 2; generated seed: 898470234
03-10 07:02:23.083  8925 15201 V Apptimize: Apptimize: Allocated to variant Variant B of experiment [FGDC] Adding Promo Information on SRP
03-10 07:02:23.084 10013 10013 E ExpandableNotifRow: onNotificationUpdated() NSSL is null..
03-10 07:02:23.086  8925 15201 V Apptimize: Apptimize: Filter requests an unsupplied prefixed attribute: ^e120320_1. Not Matching.
03-10 07:02:23.087  8925 15201 D Apptimize: Apptimize: Seed group: userId; experiment; 120320; generated seed: 831056235
03-10 07:02:23.087 10013 10013 D FaceWidgetNotificationManager: updateFaceWidgetMusicNotificationKey() return : mFaceWidgetMusicNotificationKey is empty
03-10 07:02:23.087  8925 15201 V Apptimize: Apptimize: Allocated to variant Variant C of experiment [FGDC] CTA SRP to PDP + Refund n Reschedule
03-10 07:02:23.087  8925 15201 V Apptimize: Apptimize: Filter requests an unsupplied prefixed attribute: ^e121064_2. Not Matching.
03-10 07:02:23.088  8925 15201 D Apptimize: Apptimize: Seed group: userId; experiment; 121064; 2; generated seed: 9734997
03-10 07:02:23.088  8925 15201 V Apptimize: Apptimize: Allocated to variant original of experiment [DISC] TTD vertical icon
03-10 07:02:23.088  8925 15201 V Apptimize: Apptimize: Filter requests an unsupplied prefixed attribute: ^e121384_3. Not Matching.
03-10 07:02:23.088  8925 15201 D Apptimize: Apptimize: Seed group: userId; experiment; 121384; 3; generated seed: 667985063
03-10 07:02:23.088  8925 15201 V Apptimize: Apptimize: Allocated to variant model_i of experiment [HPEP] Use Dorado for Hotel Autocomplete v6
03-10 07:02:23.089  8925 15201 V Apptimize: Apptimize: Filter requests an unsupplied prefixed attribute: ^e121539_1. Not Matching.
03-10 07:02:23.089  8925 15201 V Apptimize: Apptimize: Set Filter with operator "intersection" is comparing [] and [29010, 29108, 33206, 33207]
03-10 07:02:23.090  8925 15201 D Apptimize: Apptimize: Seed group: userId; experiment; 121539; generated seed: 1008108158
03-10 07:02:23.090  8925 15201 V Apptimize: Apptimize: Allocated to variant Variant B of experiment [TRA] Highlight Select Seat Button in Booking Form Page
03-10 07:02:23.091  8925 15201 V Apptimize: Apptimize: Filter requests an unsupplied prefixed attribute: ^e122323_1. Not Matching.
03-10 07:02:23.091  8925 15201 D Apptimize: Apptimize: Seed group: userId; experiment; 122323; generated seed: 853840898
03-10 07:02:23.091  8925 15201 V Apptimize: Apptimize: Allocated to variant Variant B of experiment [DISC] NHA vertical image
03-10 07:02:23.091  8925 15201 V Apptimize: Apptimize: Filter requests an unsupplied prefixed attribute: ^e122646_2. Not Matching.
03-10 07:02:23.091  8925 15201 D Apptimize: Apptimize: Seed group: userId; experiment; 122646; 2; generated seed: 781092472
03-10 07:02:23.091  8925 15201 V Apptimize: Apptimize: Allocated to variant original (V4.0 of experiment [HPEP] Room group variants in Room List 4.0
03-10 07:02:23.091  8925 15201 V Apptimize: Apptimize: Filter requests an unsupplied prefixed attribute: ^e122327_2. Not Matching.
03-10 07:02:23.092  8925 15201 V Apptimize: Apptimize: Set Filter with operator "intersection" is comparing [] and [33758, 33756, 33757]
03-10 07:02:23.092  8925 15201 D Apptimize: Apptimize: Seed group: userId; experiment; 122327; 2; generated seed: 753631376
03-10 07:02:23.092  8925 15201 V Apptimize: Apptimize: Filter requests an unsupplied prefixed attribute: ^e122688_2. Not Matching.
03-10 07:02:23.093  8925 15201 D Apptimize: Apptimize: Seed group: userId; experiment; 122688; 2; generated seed: 161430230
03-10 07:02:23.093  8925 15201 V Apptimize: Apptimize: Allocated to variant original of experiment [PAYM] Installment wording PLAN
03-10 07:02:23.093  8925 15201 V Apptimize: Apptimize: Filter requests an unsupplied prefixed attribute: ^e122743_1. Not Matching.
03-10 07:02:23.093  8925 15201 V Apptimize: Apptimize: Set Filter with operator "intersection" is comparing [] and [33743]
03-10 07:02:23.094  8925 15201 D Apptimize: Apptimize: Seed group: userId; experiment; 122743; generated seed: 433249599
03-10 07:02:23.094  8925 15201 V Apptimize: Apptimize: Allocated to variant Variant C of experiment Installment test a/b
03-10 07:02:23.094  8925 15201 V Apptimize: Apptimize: Filter requests an unsupplied prefixed attribute: ^e122777_1. Not Matching.
03-10 07:02:23.094  8925 15201 V Apptimize: Apptimize: Set Filter with operator "intersection" is comparing [] and [33761, 33760, 33759]
03-10 07:02:23.095  8925 15201 D Apptimize: Apptimize: Seed group: userId; experiment; 122777; generated seed: 471985323
03-10 07:02:23.095 11435 13105 E class fr.pchab.AndroidRTC.NewTabPoller: error sending newtab event : timeout
03-10 07:02:23.095  8925 15201 V Apptimize: Apptimize: Allocated to variant Variant B of experiment [PAYM] A/B Testing Copy Installment Fee Plan
03-10 07:02:23.095  8925 15201 V Apptimize: Apptimize: Filter requests an unsupplied prefixed attribute: ^e123292_4. Not Matching.
03-10 07:02:23.095  8925 15201 D Apptimize: Apptimize: Seed group: userId; experiment; 123292; 4; generated seed: 259264413
03-10 07:02:23.095  8925 15201 V Apptimize: Apptimize: Allocated to variant fxcity of experiment [HPEP] SRP Ranking BE - Personalization
03-10 07:02:23.095  8925 15201 V Apptimize: Apptimize: Filter requests an unsupplied prefixed attribute: ^e123310_3. Not Matching.
03-10 07:02:23.098  8925 15287 D ApiLog  : <-- 200 https://api.tiket.com/ms-gateway/tix-notification-setting/v1/user-devices (224ms)
03-10 07:02:23.098  8925 15287 D ApiLog  : date: Thu, 10 Mar 2022 07:02:22 GMT
03-10 07:02:23.098  8925 15287 D ApiLog  : content-type: application/json; charset=UTF-8
03-10 07:02:23.098  8925 15287 D ApiLog  : x-ratelimit-remaining-quota-tix-api-gateway_tix-notification-setting-v1-user-device-upsert_tix-notification-setting_v1_user-devices_03bade1de7c81ecb4654a2dbe52dca66196900d6: 100
03-10 07:02:23.098  8925 15287 D ApiLog  : x-ratelimit-limit-tix-api-gateway_tix-notification-setting-v1-user-device-upsert_tix-notification-setting_v1_user-devices_03bade1de7c81ecb4654a2dbe52dca66196900d6: 100
03-10 07:02:23.098  8925 15287 D ApiLog  : x-ratelimit-reset-tix-api-gateway_tix-notification-setting-v1-user-device-upsert_tix-notification-setting_v1_user-devices_03bade1de7c81ecb4654a2dbe52dca66196900d6: -2000
03-10 07:02:23.098  8925 15287 D ApiLog  : x-ratelimit-remaining-tix-api-gateway_tix-notification-setting-v1-user-device-upsert_tix-notification-setting_v1_user-devices_03bade1de7c81ecb4654a2dbe52dca66196900d6: 99
03-10 07:02:23.098  8925 15287 D ApiLog  : x-ratelimit-quota-tix-api-gateway_tix-notification-setting-v1-user-device-upsert_tix-notification-setting_v1_user-devices_03bade1de7c81ecb4654a2dbe52dca66196900d6: 100
03-10 07:02:23.098  8925 15287 D ApiLog  : x-application-context: tix-api-gateway-notification:8888
03-10 07:02:23.098  8925 15287 D ApiLog  : x-forwarded-proto: https
03-10 07:02:23.098  8925 15287 D ApiLog  : strict-transport-security: max-age=2592000
03-10 07:02:23.098  8925 15287 D ApiLog  : via: 1.1 google
03-10 07:02:23.098  8925 15287 D ApiLog  : cf-cache-status: DYNAMIC
03-10 07:02:23.098  8925 15287 D ApiLog  : expect-ct: max-age=604800, report-uri="https://report-uri.cloudflare.com/cdn-cgi/beacon/expect-ct"
03-10 07:02:23.098  8925 15287 D ApiLog  : set-cookie: __cf_bm=UiTfqBwIGhPAvisuFk2HBtdr_qOb9Mvwp5OkAkd_c0g-1646895742-0-ASyZYo8uZ5UyY61pRPy4Hn9QHtQaxfXUMq9SP4Vd9pu0bpMD4RjT7lvXluSYpgIBMt67bArnYzzTZeENNoCSgnineWKcJUjp6bifX1l1T62L; path=/; expires=Thu, 10-Mar-22 07:32:22 GMT; domain=.tiket.com; HttpOnly; Secure; SameSite=None
03-10 07:02:23.099  8925 15287 D ApiLog  : report-to: {"endpoints":[{"url":"https:\/\/a.nel.cloudflare.com\/report\/v3?s=9KWnCKBgSdGitdxKyc6iix4vDCBUFSYdh%2B6NgxEfQuYYdTR5ePL7p%2FOFWPjkKZZxpquo80gm9DlWQjBaAPturMlpkkrDEwgVL5i%2B9WHZwudEK%2F%2FAJhM9jXjGEYigCvw%3D"}],"group":"cf-nel","max_age":604800}
03-10 07:02:23.099  8925 15287 D ApiLog  : nel: {"success_fraction":0.01,"report_to":"cf-nel","max_age":604800}
03-10 07:02:23.099  8925 15287 D ApiLog  : server: cloudflare
03-10 07:02:23.099  8925 15287 D ApiLog  : cf-ray: 6e9a2f34fc445599-SYD
03-10 07:02:23.103  8925 15287 D ApiLog  :
03-10 07:02:23.103  8925 15287 D ApiLog  : {"code":"SUCCESS","message":"SUCCESS","errors":null,"data":{"deviceId":"b9db6243-60c9-4291-81f0-fed0a7fbd624","pushNotificationEnabled":true},"serverTime":1646895742333,"sessionData":{"username":null,"firstname":null,"lastname":null,"lang":null,"currency":"IDR","tixPoint":0}}
03-10 07:02:23.103  8925 15287 D ApiLog  : <-- END HTTP (276-byte body)
03-10 07:02:23.105  8925 15201 V Apptimize: Apptimize: Set Filter with operator "intersection" is comparing [] and [34055]
03-10 07:02:23.105  8925 15201 D Apptimize: Apptimize: Seed group: userId; experiment; 123310; 3; generated seed: 144755804
03-10 07:02:23.106  8925 15201 V Apptimize: Apptimize: Allocated to variant Variant B of experiment fallback_testing_android
03-10 07:02:23.106  8925 15201 V Apptimize: Apptimize: Filter requests an unsupplied prefixed attribute: ^e123311_2. Not Matching.
03-10 07:02:23.106  8925 15201 V Apptimize: Apptimize: Set Filter with operator "intersection" is comparing [] and [34072, 34071]
03-10 07:02:23.106  8925 15201 D Apptimize: Apptimize: Seed group: userId; experiment; 123311; 2; generated seed: 299015122
03-10 07:02:23.106  8925 15201 V Apptimize: Apptimize: Allocated to variant original of experiment fallback_testing_ios
03-10 07:02:23.106  8925 15201 V Apptimize: Apptimize: Filter requests an unsupplied prefixed attribute: ^e123342_1. Not Matching.
03-10 07:02:23.107  8925 15201 V Apptimize: Apptimize: Set Filter with operator "intersection" is comparing [] and [34069]
03-10 07:02:23.107  8925 15201 D Apptimize: Apptimize: Seed group: userId; experiment; 123342; generated seed: 316081683
03-10 07:02:23.107  8925 15201 V Apptimize: Apptimize: Allocated to variant original of experiment fallback_testing_android_v2
03-10 07:02:23.107  8925 15201 V Apptimize: Apptimize: Filter requests an unsupplied prefixed attribute: ^e123343_1. Not Matching.
03-10 07:02:23.107  8925 15201 D Apptimize: Apptimize: Seed group: userId; experiment; 123343; generated seed: 610846820
03-10 07:02:23.107  8925 15201 V Apptimize: Apptimize: Allocated to variant Variant B of experiment fallback_testing_ios_v2
03-10 07:02:23.107  8925 15201 V Apptimize: Apptimize: Filter requests an unsupplied prefixed attribute: ^e123380_1. Not Matching.
03-10 07:02:23.108  8925 15201 V Apptimize: Apptimize: Set Filter with operator "intersection" is comparing [] and [34075]
03-10 07:02:23.108  8925 15201 D Apptimize: Apptimize: Seed group: userId; experiment; 123380; generated seed: 712970031
03-10 07:02:23.108  8925 15201 V Apptimize: Apptimize: Allocated to variant Variant C of experiment Core testing
03-10 07:02:23.108  8925 15201 V Apptimize: Apptimize: Filter requests an unsupplied prefixed attribute: ^v2800771_2. Not Matching.
03-10 07:02:23.108  8925 15201 V Apptimize: Apptimize: Variant does not match filters: Experiment: [FGDC] Adding Promo Information on SRP; Variant: original
03-10 07:02:23.108  8925 15201 V Apptimize: Apptimize: Filter requests an unsupplied prefixed attribute: ^v2800781_2. Not Matching.
03-10 07:02:23.108  8925 15201 V Apptimize: Apptimize: Variant does not match filters: Experiment: [FGDC] Adding Promo Information on SRP; Variant: Variant B
03-10 07:02:23.108  8925 15201 V Apptimize: Apptimize: Filter requests an unsupplied prefixed attribute: ^v2821601_1. Not Matching.
03-10 07:02:23.108  8925 15201 V Apptimize: Apptimize: Variant does not match filters: Experiment: [FGDC] CTA SRP to PDP + Refund n Reschedule; Variant: original
03-10 07:02:23.108  8925 15201 V Apptimize: Apptimize: Filter requests an unsupplied prefixed attribute: ^v2821611_1. Not Matching.
