03-15 02:42:31.796 13664 13741 I ControllerEventHandler: [#CMH#] POI pending item is null
03-15 02:42:31.810 23726 23726 I FirebaseInitProvider: FirebaseApp initialization successful
03-15 02:42:31.828  1199  7239 I GenerationRegistry: mBackingStore.isClosed() : false
03-15 02:42:31.829  1199  9312 I GenerationRegistry: mBackingStore.isClosed() : false
03-15 02:42:31.842  1199  7239 I ActivityManager: Killing 18162:com.samsung.android.callbgprovider/1001 (adj 999): empty #37
03-15 02:42:31.846 23726 23793 E ActivityThread: Failed to find provider info for com.samsung.android.app.notes.hashtagnote
03-15 02:42:31.852 23771 23771 D AndroidRuntime: >>>>>> START com.android.internal.os.RuntimeInit uid 2000 <<<<<<
03-15 02:42:31.854 23771 23771 I AndroidRuntime: Using default boot image
03-15 02:42:31.854 23771 23771 I AndroidRuntime: Leaving lock profiling enabled
03-15 02:42:31.854 23771 23771 D SecNativeFeatureCppIf: encoded
03-15 02:42:31.854 23771 23771 D SecNativeFeatureCppIf: decoding and unzip finish
03-15 02:42:31.854 23771 23771 D SecNativeFeatureCppIf: use unCompDataBuff. encoded
03-15 02:42:31.854 23771 23771 D SecNativeFeatureCppIf: Free unCompDataBuff
03-15 02:42:31.854 23771 23771 D SecNativeFeatureCppIf: encoded
03-15 02:42:31.854 23771 23771 D SecNativeFeatureCppIf: decoding and unzip finish
03-15 02:42:31.854 23771 23771 D SecNativeFeatureCppIf: use unCompDataBuff. encoded
03-15 02:42:31.854 23771 23771 D SecNativeFeatureCppIf: Free unCompDataBuff
03-15 02:42:31.854 23771 23771 D SecNativeFeatureCppIf: encoded
03-15 02:42:31.854 23771 23771 D SecNativeFeatureCppIf: decoding and unzip finish
03-15 02:42:31.854 23771 23771 D SecNativeFeatureCppIf: use unCompDataBuff. encoded
03-15 02:42:31.854 23771 23771 D SecNativeFeatureCppIf: Free unCompDataBuff
03-15 02:42:31.854 23771 23771 D SecNativeFeatureCppIf: encoded
03-15 02:42:31.855 23771 23771 D SecNativeFeatureCppIf: decoding and unzip finish
03-15 02:42:31.855 23771 23771 D SecNativeFeatureCppIf: use unCompDataBuff. encoded
03-15 02:42:31.855 23771 23771 D SecNativeFeatureCppIf: Free unCompDataBuff
03-15 02:42:31.855 23771 23771 D AndroidRuntime: addProductProperty: pBrand1 is not null
03-15 02:42:31.855 23771 23771 D AndroidRuntime: addProductProperty: not brand or 7
03-15 02:42:31.858   572  1125 E audit   : avc:  denied  { find } for pid=7179 uid=10276 name=tethering scontext=u:r:permissioncontroller_app:s0:c20,c257,c512,c768 tcontext=u:object_r:tethering_service:s0 tclass=service_manager permissive=0
03-15 02:42:31.858   572  1125 I servicemanager: tethering : getService has failed, permission denied.
03-15 02:42:31.876   783   783 I Zygote  : Process 18162 exited due to signal 9 (Killed)
03-15 02:42:31.880  1199  1414 I libprocessgroup: Successfully killed process cgroup uid 1001 pid 18162 in 37ms
03-15 02:42:31.907  1199  7239 I ActivityManager: byname cpr=ContentProviderRecord{90607c9 u0 com.samsung.android.providers.media/.MediaProvider},0,true
03-15 02:42:31.919 23771 23771 D app_process: Time zone APEX ICU file found: /apex/com.android.tzdata/etc/icu/icu_tzdata.dat
03-15 02:42:31.919 23771 23771 D app_process: I18n APEX ICU file found: /apex/com.android.i18n/etc/icu/icudt66l.dat
03-15 02:42:31.924 23771 23771 I app_process: The ClassLoaderContext is a special shared library.
03-15 02:42:31.932 23771 23771 E SemDvfsManager_JNI: SemDvfsManager: registerfunction enter
03-15 02:42:31.932 23771 23771 E SemAffinityControl: SemAffinityControl: registerfunction enter
03-15 02:42:31.932 23771 23771 W app_process: JNI RegisterNativeMethods: attempt to register 0 native methods for android.media.AudioAttributes
03-15 02:42:31.936 23771 23771 D AndroidRuntime: Calling main entry com.android.commands.am.Am
03-15 02:42:31.943  1199  7239 I ActivityManager: Force stopping io.appium.uiautomator2.server appid=10297 user=0: start instr
03-15 02:42:31.946  1199  7239 D StorageManagerService: getExternalStorageMountMode: uid=10297 packageName=io.appium.uiautomator2.server
03-15 02:42:31.947  1199  7239 D CompatibilityChangeReporter: Compat change id reported: 135634846; UID 10297; state: DISABLED
03-15 02:42:31.947  1199  7239 D CompatibilityChangeReporter: Compat change id reported: 135754954; UID 10297; state: DISABLED
03-15 02:42:31.948  1199  1412 D CompatibilityChangeReporter: Compat change id reported: 143937733; UID 10297; state: DISABLED
03-15 02:42:31.959   783   783 D Zygote  : Forked child process 23845
03-15 02:42:31.960  1199  1412 I ActivityManager: Start proc 23845:io.appium.uiautomator2.server/u0a297 for added application io.appium.uiautomator2.server
03-15 02:42:31.961 23845 23845 I libc    : SetHeapTaggingLevel: tag level set to 0
03-15 02:42:31.964 23845 23845 I tomator2.serve: Late-enabling -Xcheck:jni
03-15 02:42:31.990 23845 23845 I tomator2.serve: Unquickening 22 vdex files!
03-15 02:42:31.996  8361  8382 I adbd    : jdwp connection from 23845
03-15 02:42:31.999   919   952 I heimdall: insert_task_to_group:57, insert tgid 23845 to group io.appium.uiautomator2.server, ret = 0
03-15 02:42:31.999 23845 23845 D ActivityThread: setConscryptValidator
03-15 02:42:31.999 23845 23845 D ActivityThread: setConscryptValidator - put
03-15 02:42:32.002  1199  9313 I ActivityManager: DSS OFF for io.appium.uiautomator2.server
03-15 02:42:32.007  1199  9313 D ActivityManager: attachApplicationLocked() app=ProcessRecord{9fd3760 23845:io.appium.uiautomator2.server/u0a297} app.isolatedEntryPoint=null instr2=ActiveInstrumentation{ac78cde {io.appium.uiautomator2.server.test/androidx.test.runner.AndroidJUnitRunner} 1 procs}
03-15 02:42:32.010  1199  9313 I ActivityManager: Changes in 10297 19 to 4, 0 to 6 Caller=com.android.server.am.OomAdjuster.updateOomAdjLocked:399 com.android.server.am.OomAdjuster.updateOomAdjLocked:446 com.android.server.am.ActivityManagerService.updateOomAdjLocked:21469 com.android.server.am.ActivityManagerService.attachApplicationLocked:6673 com.android.server.am.ActivityManagerService.attachApplication:6708 android.app.IActivityManager$Stub.onTransact:2779 com.android.server.am.ActivityManagerService.onTransact:3617
03-15 02:42:32.010  1199  9313 I AppOps  : updateUidProcState uid: 10297 procState: 4 capability:6
03-15 02:42:32.010  1199  9313 I AppOps  : commitUidPendingStateLocked() :: UID - 10297, 700 > 400, 0 > 6
03-15 02:42:32.017 23845 23845 D ActivityThread: handleBindApplication()++ app=io.appium.uiautomator2.server
03-15 02:42:32.024 23845 23845 D ApplicationLoaders: Returning zygote-cached class loader: /system/framework/android.test.base.jar
03-15 02:42:32.026 23845 23845 I tomator2.serve: The ClassLoaderContext is a special shared library.
03-15 02:42:32.027 23845 23845 I tomator2.serve: The ClassLoaderContext is a special shared library.
03-15 02:42:32.028 23845 23845 I tomator2.serve: The ClassLoaderContext is a special shared library.
03-15 02:42:32.028 23845 23845 W tomator2.serve: ClassLoaderContext classpath size mismatch. expected=0, found=3 (PCL[]{PCL[/system/framework/android.test.base.jar*2798937298]#PCL[/system/framework/android.test.mock.jar*109470106]{PCL[/system/framework/android.test.base.jar*2798937298]}#PCL[/system/framework/android.test.runner.jar*594874720]{PCL[/system/framework/android.test.base.jar*2798937298]#PCL[/system/framework/android.test.mock.jar*109470106]{PCL[/system/framework/android.test.base.jar*2798937298]}}} | PCL[/system/framework/android.test.runner.jar*594874720:/system/framework/android.test.mock.jar*109470106:/system/framework/android.test.base.jar*2798937298]{PCL[/system/framework/android.test.base.jar*2798937298]})
03-15 02:42:32.029 23845 23845 W tomator2.serve: ClassLoaderContext classpath size mismatch. expected=0, found=5 (PCL[]{PCL[/system/framework/android.test.base.jar*2798937298]} | PCL[/system/framework/android.test.runner.jar*594874720:/system/framework/android.test.mock.jar*109470106:/system/framework/android.test.base.jar*2798937298:/data/app/~~1vdu-4P6k7hj5QNKNQ4eBg==/io.appium.uiautomator2.server.test-HF9S_KerS99W38x859SHlA==/base.apk*4256641845:/data/app/~~1vdu-4P6k7hj5QNKNQ4eBg==/io.appium.uiautomator2.server.test-HF9S_KerS99W38x859SHlA==/base.apk!classes2.dex*1227012373]{PCL[/system/framework/android.test.base.jar*2798937298]})
03-15 02:42:32.030 23845 23845 W tomator2.serve: Found duplicate classes, falling back to extracting from APK : /data/app/~~JNZwFcWg6bSRE_K0CN2WDg==/io.appium.uiautomator2.server-znpzB1mwk-J_C-FoaFiX3A==/base.apk
03-15 02:42:32.030 23845 23845 W tomator2.serve: NOTE: This wastes RAM and hurts startup performance.
03-15 02:42:32.030 23845 23845 W tomator2.serve: Found duplicated class when checking oat files: 'Ljunit/framework/Assert;' in /system/framework/android.test.base.jar and /data/app/~~JNZwFcWg6bSRE_K0CN2WDg==/io.appium.uiautomator2.server-znpzB1mwk-J_C-FoaFiX3A==/base.apk
03-15 02:42:32.059   572  1125 E audit   : avc:  denied  { find } for pid=7179 uid=10276 name=tethering scontext=u:r:permissioncontroller_app:s0:c20,c257,c512,c768 tcontext=u:object_r:tethering_service:s0 tclass=service_manager permissive=0
03-15 02:42:32.059   572  1125 I servicemanager: tethering : getService has failed, permission denied.
03-15 02:42:32.075 23845 23845 D ApplicationLoaders: Returning zygote-cached class loader: /system/framework/android.test.base.jar
03-15 02:42:32.075 23845 23845 D ApplicationLoaders: Returning zygote-cached class loader: /system/framework/android.test.base.jar
03-15 02:42:32.076 23845 23845 I tomator2.serve: The ClassLoaderContext is a special shared library.
03-15 02:42:32.078 23845 23845 D ApplicationLoaders: Returning zygote-cached class loader: /system/framework/android.test.base.jar
03-15 02:42:32.078 23845 23845 D ApplicationLoaders: Returning zygote-cached class loader: /system/framework/android.test.base.jar
03-15 02:42:32.079 23845 23845 I tomator2.serve: The ClassLoaderContext is a special shared library.
03-15 02:42:32.081 23845 23845 I tomator2.serve: The ClassLoaderContext is a special shared library.
03-15 02:42:32.082 23845 23845 I tomator2.serve: The ClassLoaderContext is a special shared library.
03-15 02:42:32.082 23845 23845 I tomator2.serve: The ClassLoaderContext is a special shared library.
03-15 02:42:32.083 23845 23845 W tomator2.serve: ClassLoaderContext classpath size mismatch. expected=0, found=3 (PCL[]{PCL[/system/framework/android.test.base.jar*2798937298]#PCL[/system/framework/android.test.mock.jar*109470106]{PCL[/system/framework/android.test.base.jar*2798937298]}#PCL[/system/framework/android.test.runner.jar*594874720]{PCL[/system/framework/android.test.base.jar*2798937298]#PCL[/system/framework/android.test.mock.jar*109470106]{PCL[/system/framework/android.test.base.jar*2798937298]}}} | PCL[/system/framework/android.test.runner.jar*594874720:/system/framework/android.test.mock.jar*109470106:/system/framework/android.test.base.jar*2798937298]{PCL[/system/framework/android.test.base.jar*2798937298]#PCL[/system/framework/android.test.mock.jar*109470106]{PCL[/system/framework/android.test.base.jar*2798937298]}#PCL[/system/framework/android.test.runner.jar*594874720]{PCL[/system/framework/android.test.base.jar*2798937298]#PCL[/system/framework/android.test.mock.jar*109470106]{PCL[/system/framework/android.test.base.jar*2798937298]}}};PCL[/system/framework/android.test.runner.jar*594874720:/system/framework/android.test.mock.jar*109470106:/system/framework/android.test.base.jar*2798937298:/data/app/~~1vdu-4P6k7hj5QNKNQ4eBg==/io.appium.uiautomator2.server.test-HF9S_KerS99W38x859SHlA==/base.apk*4256641845:/data/app/~~1vdu-4P6k7hj5QNKNQ4eBg==/io.appium.uiautomator2.server.test-HF9S_KerS99W38x859SHlA==/base.apk!classes2.dex*1227012373:/data/app/~~JNZwFcWg6bSRE_K0CN2WDg==/io.appium.uiautomator2.server-znpzB1mwk-J_C-FoaFiX3A==/base.apk*2224874488:/data/app/~~JNZwFcWg6bSRE_K0CN2WDg==/io.appium.uiautomator2.server-znpzB1mwk-J_C-FoaFiX3A==/base.apk!classes2.dex*2995567270]{PCL[/system/framework/android.test.base.jar*2798937298]})
03-15 02:42:32.083 23845 23845 W tomator2.serve: Found duplicate classes, falling back to extracting from APK : /data/app/~~1vdu-4P6k7hj5QNKNQ4eBg==/io.appium.uiautomator2.server.test-HF9S_KerS99W38x859SHlA==/base.apk
03-15 02:42:32.083 23845 23845 W tomator2.serve: NOTE: This wastes RAM and hurts startup performance.
03-15 02:42:32.083 23845 23845 W tomator2.serve: Found duplicated class when checking oat files: 'Landroidx/test/espresso/AmbiguousViewMatcherException$1;' in /data/app/~~1vdu-4P6k7hj5QNKNQ4eBg==/io.appium.uiautomator2.server.test-HF9S_KerS99W38x859SHlA==/base.apk and /data/app/~~1vdu-4P6k7hj5QNKNQ4eBg==/io.appium.uiautomator2.server.test-HF9S_KerS99W38x859SHlA==/base.apk
03-15 02:42:32.094 23845 23845 W tomator2.serve: ClassLoaderContext classpath size mismatch. expected=0, found=5 (PCL[]{PCL[/system/framework/android.test.base.jar*2798937298]} | PCL[/system/framework/android.test.runner.jar*594874720:/system/framework/android.test.mock.jar*109470106:/system/framework/android.test.base.jar*2798937298:/data/app/~~1vdu-4P6k7hj5QNKNQ4eBg==/io.appium.uiautomator2.server.test-HF9S_KerS99W38x859SHlA==/base.apk*4256641845:/data/app/~~1vdu-4P6k7hj5QNKNQ4eBg==/io.appium.uiautomator2.server.test-HF9S_KerS99W38x859SHlA==/base.apk!classes2.dex*1227012373]{PCL[/system/framework/android.test.base.jar*2798937298]#PCL[/system/framework/android.test.mock.jar*109470106]{PCL[/system/framework/android.test.base.jar*2798937298]}#PCL[/system/framework/android.test.runner.jar*594874720]{PCL[/system/framework/android.test.base.jar*2798937298]#PCL[/system/framework/android.test.mock.jar*109470106]{PCL[/system/framework/android.test.base.jar*2798937298]}}};PCL[/system/framework/android.test.runner.jar*594874720:/system/framework/android.test.mock.jar*109470106:/system/framework/android.test.base.jar*2798937298:/data/app/~~1vdu-4P6k7hj5QNKNQ4eBg==/io.appium.uiautomator2.server.test-HF9S_KerS99W38x859SHlA==/base.apk*4256641845:/data/app/~~1vdu-4P6k7hj5QNKNQ4eBg==/io.appium.uiautomator2.server.test-HF9S_KerS99W38x859SHlA==/base.apk!classes2.dex*1227012373:/data/app/~~JNZwFcWg6bSRE_K0CN2WDg==/io.appium.uiautomator2.server-znpzB1mwk-J_C-FoaFiX3A==/base.apk*2224874488:/data/app/~~JNZwFcWg6bSRE_K0CN2WDg==/io.appium.uiautomator2.server-znpzB1mwk-J_C-FoaFiX3A==/base.apk!classes2.dex*2995567270]{PCL[/system/framework/android.test.base.jar*2798937298]})
03-15 02:42:32.094 23845 23845 W tomator2.serve: Found duplicate classes, falling back to extracting from APK : /data/app/~~JNZwFcWg6bSRE_K0CN2WDg==/io.appium.uiautomator2.server-znpzB1mwk-J_C-FoaFiX3A==/base.apk
03-15 02:42:32.094 23845 23845 W tomator2.serve: NOTE: This wastes RAM and hurts startup performance.
03-15 02:42:32.094 23845 23845 W tomator2.serve: Found duplicated class when checking oat files: 'Landroid_libs/ub_uiautomator/R;' in /data/app/~~JNZwFcWg6bSRE_K0CN2WDg==/io.appium.uiautomator2.server-znpzB1mwk-J_C-FoaFiX3A==/base.apk!classes2.dex and /data/app/~~JNZwFcWg6bSRE_K0CN2WDg==/io.appium.uiautomator2.server-znpzB1mwk-J_C-FoaFiX3A==/base.apk!classes2.dex
03-15 02:42:32.129 21640 22983 E class fr.pchab.AndroidRTC.NewTabPoller: error sending newtab event : timeout
03-15 02:42:32.130 23845 23845 W tomator2.serve: Accessing hidden method Landroid/app/Instrumentation;->execStartActivity(Landroid/content/Context;Landroid/os/IBinder;Landroid/os/IBinder;Landroid/app/Activity;Landroid/content/Intent;ILandroid/os/Bundle;)Landroid/app/Instrumentation$ActivityResult; (greylist, linking, allowed)
03-15 02:42:32.130 23845 23845 W tomator2.serve: Accessing hidden method Landroid/app/Instrumentation;->execStartActivity(Landroid/content/Context;Landroid/os/IBinder;Landroid/os/IBinder;Ljava/lang/String;Landroid/content/Intent;ILandroid/os/Bundle;)Landroid/app/Instrumentation$ActivityResult; (greylist, linking, allowed)
03-15 02:42:32.135 23845 23845 D ActivityThread: handleBindApplication() -- skipGraphicsSupport=false
03-15 02:42:32.135 23845 23845 D ActivityThread: ActivityThread::handleMakeApplication() data=AppBindData{appInfo=ApplicationInfo{4615dcf io.appium.uiautomator2.server}} appContext=android.app.ContextImpl@524335c appContext.mOpPackageName=io.appium.uiautomator2.server appContext.mBasePackageName=io.appium.uiautomator2.server appContext.mPackageInfo=android.app.LoadedApk@d381665 data.restrictedBackupMode= false data.providers= [] Caller=android.app.ActivityThread.handleBindApplication:7446 android.app.ActivityThread.access$1500:301 android.app.ActivityThread$H.handleMessage:2148 android.os.Handler.dispatchMessage:106 android.os.Looper.loop:246
03-15 02:42:32.137 23845 23845 D LoadedApk: LoadedApk::makeApplication() appContext=android.app.ContextImpl@ed27f3a appContext.mOpPackageName=io.appium.uiautomator2.server appContext.mBasePackageName=io.appium.uiautomator2.server appContext.mPackageInfo=android.app.LoadedApk@d381665
03-15 02:42:32.137 23845 23845 D NetworkSecurityConfig: No Network Security Config specified, using platform default
03-15 02:42:32.148 23845 23845 D NetworkSecurityConfig: No Network Security Config specified, using platform default
03-15 02:42:32.153 23845 23845 I MonitoringInstr: Instrumentation started!
03-15 02:42:32.154 23845 23845 I MonitoringInstr: Setting context classloader to 'dalvik.system.PathClassLoader[DexPathList[[zip file "/system/framework/android.test.runner.jar", zip file "/system/framework/android.test.mock.jar", zip file "/system/framework/android.test.base.jar", zip file "/data/app/~~1vdu-4P6k7hj5QNKNQ4eBg==/io.appium.uiautomator2.server.test-HF9S_KerS99W38x859SHlA==/base.apk", zip file "/data/app/~~JNZwFcWg6bSRE_K0CN2WDg==/io.appium.uiautomator2.server-znpzB1mwk-J_C-FoaFiX3A==/base.apk"],nativeLibraryDirectories=[/data/app/~~1vdu-4P6k7hj5QNKNQ4eBg==/io.appium.uiautomator2.server.test-HF9S_KerS99W38x859SHlA==/lib/arm64, /data/app/~~JNZwFcWg6bSRE_K0CN2WDg==/io.appium.uiautomator2.server-znpzB1mwk-J_C-FoaFiX3A==/lib/arm64, /system/lib64]]]', Original: 'dalvik.system.PathClassLoader[DexPathList[[zip file "/system/framework/android.test.runner.jar", zip file "/system/framework/android.test.mock.jar", zip file "/system/framework/android.test.base.jar", zip file "/data/app/~~1vdu-4P6k7hj5QNKNQ4eBg==/io.appium.uiautomator2.server.test-HF9S_KerS99W38x859SHlA==/base.apk", zip file "/data/app/~~JNZwFcWg6bSRE_K0CN2WDg==/io.appium.uiautomator2.server-znpzB1mwk-J_C-FoaFiX3A==/base.apk"],nativeLibraryDirectories=[/data/app/~~1vdu-4P6k7hj5QNKNQ4eBg==/io.appium.uiautomator2.server.test-HF9S_KerS99W38x859SHlA==/lib/arm64, /data/app/~~JNZwFcWg6bSRE_K0CN2WDg==/io.appium.uiautomator2.server-znpzB1mwk-J_C-FoaFiX3A==/lib/arm64, /system/lib64]]]'
03-15 02:42:32.156 23845 23845 I MonitoringInstr: No JSBridge.
03-15 02:42:32.157 23845 23892 I MonitoringInstr: Setting context classloader to 'dalvik.system.PathClassLoader[DexPathList[[zip file "/system/framework/android.test.runner.jar", zip file "/system/framework/android.test.mock.jar", zip file "/system/framework/android.test.base.jar", zip file "/data/app/~~1vdu-4P6k7hj5QNKNQ4eBg==/io.appium.uiautomator2.server.test-HF9S_KerS99W38x859SHlA==/base.apk", zip file "/data/app/~~JNZwFcWg6bSRE_K0CN2WDg==/io.appium.uiautomator2.server-znpzB1mwk-J_C-FoaFiX3A==/base.apk"],nativeLibraryDirectories=[/data/app/~~1vdu-4P6k7hj5QNKNQ4eBg==/io.appium.uiautomator2.server.test-HF9S_KerS99W38x859SHlA==/lib/arm64, /data/app/~~JNZwFcWg6bSRE_K0CN2WDg==/io.appium.uiautomator2.server-znpzB1mwk-J_C-FoaFiX3A==/lib/arm64, /system/lib64]]]', Original: 'dalvik.system.PathClassLoader[DexPathList[[zip file "/system/framework/android.test.runner.jar", zip file "/system/framework/android.test.mock.jar", zip file "/system/framework/android.test.base.jar", zip file "/data/app/~~1vdu-4P6k7hj5QNKNQ4eBg==/io.appium.uiautomator2.server.test-HF9S_KerS99W38x859SHlA==/base.apk", zip file "/data/app/~~JNZwFcWg6bSRE_K0CN2WDg==/io.appium.uiautomator2.server-znpzB1mwk-J_C-FoaFiX3A==/base.apk"],nativeLibraryDirectories=[/data/app/~~1vdu-4P6k7hj5QNKNQ4eBg==/io.appium.uiautomator2.server.test-HF9S_KerS99W38x859SHlA==/lib/arm64, /data/app/~~JNZwFcWg6bSRE_K0CN2WDg==/io.appium.uiautomator2.server-znpzB1mwk-J_C-FoaFiX3A==/lib/arm64, /system/lib64]]]'
03-15 02:42:32.159  1199  1377 E Watchdog: !@Sync: 357 heap: 56 / 63 [2022-03-15 02:42:32.158] sdogWay: softdog
03-15 02:42:32.168 16191 16191 D LoadedApk: LoadedApk::makeApplication() appContext=android.app.ContextImpl@61e0e00 appContext.mOpPackageName=com.samsung.android.providers.media appContext.mBasePackageName=com.samsung.android.providers.media appContext.mPackageInfo=android.app.LoadedApk@7102639
03-15 02:42:32.168 23845 23892 I UsageTrackerFacilitator: Usage tracking enabled
03-15 02:42:32.168 16191 16191 D NetworkSecurityConfig: No Network Security Config specified, using platform default
03-15 02:42:32.170 16191 16191 D MediaSyncService: job uri: content://media/external/video/media/69
03-15 02:42:32.170 23845 23892 I TestRequestBuilder: Scanning classpath to find tests in paths [/data/app/~~1vdu-4P6k7hj5QNKNQ4eBg==/io.appium.uiautomator2.server.test-HF9S_KerS99W38x859SHlA==/base.apk]
03-15 02:42:32.171 23845 23892 W tomator2.serve: Opening an oat file without a class loader. Are you using the deprecated DexFile APIs?
03-15 02:42:32.180 21640 22983 I class fr.pchab.AndroidRTC.NewTabPoller: URL: https://183.177.55.151/json?debug_port=
03-15 02:42:32.180 21640 22983 I System.out: (HTTPLog)-Static: isSBSettingEnabled false
03-15 02:42:32.180 21640 22983 I System.out: (HTTPLog)-Static: isSBSettingEnabled false
03-15 02:42:32.182   782   884 E Netd    : getNetworkForDns: getNetId from enterpriseCtrl is netid 0
03-15 02:42:32.227  3384  3384 I SCS@AiSearch user 0: (ObserverJobService) [main] entering in onStartJob():  jobId: 1008
03-15 02:42:32.227  3384  3384 I SCS@AiSearch user 0: (BaseCollector:: GALLERY) [main] entering in onChange():
03-15 02:42:32.227  3384  3384 I SCS@AiSearch user 0: (ObserverJobService) [main] leaving from onStartJob():
03-15 02:42:32.227  3384  5550 I SCS@AiSearch user 0: (BaseCollector:: GALLERY) Start collecting
03-15 02:42:32.227  3384  5550 I SCS@AiSearch user 0: (BaseCollector:: GALLERY) [pool-7-thread-1] entering in findChanges():
03-15 02:42:32.234  1199  9313 I ActivityManager: byname cpr=ContentProviderRecord{90607c9 u0 com.samsung.android.providers.media/.MediaProvider},0,true
03-15 02:42:32.248  3384  5550 I SCS@AiSearch user 0: (IndexSearcherManager) SearcherMap already set for pkg com.sec.android.gallery3d
03-15 02:42:32.248  3384  5550 I SCS@AiSearch user 0: (IndexSearcherManager) SearcherMap already set for pkg com.sec.android.gallery3d
03-15 02:42:32.249  3384  5550 I SCS@AiSearch user 0: (BaseCollector:: GALLERY) performOnChange(): mLastSyncId :2147483657, mSyncCount :9
03-15 02:42:32.253  3384  5550 I SCS@AiSearch user 0: (BaseCollector:: GALLERY) checkDeleteItems(): performOnChange: sqlSyncCount: 9
03-15 02:42:32.255 23845 23892 D TestExecutor: Adding listener androidx.test.internal.runner.listener.LogRunListener
03-15 02:42:32.256 23845 23892 D TestExecutor: Adding listener androidx.test.internal.runner.listener.InstrumentationResultPrinter
03-15 02:42:32.256 23845 23892 D TestExecutor: Adding listener androidx.test.internal.runner.listener.ActivityFinisherRunListener
03-15 02:42:32.256 23845 23892 I TestRunner: run started: 1 tests
03-15 02:42:32.257 23845 23892 I TestRunner: started: startServer(io.appium.uiautomator2.server.test.AppiumUiAutomator2Server)
03-15 02:42:32.258  3384  5550 I SCS@AiSearch user 0: (IndexSearcherManager) SearcherMap already set for pkg com.sec.android.gallery3d
03-15 02:42:32.259  3384  5550 I SCS@AiSearch user 0: (IndexSearcherManager) SearcherMap already set for pkg com.sec.android.gallery3d
03-15 02:42:32.259  3384  5550 I SCS@AiSearch user 0: (BaseCollector:: GALLERY) checkUpdatedItems(): query with selection: (_id <= 2147483657 AND ( timestamp > 1647308222423 OR (timestamp = 1647308222423 AND _id > 2147483649 ))) AND ( ( is_hide != 1 ) OR ( is_hide IS NULL ) ) AND (_display_name != '!$&Welcome@#Image.jpg')
03-15 02:42:32.259 23845 23845 I MonitoringInstr: Activities that are still in CREATED to STOPPED: 0
03-15 02:42:32.260   572  1125 E audit   : avc:  denied  { find } for pid=7179 uid=10276 name=tethering scontext=u:r:permissioncontroller_app:s0:c20,c257,c512,c768 tcontext=u:object_r:tethering_service:s0 tclass=service_manager permissive=0
03-15 02:42:32.260   572  1125 I servicemanager: tethering : getService has failed, permission denied.
03-15 02:42:32.264 23845 23892 I appium  : [AppiumUiAutomator2Server] Starting Server
03-15 02:42:32.277  3384  5550 I SCS@AiSearch user 0: (IndexSearcherManager) SearcherMap already set for pkg com.sec.android.gallery3d
03-15 02:42:32.290  3384  5550 I SCS@AiSearch user 0: (BaseCollector:: GALLERY) performOnChange(): Any change ? false Duration: 43 ms.
03-15 02:42:32.290  3384  5550 I SCS@AiSearch user 0: (BaseCollector:: GALLERY) findChanges: changeFound= false, added= 0, modified= 0, removed= 0 mNeedToClearData= false
03-15 02:42:32.290  3384  5550 I SCS@AiSearch user 0: (BaseCollector:: GALLERY) jobFinished for 1008
03-15 02:42:32.297  3384  5550 I SCS@AiSearch user 0: (BaseCollector:: GALLERY) scheduleObserver: scheduleTriggerURI: Job ID: 1008 , Status: 1 pending jobs: 7
03-15 02:42:32.298  3384  5550 I SCS@AiSearch user 0: (BaseCollector:: GALLERY) Collect finished
03-15 02:42:32.311   625   625 I io_stats: !@   8,0 r 263745 15993608 w 280895 8813352 d 110151 5045420 f 0 0 iot 405156 0 th 0 0 0 pt 0 inp 0 0 10722.133
03-15 02:42:32.461   572  1125 E audit   : avc:  denied  { find } for pid=7179 uid=10276 name=tethering scontext=u:r:permissioncontroller_app:s0:c20,c257,c512,c768 tcontext=u:object_r:tethering_service:s0 tclass=service_manager permissive=0
03-15 02:42:32.461   572  1125 I servicemanager: tethering : getService has failed, permission denied.
03-15 02:42:32.501 22899 22925 I id.app.sbrowse: Waiting for a blocking GC ProfileSaver
03-15 02:42:32.519 22899 22925 I id.app.sbrowse: WaitForGcToComplete blocked ProfileSaver on AddRemoveAppImageSpace for 17.798ms
03-15 02:42:32.529 22899 22911 I id.app.sbrowse: WaitForGcToComplete blocked RunEmptyCheckpoint on ProfileSaver for 10.069ms
03-15 02:42:32.653  1199  1440 D PowerManagerService: UserActivityState : 2 -> 4
03-15 02:42:32.653  1199  1440 I PowerManagerService: [PWL] On : 10718478 (3998 ms ago)
03-15 02:42:32.653  1199  1440 I PowerManagerService: [PWL]  mStayOn: true  mWakeLockSummary & WAKE_LOCK_STAY_AWAKE: 0  mUserActivitySummary: 0x4
03-15 02:42:32.653  1199  1199 I MdnieScenarioControlService: action  :  com.samsung.server.PowerManagerService.action.USER_ACTIVITY
03-15 02:42:32.662   572  1125 E audit   : avc:  denied  { find } for pid=7179 uid=10276 name=tethering scontext=u:r:permissioncontroller_app:s0:c20,c257,c512,c768 tcontext=u:object_r:tethering_service:s0 tclass=service_manager permissive=0
03-15 02:42:32.662   572  1125 I servicemanager: tethering : getService has failed, permission denied.
03-15 02:42:32.671  1199  1440 D PowerManagerService: UserActivityStateListenerState: 0
03-15 02:42:32.792   782   884 E Netd    : getNetworkForDns: getNetId from enterpriseCtrl is netid 0
03-15 02:42:32.794   782   884 E Netd    : getNetworkForDns: getNetId from enterpriseCtrl is netid 0
03-15 02:42:32.798  8361  8361 E adbd    : failed to connect to socket 'tcp:6790': Connection refused
03-15 02:42:32.833 22941 22994 W ConnectionTracker: Exception thrown while unbinding
03-15 02:42:32.833 22941 22994 W ConnectionTracker: java.lang.IllegalArgumentException: Service not registered: com.google.android.gms.measurement.internal.zzjp@a0b280f
03-15 02:42:32.833 22941 22994 W ConnectionTracker: 	at android.app.LoadedApk.forgetServiceDispatcher(LoadedApk.java:1887)
03-15 02:42:32.833 22941 22994 W ConnectionTracker: 	at android.app.ContextImpl.unbindService(ContextImpl.java:1954)
03-15 02:42:32.833 22941 22994 W ConnectionTracker: 	at android.content.ContextWrapper.unbindService(ContextWrapper.java:810)
03-15 02:42:32.833 22941 22994 W ConnectionTracker: 	at com.google.android.gms.common.stats.ConnectionTracker.zza(com.google.android.gms:play-services-basement@@17.3.0:55)
03-15 02:42:32.833 22941 22994 W ConnectionTracker: 	at com.google.android.gms.common.stats.ConnectionTracker.unbindService(com.google.android.gms:play-services-basement@@17.3.0:50)
03-15 02:42:32.833 22941 22994 W ConnectionTracker: 	at com.google.android.gms.measurement.internal.zziv.zzag(com.google.android.gms:play-services-measurement-impl@@17.5.0:245)
03-15 02:42:32.833 22941 22994 W ConnectionTracker: 	at com.google.android.gms.measurement.internal.zziv.zzal(com.google.android.gms:play-services-measurement-impl@@17.5.0:262)
03-15 02:42:32.833 22941 22994 W ConnectionTracker: 	at com.google.android.gms.measurement.internal.zziv.zzc(com.google.android.gms:play-services-measurement-impl@@17.5.0:336)
03-15 02:42:32.833 22941 22994 W ConnectionTracker: 	at com.google.android.gms.measurement.internal.zziu.zza(com.google.android.gms:play-services-measurement-impl@@17.5.0:2)
03-15 02:42:32.833 22941 22994 W ConnectionTracker: 	at com.google.android.gms.measurement.internal.zzai.run(com.google.android.gms:play-services-measurement-impl@@17.5.0:7)
03-15 02:42:32.833 22941 22994 W ConnectionTracker: 	at java.util.concurrent.Executors$RunnableAdapter.call(Executors.java:462)
03-15 02:42:32.833 22941 22994 W ConnectionTracker: 	at java.util.concurrent.FutureTask.run(FutureTask.java:266)
03-15 02:42:32.833 22941 22994 W ConnectionTracker: 	at com.google.android.gms.measurement.internal.zzfy.run(com.google.android.gms:play-services-measurement-impl@@17.5.0:21)
03-15 02:42:32.843   759   759 E audit   : type=1400 audit(1647312152.840:10470): avc:  denied  { ioctl } for  pid=23982 comm="busybox" path="pipe:[4625714]" dev="pipefs" ino=4625714 ioctlcmd=0x5413 scontext=u:r:shell:s0 tcontext=u:r:shell:s0 tclass=fifo_file permissive=0 SEPF_SM-G991B_11_0010 audit_filtered
03-15 02:42:32.843   759   759 E audit   : type=1300 audit(1647312152.840:10470): arch=40000028 syscall=54 success=yes exit=4294967283 a0=1 a1=5413 a2=ff8d1bb8 a3=1273c0 items=0 ppid=23366 pid=23982 auid=4294967295 uid=2000 gid=2000 euid=2000 suid=2000 fsuid=2000 egid=2000 sgid=2000 fsgid=2000 tty=(none) ses=4294967295 comm="busybox" exe="/data/local/tmp/busybox" subj=u:r:shell:s0 key=(null)
03-15 02:42:32.843   759   759 E audit   : type=1327 audit(1647312152.840:10470): proctitle=2F646174612F6C6F63616C2F746D702F62757379626F7800736564002D6E00732F5E6370755B5B3A73706163653A5D5D2F2F70002F70726F632F73746174
03-15 02:42:32.849   759   759 E audit   : type=1400 audit(1647312152.844:10471): avc:  denied  { ioctl } for  pid=23984 comm="busybox" path="pipe:[4637748]" dev="pipefs" ino=4637748 ioctlcmd=0x5413 scontext=u:r:shell:s0 tcontext=u:r:shell:s0 tclass=fifo_file permissive=0 SEPF_SM-G991B_11_0010 audit_filtered
03-15 02:42:32.858   791 11556 I audio_hw_proxy2: fast_out-proxy_stop_playback_stream: stop Device
03-15 02:42:32.858   791 11556 I audio_hw_playback: fast_out-out_standby: transited to Idle
03-15 02:42:32.863   572  1125 E audit   : avc:  denied  { find } for pid=7179 uid=10276 name=tethering scontext=u:r:permissioncontroller_app:s0:c20,c257,c512,c768 tcontext=u:object_r:tethering_service:s0 tclass=service_manager permissive=0
03-15 02:42:32.863   572  1125 I servicemanager: tethering : getService has failed, permission denied.
03-15 02:42:32.929   791 11556 I audio_hw_proxy2: fast_out-proxy_close_playback_stream: closed PCM Device
03-15 02:42:32.929   791 11556 I audio_hw_playback: fast_out-out_standby: transited to Standby
03-15 02:42:32.929   791 11556 I audio_hw_playback: fast_out-out_standby: try to unroute for standby
03-15 02:42:32.929   791 11556 V audio_route: Reset path: media-dual-speaker
03-15 02:42:32.929   791 11556 I audio_route: > audio_route_update_path : "media-dual-speaker" reverse(1)
03-15 02:42:32.940   791 11556 I audio_hw_proxy_route: proxy-reset_route: unrouted media-dual-speaker
03-15 02:42:32.940   791 11556 V audio_route: Reset path: gain-media-dual-speaker
03-15 02:42:32.941   791 11556 I audio_route: > audio_route_update_path : "gain-media-dual-speaker" reverse(1)
03-15 02:42:32.942   791 11556 I audio_hw_proxy_route: proxy-reset_route: reset gain gain-media-dual-speaker
03-15 02:42:32.942   791 11556 I audio_hw_route: fast_out-set_unroute_for_playback-1: unroutes to device(speaker) for usage(media)
03-15 02:42:32.943   911  1490 D NativeSemDvfsManager: release():: mIsAcquired = 1 , mName =   , mTagName : AudioFlinger
03-15 02:42:32.943   911  1490 E NativeCustomFrequencyManager: [NativeCFMS] BpCustomFrequencyManager::release()
03-15 02:42:32.943   823   877 I HYPER-HAL: [ResourceManager.cpp]removeResource(): [CPUMinFreq] RemoveResource Request ID : 1827916
03-15 02:42:32.944  1199  7239 I system_server: oneway function results will be dropped but finished with status OK and parcel size 4
03-15 02:42:32.944   823   877 I HYPER-HAL: [RequestManager.cpp]releaseLocked(): Released ID : 1827916
03-15 02:42:33.065   572   582 E audit   : avc:  denied  { find } for pid=7179 uid=10276 name=tethering scontext=u:r:permissioncontroller_app:s0:c20,c257,c512,c768 tcontext=u:object_r:tethering_service:s0 tclass=service_manager permissive=0
03-15 02:42:33.065   572   582 I servicemanager: tethering : getService has failed, permission denied.
03-15 02:42:33.170   915  8204 D NativeSemDvfsManager: acquire:: timeout = 2000 mIsAcquired = 1  mTagName : SurfaceFlinger
03-15 02:42:33.171   915  8204 E NativeCustomFrequencyManager: [NativeCFMS] BpCustomFrequencyManager::acquire()
03-15 02:42:33.171   823   877 I HYPER-HAL: [RequestManager.cpp]acquire(): Acquired ID : 1835570  [915 / 1000]    HINT :      list : [GPUMinFreq / 312000] [TIMEOUT / 2000]
03-15 02:42:33.256 21640 22983 E class fr.pchab.AndroidRTC.NewTabPoller: error sending newtab event : timeout
03-15 02:42:33.266   572   582 E audit   : avc:  denied  { find } for pid=7179 uid=10276 name=tethering scontext=u:r:permissioncontroller_app:s0:c20,c257,c512,c768 tcontext=u:object_r:tethering_service:s0 tclass=service_manager permissive=0
03-15 02:42:33.266   572   582 I servicemanager: tethering : getService has failed, permission denied.
03-15 02:42:33.273 23845 23892 I appium  : AndroidServer created on port 6790
03-15 02:42:33.273 23845 23892 I appium  : io.appium.uiautomator2.server started:
03-15 02:42:33.275  1199  9313 D PowerManagerService: [api] acquire WakeLock SCREEN_DIM_WAKE_LOCK           'UiAutomator2:ScreenKeeper' (uid=10297 pid=23845 pkg=io.appium.uiautomator2.server)
03-15 02:42:33.284   915  7804 I SurfaceFlinger: id=3303 createSurf (0x0),-1 flag=80004, WindowToken{8a21fbb android.os.Binder@fb1d44a}#0
03-15 02:42:33.285  1199  9313 D SettingsProvider: isChangeAllowed() : name = accessibility_enabled
03-15 02:42:33.286  1199  9313 I GenerationRegistry: mBackingStore.isClosed() : false
03-15 02:42:33.286  1199  9313 D AccessibilityManagerService: currentTargets : [] lastSize : 0
03-15 02:42:33.290 16344 16386 I A       : NGA disabled since it's running Panthera and at least one a11y feature is on.
03-15 02:42:33.290 16344 16386 I A       : Nga state changed to DISABLED
03-15 02:42:33.292 16513 19015 I A       : [Memory] eligibility: StashEligibility{4}
03-15 02:42:33.295  1199  7233 D SettingsProvider: isChangeAllowed() : name = accessibility_enabled
03-15 02:42:33.296  1199  7233 I GenerationRegistry: mBackingStore.isClosed() : false
03-15 02:42:33.296  1199  7233 D AccessibilityManagerService: currentTargets : [] lastSize : 0
03-15 02:42:33.301 23845 24080 I appium  : Started UiAutomator2 io.appium.uiautomator2.http io.appium.uiautomator2.server on port 6790
03-15 02:42:33.302 20194 20194 V Navbar.Store: ----handleEvent [EventType] ON_UPDATE_REMOTEVIEW [Module] SamsungNavigationBarView  KEYS_CONTEXTUALBUTTON_VISIBLE=false  KEYS_RIGHT_REMOTEVIEW_CONTAINER=android.widget.LinearLayout{aa60f51 I.E...... ......I. 962,0-1080,144 #7f0a0586 app:id/right_remoteview}  KEYS_LEFT_REMOTEVIEW_CONTAINER=android.widget.LinearLayout{b0563b6 I.E...... ......I. 0,0-118,144 #7f0a0382 app:id/left_remoteview}  KEYS_NAVBAR_DARK_INTENSITY=0.0
03-15 02:42:33.302 20194 20194 V Navbar.Store: ------[Band]REMOTE_VIEW_PACK_SET_REMOTEVIEW_CONTAINER
03-15 02:42:33.302 20194 20194 V Navbar.Store: --------apply(UPDATE_NAVBAR_REMOTEVIEW_CONTAINER)
03-15 02:42:33.302 20194 20194 V Navbar.Store: --------apply(UPDATE_NAVBAR_RIGHT_REMOTEVIEW_VISIBILITY)
03-15 02:42:33.302 20194 20194 V Navbar.Store: --------getValue(FLOAT_REMOTEVIEW_DARK_INTENSITY)=0.0
03-15 02:42:33.302 20194 20194 V Navbar.Store: handleEvent [EventType] ON_NAVBAR_UPDATE_A11Y_SERVICE [Module] NavigationBarFragment  KEYS_CLICKABLE=false  KEYS_LONG_CLICKABLE=false
03-15 02:42:33.302 20194 20194 V Navbar.Store: --[Band]SETUPWIZARD_PACK_UPDATE_A11Y_SERVICE
03-15 02:42:33.302  1199  1199 I AccessibilityManagerService: semIsAccessibilityServiceEnabled()
03-15 02:42:33.303  1199  1199 I AccessibilityManagerService: accesibilityService is null
03-15 02:42:33.303  1199  1199 I AccessibilityManagerService: semIsAccessibilityServiceEnabled()
03-15 02:42:33.303  1199  1199 I AccessibilityManagerService: accesibilityService is null
03-15 02:42:33.303  1199  1199 D AS.AudioService: Accessibility volume enabled = false
03-15 02:42:33.305 20194 20194 V Navbar.Store: ----getValue(BOOL_NAVBAR_BUTTON_FORCED_VISIBLE)=false
03-15 02:42:33.305 20194 20194 V Navbar.Store: ----getValue(BOOL_NAVBAR_SETUPWIZARD_STYLE)=false
03-15 02:42:33.306 21640 22983 I class fr.pchab.AndroidRTC.NewTabPoller: URL: https://183.177.55.151/json?debug_port=
03-15 02:42:33.307 21640 22983 I System.out: (HTTPLog)-Static: isSBSettingEnabled false
03-15 02:42:33.307 21640 22983 I System.out: (HTTPLog)-Static: isSBSettingEnabled false
03-15 02:42:33.308   782   884 E Netd    : getNetworkForDns: getNetId from enterpriseCtrl is netid 0
03-15 02:42:33.311 20194 20194 V Navbar.Store: handleEvent [EventType] GET_BOOL_NAVBAR_CAN_MOVE_STATE [Module] SamsungNavigationBarView  KEYS_DEFAULT=true
03-15 02:42:33.311 20194 20194 V Navbar.Store: --[Band]CONFIG_PACK_GET_NAVBAR_CAN_MOVE
03-15 02:42:33.311 20194 20194 V Navbar.Store: ----getValue(BOOL_NAVBAR_CAN_MOVE)=true
03-15 02:42:33.348 23845 24082 W tomator2.serve: Accessing hidden method Lsun/misc/VM;->maxDirectMemory()J (greylist, reflection, allowed)
03-15 02:42:33.353 23845 24082 W tomator2.serve: Accessing hidden field Lsun/nio/ch/SelectorImpl;->selectedKeys:Ljava/util/Set; (greylist, reflection, allowed)
03-15 02:42:33.353 23845 24082 W tomator2.serve: Accessing hidden field Lsun/nio/ch/SelectorImpl;->publicSelectedKeys:Ljava/util/Set; (greylist, reflection, allowed)
03-15 02:42:33.357 23845 24082 D TcpOptimizer: TcpOptimizer-ON
03-15 02:42:33.391  1199  1411 I AppOps  : commitUidPendingStateLocked() :: UID - 10152, 200 > 200, 7 > 7
03-15 02:42:33.467   572   582 E audit   : avc:  denied  { find } for pid=7179 uid=10276 name=tethering scontext=u:r:permissioncontroller_app:s0:c20,c257,c512,c768 tcontext=u:object_r:tethering_service:s0 tclass=service_manager permissive=0
03-15 02:42:33.469   572   582 I servicemanager: tethering : getService has failed, permission denied.
03-15 02:42:33.601  1199  1411 I AppOps  : commitUidPendingStateLocked() :: UID - 10063, 100 > 100, 7 > 7
03-15 02:42:33.647  1199  1411 V BroadcastQueue: Delayed Parallel Broadcast added to main list BroadcastRecord{2da9ad2 u0 android.intent.action.PACKAGE_RESTARTED}
03-15 02:42:33.648  1199  1411 V BroadcastQueue: Delayed Parallel Broadcast added to main list BroadcastRecord{65b5c82 u0 android.intent.action.PACKAGE_RESTARTED}
03-15 02:42:33.648  1199  1411 V BroadcastQueue: Delayed Parallel Broadcast added to main list BroadcastRecord{c66bece u0 android.intent.action.PACKAGE_DATA_CLEARED}
03-15 02:42:33.648  1199  1411 V BroadcastQueue: Delayed Parallel Broadcast added to main list BroadcastRecord{280e52c u0 android.intent.action.PACKAGE_RESTARTED}
03-15 02:42:33.648  1199  1411 V BroadcastQueue: Delayed Ordered Broadcast added to main list BroadcastRecord{2ac17a3 u0 android.intent.action.PACKAGE_RESTARTED}
03-15 02:42:33.648  1199  1411 V BroadcastQueue: Delayed Ordered Broadcast added to main list BroadcastRecord{9a22f93 u0 android.intent.action.PACKAGE_RESTARTED}
03-15 02:42:33.648  1199  1411 V BroadcastQueue: Delayed Ordered Broadcast added to main list BroadcastRecord{73631ef u0 android.intent.action.PACKAGE_DATA_CLEARED}
03-15 02:42:33.648  1199  1411 V BroadcastQueue: Delayed Ordered Broadcast added to main list BroadcastRecord{2bd2bf5 u0 android.intent.action.PACKAGE_RESTARTED}
03-15 02:42:33.652  1199  1199 D SamsungAlarmManager: Remove alarm for next reason : android.intent.action.PACKAGE_RESTARTED / pkg:com.tiket.gits
03-15 02:42:33.654  7569  7569 D RegisteredServicesCache: com.tiket.gits is not related HCE package
03-15 02:42:33.656  7635  7635 E PhoneInterfaceManager: [PhoneIntfMgr] getCarrierPackageNamesForIntentAndPhone: No UICC
03-15 02:42:33.656  7635  7635 D CarrierSvcBindHelper: No carrier app for: 0
03-15 02:42:33.657  7635  7635 E PhoneInterfaceManager: [PhoneIntfMgr] getCarrierPackageNamesForIntentAndPhone: No UICC
03-15 02:42:33.657  7635  7635 D CarrierSvcBindHelper: No carrier app for: 1
03-15 02:42:33.658  1199  1199 D SamsungAlarmManager: Remove alarm for next reason : android.intent.action.PACKAGE_RESTARTED / pkg:com.tiket.gits
03-15 02:42:33.658  7569  7569 D RegisteredNfcFServicesCache: Service unchanged, not updating
03-15 02:42:33.659  7569  7569 D RegisteredServicesCache: com.tiket.gits is not related HCE package
03-15 02:42:33.660  7635  7635 E PhoneInterfaceManager: [PhoneIntfMgr] getCarrierPackageNamesForIntentAndPhone: No UICC
03-15 02:42:33.660  7635  7635 D CarrierSvcBindHelper: No carrier app for: 0
03-15 02:42:33.661  7635  7635 E PhoneInterfaceManager: [PhoneIntfMgr] getCarrierPackageNamesForIntentAndPhone: No UICC
03-15 02:42:33.661  7635  7635 D CarrierSvcBindHelper: No carrier app for: 1
03-15 02:42:33.663 20194 20194 D KeyguardUpdateMonitor: received broadcast android.intent.action.PACKAGE_DATA_CLEARED
03-15 02:42:33.664  1199  1411 W BroadcastQueue: Background execution not allowed: receiving Intent { act=android.intent.action.PACKAGE_RESTARTED dat=package:com.tiket.gits flg=0x10 (has extras) } to android/com.kddi.android.CpaNotiReceiver
03-15 02:42:33.664  1199  1411 W BroadcastQueue: Background execution not allowed: receiving Intent { act=android.intent.action.PACKAGE_RESTARTED dat=package:com.tiket.gits flg=0x10 (has extras) } to android/com.kddi.android.CpaNotiReceiver
03-15 02:42:33.664  7635  7635 I Telephony: SamsungTuiRelayReceiver: registerWhoWhoPackageDataClearedEvents
03-15 02:42:33.665  1199  1199 D AdaptiveBrightnessLongtermModelBuilder: Received android.intent.action.PACKAGE_DATA_CLEARED
03-15 02:42:33.665  1199  1199 D SEP_UNION_SemDeviceInfoManagerService: onReceive : android.intent.action.PACKAGE_DATA_CLEARED, userId = 0
03-15 02:42:33.665  1199  1199 D SEP_UNION_SemDeviceInfoManagerService: Data cleared package = package:com.tiket.gits, key = com.samsung.android.app.routines
03-15 02:42:33.665  1199  1199 D SEP_UNION_SemDeviceInfoManagerService: Data cleared package = package:com.tiket.gits, key = com.samsung.android.app.galaxyfinder
03-15 02:42:33.665  1199  1199 D SEP_UNION_SemDeviceInfoManagerService: Data cleared package = package:com.tiket.gits, key = com.sec.android.app.sbrowser
03-15 02:42:33.665  1199  1199 D SamsungAlarmManager: Remove alarm for next reason : android.intent.action.PACKAGE_RESTARTED / pkg:io.appium.uiautomator2.server.test
03-15 02:42:33.665  7635  7635 E PhoneInterfaceManager: [PhoneIntfMgr] getCarrierPackageNamesForIntentAndPhone: No UICC
03-15 02:42:33.665  7635  7635 D CarrierSvcBindHelper: No carrier app for: 0
03-15 02:42:33.666  7569  7569 D RegisteredNfcFServicesCache: Service unchanged, not updating
03-15 02:42:33.667  7569  7569 D RegisteredServicesCache: io.appium.uiautomator2.server.test is not related HCE package
03-15 02:42:33.668  7569  7569 D RegisteredNfcFServicesCache: Service unchanged, not updating
03-15 02:42:33.668  1199  1409 D SettingsProvider: onPackageDataCleared PackageName = com.tiket.gits
03-15 02:42:33.669   572  1580 E audit   : avc:  denied  { find } for pid=7179 uid=10276 name=tethering scontext=u:r:permissioncontroller_app:s0:c20,c257,c512,c768 tcontext=u:object_r:tethering_service:s0 tclass=service_manager permissive=0
03-15 02:42:33.669   572  1580 I servicemanager: tethering : getService has failed, permission denied.
03-15 02:42:33.678  7635  7635 E PhoneInterfaceManager: [PhoneIntfMgr] getCarrierPackageNamesForIntentAndPhone: No UICC
03-15 02:42:33.678  7635  7635 D CarrierSvcBindHelper: No carrier app for: 1
03-15 02:42:33.678 14533 14533 I CarrierServices: [2] RcsAutoStartReceiver.a: enableRcs changed from true to true
03-15 02:42:33.685  1199  1411 D StorageManagerService: getExternalStorageMountMode: uid=10261 packageName=com.android.chrome
03-15 02:42:33.685  1199  1411 D CompatibilityChangeReporter: Compat change id reported: 135634846; UID 10261; state: DISABLED
03-15 02:42:33.686  1199  1412 D CompatibilityChangeReporter: Compat change id reported: 143937733; UID 10261; state: ENABLED
03-15 02:42:33.695   784   784 D Zygote  : Forked child process 24128
03-15 02:42:33.696  1199  1412 I ActivityManager: Start proc 24128:com.android.chrome/u0a261 for broadcast {com.android.chrome/org.chromium.chrome.browser.browserservices.ClientAppBroadcastReceiver}
03-15 02:42:33.713 24128 24128 E .android.chrom: Not starting debugger since process cannot load the jdwp agent.
03-15 02:42:33.715   919   952 I heimdall: insert_task_to_group:57, insert tgid 24128 to group com.android.chrome, ret = 0
03-15 02:42:33.716 24128 24128 D ActivityThread: setConscryptValidator
03-15 02:42:33.716 24128 24128 D ActivityThread: setConscryptValidator - put
03-15 02:42:33.717  1199  8175 I ActivityManager: DSS OFF for com.android.chrome
03-15 02:42:33.719  1199  8175 D ActivityManager: attachApplicationLocked() app=ProcessRecord{e8e78f 24128:com.android.chrome/u0a261} app.isolatedEntryPoint=null instr2=null
03-15 02:42:33.720 24128 24128 D ActivityThread: handleBindApplication()++ app=com.android.chrome
03-15 02:42:33.727 24128 24128 W ActivityThread: Application com.android.chrome can be debugged on port 8100...
03-15 02:42:33.746 24128 24128 W .android.chrom: JIT profile information will not be recorded: profile file does not exist.
03-15 02:42:33.746 24128 24128 W .android.chrom: JIT profile information will not be recorded: profile file does not exist.
03-15 02:42:33.746 24128 24128 W .android.chrom: JIT profile information will not be recorded: profile file does not exist.
03-15 02:42:33.747 24128 24128 W .android.chrom: JIT profile information will not be recorded: profile file does not exist.
03-15 02:42:33.747 24128 24128 W .android.chrom: JIT profile information will not be recorded: profile file does not exist.
03-15 02:42:33.747 24128 24128 W .android.chrom: JIT profile information will not be recorded: profile file does not exist.
03-15 02:42:33.757 24128 24128 D ActivityThread: handleBindApplication() -- skipGraphicsSupport=false
03-15 02:42:33.758 24128 24128 D ActivityThread: ActivityThread::handleMakeApplication() data=AppBindData{appInfo=ApplicationInfo{4615dcf com.android.chrome}} appContext=android.app.ContextImpl@524335c appContext.mOpPackageName=com.android.chrome appContext.mBasePackageName=com.android.chrome appContext.mPackageInfo=android.app.LoadedApk@d381665 data.restrictedBackupMode= false data.providers= [ContentProviderInfo{name=com.android.chrome.FileProvider className=org.chromium.chrome.browser.util.ChromeFileProvider}, ContentProviderInfo{name=com.android.chrome.icing className=com.google.android.apps.chrome.icing.IcingProvider}, ContentProviderInfo{name=com.android.chrome.AutofillDataProvider className=com.google.android.apps.chrome.autofill.AutofillDataProvider}, ContentProviderInfo{name=com.android.chrome.DownloadFileProvider className=org.chromium.chrome.browser.download.DownloadFileProvider}, ContentProviderInfo{name=com.android.chrome.ChromeBrowserProvider;com.android.chrome.browser;com.android.chrome className=org.chromium.chrome.browser.provider.ChromeBrowserProvider}, ContentProviderInfo{name=com.android.chrome.AttributionReporting className=org.chromium.chrome.browser.attribution_reporting.AttributionReportingProvider}] Caller=android.app.ActivityThread.handleBindApplication:7446 android.app.ActivityThread.access$1500:301 android.app.ActivityThread$H.handleMessage:2148 android.os.Handler.dispatchMessage:106 android.os.Looper.loop:246
03-15 02:42:33.759 24128 24128 D LoadedApk: LoadedApk::makeApplication() appContext=android.app.ContextImpl@ed27f3a appContext.mOpPackageName=com.android.chrome appContext.mBasePackageName=com.android.chrome appContext.mPackageInfo=android.app.LoadedApk@d381665
03-15 02:42:33.760 24128 24128 D NetworkSecurityConfig: Using Network Security Config from resource 0_resource_name_obfuscated debugBuild: false
03-15 02:42:33.767 24128 24128 D NetworkSecurityConfig: Using Network Security Config from resource 0_resource_name_obfuscated debugBuild: false
03-15 02:42:33.769 24128 24128 I cr_SplitCompatApp: Launched version=96.0.4664.104 minSdkVersion=29 isBundle=true processName=com.android.chrome isIsolated=false
03-15 02:42:33.787  1199  8175 I GenerationRegistry: mBackingStore.isClosed() : false
03-15 02:42:33.805   782   884 E Netd    : getNetworkForDns: getNetId from enterpriseCtrl is netid 0
03-15 02:42:33.816  4925  5502 I FontLog : Received query Google Sans, URI content://com.google.android.gms.fonts [CONTEXT service_id=132 ]
03-15 02:42:33.816  4925  5502 I FontLog : Query [Google Sans] resolved to {Google Sans, wdth 100.0, wght 400, ital 0.0, bestEffort false} [CONTEXT service_id=132 ]
