03-14 07:06:55.273 17842 24869 V Apptimize: Apptimize: List Filter with operator "in" is comparing Android and [Android]
03-14 07:06:55.273 17842 24869 V Apptimize: Apptimize: Filter with operator "=" is comparing Android and Android
03-14 07:06:55.274 17842 24869 V Apptimize: Apptimize: Filter with operator ">=" is comparing 11 and 11
03-14 07:06:55.274 17842 24869 V Apptimize: Apptimize: List Filter with operator "in" is comparing Android and [Android]
03-14 07:06:55.274 17842 24869 V Apptimize: Apptimize: Filter with operator "=" is comparing Android and Android
03-14 07:06:55.274 17842 24869 V Apptimize: Apptimize: List Filter with operator "in" is comparing SM-G991B and [Pixel 3a XL, SM-A520F, SM-A520DS, SM-A520F/DS, SM-A320FL, SM-A320F, SM-A320DS, SM-A320Y, SM-J737A, SM-J737V, SM-J737P, SM-J737U, SM-J737, SM-N950F, SM-N950DS, SM-N950U, SM-N950W, SM-N950N, SM-N950, SM-950U1, SM-N950U1, SM-G900F]
03-14 07:06:55.274 17842 24869 V Apptimize: Apptimize: Filter with operator "=" is comparing SM-G991B and Pixel 3a XL
03-14 07:06:55.274 17842 24869 V Apptimize: Apptimize: Filter with operator "=" is comparing SM-G991B and SM-A520F
03-14 07:06:55.274 17842 24869 V Apptimize: Apptimize: Filter with operator "=" is comparing SM-G991B and SM-A520DS
03-14 07:06:55.274 17842 24869 V Apptimize: Apptimize: Filter with operator "=" is comparing SM-G991B and SM-A520F/DS
03-14 07:06:55.274 17842 24869 V Apptimize: Apptimize: Filter with operator "=" is comparing SM-G991B and SM-A320FL
03-14 07:06:55.274 17842 24869 V Apptimize: Apptimize: Filter with operator "=" is comparing SM-G991B and SM-A320F
03-14 07:06:55.274 17842 24869 V Apptimize: Apptimize: Filter with operator "=" is comparing SM-G991B and SM-A320DS
03-14 07:06:55.274 17842 24869 V Apptimize: Apptimize: Filter with operator "=" is comparing SM-G991B and SM-A320Y
03-14 07:06:55.274 17842 24869 V Apptimize: Apptimize: Filter with operator "=" is comparing SM-G991B and SM-J737A
03-14 07:06:55.274 17842 24869 V Apptimize: Apptimize: Filter with operator "=" is comparing SM-G991B and SM-J737V
03-14 07:06:55.274 17842 24869 V Apptimize: Apptimize: Filter with operator "=" is comparing SM-G991B and SM-J737P
03-14 07:06:55.274 17842 24869 V Apptimize: Apptimize: Filter with operator "=" is comparing SM-G991B and SM-J737U
03-14 07:06:55.274 17842 24869 V Apptimize: Apptimize: Filter with operator "=" is comparing SM-G991B and SM-J737
03-14 07:06:55.274 17842 24869 V Apptimize: Apptimize: Filter with operator "=" is comparing SM-G991B and SM-N950F
03-14 07:06:55.274 17842 24869 V Apptimize: Apptimize: Filter with operator "=" is comparing SM-G991B and SM-N950DS
03-14 07:06:55.274 17842 24869 V Apptimize: Apptimize: Filter with operator "=" is comparing SM-G991B and SM-N950U
03-14 07:06:55.274 17842 24869 V Apptimize: Apptimize: Filter with operator "=" is comparing SM-G991B and SM-N950W
03-14 07:06:55.274 17842 24869 V Apptimize: Apptimize: Filter with operator "=" is comparing SM-G991B and SM-N950N
03-14 07:06:55.274 17842 24869 V Apptimize: Apptimize: Filter with operator "=" is comparing SM-G991B and SM-N950
03-14 07:06:55.274 17842 24869 V Apptimize: Apptimize: Filter with operator "=" is comparing SM-G991B and SM-950U1
03-14 07:06:55.274 17842 24869 V Apptimize: Apptimize: Filter with operator "=" is comparing SM-G991B and SM-N950U1
03-14 07:06:55.274 17842 24869 V Apptimize: Apptimize: Filter with operator "=" is comparing SM-G991B and SM-G900F
03-14 07:06:55.284 11664 11714 I WindowManager: Reparenting to original parent: Surface(name=ActivityRecord{6480bd8 u0 com.tiket.gits/.v2splash.SplashV2Activity t1066})/@0xd9875a7, destroy=true, surface=Surface(name=68bd88b Splash Screen com.tiket.gits)/@0x54d5e66
03-14 07:06:55.284 11664 11714 I SurfaceControl: nativeRelease nativeObject s[-5476376638140247872]
03-14 07:06:55.284 11664 11714 I SurfaceControl: nativeRelease nativeObject e[-5476376638140247872]
03-14 07:06:55.285 11664 11714 E WindowManager: win=Window{68bd88b u0 Splash Screen com.tiket.gits EXITING} destroySurfaces: appStopped=false win.mWindowRemovalAllowed=true win.mRemoveOnExit=true win.mViewVisibility=0 caller=com.android.server.wm.ActivityRecord.destroySurfaces:5251 com.android.server.wm.ActivityRecord.destroySurfaces:5232 com.android.server.wm.WindowState.onExitAnimationDone:5623 com.android.server.wm.WindowStateAnimator.onAnimationFinished:332 com.android.server.wm.WindowState.onAnimationFinished:6088 com.android.server.wm.-$$Lambda$dwJG8BAnLlvKNGuDY9U3-haNY4M.onAnimationFinished:2 com.android.server.wm.SurfaceAnimator.lambda$getFinishedCallback$0$SurfaceAnimator:112
03-14 07:06:55.285 11664 11714 I WindowManager: Destroying surface Surface(name=Splash Screen com.tiket.gits)/@0xb6570f0 called by com.android.server.wm.WindowStateAnimator.destroySurface:1794 com.android.server.wm.WindowStateAnimator.destroySurfaceLocked:765 com.android.server.wm.WindowState.destroySurfaceUnchecked:3918 com.android.server.wm.WindowState.destroySurface:3892 com.android.server.wm.ActivityRecord.destroySurfaces:5251 com.android.server.wm.ActivityRecord.destroySurfaces:5232 com.android.server.wm.WindowState.onExitAnimationDone:5623 com.android.server.wm.WindowStateAnimator.onAnimationFinished:332
03-14 07:06:55.285 11664 11714 I SurfaceControl: nativeRelease nativeObject s[-5476376638140236784]
03-14 07:06:55.285 11664 11714 I SurfaceControl: nativeRelease nativeObject e[-5476376638140236784]
03-14 07:06:55.285   916   938 I Layer   : id=31435 removeFromCurrentState Splash Screen com.tiket.gits#0 (68)
03-14 07:06:55.285 11664 11714 I SurfaceControl: nativeRelease nativeObject s[-5476376638140252464]
03-14 07:06:55.285 11664 11714 I SurfaceControl: nativeRelease nativeObject e[-5476376638140252464]
03-14 07:06:55.288   916   937 I Layer   : id=31434 removeFromCurrentState 68bd88b Splash Screen com.tiket.gits#0 (68)
03-14 07:06:55.288   916   937 I Layer   : id=31444 removeFromCurrentState Surface(name=68bd88b Splash Screen com.tiket.gits)/@0x54d5e66 - animation-leash#0 (68)
03-14 07:06:55.290 11493 24701 I HYPER-HAL: [ResourceManager.cpp]removeResource(): [CPUMinFreq] RemoveResource Request ID : 68404088
03-14 07:06:55.290 11493 24701 I HYPER-HAL: [RequestManager.cpp]releaseLocked(): Released ID : 68404088
03-14 07:06:55.290   916   938 I SurfaceFlinger: id=31434 Removed 68bd88b Splash Screen com.tiket.gits#0 (68)
03-14 07:06:55.290   916   938 I SurfaceFlinger: id=31444 Removed Surface(name=68bd88b Splash Screen com.tiket.gits)/@0x54d5e66 - animation-leash#0 (68)
03-14 07:06:55.290   916   938 I SurfaceFlinger: id=31435 Removed Splash Screen com.tiket.gits#0 (68)
03-14 07:06:55.292   916   916 I Layer   : id=31444[1] Destroyed Surface(name=68bd88b Splash Screen com.tiket.gits)/@0x54d5e66 - animation-leash#0
03-14 07:06:55.292   916   916 I Layer   : id=31434[1] Destroyed 68bd88b Splash Screen com.tiket.gits#0
03-14 07:06:55.292   916   916 I HWComposer: ActiveConfigToHWC, ID : 2
03-14 07:06:55.292   805   880 I display : Set Affinity config for fps(60) : 2, cpuIDs : 255
03-14 07:06:55.292   805   880 I display : Set Affinity CPU ID : 0
03-14 07:06:55.292   805   880 I display : Set Affinity CPU ID : 1
03-14 07:06:55.292   805   880 I display : Set Affinity CPU ID : 2
03-14 07:06:55.292   805   880 I display : Set Affinity CPU ID : 3
03-14 07:06:55.292   805   880 I display : Set Affinity CPU ID : 4
03-14 07:06:55.292   805   880 I display : Set Affinity CPU ID : 5
03-14 07:06:55.292   805   880 I display : Set Affinity CPU ID : 6
03-14 07:06:55.292   805   880 I display : Set Affinity CPU ID : 7
03-14 07:06:55.292   805   880 I display : Set affinity HWC : 805
03-14 07:06:55.292   805   880 I display : CPU set : Cluster(0), min_clock(0)
03-14 07:06:55.292   805   880 I display : CPU set : Cluster(1), min_clock(0)
03-14 07:06:55.292   805   880 I display : CPU set : Cluster(2), min_clock(0)
03-14 07:06:55.292   805   880 I display : setActiveConfig(config=2)
03-14 07:06:55.292   805   880 I display : next config(2): width=1080 height=2400 period=16666666 Xdpi=422030 Ydpi=423333 groupId=0
03-14 07:06:55.292   805   880 I display : Current VRR MODE is 3
03-14 07:06:55.293   916   916 I SurfaceFlinger: Touch=0, Idle=0, DisplayPower=0
03-14 07:06:55.293 11664 11732 V BroadcastQueue: Delayed Parallel Broadcast added to main list BroadcastRecord{e843e83 u0 android.intent.action.PACKAGE_RESTARTED}
03-14 07:06:55.293 11664 11733 V BroadcastQueue: Delayed Ordered Broadcast added to main list BroadcastRecord{5acb800 u0 android.intent.action.PACKAGE_RESTARTED}
03-14 07:06:55.294   916   916 I Layer   : id=31435[1] Destroyed Splash Screen com.tiket.gits#0
03-14 07:06:55.294 11664 11732 I ActivityTaskManager: Displayed com.tiket.gits/.v2splash.SplashV2Activity: +376ms
03-14 07:06:55.294 11664 11732 I Pageboost: Launch time gathered : pid 17842 com.tiket.gits 376
03-14 07:06:55.295  8306  8306 E pageboostd: Received HALT command code 2
03-14 07:06:55.298   916   916 D SurfaceFlinger: Display 21442653864348033 HWC layers:
03-14 07:06:55.298   916   916 D SurfaceFlinger:      DEVICE | 0xb4000070ea3dde10 | 0002 | RGBA_8888    |    0.0    0.0 1080.0 2400.0 |    0    0 1080 2400 | com.tiket.gits/com.tiket.gits.v2splash.SplashV2Activity$_17842#1
03-14 07:06:55.298   916   916 D SurfaceFlinger:      DEVICE | 0xb4000070ea3e2250 | 0000 | RGBA_8888    |    0.0    0.0 1080.0 2400.0 |    0    0 1080 2400 | com.tiket.gits/com.tiket.gits.v2splash.SplashV2Activity$_17842#0
03-14 07:06:55.298   916   916 D SurfaceFlinger:      DEVICE | 0xb4000070ea3ea750 | 0000 | RGBA_8888    |    0.0    0.0 1080.0   79.0 |    0    0 1080   79 | StatusBar$_20005#0
03-14 07:06:55.298   916   916 D SurfaceFlinger:      DEVICE | 0xb4000070ea3e5510 | 0000 | RGBA_8888    |    0.0    0.0   67.0  342.0 | 1013  458 1080  800 | com.samsung.android.app.cocktailbars[...]rservice.CocktailBarService$_17074#0
03-14 07:06:55.298   916   916 D SurfaceFlinger:      DEVICE | 0xb4000070ea3f7cd0 | 0000 | RGBA_8888    |    0.0    0.0 1080.0  144.0 |    0 2256 1080 2400 | NavigationBar0$_20005#0
03-14 07:06:55.298   916   916 D SurfaceFlinger:
03-14 07:06:55.298 11664 11664 D SamsungAlarmManager: Remove alarm for next reason : android.intent.action.PACKAGE_RESTARTED / pkg:com.tiket.gits
03-14 07:06:55.300   916   916 D Scheduler: onPrimaryDisplayConfigChanged to 2
03-14 07:06:55.300 12421 12421 D RegisteredServicesCache: com.tiket.gits is not related HCE package
03-14 07:06:55.301 11664 11713 D LocalDisplayAdapter: updateActiveRealModeLocked, mActiveRealPhysIndex=2, mActiveRealModeId=3, forceUpdate=false, caller=com.android.server.display.LocalDisplayAdapter$LocalDisplayDevice.onActiveDisplayConfigChangedLocked:1177 com.android.server.display.LocalDisplayAdapter$PhysicalDisplayEventReceiver.onConfigChanged:1503 android.view.DisplayEventReceiver.dispatchConfigChanged:216
03-14 07:06:55.301 11664 11713 I DisplayManagerService: Display device changed: DisplayDeviceInfo{"Built-in Screen": uniqueId="local:21442653864348033", 1080 x 2400, modeId 3, defaultModeId 3, supportedModes [{id=1, width=1080, height=2400, fps=120.00001}, {id=2, width=1080, height=2400, fps=96.00001}, {id=3, width=1080, height=2400, fps=60.000004}, {id=4, width=1080, height=2400, fps=48.000004}], refreshRateMode REFRESH_RATE_MODE_SEAMLESS, realModeId 3, colorMode 0, supportedColorModes [0, 6, 7], HdrCapabilities HdrCapabilities{mSupportedHdrTypes=[2, 3], mMaxLuminance=450.0, mMaxAverageLuminance=120.0, mMinLuminance=5.0E-4}, allmSupported false, gameContentTypeSupported false, density 480, 422.03 x 423.333 dpi, appVsyncOff 0, presDeadline 17666666, cutout DisplayCutout{insets=Rect(0, 80 - 0, 0) waterfall=Insets{left=0, top=0, right=0, bottom=0} boundingRect={Bounds=[Rect(0, 0 - 0, 0), Rect(510, 0 - 570, 80), Rect(0, 0 - 0, 0), Rect(0, 0 - 0, 0)]}}, touch INTERNAL, rotation 0, type INTERNAL, address {port=129, model=0x4c2dfae6a049}, deviceProductInfo DeviceProductInfo{name=samsung lcd  , manufacturerPnpId=SAM, productId=0, modelYear=null, manufactureDate=ManufactureDate{week=16, year=2020}, relativeAddress=null}, state ON, FLAG_DEFAULT_DISPLAY, FLAG_ROTATES_WITH_CONTENT, FLAG_SECURE, FLAG_SUPPORTS_PROTECTED_BUFFERS}
03-14 07:06:55.302 11664 13635 D SamsungAlarmManager: Cancel Alarm calling from uid:10535 pid :17842 / OP:PendingIntent{c8ac1c: PendingIntentRecord{38a0025 com.tiket.gits broadcastIntent}}
03-14 07:06:55.302 12053 12053 E PhoneInterfaceManager: [PhoneIntfMgr] getCarrierPackageNamesForIntentAndPhone: No UICC
03-14 07:06:55.303 12053 12053 D CarrierSvcBindHelper: No carrier app for: 0
03-14 07:06:55.303 12053 12053 E PhoneInterfaceManager: [PhoneIntfMgr] getCarrierPackageNamesForIntentAndPhone: No UICC
03-14 07:06:55.303 12053 12053 D CarrierSvcBindHelper: No carrier app for: 1
03-14 07:06:55.305 17842 25026 I System.out: (HTTPLog)-Static: isSBSettingEnabled false
03-14 07:06:55.305 17842 25026 I System.out: (HTTPLog)-Static: isSBSettingEnabled false
03-14 07:06:55.305 12421 12421 D RegisteredNfcFServicesCache: Service unchanged, not updating
03-14 07:06:55.305 17842 25028 I System.out: (HTTPLog)-Static: isSBSettingEnabled false
03-14 07:06:55.305 17842 25028 I System.out: (HTTPLog)-Static: isSBSettingEnabled false
03-14 07:06:55.307 11664 11713 D TspStateManager: updateCustomValue customSetting=
03-14 07:06:55.307 11664 11713 D TspStateManager: updateCustomValue customSetting=
03-14 07:06:55.312 11474 11596 E Netd    : getNetworkForDns: getNetId from enterpriseCtrl is netid 0
03-14 07:06:55.313 11664 11865 I CAE     : handleMessage(CaPowerManager.java:202) - AP_WAKEUP_Already_Delivered
03-14 07:06:55.313 11664 11865 I CAE     : handleMessage(CaPowerManager.java:212) - SCREEN_ON_Already_Delivered
03-14 07:06:55.315 11664 11664 E Native_CFMS: nativePerfMgrSendFps    Fail    fps : 60    return : -1
03-14 07:06:55.315 11664 11664 D MotionRecognitionService: [DisplayListner] getRefreshRate 60.000004
03-14 07:06:55.315 11664 11869 D LiftUpHandler: already ended..
03-14 07:06:55.315 11664 11869 D MotionRecognitionService: [REFRESHRATE]  : 60
03-14 07:06:55.315 11664 11869 D SensorService: setSContextDataLocked ints length 3 , byte length 8
03-14 07:06:55.315 11664 11869 D SensorService: setSContextDataLocked 100048c1
03-14 07:06:55.315   818   818 D Sensors : c1 48 00 10 3c 00 00 00
03-14 07:06:55.315   818   818 E Sensors : inject_scontext_data: New ssp_data_injection_fd(41)
03-14 07:06:55.318 17842 24872 W Firebase-Installations: Error when communicating with the Firebase Installations server API. HTTP response: [403 Forbidden: {
03-14 07:06:55.318 17842 24872 W Firebase-Installations:   "error": {
03-14 07:06:55.318 17842 24872 W Firebase-Installations:     "code": 403,
03-14 07:06:55.318 17842 24872 W Firebase-Installations:     "message": "Requests from this Android client application com.tiket.gits are blocked.",
03-14 07:06:55.318 17842 24872 W Firebase-Installations:     "status": "PERMISSION_DENIED",
03-14 07:06:55.318 17842 24872 W Firebase-Installations:     "details": [
03-14 07:06:55.318 17842 24872 W Firebase-Installations:       {
03-14 07:06:55.318 17842 24872 W Firebase-Installations:         "@type": "type.googleapis.com/google.rpc.ErrorInfo",
03-14 07:06:55.318 17842 24872 W Firebase-Installations:         "reason": "API_KEY_ANDROID_APP_BLOCKED",
03-14 07:06:55.318 17842 24872 W Firebase-Installations:         "domain": "googleapis.com",
03-14 07:06:55.318 17842 24872 W Firebase-Installations:         "metadata": {
03-14 07:06:55.318 17842 24872 W Firebase-Installations:           "service": "firebaseinstallations.googleapis.com",
03-14 07:06:55.318 17842 24872 W Firebase-Installations:           "consumer": "projects/97773465230"
03-14 07:06:55.318 17842 24872 W Firebase-Installations:         }
03-14 07:06:55.318 17842 24872 W Firebase-Installations:       }
03-14 07:06:55.318 17842 24872 W Firebase-Installations:     ]
03-14 07:06:55.318 17842 24872 W Firebase-Installations:   }
03-14 07:06:55.318 17842 24872 W Firebase-Installations: }
03-14 07:06:55.318 17842 24872 W Firebase-Installations: ]
03-14 07:06:55.318 17842 24872 W Firebase-Installations: Firebase options used while communicating with Firebase server APIs: AIzaSyCqlSxkW-baPvpoL_i3WMBgqpSmlXcEQ1s, tiketandroid-e9b2a, 1:97773465230:android:b84b0bce0112d07e
03-14 07:06:55.319 11664 11664 D GameManagerService: onDisplayChanged. displyId: 0, state: 2
03-14 07:06:55.319 11664 11888 D GameManagerService: onLooperPrepared(), msg: MSG_LCD_ON
03-14 07:06:55.319 11664 11664 D AODManagerService: requestReCalToTSP IsSingleTouchMode = false / previousDisplayState = ON
03-14 07:06:55.319   818   818 D Sensors : SContext Data Injection return 8
03-14 07:06:55.321 20005 20005 D DisplayLifecycle: updateDisplay id = 0
03-14 07:06:55.321 11474 11596 E Netd    : getNetworkForDns: getNetId from enterpriseCtrl is netid 0
03-14 07:06:55.326 11664 13635 D SensorService: Calling batch handle==1 flags=0 rate=2000000 timeout== 0
03-14 07:06:55.326   818   818 I Sensors : batch(0) - accelerometer_sensor try to batching with 2000000
03-14 07:06:55.327 24723 24723 D MessagingCapability: getCapabilities: add MARK_AS_READ_AVAILABLE
03-14 07:06:55.328 24723 24723 D PhotosCapability: getCapabilities: add MEDIA_DELETE
03-14 07:06:55.328 24723 24723 D RemotingCapability: getCapabilities: add APPS_ON_WINDOWS_SUPPORTED
03-14 07:06:55.329 24723 24723 D ContentTransferCapability: getCapabilities: add COPY_PASTE_AVAILABLE
03-14 07:06:55.329 24723 24723 D ContentTransferCapability: getCapabilities: add DRAG_DROP_AVAILABLE
03-14 07:06:55.332 17842 24892 I DynamiteModule: Considering local module com.google.android.gms.tagmanager:214 and remote module com.google.android.gms.tagmanager:215
03-14 07:06:55.332 17842 24892 I DynamiteModule: Selected remote version of com.google.android.gms.tagmanager, version >= 215
03-14 07:06:55.332 17842 24892 V DynamiteModule: Dynamite loader version >= 2, using loadModule2NoCrashUtils
03-14 07:06:55.333   818   818 I Sensors : flush accelerometer_sensor
03-14 07:06:55.333 17842 25045 W GAv4    : CampaignTrackingReceiver is not registered, not exported or is disabled. Installation campaign tracking is not possible. See http://goo.gl/8Rd3yj for instructions.
03-14 07:06:55.338   676   703 I WindowsLink: (YpcSignatureChecker) isSignatureAllowed in
03-14 07:06:55.339 17842 17842 D SensorManager: registerListener :: 1, LSM6DSO Accelerometer, 0, 0, com.appsflyer.internal.t@15f2c3ad
03-14 07:06:55.341 11664 12211 D SensorService: Calling batch handle==2 flags=0 rate=2000000 timeout== 0
03-14 07:06:55.341   818   818 I Sensors : batch(2) - gyro_sensor try to batching with 2000000
03-14 07:06:55.342   818   818 I Sensors : GyroSensor old sensor_state 16385, new sensor_state : 140754668240899 en : 1
03-14 07:06:55.344   818   818 I Sensors : enable:: gyro_sensor(2)
03-14 07:06:55.344   676   703 I WindowsLink: (BaseContentProvider) call: method = UserInfo@isTwoPhoneModeEnabled / subMethod = isTwoPhoneModeEnabled
03-14 07:06:55.345 17842 17842 D SensorManager: registerListener :: 2, LSM6DSO Gyroscope, 0, 0, com.appsflyer.internal.t@700e20fa
03-14 07:06:55.346   676   703 I WindowsLink: (SystemRepository) isEnabled: 0 - kt_two_phone_Account: 0 - isTwoPhoneMode: false
03-14 07:06:55.346   676   703 I WindowsLink: (UserInfoContentProvider) isTwoPhoneModeEnabled: result = false
03-14 07:06:55.350 11664 13654 D SensorService: Calling batch handle==5 flags=0 rate=10000000 timeout== 0
03-14 07:06:55.350   818   818 I Sensors : batch(1) - geomagnetic_sensor try to batching with 10000000
03-14 07:06:55.355 16596 16777 I PBSessionCacheImpl: Deleted sessionId[72991627139616440] from persistence.
03-14 07:06:55.356 16596 16762 W SearchServiceCore: Abort, client detached.
03-14 07:06:55.356 16596 16762 I MicroDetectionState: Should stop hotword detection immediately - true
03-14 07:06:55.357   818   818 I Sensors : GeoMagneticSensor old sensor_state 16387, new sensor_state : 140754668240915 en : 1
03-14 07:06:55.358   818   818 I Sensors : enable:: geomagnetic_sensor(1)
03-14 07:06:55.360 17842 17842 D SensorManager: registerListener :: 5, AK09918C Magnetometer, 0, 0, com.appsflyer.internal.t@2707dcf6
03-14 07:06:55.361 24723 24804 I System.out: (HTTPLog)-Static: isSBSettingEnabled false
03-14 07:06:55.362 24723 24804 I System.out: (HTTPLog)-Static: isSBSettingEnabled false
03-14 07:06:55.363   818  1573 E Sensors : Sensor : Meta event
03-14 07:06:55.364 17842 24892 I GoogleTagManager: Loading container GTM-T5PTKJM
03-14 07:06:55.365 17842 24892 I GoogleTagManager: Installing Tag Manager event handler.
03-14 07:06:55.368 17842 24892 I GoogleTagManager: Tag Manager event handler installed.
03-14 07:06:55.368 17842 24892 I GoogleTagManager: Tag Manager initilization took 14ms
03-14 07:06:55.373 17842 17842 I Dialog  : mIsSamsungBasicInteraction = false, isMetaDataInActivity = false
03-14 07:06:55.389 17842 17842 W BottomSheetBehavior: BottomSheetBehavior now supports multiple callbacks. `setBottomSheetCallback()` removes all existing callbacks, including ones set internally by library authors, which may result in unintended behavior. This may change in the future. Please use `addBottomSheetCallback()` and `removeBottomSheetCallback()` instead to set your own callbacks.
03-14 07:06:55.389 17842 17842 I DecorView: [INFO] isPopOver=false, config=false
03-14 07:06:55.389 17842 17842 I DecorView: updateCaptionType >> DecorView@54a0524[], isFloating=false, isApplication=true, hasWindowDecorCaption=false, hasWindowControllerCallback=false
03-14 07:06:55.389 17842 17842 D DecorView: setCaptionType = 0, this = DecorView@54a0524[]
03-14 07:06:55.403 11664 11924 D ConnectivityService: NetReassign [no changes]
03-14 07:06:55.412 11664 12211 D InputTransport: Input channel constructed: '629178b', fd=435
03-14 07:06:55.412 11664 12211 D InputTransport: Input channel constructed: '629178b', fd=780
03-14 07:06:55.412   916  7815 I SurfaceFlinger: id=31445 createSurf (0x0),-1 flag=80004, 629178b com.tiket.gits/com.tiket.gits.v2splash.SplashV2Activity#0
03-14 07:06:55.413 11664 12211 V WindowManager: Changing focus from Window{bcc7101 u0 com.tiket.gits/com.tiket.gits.v2splash.SplashV2Activity} to Window{629178b u0 com.tiket.gits/com.tiket.gits.v2splash.SplashV2Activity} displayId=0 Callers=com.android.server.wm.RootWindowContainer.updateFocusedWindowLocked:566 com.android.server.wm.WindowManagerService.updateFocusedWindowLocked:6311 com.android.server.wm.WindowManagerService.addWindow:1961 com.android.server.wm.Session.addToDisplayAsUser:182
03-14 07:06:55.413 11664 12211 I WindowManager: Cancelling animation restarting=true, leash=Surface(name=Surface(name=3adc3e8 StatusBar)/@0x6cb00a6 - animation-leash)/@0xb5309e7
03-14 07:06:55.413 11664 12211 I WindowManager: Reparenting to original parent: Surface(name=WindowToken{583e90b android.os.BinderProxy@4498a85})/@0x5060ae7, destroy=false, surface=Surface(name=3adc3e8 StatusBar)/@0x6cb00a6
03-14 07:06:55.413 11664 12211 I SurfaceControl: nativeRelease nativeObject s[-5476376638140044368]
03-14 07:06:55.413 11664 12211 I SurfaceControl: nativeRelease nativeObject e[-5476376638140044368]
03-14 07:06:55.413 11664 12211 I WindowManager: Reparenting to leash, surface=Surface(name=3adc3e8 StatusBar)/@0x6cb00a6, leashParent=Surface(name=WindowToken{583e90b android.os.BinderProxy@4498a85})/@0x5060ae7
03-14 07:06:55.413 11664 23559 I SystemUiVisibilityPolicyController: handleMessage: entry what = 1
03-14 07:06:55.413   916  7815 I SurfaceFlinger: id=31446 createSurf (0x0),-1 flag=24000, Surface(name=3adc3e8 StatusBar)/@0x6cb00a6 - animation-leash#1
03-14 07:06:55.413 11664 12211 D WindowManager: makeSurface duration=0 leash=Surface(name=Surface(name=3adc3e8 StatusBar)/@0x6cb00a6 - animation-leash)/@0xed65c81
03-14 07:06:55.413 11664 12211 I WindowManager: Cancelling animation restarting=true, leash=Surface(name=Surface(name=a50945d NavigationBar0)/@0x502e2a3 - animation-leash)/@0xf09c994
03-14 07:06:55.413 11664 12211 I WindowManager: Reparenting to original parent: Surface(name=WindowToken{3a88e34 android.os.BinderProxy@ec66746})/@0x5a59a0, destroy=false, surface=Surface(name=a50945d NavigationBar0)/@0x502e2a3
03-14 07:06:55.413 11664 12211 I SurfaceControl: nativeRelease nativeObject s[-5476376638140203856]
03-14 07:06:55.413 11664 12211 I SurfaceControl: nativeRelease nativeObject e[-5476376638140203856]
03-14 07:06:55.413 11664 12211 I WindowManager: Reparenting to leash, surface=Surface(name=a50945d NavigationBar0)/@0x502e2a3, leashParent=Surface(name=WindowToken{3a88e34 android.os.BinderProxy@ec66746})/@0x5a59a0
03-14 07:06:55.413 17074 17074 I TrayStateController: systemUiVisibilityChanged : 0 0
03-14 07:06:55.414   916  7815 I SurfaceFlinger: id=31447 createSurf (0x0),-1 flag=24000, Surface(name=a50945d NavigationBar0)/@0x502e2a3 - animation-leash#0
03-14 07:06:55.414 24723 24723 I CDP     : {"date":"2022-03-14T07:06:55.414","PID":24723,"TID":24723,"message":{"text":"CDP is initializing for Android in Release mode [1.6.1]"},"level":3,"flags":2}
03-14 07:06:55.414 11664 12211 D WindowManager: makeSurface duration=1 leash=Surface(name=Surface(name=a50945d NavigationBar0)/@0x502e2a3 - animation-leash)/@0xe3ae126
03-14 07:06:55.414 11664 12211 D StatusBarManagerService: notifyRequestedSystemKey recent=false home=false
03-14 07:06:55.414 24723 24723 I CDP     : {"date":"2022-03-14T07:06:55.414","PID":24723,"TID":24723,"message":{"text":"SDKAccountProvider tries to deserialize %d accounts"},"level":3,"flags":2}
03-14 07:06:55.414 24723 24723 I CDP     : {"date":"2022-03-14T07:06:55.414","PID":24723,"TID":24723,"message":{"text":"SDKAccountProvider: load %d accounts"},"level":3,"flags":2}
03-14 07:06:55.414 11664 12211 D InputTransport: Input channel destroyed: '629178b', fd=780
03-14 07:06:55.414 24723 24723 I CDP     : {"date":"2022-03-14T07:06:55.414","PID":24723,"TID":24723,"message":{"text":"NotificationRegistrationManager: begin deserializing %d account notification settings. address = %x"},"level":3,"flags":2}
03-14 07:06:55.414 24723 24723 I CDP     : {"date":"2022-03-14T07:06:55.414","PID":24723,"TID":24723,"message":{"text":"NotificationRegistrationManager: Loaded %d account notification settings."},"level":3,"flags":2}
03-14 07:06:55.414 17842 17842 D InputTransport: Input channel constructed: '629178b', fd=127
03-14 07:06:55.416 17842 17842 I ViewRootImpl@d1f1125[SplashV2Activity]: setView = com.android.internal.policy.DecorView@54a0524 TM=true
03-14 07:06:55.416 17842 17842 W BottomSheetBehavior: BottomSheetBehavior now supports multiple callbacks. `setBottomSheetCallback()` removes all existing callbacks, including ones set internally by library authors, which may result in unintended behavior. This may change in the future. Please use `addBottomSheetCallback()` and `removeBottomSheetCallback()` instead to set your own callbacks.
03-14 07:06:55.418 17842 17842 I ViewRootImpl@60965de[SplashV2Activity]: MSG_WINDOW_FOCUS_CHANGED 1 1
03-14 07:06:55.418 17842 17842 D InputMethodManager: prepareNavigationBarInfo() DecorView@637b25c[SplashV2Activity]
03-14 07:06:55.418 17842 17842 D InputMethodManager: getNavigationBarColor() -855310
03-14 07:06:55.418 17842 17842 D InputMethodManager: prepareNavigationBarInfo() DecorView@637b25c[SplashV2Activity]
03-14 07:06:55.418 17842 17842 D InputMethodManager: getNavigationBarColor() -855310
03-14 07:06:55.418 17842 17842 V InputMethodManager: Starting input: tba=com.tiket.gits ic=null mNaviBarColor -855310 mIsGetNaviBarColorSuccess true , NavVisible : true , NavTrans : false
03-14 07:06:55.418 17842 17842 D InputMethodManager: startInputInner - Id : 0
03-14 07:06:55.418 17842 17842 I InputMethodManager: startInputInner - mService.startInputOrWindowGainedFocus
03-14 07:06:55.419 11664 13654 D InputMethodManagerService: mSecureKeypadEnabled = false
03-14 07:06:55.419 24723 24723 I CDP     : {"date":"2022-03-14T07:06:55.419","PID":24723,"TID":24723,"message":{"text":"Platform: Start the platform"},"level":3,"flags":2}
03-14 07:06:55.419 11664 13654 V InputMethodManagerService: Unspecified window will hide input
03-14 07:06:55.419 11664 13654 V InputMethodManagerService: hideCurrentInputLocked : shouldHideSoftInput is false
03-14 07:06:55.419 11664 13654 D InputMethodManagerService: DESKTOP MODE! : 2
03-14 07:06:55.419 11664 13654 D InputMethodManagerService: NOT IN KNOX DESKTOP MODE!
03-14 07:06:55.419 11664 13654 V InputMethodManagerService: getDisplayIdOfInputMethodWindowToBeAdded : 0
03-14 07:06:55.419 11664 13654 V InputMethodManagerService: Hide switching menu
03-14 07:06:55.419 11664 13654 D SamsungIMMSHWKeyboard: isConnectedDexOnPC false
03-14 07:06:55.420 24723 24723 V MMX     : app:initialization completed for MMX continuity and agent.
03-14 07:06:55.420 24723 24723 V MMXInitializer: initSync end
03-14 07:06:55.421   916  7815 I Layer   : id=31439 removeFromCurrentState Surface(name=3adc3e8 StatusBar)/@0x6cb00a6 - animation-leash#0 (68)
03-14 07:06:55.421   916  7815 I Layer   : id=31376 removeFromCurrentState 3adc3e8 StatusBar#0 (68)
03-14 07:06:55.421   916  7815 I Layer   : id=31385 removeFromCurrentState StatusBar$_20005#0 (68)
03-14 07:06:55.421   916  7815 I Layer   : id=31376 addToCurrentState 3adc3e8 StatusBar#0 (68)
03-14 07:06:55.421   916  7815 I Layer   : id=31385 addToCurrentState StatusBar$_20005#0 (68)
03-14 07:06:55.421   916  7815 I Layer   : id=31440 removeFromCurrentState Surface(name=a50945d NavigationBar0)/@0x502e2a3 - animation-leash#1 (68)
03-14 07:06:55.422 11664 13654 D InputMethodManagerService: isImeSwitcherDisabledPackage : false
03-14 07:06:55.422 11664 13654 V InputMethodManagerService: Creating new session for client ClientState{90fa167 uid=10535 pid=17842 displayId=0}
03-14 07:06:55.422 11664 13654 D InputTransport: Input channel constructed: 'ClientS', fd=780
03-14 07:06:55.422 11664 13654 D InputTransport: Input channel constructed: 'ClientS', fd=781
03-14 07:06:55.422 11664 13654 D InputTransport: Input channel destroyed: 'ClientS', fd=781
03-14 07:06:55.424 11664 12211 D InputMethodManagerService: checkDisplayOfStartInputAndUpdateKeyboard display Id 0last 0
03-14 07:06:55.424 11664 12211 D InputTransport: Input channel constructed: 'ClientS', fd=781
03-14 07:06:55.424 11664 12211 D InputTransport: Input channel destroyed: 'ClientS', fd=781
03-14 07:06:55.424 17842 24828 D InputTransport: Input channel constructed: 'ClientS', fd=111
03-14 07:06:55.434 11664 12650 I WindowManager: Cancelling animation restarting=true, leash=Surface(name=Surface(name=5c15355 InputMethod)/@0x212665b - animation-leash)/@0xa0fe3c2
03-14 07:06:55.434 11664 12650 I WindowManager: Reparenting to original parent: Surface(name=WindowToken{af55c7e android.os.Binder@63ace39})/@0x2677ef8, destroy=false, surface=Surface(name=5c15355 InputMethod)/@0x212665b
03-14 07:06:55.434 11664 12650 I SurfaceControl: nativeRelease nativeObject s[-5476376638140051200]
03-14 07:06:55.434 11664 12650 I SurfaceControl: nativeRelease nativeObject e[-5476376638140051200]
03-14 07:06:55.434 11664 12650 I WindowManager: Reparenting to leash, surface=Surface(name=5c15355 InputMethod)/@0x212665b, leashParent=Surface(name=WindowToken{af55c7e android.os.Binder@63ace39})/@0x2677ef8
03-14 07:06:55.435   916   916 I HWComposer: ActiveConfigToHWC, ID : 0
03-14 07:06:55.435   805   880 I display : Set Affinity config for fps(120) : 0, cpuIDs : 255
03-14 07:06:55.435   805   880 I display : Set Affinity CPU ID : 0
03-14 07:06:55.435   805   880 I display : Set Affinity CPU ID : 1
03-14 07:06:55.435   805   880 I display : Set Affinity CPU ID : 2
03-14 07:06:55.435   805   880 I display : Set Affinity CPU ID : 3
03-14 07:06:55.435   805   880 I display : Set Affinity CPU ID : 4
03-14 07:06:55.435   805   880 I display : Set Affinity CPU ID : 5
03-14 07:06:55.435   805   880 I display : Set Affinity CPU ID : 6
03-14 07:06:55.435   805   880 I display : Set Affinity CPU ID : 7
03-14 07:06:55.435   805   880 I display : Set affinity HWC : 805
03-14 07:06:55.435   805   880 I display : CPU set : Cluster(0), min_clock(0)
03-14 07:06:55.435   805   880 I display : CPU set : Cluster(1), min_clock(0)
03-14 07:06:55.435   805   880 I display : CPU set : Cluster(2), min_clock(0)
03-14 07:06:55.435   805   880 I display : setActiveConfig(config=0)
03-14 07:06:55.435   805   880 I display : next config(0): width=1080 height=2400 period=8333333 Xdpi=422030 Ydpi=423333 groupId=0
03-14 07:06:55.435   805   880 I display : Current VRR MODE is 3
03-14 07:06:55.435   916   916 I SurfaceFlinger: Touch=0, Idle=0, DisplayPower=0
03-14 07:06:55.435   760   760 E audit   : type=1400 audit(1647241615.431:242980): avc:  denied  { write } for  pid=805 comm="HwBinder:805_2" name="epic" dev="tmpfs" ino=19892 scontext=u:r:hal_graphics_composer_default:s0 tcontext=u:object_r:epicd_socket:s0 tclass=sock_file permissive=0 SEPF_SM-G991B_11_0010 audit_filtered
03-14 07:06:55.435   760   760 E audit   : type=1300 audit(1647241615.431:242980): arch=c00000b7 syscall=206 success=no exit=-13 a0=13 a1=b4000071126151e8 a2=164 a3=40 items=1 ppid=1 pid=805 auid=4294967295 uid=1000 gid=1003 euid=1000 suid=1000 fsuid=1000 egid=1003 sgid=1003 fsgid=1003 tty=(none) ses=4294967295 comm="HwBinder:805_2" exe="/vendor/bin/hw/android.hardware.graphics.composer@2.4-service" subj=u:r:hal_graphics_composer_default:s0 key=(null)
03-14 07:06:55.435   760   760 E audit   : type=1306 audit(1647241615.431:242980): saddr=01002F6465762F736F636B65742F657069630000000000000000000000000000000000000000000000000000000000000000000000000000000000000000000000000000000000000000000000000000000000000000000000000000000000000000000000000000000000000000
03-14 07:06:55.435   760   760 E audit   : type=1302 audit(1647241615.431:242980): item=0 name="/dev/socket/epic" inode=19892 dev=00:12 mode=0140666 ouid=1000 ogid=1000 rdev=00:00 obj=u:object_r:epicd_socket:s0 nametype=NORMAL cap_fp=0 cap_fi=0 cap_fe=0 cap_fver=0 cap_frootid=0
03-14 07:06:55.435   760   760 E audit   : type=1327 audit(1647241615.431:242980): proctitle="/vendor/bin/hw/android.hardware.graphics.composer@2.4-service"
03-14 07:06:55.436 11664 12258 I InputDispatcher: Focus left window (17842): bcc7101 in display 0 0
03-14 07:06:55.437 24723 25077 D AgentsDeviceRegistrar: Failed to register Rome: java.lang.IllegalStateException: Device registration failed since the user isn't logged in. Retry will automatically occur upon login.
03-14 07:06:55.439   916  7815 I SurfaceFlinger: id=31448 createSurf (0x0),-1 flag=24004, Surface(name=5c15355 InputMethod)/@0x212665b - animation-leash#1
03-14 07:06:55.440 11664 12650 D WindowManager: makeSurface duration=6 leash=Surface(name=Surface(name=5c15355 InputMethod)/@0x212665b - animation-leash)/@0x4a5565f
03-14 07:06:55.440 22803 22803 I HBD     : HoneyBoardService onFinishInput
03-14 07:06:55.440 22803 22803 I HBD     : a IC have been unbinded,  InputConnectionWrapper{idHash=#e75d55c mMissingMethods=}
03-14 07:06:55.440 22803 22803 I HBD     : HoneyBoardService [PF_CL][onFinishInput]  201730 ns
03-14 07:06:55.440 22803 22803 I HBD     : HoneyBoardService [IMI] onStartInput - caller pid : 17842 , caller uid : 10535
03-14 07:06:55.440 22803 22803 I HBD     : i updateConfigs
03-14 07:06:55.440 22803 22803 I HBD     : i isEnabledNightMode : false
03-14 07:06:55.440 22803 22803 I HBD     : a IC have been binded, InputConnectionWrapper{idHash=#1274ef mMissingMethods=}
03-14 07:06:55.440 22803 22803 I HBD     : h [EditorInputType]setPrivateImeOptionsToTable privateImeOptions ( null )
03-14 07:06:55.440 22803 22803 I HBD     : b incognitoMode : false
03-14 07:06:55.440 22803 22803 I HBD     : a needOff = true , isJpnConvertState : false, isForceOff = false
03-14 07:06:55.440 22803 22803 I HBD     : h getDefaultInputRange : UNKNOWN
03-14 07:06:55.440 22803 22803 I HBD     : h getDefaultInputRange : UNKNOWN
03-14 07:06:55.441 22803 22803 I HBD     : h getDefaultInputRange : UNKNOWN
03-14 07:06:55.441   916   938 I Layer   : id=31417 removeFromCurrentState Surface(name=5c15355 InputMethod)/@0x212665b - animation-leash#0 (69)
03-14 07:06:55.442 16490 16490 I SurfaceControl: nativeRelease nativeObject s[-5476376638140345424]
03-14 07:06:55.442 16490 16490 I SurfaceControl: nativeRelease nativeObject e[-5476376638140345424]
03-14 07:06:55.443 11664 12650 D SdpManagerService: Not an enterprise user : 0
03-14 07:06:55.444 22803 22803 I HBD     : h getDefaultInputRange : UNKNOWN
03-14 07:06:55.444 22803 22803 I HBD     : a currentState : 0
03-14 07:06:55.445 22803 22803 I HBD     : h load selected json info : {"version":"1.0","currentLanguageOrder":0,"selected":[{"activeOptionList":["auto_replace","auto_spacing"],"engName":"English","id":65538,"inputType":"qwerty","isUsed":true}]}
03-14 07:06:55.446 22803 22803 I HBD     : a [UpdatePolicy] [post] a: 0 cl: 65538 kit: [0/0] vt: 0 ir: 1
03-14 07:06:55.447 22803 22803 I HBD     : HoneyBoardService [PF_OP][onStartInput]  6257769 ns
03-14 07:06:55.449   571   893 E audit   : avc:  denied  { find } for pid=3292 uid=10272 name=tethering scontext=u:r:permissioncontroller_app:s0:c16,c257,c512,c768 tcontext=u:object_r:tethering_service:s0 tclass=service_manager permissive=0
03-14 07:06:55.449   571   893 I servicemanager: tethering : getService has failed, permission denied.
03-14 07:06:55.451   916   916 D Scheduler: onPrimaryDisplayConfigChanged to 0
03-14 07:06:55.451 24723 24723 I NetworkSyncMonitorImpl: NetworkDataMetricsHeartbeat Job already scheduled.
03-14 07:06:55.451 11664 11713 D LocalDisplayAdapter: updateActiveRealModeLocked, mActiveRealPhysIndex=0, mActiveRealModeId=1, forceUpdate=false, caller=com.android.server.display.LocalDisplayAdapter$LocalDisplayDevice.onActiveDisplayConfigChangedLocked:1177 com.android.server.display.LocalDisplayAdapter$PhysicalDisplayEventReceiver.onConfigChanged:1503 android.view.DisplayEventReceiver.dispatchConfigChanged:216
03-14 07:06:55.452 11664 11713 I DisplayManagerService: Display device changed: DisplayDeviceInfo{"Built-in Screen": uniqueId="local:21442653864348033", 1080 x 2400, modeId 3, defaultModeId 3, supportedModes [{id=1, width=1080, height=2400, fps=120.00001}, {id=2, width=1080, height=2400, fps=96.00001}, {id=3, width=1080, height=2400, fps=60.000004}, {id=4, width=1080, height=2400, fps=48.000004}], refreshRateMode REFRESH_RATE_MODE_SEAMLESS, realModeId 1, colorMode 0, supportedColorModes [0, 6, 7], HdrCapabilities HdrCapabilities{mSupportedHdrTypes=[2, 3], mMaxLuminance=450.0, mMaxAverageLuminance=120.0, mMinLuminance=5.0E-4}, allmSupported false, gameContentTypeSupported false, density 480, 422.03 x 423.333 dpi, appVsyncOff 0, presDeadline 17666666, cutout DisplayCutout{insets=Rect(0, 80 - 0, 0) waterfall=Insets{left=0, top=0, right=0, bottom=0} boundingRect={Bounds=[Rect(0, 0 - 0, 0), Rect(510, 0 - 570, 80), Rect(0, 0 - 0, 0), Rect(0, 0 - 0, 0)]}}, touch INTERNAL, rotation 0, type INTERNAL, address {port=129, model=0x4c2dfae6a049}, deviceProductInfo DeviceProductInfo{name=samsung lcd  , manufacturerPnpId=SAM, productId=0, modelYear=null, manufactureDate=ManufactureDate{week=16, year=2020}, relativeAddress=null}, state ON, FLAG_DEFAULT_DISPLAY, FLAG_ROTATES_WITH_CONTENT, FLAG_SECURE, FLAG_SUPPORTS_PROTECTED_BUFFERS}
03-14 07:06:55.458 11664 11713 D TspStateManager: updateCustomValue customSetting=
03-14 07:06:55.458 11664 11713 D TspStateManager: updateCustomValue customSetting=
03-14 07:06:55.463 11664 11664 E Native_CFMS: nativePerfMgrSendFps    Fail    fps : 120    return : -1
03-14 07:06:55.463 11664 11865 I CAE     : handleMessage(CaPowerManager.java:202) - AP_WAKEUP_Already_Delivered
03-14 07:06:55.463 11664 11865 I CAE     : handleMessage(CaPowerManager.java:212) - SCREEN_ON_Already_Delivered
03-14 07:06:55.464 11664 11664 D MotionRecognitionService: [DisplayListner] getRefreshRate 120.00001
03-14 07:06:55.464 11664 11664 D GameManagerService: onDisplayChanged. displyId: 0, state: 2
03-14 07:06:55.464 11664 11869 D LiftUpHandler: already ended..
03-14 07:06:55.465 11664 11888 D GameManagerService: onLooperPrepared(), msg: MSG_LCD_ON
03-14 07:06:55.465 11664 11869 D MotionRecognitionService: [REFRESHRATE]  : 120
03-14 07:06:55.465 11664 11869 D SensorService: setSContextDataLocked ints length 3 , byte length 8
03-14 07:06:55.465 11664 11869 D SensorService: setSContextDataLocked 100048c1
03-14 07:06:55.465 11664 11664 D AODManagerService: requestReCalToTSP IsSingleTouchMode = false / previousDisplayState = ON
03-14 07:06:55.465   818   818 D Sensors : c1 48 00 10 78 00 00 00
03-14 07:06:55.465   818   818 E Sensors : inject_scontext_data: New ssp_data_injection_fd(41)
03-14 07:06:55.466   818   818 D Sensors : SContext Data Injection return 8
03-14 07:06:55.467 20005 20005 D DisplayLifecycle: updateDisplay id = 0
03-14 07:06:55.477   916   916 D SurfaceFlinger: GPIS:: requestGPIS
03-14 07:06:55.484 11664 12535 V WindowManager: Relayout Window{629178b u0 com.tiket.gits/com.tiket.gits.v2splash.SplashV2Activity}: viewVisibility=0 req=1080x2400
03-14 07:06:55.485 11664 12535 D WindowManager: isScreenshotDisabledLocked - win: Window{629178b u0 com.tiket.gits/com.tiket.gits.v2splash.SplashV2Activity}
03-14 07:06:55.485 11664 12535 D WindowManager: isScreenshotDisabledLocked: userId = 0, disabled =false
03-14 07:06:55.485   916  7815 I SurfaceFlinger: id=31449 createSurf (1272x2592),1 flag=4, com.tiket.gits/com.tiket.gits.v2splash.SplashV2Activity$_17842#2
03-14 07:06:55.487 11664 12535 D WindowManager: makeSurface duration=2 name=com.tiket.gits/com.tiket.gits.v2splash.SplashV2Activity$_17842
03-14 07:06:55.488 11664 12535 V WindowManager: Relayout hash=629178b, pid=17842: mAttrs={(0,0)(fillxfill) gr=BOTTOM CENTER_VERTICAL sim={adjust=resize forwardNavigation} ty=APPLICATION fmt=TRANSPARENT wanim=0x7f140008 surfaceInsets=Rect(96, 96 - 96, 96)
03-14 07:06:55.488 11664 12535 V WindowManager:   fl=81810102
03-14 07:06:55.488 11664 12535 V WindowManager:   pfl=12020000
03-14 07:06:55.488 11664 12535 V WindowManager:   apr=LIGHT_NAVIGATION_BARS
03-14 07:06:55.488 11664 12535 V WindowManager:   fitSides= dimAmount=0.6 naviIconColor=0
03-14 07:06:55.488 11664 12535 V WindowManager:   sfl=100000}
03-14 07:06:55.488 11664 12535 I SurfaceControl: nativeRelease nativeObject s[-5476376638140236784]
03-14 07:06:55.488 11664 12535 I SurfaceControl: nativeRelease nativeObject e[-5476376638140236784]
03-14 07:06:55.488 17842 17842 I SurfaceControl: assignNativeObject: nativeObject = 0 Surface(name=null)/@0xb377a75 / android.view.SurfaceControl.readFromParcel:1115 android.view.IWindowSession$Stub$Proxy.relayout:1820 android.view.ViewRootImpl.relayoutWindow:9005 android.view.ViewRootImpl.performTraversals:3360 android.view.ViewRootImpl.doTraversal:2618 android.view.ViewRootImpl$TraversalRunnable.run:9971 android.view.Choreographer$CallbackRecord.run:1010 android.view.Choreographer.doCallbacks:809 android.view.Choreographer.doFrame:744 android.view.Choreographer$FrameDisplayEventReceiver.run:995
03-14 07:06:55.490 17842 17842 I ViewRootImpl@d1f1125[SplashV2Activity]: Relayout returned: old=(0,0,1080,2400) new=(0,0,1080,2400) req=(1080,2400)0 dur=6 res=0x7 s={true -5476376633308439840} ch=true fn=-1
03-14 07:06:55.497 17842 24846 I com.tiket.gits: Explicit concurrent copying GC freed 381080(22MB) AllocSpace objects, 155(13MB) LOS objects, 24% free, 11MB/15MB, paused 127us total 88.785ms
03-14 07:06:55.505 17842 17842 I ViewRootImpl@d1f1125[SplashV2Activity]: [DP] dp(1) 1 android.view.ViewRootImpl.reportNextDraw:10957 android.view.ViewRootImpl.performTraversals:3845 android.view.ViewRootImpl.doTraversal:2618
03-14 07:06:55.506 17842 17842 I ViewRootImpl@d1f1125[SplashV2Activity]: [DP] pd() Asnyc report
03-14 07:06:55.513   624   624 I io_stats: !@   8,0 r 808769 31356520 w 2252989 47826152 d 896719 51713964 f 0 0 iot 2364080 0 th 0 0 0 pt 0 inp 0 0 257365.220
03-14 07:06:55.526 11493 25033 I HYPER-HAL: [ResourceManager.cpp]removeResource(): [CPUMinFreq] RemoveResource Request ID : 68263790
03-14 07:06:55.526 11493 25033 I HYPER-HAL: [RequestManager.cpp]releaseLocked(): Released ID : 68263790
03-14 07:06:55.536 17842 17842 I ViewRootImpl@d1f1125[SplashV2Activity]: [DP] pdf(0) 1 android.view.ViewRootImpl.lambda$performDraw$1$ViewRootImpl:4668 android.view.-$$Lambda$ViewRootImpl$DJd0VUYJgsebcnSohO6h8zc_ONI.run:6 android.os.Handler.handleCallback:938
03-14 07:06:55.536 17842 17842 I ViewRootImpl@d1f1125[SplashV2Activity]: [DP] rdf()
03-14 07:06:55.536 11664 12650 D WindowManager: finishDrawingWindow: Window{629178b u0 com.tiket.gits/com.tiket.gits.v2splash.SplashV2Activity} mDrawState=DRAW_PENDING
03-14 07:06:55.539 24269 24621 I appium  : channel read invoked!
03-14 07:06:55.540 24269 24621 I appium  : channel read: POST /wd/hub/session/c67ad04b-cec2-4442-b015-4900de4fcbf6/element
03-14 07:06:55.540 11664 11714 I WindowManager: Reparenting to leash, surface=Surface(name=629178b com.tiket.gits/com.tiket.gits.v2splash.SplashV2Activity)/@0x507cd65, leashParent=Surface(name=ActivityRecord{6480bd8 u0 com.tiket.gits/.v2splash.SplashV2Activity t1066})/@0xd9875a7
03-14 07:06:55.540   916  7815 I SurfaceFlinger: id=31450 createSurf (0x0),-1 flag=24004, Surface(name=629178b com.tiket.gits/com.tiket.gits.v2splash.SplashV2Activity)/@0x507cd65 - animation-leash#0
03-14 07:06:55.541 11664 11714 D WindowManager: makeSurface duration=1 leash=Surface(name=Surface(name=629178b com.tiket.gits/com.tiket.gits.v2splash.SplashV2Activity)/@0x507cd65 - animation-leash)/@0x6056a3a
03-14 07:06:55.541   916  7815 I SurfaceFlinger: id=31451 createSurf (0x0),-1 flag=20004, Dim Layer for - Task=1066#0
03-14 07:06:55.541 11664 11714 I WindowManager: Reparenting to leash, surface=Surface(name=Dim Layer for - Task=1066)/@0x98816eb, leashParent=Surface(name=Task=1066)/@0xaaf8c48
03-14 07:06:55.542   916  7815 I SurfaceFlinger: id=31452 createSurf (0x0),-1 flag=24000, Surface(name=Dim Layer for - Task=1066)/@0x98816eb - animation-leash#0
03-14 07:06:55.542 11664 11714 D WindowManager: makeSurface duration=1 leash=Surface(name=Surface(name=Dim Layer for - Task=1066)/@0x98816eb - animation-leash)/@0x12cdae1
03-14 07:06:55.543 24269 24621 I appium  : Find element command using 'xpath' with selector '//*[contains(@resource-id, 'tds_btn') and (@text='Batalkan')]'.
03-14 07:06:55.544 11664 14315 I InputDispatcher: Focus entered window (17842): 629178b in display 0 0
03-14 07:06:55.545 11664 11680 W System  : A resource failed to call release.
03-14 07:06:55.545 11664 11680 I SurfaceControl: nativeRelease nativeObject s[-5476376638140145840]
03-14 07:06:55.545 11664 11680 I SurfaceControl: nativeRelease nativeObject e[-5476376638140145840]
03-14 07:06:55.545 11664 11680 W System  : A resource failed to call release.
03-14 07:06:55.545 11664 11680 I SurfaceControl: nativeRelease nativeObject s[-5476376638140042912]
03-14 07:06:55.545 11664 11680 I SurfaceControl: nativeRelease nativeObject e[-5476376638140042912]
03-14 07:06:55.545 11664 11680 W System  : A resource failed to call release.
03-14 07:06:55.545 11664 11680 I SurfaceControl: nativeRelease nativeObject s[-5476376638140243504]
03-14 07:06:55.545 11664 11680 I SurfaceControl: nativeRelease nativeObject e[-5476376638140243504]
03-14 07:06:55.545 24269 24621 I appium  : Waiting up to 10000ms for device to be idle
03-14 07:06:55.545   916  7815 I SurfaceFlinger: id=31417 Removed Surface(name=5c15355 InputMethod)/@0x212665b - animation-leash#0 (73)
03-14 07:06:55.551  3422 18269 I System.out: (HTTPLog)-Static: isSBSettingEnabled false
03-14 07:06:55.551  3422 18269 I System.out: (HTTPLog)-Static: isSBSettingEnabled false
03-14 07:06:55.552   916   916 I Layer   : id=31417[1] Destroyed Surface(name=5c15355 InputMethod)/@0x212665b - animation-leash#0
03-14 07:06:55.552 11664 13655 D PackageManager: setEnabledSetting : userId = 0 packageName = com.microsoft.appmanager cmp = com.microsoft.mmx.core.ui.WebPageShareActivity newState = 1 callingPackage = 10156/com.microsoft.appmanager
03-14 07:06:55.552   916   916 I HWComposer: ActiveConfigToHWC, ID : 2
03-14 07:06:55.552   805   880 I display : Set Affinity config for fps(60) : 2, cpuIDs : 255
03-14 07:06:55.552   805   880 I display : Set Affinity CPU ID : 0
03-14 07:06:55.552   805   880 I display : Set Affinity CPU ID : 1
03-14 07:06:55.552   805   880 I display : Set Affinity CPU ID : 2
03-14 07:06:55.552   805   880 I display : Set Affinity CPU ID : 3
03-14 07:06:55.552   805   880 I display : Set Affinity CPU ID : 4
03-14 07:06:55.552   805   880 I display : Set Affinity CPU ID : 5
03-14 07:06:55.552   805   880 I display : Set Affinity CPU ID : 6
03-14 07:06:55.552   805   880 I display : Set Affinity CPU ID : 7
03-14 07:06:55.552   805   880 I display : Set affinity HWC : 805
03-14 07:06:55.553   805   880 I display : CPU set : Cluster(0), min_clock(0)
03-14 07:06:55.553   805   880 I display : CPU set : Cluster(1), min_clock(0)
03-14 07:06:55.553   805   880 I display : CPU set : Cluster(2), min_clock(0)
03-14 07:06:55.553   805   880 I display : setActiveConfig(config=2)
03-14 07:06:55.553   805   880 I display : next config(2): width=1080 height=2400 period=16666666 Xdpi=422030 Ydpi=423333 groupId=0
03-14 07:06:55.553   805   880 I display : Current VRR MODE is 3
03-14 07:06:55.553   916   916 I SurfaceFlinger: Touch=0, Idle=0, DisplayPower=0
03-14 07:06:55.557 11664 14315 D PackageManager: setEnabledSetting : userId = 0 packageName = com.microsoft.appmanager cmp = com.microsoft.mmx.core.ui.ShareActivity newState = 1 callingPackage = 10156/com.microsoft.appmanager
03-14 07:06:55.559 17842 17842 I SurfaceControl: nativeRelease nativeObject s[-5476376638140332320]
03-14 07:06:55.559 17842 17842 I SurfaceControl: nativeRelease nativeObject e[-5476376638140332320]
03-14 07:06:55.559 17842 17842 I SurfaceControl: nativeRelease nativeObject s[-5476376638140341392]
03-14 07:06:55.559 17842 17842 I SurfaceControl: nativeRelease nativeObject e[-5476376638140341392]
