03-14 07:06:58.636 11664 13657 I HeimdAllFS: DEBUG: TRUE Dry-run: FALSE UsageStateMode: mars
03-14 07:06:58.662 11664 13657 D SamsungAlarmManager: Cancel Alarm calling from uid:10245 pid :3289 / OP:PendingIntent{e204a5b: PendingIntentRecord{d52d799 com.google.android.gms/com.google.android.gms.measurement broadcastIntent}}
03-14 07:06:58.667   571   893 E audit   : avc:  denied  { find } for pid=3292 uid=10272 name=tethering scontext=u:r:permissioncontroller_app:s0:c16,c257,c512,c768 tcontext=u:object_r:tethering_service:s0 tclass=service_manager permissive=0
03-14 07:06:58.667   571   893 I servicemanager: tethering : getService has failed, permission denied.
03-14 07:06:58.669 11664 13657 D SamsungAlarmManager: Cancel Alarm calling from uid:10245 pid :3422 / OP:PendingIntent{8e28e36: PendingIntentRecord{e78e88b com.google.android.gms/com.google.android.gms.gcm broadcastIntent}}
03-14 07:06:58.669 11664 13657 I SamsungAlarmManager: setLocked to kernel - T:2 / 20220314T070855, set=257485630, now=257368376
03-14 07:06:58.669 11664 13657 I SamsungAlarmManager: setLocked to kernel - T:3 / 20220314T070700, set=257369707, now=257368376
03-14 07:06:58.670  3422 17169 W NetworkScheduler: Error inserting flex_time=7000 job_id=-1 period=15000 source=16 requires_charging=0 preferred_network_type=1 target_class=com.google.android.gms.measurement.PackageMeasurementTaskService user_id=0 target_package=com.google.android.gms tag=Measurement.PackageMeasurementTaskService.UPLOAD_TASK_TAG task_type=0 required_idleness_state=0 service_kind=0 source_version=220618000 persistence_level=1 preferred_charging_state=1 required_network_type=0 runtime=1647241618666 retry_strategy={"maximum_backoff_seconds":{"3600":0},"initial_backoff_seconds":{"30":0},"retry_policy":{"0":0}} last_runtime=0, error message: UNIQUE constraint failed: pending_ops.tag, pending_ops.target_class, pending_ops.target_package, pending_ops.user_id (code 2067 SQLITE_CONSTRAINT_UNIQUE[2067]) [CONTEXT service_id=218 ]
03-14 07:06:58.671 11664 13657 D SamsungAlarmManager: setInexact (T:3/F:0/AC:false) 20220314T071130 now=257368378 - CU:10245/CP:3422/OP:PendingIntent{38f3137: PendingIntentRecord{e78e88b com.google.android.gms/com.google.android.gms.gcm broadcastIntent}}
03-14 07:06:58.671 11664 13657 I SamsungAlarmManager: setLocked to kernel - T:2 / 20220314T071025, set=257574889, now=257368378
03-14 07:06:58.671 11664 13657 I SamsungAlarmManager: setLocked to kernel - T:3 / 20220314T070700, set=257369707, now=257368378
03-14 07:06:58.672 11664 13657 I SamsungAlarmManager: setLocked to kernel - T:2 / 20220314T070855, set=257485630, now=257368379
03-14 07:06:58.672 11664 13657 I SamsungAlarmManager: setLocked to kernel - T:3 / 20220314T070700, set=257369707, now=257368379
03-14 07:06:58.673 11664 13657 D SamsungAlarmManager: setInexact (T:3/F:0/AC:false) 20220314T070713 now=257368380 - CU:10245/CP:3422/OP:PendingIntent{c80e6a4: PendingIntentRecord{e78e88b com.google.android.gms/com.google.android.gms.gcm broadcastIntent}}
03-14 07:06:58.673 11664 13657 I SamsungAlarmManager: setLocked to kernel - T:2 / 20220314T070855, set=257485630, now=257368380
03-14 07:06:58.673 11664 13657 I SamsungAlarmManager: setLocked to kernel - T:3 / 20220314T070700, set=257369707, now=257368380
03-14 07:06:58.718 11664 13655 D SamsungAlarmManager: Cancel Alarm calling from uid:10245 pid :3289 / OP:PendingIntent{d37c910: PendingIntentRecord{d52d799 com.google.android.gms/com.google.android.gms.measurement broadcastIntent}}
03-14 07:06:58.729 11664 13657 D SamsungAlarmManager: Cancel Alarm calling from uid:10245 pid :3422 / OP:PendingIntent{3ed102f: PendingIntentRecord{e78e88b com.google.android.gms/com.google.android.gms.gcm broadcastIntent}}
03-14 07:06:58.729 11664 13657 I SamsungAlarmManager: setLocked to kernel - T:2 / 20220314T070855, set=257485630, now=257368436
03-14 07:06:58.729 11664 13657 I SamsungAlarmManager: setLocked to kernel - T:3 / 20220314T070700, set=257369707, now=257368436
03-14 07:06:58.732 11664 13655 D SamsungAlarmManager: setInexact (T:3/F:0/AC:false) 20220314T071130 now=257368439 - CU:10245/CP:3422/OP:PendingIntent{a38663c: PendingIntentRecord{e78e88b com.google.android.gms/com.google.android.gms.gcm broadcastIntent}}
03-14 07:06:58.732 11664 13655 I SamsungAlarmManager: setLocked to kernel - T:2 / 20220314T071025, set=257574889, now=257368439
03-14 07:06:58.732 11664 13655 I SamsungAlarmManager: setLocked to kernel - T:3 / 20220314T070700, set=257369707, now=257368439
03-14 07:06:58.735  3422 17168 W NetworkScheduler: Error inserting flex_time=7000 job_id=-1 period=15000 source=16 requires_charging=0 preferred_network_type=1 target_class=com.google.android.gms.measurement.PackageMeasurementTaskService user_id=0 target_package=com.google.android.gms tag=Measurement.PackageMeasurementTaskService.UPLOAD_TASK_TAG task_type=0 required_idleness_state=0 service_kind=0 source_version=220618000 persistence_level=1 preferred_charging_state=1 required_network_type=0 runtime=1647241618728 retry_strategy={"maximum_backoff_seconds":{"3600":0},"initial_backoff_seconds":{"30":0},"retry_policy":{"0":0}} last_runtime=0, error message: UNIQUE constraint failed: pending_ops.tag, pending_ops.target_class, pending_ops.target_package, pending_ops.user_id (code 2067 SQLITE_CONSTRAINT_UNIQUE[2067]) [CONTEXT service_id=218 ]
03-14 07:06:58.737 11664 13655 I SamsungAlarmManager: setLocked to kernel - T:2 / 20220314T070855, set=257485630, now=257368444
03-14 07:06:58.737 11664 13655 I SamsungAlarmManager: setLocked to kernel - T:3 / 20220314T070700, set=257369707, now=257368444
03-14 07:06:58.738 11664 13655 D SamsungAlarmManager: setInexact (T:3/F:0/AC:false) 20220314T070713 now=257368445 - CU:10245/CP:3422/OP:PendingIntent{c761d1a: PendingIntentRecord{e78e88b com.google.android.gms/com.google.android.gms.gcm broadcastIntent}}
03-14 07:06:58.738 11664 13655 I SamsungAlarmManager: setLocked to kernel - T:2 / 20220314T070855, set=257485630, now=257368445
03-14 07:06:58.738 11664 13655 I SamsungAlarmManager: setLocked to kernel - T:3 / 20220314T070700, set=257369707, now=257368445
03-14 07:06:58.739 17842 25749 I System.out: (HTTPLog)-Static: isSBSettingEnabled false
03-14 07:06:58.739 17842 25749 I System.out: (HTTPLog)-Static: isSBSettingEnabled false
03-14 07:06:58.740 11474 11596 E Netd    : getNetworkForDns: getNetId from enterpriseCtrl is netid 0
03-14 07:06:58.750 17842 25284 I System.out: (HTTPLog)-Static: isSBSettingEnabled false
03-14 07:06:58.750 17842 25284 I System.out: (HTTPLog)-Static: isSBSettingEnabled false
03-14 07:06:58.750 11474 11596 E Netd    : getNetworkForDns: getNetId from enterpriseCtrl is netid 0
03-14 07:06:58.787 11664 13655 D SamsungAlarmManager: Cancel Alarm calling from uid:10245 pid :3289 / OP:PendingIntent{997d341: PendingIntentRecord{d52d799 com.google.android.gms/com.google.android.gms.measurement broadcastIntent}}
03-14 07:06:58.792 11664 13655 D SamsungAlarmManager: Cancel Alarm calling from uid:10245 pid :3422 / OP:PendingIntent{53d40d4: PendingIntentRecord{e78e88b com.google.android.gms/com.google.android.gms.gcm broadcastIntent}}
03-14 07:06:58.793 11664 13655 I SamsungAlarmManager: setLocked to kernel - T:2 / 20220314T070855, set=257485630, now=257368500
03-14 07:06:58.793 11664 13655 I SamsungAlarmManager: setLocked to kernel - T:3 / 20220314T070700, set=257369707, now=257368500
03-14 07:06:58.798  3422 17169 W NetworkScheduler: Error inserting flex_time=7000 job_id=-1 period=15000 source=16 requires_charging=0 preferred_network_type=1 target_class=com.google.android.gms.measurement.PackageMeasurementTaskService user_id=0 target_package=com.google.android.gms tag=Measurement.PackageMeasurementTaskService.UPLOAD_TASK_TAG task_type=0 required_idleness_state=0 service_kind=0 source_version=220618000 persistence_level=1 preferred_charging_state=1 required_network_type=0 runtime=1647241618790 retry_strategy={"maximum_backoff_seconds":{"3600":0},"initial_backoff_seconds":{"30":0},"retry_policy":{"0":0}} last_runtime=0, error message: UNIQUE constraint failed: pending_ops.tag, pending_ops.target_class, pending_ops.target_package, pending_ops.user_id (code 2067 SQLITE_CONSTRAINT_UNIQUE[2067]) [CONTEXT service_id=218 ]
03-14 07:06:58.798 11664 13655 D SamsungAlarmManager: setInexact (T:3/F:0/AC:false) 20220314T071130 now=257368505 - CU:10245/CP:3422/OP:PendingIntent{ccd627d: PendingIntentRecord{e78e88b com.google.android.gms/com.google.android.gms.gcm broadcastIntent}}
03-14 07:06:58.798 11664 13655 I SamsungAlarmManager: setLocked to kernel - T:2 / 20220314T071025, set=257574889, now=257368505
03-14 07:06:58.798 11664 13655 I SamsungAlarmManager: setLocked to kernel - T:3 / 20220314T070700, set=257369707, now=257368505
03-14 07:06:58.799 11664 13657 I SamsungAlarmManager: setLocked to kernel - T:2 / 20220314T070855, set=257485630, now=257368506
03-14 07:06:58.799 11664 13657 I SamsungAlarmManager: setLocked to kernel - T:3 / 20220314T070700, set=257369707, now=257368506
03-14 07:06:58.799 11664 13657 D SamsungAlarmManager: setInexact (T:3/F:0/AC:false) 20220314T070713 now=257368506 - CU:10245/CP:3422/OP:PendingIntent{1233572: PendingIntentRecord{e78e88b com.google.android.gms/com.google.android.gms.gcm broadcastIntent}}
03-14 07:06:58.799 11664 13657 I SamsungAlarmManager: setLocked to kernel - T:2 / 20220314T070855, set=257485630, now=257368506
03-14 07:06:58.799 11664 13657 I SamsungAlarmManager: setLocked to kernel - T:3 / 20220314T070700, set=257369707, now=257368506
03-14 07:06:58.849 11493 24704 I HYPER-HAL: [ResourceManager.cpp]removeResource(): [CPUMaxFreq] RemoveResource Request ID : 93427624
03-14 07:06:58.850 11493 24704 I HYPER-HAL: [RequestManager.cpp]releaseLocked(): Released ID : 93427624
03-14 07:06:58.857 13660 13814 I I0      : limitCPUFreq:: freq = 2184000
03-14 07:06:58.857 13660 13814 I SemDvfsHyPerManager: acquire hyper - SIOP_ARM_MAX/13660@2, type = 301993986
03-14 07:06:58.858 11493 11531 I HYPER-HAL: [RequestManager.cpp]acquire(): Acquired ID : 93331955  [13660 / 2]    HINT :      list : [CPUMaxFreq / 2184000]
03-14 07:06:58.858 11493 11531 I HYPER-HAL: [ResourceManager.cpp]updateResource(): [CPUMaxFreq] UpdateResource Request ID : 93331955    Value : 2184000
03-14 07:06:58.863 11664 13655 D SamsungAlarmManager: Cancel Alarm calling from uid:10245 pid :3289 / OP:PendingIntent{e72adc3: PendingIntentRecord{d52d799 com.google.android.gms/com.google.android.gms.measurement broadcastIntent}}
03-14 07:06:58.867   571   893 E audit   : avc:  denied  { find } for pid=3292 uid=10272 name=tethering scontext=u:r:permissioncontroller_app:s0:c16,c257,c512,c768 tcontext=u:object_r:tethering_service:s0 tclass=service_manager permissive=0
03-14 07:06:58.867   571   893 I servicemanager: tethering : getService has failed, permission denied.
03-14 07:06:58.875 24269 24621 I appium  : AppiumResponse: {"sessionId":"c67ad04b-cec2-4442-b015-4900de4fcbf6","value":"true"}
03-14 07:06:58.875 11664 13657 D SamsungAlarmManager: Cancel Alarm calling from uid:10245 pid :3422 / OP:PendingIntent{deb36be: PendingIntentRecord{e78e88b com.google.android.gms/com.google.android.gms.gcm broadcastIntent}}
03-14 07:06:58.877 11664 13657 I SamsungAlarmManager: setLocked to kernel - T:2 / 20220314T070855, set=257485630, now=257368583
03-14 07:06:58.877 11664 13657 I SamsungAlarmManager: setLocked to kernel - T:3 / 20220314T070700, set=257369707, now=257368584
03-14 07:06:58.878 11664 13657 D SamsungAlarmManager: setInexact (T:3/F:0/AC:false) 20220314T071130 now=257368585 - CU:10245/CP:3422/OP:PendingIntent{cc8631f: PendingIntentRecord{e78e88b com.google.android.gms/com.google.android.gms.gcm broadcastIntent}}
03-14 07:06:58.878 11664 13657 I SamsungAlarmManager: setLocked to kernel - T:2 / 20220314T071025, set=257574889, now=257368585
03-14 07:06:58.878 11664 13657 I SamsungAlarmManager: setLocked to kernel - T:3 / 20220314T070700, set=257369707, now=257368585
03-14 07:06:58.879  3422 25127 W NetworkScheduler: Error inserting flex_time=7000 job_id=-1 period=15000 source=16 requires_charging=0 preferred_network_type=1 target_class=com.google.android.gms.measurement.PackageMeasurementTaskService user_id=0 target_package=com.google.android.gms tag=Measurement.PackageMeasurementTaskService.UPLOAD_TASK_TAG task_type=0 required_idleness_state=0 service_kind=0 source_version=220618000 persistence_level=1 preferred_charging_state=1 required_network_type=0 runtime=1647241618871 retry_strategy={"maximum_backoff_seconds":{"3600":0},"initial_backoff_seconds":{"30":0},"retry_policy":{"0":0}} last_runtime=0, error message: UNIQUE constraint failed: pending_ops.tag, pending_ops.target_class, pending_ops.target_package, pending_ops.user_id (code 2067 SQLITE_CONSTRAINT_UNIQUE[2067]) [CONTEXT service_id=218 ]
03-14 07:06:58.879 11664 13657 I SamsungAlarmManager: setLocked to kernel - T:2 / 20220314T070855, set=257485630, now=257368586
03-14 07:06:58.879 11664 13657 I SamsungAlarmManager: setLocked to kernel - T:3 / 20220314T070700, set=257369707, now=257368586
03-14 07:06:58.880 11664 13657 D SamsungAlarmManager: setInexact (T:3/F:0/AC:false) 20220314T070713 now=257368587 - CU:10245/CP:3422/OP:PendingIntent{87fd66c: PendingIntentRecord{e78e88b com.google.android.gms/com.google.android.gms.gcm broadcastIntent}}
03-14 07:06:58.880 11664 13657 I SamsungAlarmManager: setLocked to kernel - T:2 / 20220314T070855, set=257485630, now=257368587
03-14 07:06:58.880 11664 13657 I SamsungAlarmManager: setLocked to kernel - T:3 / 20220314T070700, set=257369707, now=257368587
03-14 07:06:58.928 11664 13657 D SamsungAlarmManager: Cancel Alarm calling from uid:10245 pid :3289 / OP:PendingIntent{fa000ca: PendingIntentRecord{d52d799 com.google.android.gms/com.google.android.gms.measurement broadcastIntent}}
03-14 07:06:58.940 11664 13655 D SamsungAlarmManager: Cancel Alarm calling from uid:10245 pid :3422 / OP:PendingIntent{65b0eb1: PendingIntentRecord{e78e88b com.google.android.gms/com.google.android.gms.gcm broadcastIntent}}
03-14 07:06:58.941 11664 13655 I SamsungAlarmManager: setLocked to kernel - T:2 / 20220314T070855, set=257485630, now=257368648
03-14 07:06:58.941 11664 13655 I SamsungAlarmManager: setLocked to kernel - T:3 / 20220314T070700, set=257369707, now=257368648
03-14 07:06:58.943 11664 13655 D SamsungAlarmManager: setInexact (T:3/F:0/AC:false) 20220314T071130 now=257368650 - CU:10245/CP:3422/OP:PendingIntent{1255f96: PendingIntentRecord{e78e88b com.google.android.gms/com.google.android.gms.gcm broadcastIntent}}
03-14 07:06:58.943 11664 13655 I SamsungAlarmManager: setLocked to kernel - T:2 / 20220314T071025, set=257574889, now=257368650
03-14 07:06:58.943 11664 13655 I SamsungAlarmManager: setLocked to kernel - T:3 / 20220314T070700, set=257369707, now=257368650
03-14 07:06:58.944  3422 17169 W NetworkScheduler: Error inserting flex_time=7000 job_id=-1 period=15000 source=16 requires_charging=0 preferred_network_type=1 target_class=com.google.android.gms.measurement.PackageMeasurementTaskService user_id=0 target_package=com.google.android.gms tag=Measurement.PackageMeasurementTaskService.UPLOAD_TASK_TAG task_type=0 required_idleness_state=0 service_kind=0 source_version=220618000 persistence_level=1 preferred_charging_state=1 required_network_type=0 runtime=1647241618937 retry_strategy={"maximum_backoff_seconds":{"3600":0},"initial_backoff_seconds":{"30":0},"retry_policy":{"0":0}} last_runtime=0, error message: UNIQUE constraint failed: pending_ops.tag, pending_ops.target_class, pending_ops.target_package, pending_ops.user_id (code 2067 SQLITE_CONSTRAINT_UNIQUE[2067]) [CONTEXT service_id=218 ]
03-14 07:06:58.945 11664 13655 I SamsungAlarmManager: setLocked to kernel - T:2 / 20220314T070855, set=257485630, now=257368652
03-14 07:06:58.945 11664 13655 I SamsungAlarmManager: setLocked to kernel - T:3 / 20220314T070700, set=257369707, now=257368652
03-14 07:06:58.945 11664 13655 D SamsungAlarmManager: setInexact (T:3/F:0/AC:false) 20220314T070713 now=257368652 - CU:10245/CP:3422/OP:PendingIntent{40d9717: PendingIntentRecord{e78e88b com.google.android.gms/com.google.android.gms.gcm broadcastIntent}}
03-14 07:06:58.945 11664 13655 I SamsungAlarmManager: setLocked to kernel - T:2 / 20220314T070855, set=257485630, now=257368652
03-14 07:06:58.945 11664 13655 I SamsungAlarmManager: setLocked to kernel - T:3 / 20220314T070700, set=257369707, now=257368652
03-14 07:06:58.998 11664 13655 D SamsungAlarmManager: Cancel Alarm calling from uid:10245 pid :3289 / OP:PendingIntent{9c8704: PendingIntentRecord{d52d799 com.google.android.gms/com.google.android.gms.measurement broadcastIntent}}
03-14 07:06:59.014 11664 13655 D SamsungAlarmManager: Cancel Alarm calling from uid:10245 pid :3422 / OP:PendingIntent{5ca8db3: PendingIntentRecord{e78e88b com.google.android.gms/com.google.android.gms.gcm broadcastIntent}}
03-14 07:06:59.016 11664 13655 I SamsungAlarmManager: setLocked to kernel - T:2 / 20220314T070855, set=257485630, now=257368723
03-14 07:06:59.016 11664 13655 I SamsungAlarmManager: setLocked to kernel - T:3 / 20220314T070700, set=257369707, now=257368723
03-14 07:06:59.018 11664 13655 D SamsungAlarmManager: setInexact (T:3/F:0/AC:false) 20220314T071130 now=257368725 - CU:10245/CP:3422/OP:PendingIntent{9dd0f70: PendingIntentRecord{e78e88b com.google.android.gms/com.google.android.gms.gcm broadcastIntent}}
03-14 07:06:59.018 11664 13655 I SamsungAlarmManager: setLocked to kernel - T:2 / 20220314T071025, set=257574889, now=257368725
03-14 07:06:59.018 11664 13655 I SamsungAlarmManager: setLocked to kernel - T:3 / 20220314T070700, set=257369707, now=257368725
03-14 07:06:59.021  3422 17168 W NetworkScheduler: Error inserting flex_time=7000 job_id=-1 period=15000 source=16 requires_charging=0 preferred_network_type=1 target_class=com.google.android.gms.measurement.PackageMeasurementTaskService user_id=0 target_package=com.google.android.gms tag=Measurement.PackageMeasurementTaskService.UPLOAD_TASK_TAG task_type=0 required_idleness_state=0 service_kind=0 source_version=220618000 persistence_level=1 preferred_charging_state=1 required_network_type=0 runtime=1647241619007 retry_strategy={"maximum_backoff_seconds":{"3600":0},"initial_backoff_seconds":{"30":0},"retry_policy":{"0":0}} last_runtime=0, error message: UNIQUE constraint failed: pending_ops.tag, pending_ops.target_class, pending_ops.target_package, pending_ops.user_id (code 2067 SQLITE_CONSTRAINT_UNIQUE[2067]) [CONTEXT service_id=218 ]
03-14 07:06:59.022 11664 13655 I SamsungAlarmManager: setLocked to kernel - T:2 / 20220314T070855, set=257485630, now=257368729
03-14 07:06:59.022 11664 13655 I SamsungAlarmManager: setLocked to kernel - T:3 / 20220314T070700, set=257369707, now=257368729
03-14 07:06:59.023 11664 13655 D SamsungAlarmManager: setInexact (T:3/F:0/AC:false) 20220314T070714 now=257368730 - CU:10245/CP:3422/OP:PendingIntent{e73e2e9: PendingIntentRecord{e78e88b com.google.android.gms/com.google.android.gms.gcm broadcastIntent}}
03-14 07:06:59.023 11664 13655 I SamsungAlarmManager: setLocked to kernel - T:2 / 20220314T070855, set=257485630, now=257368730
03-14 07:06:59.023 11664 13655 I SamsungAlarmManager: setLocked to kernel - T:3 / 20220314T070700, set=257369707, now=257368730
03-14 07:06:59.068   571   893 E audit   : avc:  denied  { find } for pid=3292 uid=10272 name=tethering scontext=u:r:permissioncontroller_app:s0:c16,c257,c512,c768 tcontext=u:object_r:tethering_service:s0 tclass=service_manager permissive=0
03-14 07:06:59.068   571   893 I servicemanager: tethering : getService has failed, permission denied.
03-14 07:06:59.090   916   916 I HWComposer: ActiveConfigToHWC, ID : 2
03-14 07:06:59.090   805   880 I display : Set Affinity config for fps(60) : 2, cpuIDs : 255
03-14 07:06:59.090   805   880 I display : Set Affinity CPU ID : 0
03-14 07:06:59.090   805   880 I display : Set Affinity CPU ID : 1
03-14 07:06:59.090   805   880 I display : Set Affinity CPU ID : 2
03-14 07:06:59.090   805   880 I display : Set Affinity CPU ID : 3
03-14 07:06:59.090   805   880 I display : Set Affinity CPU ID : 4
03-14 07:06:59.090   805   880 I display : Set Affinity CPU ID : 5
03-14 07:06:59.090   805   880 I display : Set Affinity CPU ID : 6
03-14 07:06:59.090   805   880 I display : Set Affinity CPU ID : 7
03-14 07:06:59.090   805   880 I display : Set affinity HWC : 805
03-14 07:06:59.091   805   880 I display : CPU set : Cluster(0), min_clock(0)
03-14 07:06:59.091   805   880 I display : CPU set : Cluster(1), min_clock(0)
03-14 07:06:59.091   805   880 I display : CPU set : Cluster(2), min_clock(0)
03-14 07:06:59.094   805   880 I display : setActiveConfig(config=2)
03-14 07:06:59.094   805   880 I display : next config(2): width=1080 height=2400 period=16666666 Xdpi=422030 Ydpi=423333 groupId=0
03-14 07:06:59.094   805   880 I display : Current VRR MODE is 3
03-14 07:06:59.094   916   916 I SurfaceFlinger: Touch=0, Idle=0, DisplayPower=0
03-14 07:06:59.095 11664 13655 D SamsungAlarmManager: Cancel Alarm calling from uid:10245 pid :3289 / OP:PendingIntent{fb0cb6e: PendingIntentRecord{d52d799 com.google.android.gms/com.google.android.gms.measurement broadcastIntent}}
03-14 07:06:59.103   916   916 D Scheduler: onPrimaryDisplayConfigChanged to 2
03-14 07:06:59.109 11664 11678 I system_server: Background concurrent copying GC freed 443288(22MB) AllocSpace objects, 91(10MB) LOS objects, 30% free, 55MB/79MB, paused 92us total 205.984ms
03-14 07:06:59.111 11664 11713 D LocalDisplayAdapter: updateActiveRealModeLocked, mActiveRealPhysIndex=2, mActiveRealModeId=3, forceUpdate=false, caller=com.android.server.display.LocalDisplayAdapter$LocalDisplayDevice.onActiveDisplayConfigChangedLocked:1177 com.android.server.display.LocalDisplayAdapter$PhysicalDisplayEventReceiver.onConfigChanged:1503 android.view.DisplayEventReceiver.dispatchConfigChanged:216
03-14 07:06:59.111 11664 11713 I DisplayManagerService: Display device changed: DisplayDeviceInfo{"Built-in Screen": uniqueId="local:21442653864348033", 1080 x 2400, modeId 3, defaultModeId 3, supportedModes [{id=1, width=1080, height=2400, fps=120.00001}, {id=2, width=1080, height=2400, fps=96.00001}, {id=3, width=1080, height=2400, fps=60.000004}, {id=4, width=1080, height=2400, fps=48.000004}], refreshRateMode REFRESH_RATE_MODE_SEAMLESS, realModeId 3, colorMode 0, supportedColorModes [0, 6, 7], HdrCapabilities HdrCapabilities{mSupportedHdrTypes=[2, 3], mMaxLuminance=450.0, mMaxAverageLuminance=120.0, mMinLuminance=5.0E-4}, allmSupported false, gameContentTypeSupported false, density 480, 422.03 x 423.333 dpi, appVsyncOff 0, presDeadline 17666666, cutout DisplayCutout{insets=Rect(0, 80 - 0, 0) waterfall=Insets{left=0, top=0, right=0, bottom=0} boundingRect={Bounds=[Rect(0, 0 - 0, 0), Rect(510, 0 - 570, 80), Rect(0, 0 - 0, 0), Rect(0, 0 - 0, 0)]}}, touch INTERNAL, rotation 0, type INTERNAL, address {port=129, model=0x4c2dfae6a049}, deviceProductInfo DeviceProductInfo{name=samsung lcd  , manufacturerPnpId=SAM, productId=0, modelYear=null, manufactureDate=ManufactureDate{week=16, year=2020}, relativeAddress=null}, state ON, FLAG_DEFAULT_DISPLAY, FLAG_ROTATES_WITH_CONTENT, FLAG_SECURE, FLAG_SUPPORTS_PROTECTED_BUFFERS}
03-14 07:06:59.113 11664 11713 D TspStateManager: updateCustomValue customSetting=
03-14 07:06:59.113 11664 11713 D TspStateManager: updateCustomValue customSetting=
03-14 07:06:59.116  3422 25127 W NetworkScheduler: Error inserting flex_time=7000 job_id=-1 period=15000 source=16 requires_charging=0 preferred_network_type=1 target_class=com.google.android.gms.measurement.PackageMeasurementTaskService user_id=0 target_package=com.google.android.gms tag=Measurement.PackageMeasurementTaskService.UPLOAD_TASK_TAG task_type=0 required_idleness_state=0 service_kind=0 source_version=220618000 persistence_level=1 preferred_charging_state=1 required_network_type=0 runtime=1647241619105 retry_strategy={"maximum_backoff_seconds":{"3600":0},"initial_backoff_seconds":{"30":0},"retry_policy":{"0":0}} last_runtime=0, error message: UNIQUE constraint failed: pending_ops.tag, pending_ops.target_class, pending_ops.target_package, pending_ops.user_id (code 2067 SQLITE_CONSTRAINT_UNIQUE[2067]) [CONTEXT service_id=218 ]
03-14 07:06:59.120 11664 11664 E Native_CFMS: nativePerfMgrSendFps    Fail    fps : 60    return : -1
03-14 07:06:59.120 11664 11664 D MotionRecognitionService: [DisplayListner] getRefreshRate 60.000004
03-14 07:06:59.120 11664 11865 I CAE     : handleMessage(CaPowerManager.java:202) - AP_WAKEUP_Already_Delivered
03-14 07:06:59.120 11664 11865 I CAE     : handleMessage(CaPowerManager.java:212) - SCREEN_ON_Already_Delivered
03-14 07:06:59.120 11664 11664 D GameManagerService: onDisplayChanged. displyId: 0, state: 2
03-14 07:06:59.120 11664 11888 D GameManagerService: onLooperPrepared(), msg: MSG_LCD_ON
03-14 07:06:59.120 11664 11664 D AODManagerService: requestReCalToTSP IsSingleTouchMode = false / previousDisplayState = ON
03-14 07:06:59.120 11664 11869 D LiftUpHandler: already ended..
03-14 07:06:59.120 11664 11869 D MotionRecognitionService: [REFRESHRATE]  : 60
03-14 07:06:59.120 11664 11869 D SensorService: setSContextDataLocked ints length 3 , byte length 8
03-14 07:06:59.120 11664 11869 D SensorService: setSContextDataLocked 100048c1
03-14 07:06:59.121   818   818 D Sensors : c1 48 00 10 3c 00 00 00
03-14 07:06:59.122   818   818 E Sensors : inject_scontext_data: New ssp_data_injection_fd(41)
03-14 07:06:59.127   818   818 D Sensors : SContext Data Injection return 8
03-14 07:06:59.128 20005 20005 D DisplayLifecycle: updateDisplay id = 0
03-14 07:06:59.129 11664 13655 D SamsungAlarmManager: Cancel Alarm calling from uid:10245 pid :3422 / OP:PendingIntent{91ec4a5: PendingIntentRecord{e78e88b com.google.android.gms/com.google.android.gms.gcm broadcastIntent}}
03-14 07:06:59.130 11664 13655 I SamsungAlarmManager: setLocked to kernel - T:2 / 20220314T070855, set=257485630, now=257368837
03-14 07:06:59.130 11664 13655 I SamsungAlarmManager: setLocked to kernel - T:3 / 20220314T070700, set=257369707, now=257368837
03-14 07:06:59.133 24269 24621 I appium  : channel read invoked!
03-14 07:06:59.133 24269 24621 I appium  : channel read: GET /wd/hub/session/c67ad04b-cec2-4442-b015-4900de4fcbf6/element/e3a68928-2396-4dbd-b6da-6bf0fa91fe2e/attribute/enabled
03-14 07:06:59.133 11664 13655 D SamsungAlarmManager: setInexact (T:3/F:0/AC:false) 20220314T070714 now=257368840 - CU:10245/CP:3422/OP:PendingIntent{ea2307a: PendingIntentRecord{e78e88b com.google.android.gms/com.google.android.gms.gcm broadcastIntent}}
03-14 07:06:59.133 11664 13655 I SamsungAlarmManager: setLocked to kernel - T:2 / 20220314T070855, set=257485630, now=257368840
03-14 07:06:59.134 11664 13655 I SamsungAlarmManager: setLocked to kernel - T:3 / 20220314T070700, set=257369707, now=257368840
03-14 07:06:59.134 24269 24621 I appium  : get attribute of element command
03-14 07:06:59.141 24269 24621 I appium  : AppiumResponse: {"sessionId":"c67ad04b-cec2-4442-b015-4900de4fcbf6","value":"true"}
03-14 07:06:59.141 11664 11680 W System  : A resource failed to call release.
03-14 07:06:59.141 11664 11680 I SurfaceControl: nativeRelease nativeObject s[-5476376638140044368]
03-14 07:06:59.141 11664 11680 I SurfaceControl: nativeRelease nativeObject e[-5476376638140044368]
03-14 07:06:59.141 11664 11680 W System  : A resource failed to call release.
03-14 07:06:59.141 11664 11680 I SurfaceControl: nativeRelease nativeObject s[-5476376638140051200]
03-14 07:06:59.141 11664 11680 I SurfaceControl: nativeRelease nativeObject e[-5476376638140051200]
03-14 07:06:59.157   571   571 I servicemanager: Notifying apexservice they have clients: 0
03-14 07:06:59.157   571   893 I servicemanager: apexservice is unregisterd
03-14 07:06:59.157   571   893 I BpBinder: onLastStrongRef automatically unlinking death recipients: <uncached descriptor>
03-14 07:06:59.186 17842 24823 I com.tiket.gits: Background young concurrent copying GC freed 278306(19MB) AllocSpace objects, 317(7776KB) LOS objects, 37% free, 31MB/50MB, paused 8.227ms total 34.056ms
03-14 07:06:59.194 11664 13655 D SamsungAlarmManager: Cancel Alarm calling from uid:10245 pid :3289 / OP:PendingIntent{6dc0621: PendingIntentRecord{d52d799 com.google.android.gms/com.google.android.gms.measurement broadcastIntent}}
03-14 07:06:59.205 11664 13655 D SamsungAlarmManager: Cancel Alarm calling from uid:10245 pid :3422 / OP:PendingIntent{331b934: PendingIntentRecord{e78e88b com.google.android.gms/com.google.android.gms.gcm broadcastIntent}}
03-14 07:06:59.206 11664 13655 I SamsungAlarmManager: setLocked to kernel - T:2 / 20220314T070855, set=257485630, now=257368913
03-14 07:06:59.206 11664 13655 I SamsungAlarmManager: setLocked to kernel - T:3 / 20220314T070700, set=257369707, now=257368913
03-14 07:06:59.210  3422 17168 W NetworkScheduler: Error inserting flex_time=6000 job_id=-1 period=14000 source=16 requires_charging=0 preferred_network_type=1 target_class=com.google.android.gms.measurement.PackageMeasurementTaskService user_id=0 target_package=com.google.android.gms tag=Measurement.PackageMeasurementTaskService.UPLOAD_TASK_TAG task_type=0 required_idleness_state=0 service_kind=0 source_version=220618000 persistence_level=1 preferred_charging_state=1 required_network_type=0 runtime=1647241619203 retry_strategy={"maximum_backoff_seconds":{"3600":0},"initial_backoff_seconds":{"30":0},"retry_policy":{"0":0}} last_runtime=0, error message: UNIQUE constraint failed: pending_ops.tag, pending_ops.target_class, pending_ops.target_package, pending_ops.user_id (code 2067 SQLITE_CONSTRAINT_UNIQUE[2067]) [CONTEXT service_id=218 ]
03-14 07:06:59.211 11664 14320 D SamsungAlarmManager: setInexact (T:3/F:0/AC:false) 20220314T071130 now=257368918 - CU:10245/CP:3422/OP:PendingIntent{4d1e35d: PendingIntentRecord{e78e88b com.google.android.gms/com.google.android.gms.gcm broadcastIntent}}
03-14 07:06:59.211 11664 14320 I SamsungAlarmManager: setLocked to kernel - T:2 / 20220314T071025, set=257574889, now=257368918
03-14 07:06:59.211 11664 14320 I SamsungAlarmManager: setLocked to kernel - T:3 / 20220314T070700, set=257369707, now=257368918
03-14 07:06:59.212 11664 13655 I SamsungAlarmManager: setLocked to kernel - T:2 / 20220314T070855, set=257485630, now=257368919
03-14 07:06:59.212 11664 13655 I SamsungAlarmManager: setLocked to kernel - T:3 / 20220314T070700, set=257369707, now=257368919
03-14 07:06:59.212 11664 13655 D SamsungAlarmManager: setInexact (T:3/F:0/AC:false) 20220314T070713 now=257368919 - CU:10245/CP:3422/OP:PendingIntent{79254d2: PendingIntentRecord{e78e88b com.google.android.gms/com.google.android.gms.gcm broadcastIntent}}
03-14 07:06:59.212 11664 13655 I SamsungAlarmManager: setLocked to kernel - T:2 / 20220314T070855, set=257485630, now=257368919
03-14 07:06:59.212 11664 13655 I SamsungAlarmManager: setLocked to kernel - T:3 / 20220314T070700, set=257369707, now=257368919
03-14 07:06:59.243 21541 23492 E class fr.pchab.AndroidRTC.NewTabPoller: error sending newtab event : timeout
03-14 07:06:59.270   571   893 E audit   : avc:  denied  { find } for pid=3292 uid=10272 name=tethering scontext=u:r:permissioncontroller_app:s0:c16,c257,c512,c768 tcontext=u:object_r:tethering_service:s0 tclass=service_manager permissive=0
03-14 07:06:59.270   571   893 I servicemanager: tethering : getService has failed, permission denied.
03-14 07:06:59.281 11664 13655 D SamsungAlarmManager: Cancel Alarm calling from uid:10245 pid :3289 / OP:PendingIntent{b9249a3: PendingIntentRecord{d52d799 com.google.android.gms/com.google.android.gms.measurement broadcastIntent}}
03-14 07:06:59.288 11664 14320 D SamsungAlarmManager: Cancel Alarm calling from uid:10245 pid :3422 / OP:PendingIntent{81cec1e: PendingIntentRecord{e78e88b com.google.android.gms/com.google.android.gms.gcm broadcastIntent}}
03-14 07:06:59.288 11664 14320 I SamsungAlarmManager: setLocked to kernel - T:2 / 20220314T070855, set=257485630, now=257368995
03-14 07:06:59.288 11664 14320 I SamsungAlarmManager: setLocked to kernel - T:3 / 20220314T070700, set=257369707, now=257368995
03-14 07:06:59.289 11664 14320 D SamsungAlarmManager: setInexact (T:3/F:0/AC:false) 20220314T071130 now=257368996 - CU:10245/CP:3422/OP:PendingIntent{175dcff: PendingIntentRecord{e78e88b com.google.android.gms/com.google.android.gms.gcm broadcastIntent}}
03-14 07:06:59.289 11664 14320 I SamsungAlarmManager: setLocked to kernel - T:2 / 20220314T071025, set=257574889, now=257368996
03-14 07:06:59.290 11664 14320 I SamsungAlarmManager: setLocked to kernel - T:3 / 20220314T070700, set=257369707, now=257368996
03-14 07:06:59.290  3422 17169 W NetworkScheduler: Error inserting flex_time=6000 job_id=-1 period=14000 source=16 requires_charging=0 preferred_network_type=1 target_class=com.google.android.gms.measurement.PackageMeasurementTaskService user_id=0 target_package=com.google.android.gms tag=Measurement.PackageMeasurementTaskService.UPLOAD_TASK_TAG task_type=0 required_idleness_state=0 service_kind=0 source_version=220618000 persistence_level=1 preferred_charging_state=1 required_network_type=0 runtime=1647241619285 retry_strategy={"maximum_backoff_seconds":{"3600":0},"initial_backoff_seconds":{"30":0},"retry_policy":{"0":0}} last_runtime=0, error message: UNIQUE constraint failed: pending_ops.tag, pending_ops.target_class, pending_ops.target_package, pending_ops.user_id (code 2067 SQLITE_CONSTRAINT_UNIQUE[2067]) [CONTEXT service_id=218 ]
03-14 07:06:59.291 11664 14320 I SamsungAlarmManager: setLocked to kernel - T:2 / 20220314T070855, set=257485630, now=257368998
03-14 07:06:59.291 11664 14320 I SamsungAlarmManager: setLocked to kernel - T:3 / 20220314T070700, set=257369707, now=257368998
03-14 07:06:59.291 11664 14320 D SamsungAlarmManager: setInexact (T:3/F:0/AC:false) 20220314T070713 now=257368998 - CU:10245/CP:3422/OP:PendingIntent{4befacc: PendingIntentRecord{e78e88b com.google.android.gms/com.google.android.gms.gcm broadcastIntent}}
03-14 07:06:59.291 11664 14320 I SamsungAlarmManager: setLocked to kernel - T:2 / 20220314T070855, set=257485630, now=257368998
03-14 07:06:59.291 11664 14320 I SamsungAlarmManager: setLocked to kernel - T:3 / 20220314T070700, set=257369707, now=257368998
03-14 07:06:59.294 21541 23492 I class fr.pchab.AndroidRTC.NewTabPoller: URL: https://183.177.55.150/json?debug_port=
03-14 07:06:59.294 21541 23492 I System.out: (HTTPLog)-Static: isSBSettingEnabled false
03-14 07:06:59.294 21541 23492 I System.out: (HTTPLog)-Static: isSBSettingEnabled false
03-14 07:06:59.296 11474 11596 E Netd    : getNetworkForDns: getNetId from enterpriseCtrl is netid 0
03-14 07:06:59.352 11664 13655 D SamsungAlarmManager: Cancel Alarm calling from uid:10245 pid :3289 / OP:PendingIntent{401b991: PendingIntentRecord{d52d799 com.google.android.gms/com.google.android.gms.measurement broadcastIntent}}
03-14 07:06:59.360 11664 14320 D SamsungAlarmManager: Cancel Alarm calling from uid:10245 pid :3422 / OP:PendingIntent{c4fd764: PendingIntentRecord{e78e88b com.google.android.gms/com.google.android.gms.gcm broadcastIntent}}
03-14 07:06:59.361 11664 14320 I SamsungAlarmManager: setLocked to kernel - T:2 / 20220314T070855, set=257485630, now=257369068
03-14 07:06:59.361 11664 14320 I SamsungAlarmManager: setLocked to kernel - T:3 / 20220314T070700, set=257369707, now=257369068
03-14 07:06:59.362 11664 14320 D SamsungAlarmManager: setInexact (T:3/F:0/AC:false) 20220314T071130 now=257369069 - CU:10245/CP:3422/OP:PendingIntent{cf75dcd: PendingIntentRecord{e78e88b com.google.android.gms/com.google.android.gms.gcm broadcastIntent}}
03-14 07:06:59.362 11664 14320 I SamsungAlarmManager: setLocked to kernel - T:2 / 20220314T071025, set=257574889, now=257369069
03-14 07:06:59.362 11664 14320 I SamsungAlarmManager: setLocked to kernel - T:3 / 20220314T070700, set=257369707, now=257369069
03-14 07:06:59.363  3422 25127 W NetworkScheduler: Error inserting flex_time=6000 job_id=-1 period=14000 source=16 requires_charging=0 preferred_network_type=1 target_class=com.google.android.gms.measurement.PackageMeasurementTaskService user_id=0 target_package=com.google.android.gms tag=Measurement.PackageMeasurementTaskService.UPLOAD_TASK_TAG task_type=0 required_idleness_state=0 service_kind=0 source_version=220618000 persistence_level=1 preferred_charging_state=1 required_network_type=0 runtime=1647241619357 retry_strategy={"maximum_backoff_seconds":{"3600":0},"initial_backoff_seconds":{"30":0},"retry_policy":{"0":0}} last_runtime=0, error message: UNIQUE constraint failed: pending_ops.tag, pending_ops.target_class, pending_ops.target_package, pending_ops.user_id (code 2067 SQLITE_CONSTRAINT_UNIQUE[2067]) [CONTEXT service_id=218 ]
03-14 07:06:59.364 11664 13655 I SamsungAlarmManager: setLocked to kernel - T:2 / 20220314T070855, set=257485630, now=257369071
03-14 07:06:59.364 11664 13655 I SamsungAlarmManager: setLocked to kernel - T:3 / 20220314T070700, set=257369707, now=257369071
03-14 07:06:59.366 11664 13655 D SamsungAlarmManager: setInexact (T:3/F:0/AC:false) 20220314T070713 now=257369073 - CU:10245/CP:3422/OP:PendingIntent{d759682: PendingIntentRecord{e78e88b com.google.android.gms/com.google.android.gms.gcm broadcastIntent}}
03-14 07:06:59.366 11664 13655 I SamsungAlarmManager: setLocked to kernel - T:2 / 20220314T070855, set=257485630, now=257369073
03-14 07:06:59.366 11664 13655 I SamsungAlarmManager: setLocked to kernel - T:3 / 20220314T070700, set=257369707, now=257369073
03-14 07:06:59.420 11664 13655 D SamsungAlarmManager: Cancel Alarm calling from uid:10245 pid :3289 / OP:PendingIntent{32909c9: PendingIntentRecord{d52d799 com.google.android.gms/com.google.android.gms.measurement broadcastIntent}}
03-14 07:06:59.427 11664 13655 D SamsungAlarmManager: Cancel Alarm calling from uid:10245 pid :3422 / OP:PendingIntent{d5caefc: PendingIntentRecord{e78e88b com.google.android.gms/com.google.android.gms.gcm broadcastIntent}}
03-14 07:06:59.428 11664 13655 I SamsungAlarmManager: setLocked to kernel - T:2 / 20220314T070855, set=257485630, now=257369135
03-14 07:06:59.428 11664 13655 I SamsungAlarmManager: setLocked to kernel - T:3 / 20220314T070700, set=257369707, now=257369135
03-14 07:06:59.429 11664 13655 D SamsungAlarmManager: setInexact (T:3/F:0/AC:false) 20220314T071130 now=257369136 - CU:10245/CP:3422/OP:PendingIntent{af7985: PendingIntentRecord{e78e88b com.google.android.gms/com.google.android.gms.gcm broadcastIntent}}
03-14 07:06:59.429 11664 13655 I SamsungAlarmManager: setLocked to kernel - T:2 / 20220314T071025, set=257574889, now=257369136
03-14 07:06:59.429 11664 13655 I SamsungAlarmManager: setLocked to kernel - T:3 / 20220314T070700, set=257369707, now=257369136
03-14 07:06:59.431  3422 17169 W NetworkScheduler: Error inserting flex_time=6000 job_id=-1 period=14000 source=16 requires_charging=0 preferred_network_type=1 target_class=com.google.android.gms.measurement.PackageMeasurementTaskService user_id=0 target_package=com.google.android.gms tag=Measurement.PackageMeasurementTaskService.UPLOAD_TASK_TAG task_type=0 required_idleness_state=0 service_kind=0 source_version=220618000 persistence_level=1 preferred_charging_state=1 required_network_type=0 runtime=1647241619426 retry_strategy={"maximum_backoff_seconds":{"3600":0},"initial_backoff_seconds":{"30":0},"retry_policy":{"0":0}} last_runtime=0, error message: UNIQUE constraint failed: pending_ops.tag, pending_ops.target_class, pending_ops.target_package, pending_ops.user_id (code 2067 SQLITE_CONSTRAINT_UNIQUE[2067]) [CONTEXT service_id=218 ]
03-14 07:06:59.431 11664 13655 I SamsungAlarmManager: setLocked to kernel - T:2 / 20220314T070855, set=257485630, now=257369138
03-14 07:06:59.431 11664 13655 I SamsungAlarmManager: setLocked to kernel - T:3 / 20220314T070700, set=257369707, now=257369138
03-14 07:06:59.432 11664 13655 D SamsungAlarmManager: setInexact (T:3/F:0/AC:false) 20220314T070713 now=257369139 - CU:10245/CP:3422/OP:PendingIntent{39b73da: PendingIntentRecord{e78e88b com.google.android.gms/com.google.android.gms.gcm broadcastIntent}}
03-14 07:06:59.432 11664 13655 I SamsungAlarmManager: setLocked to kernel - T:2 / 20220314T070855, set=257485630, now=257369139
03-14 07:06:59.432 11664 13655 I SamsungAlarmManager: setLocked to kernel - T:3 / 20220314T070700, set=257369707, now=257369139
03-14 07:06:59.473   571   893 E audit   : avc:  denied  { find } for pid=3292 uid=10272 name=tethering scontext=u:r:permissioncontroller_app:s0:c16,c257,c512,c768 tcontext=u:object_r:tethering_service:s0 tclass=service_manager permissive=0
03-14 07:06:59.473   571   893 I servicemanager: tethering : getService has failed, permission denied.
03-14 07:06:59.485 11664 14320 D SamsungAlarmManager: Cancel Alarm calling from uid:10245 pid :3289 / OP:PendingIntent{643bee8: PendingIntentRecord{d52d799 com.google.android.gms/com.google.android.gms.measurement broadcastIntent}}
03-14 07:06:59.492 11664 13655 D SamsungAlarmManager: Cancel Alarm calling from uid:10245 pid :3422 / OP:PendingIntent{c6481e7: PendingIntentRecord{e78e88b com.google.android.gms/com.google.android.gms.gcm broadcastIntent}}
03-14 07:06:59.493 11664 13655 I SamsungAlarmManager: setLocked to kernel - T:2 / 20220314T070855, set=257485630, now=257369199
03-14 07:06:59.493 11664 13655 I SamsungAlarmManager: setLocked to kernel - T:3 / 20220314T070700, set=257369707, now=257369200
03-14 07:06:59.494 11664 13655 D SamsungAlarmManager: setInexact (T:3/F:0/AC:false) 20220314T071130 now=257369201 - CU:10245/CP:3422/OP:PendingIntent{609e194: PendingIntentRecord{e78e88b com.google.android.gms/com.google.android.gms.gcm broadcastIntent}}
03-14 07:06:59.494 11664 13655 I SamsungAlarmManager: setLocked to kernel - T:2 / 20220314T071025, set=257574889, now=257369201
03-14 07:06:59.494 11664 13655 I SamsungAlarmManager: setLocked to kernel - T:3 / 20220314T070700, set=257369707, now=257369201
03-14 07:06:59.496  3422 25127 W NetworkScheduler: Error inserting flex_time=6000 job_id=-1 period=14000 source=16 requires_charging=0 preferred_network_type=1 target_class=com.google.android.gms.measurement.PackageMeasurementTaskService user_id=0 target_package=com.google.android.gms tag=Measurement.PackageMeasurementTaskService.UPLOAD_TASK_TAG task_type=0 required_idleness_state=0 service_kind=0 source_version=220618000 persistence_level=1 preferred_charging_state=1 required_network_type=0 runtime=1647241619491 retry_strategy={"maximum_backoff_seconds":{"3600":0},"initial_backoff_seconds":{"30":0},"retry_policy":{"0":0}} last_runtime=0, error message: UNIQUE constraint failed: pending_ops.tag, pending_ops.target_class, pending_ops.target_package, pending_ops.user_id (code 2067 SQLITE_CONSTRAINT_UNIQUE[2067]) [CONTEXT service_id=218 ]
03-14 07:06:59.497 11664 13655 I SamsungAlarmManager: setLocked to kernel - T:2 / 20220314T070855, set=257485630, now=257369204
03-14 07:06:59.497 11664 13655 I SamsungAlarmManager: setLocked to kernel - T:3 / 20220314T070700, set=257369707, now=257369204
03-14 07:06:59.497 11664 13655 D SamsungAlarmManager: setInexact (T:3/F:0/AC:false) 20220314T070713 now=257369204 - CU:10245/CP:3422/OP:PendingIntent{168543d: PendingIntentRecord{e78e88b com.google.android.gms/com.google.android.gms.gcm broadcastIntent}}
03-14 07:06:59.497 11664 13655 I SamsungAlarmManager: setLocked to kernel - T:2 / 20220314T070855, set=257485630, now=257369204
03-14 07:06:59.497 11664 13655 I SamsungAlarmManager: setLocked to kernel - T:3 / 20220314T070700, set=257369707, now=257369204
03-14 07:06:59.516   624   624 I io_stats: !@   8,0 r 808836 31359284 w 2255738 47842492 d 897412 51720492 f 0 0 iot 2366096 0 th 0 0 0 pt 0 inp 0 0 257369.223
03-14 07:06:59.567 11664 13655 D SamsungAlarmManager: Cancel Alarm calling from uid:10245 pid :3289 / OP:PendingIntent{2ed5583: PendingIntentRecord{d52d799 com.google.android.gms/com.google.android.gms.measurement broadcastIntent}}
03-14 07:06:59.574  3422 17169 W NetworkScheduler: Error inserting flex_time=6000 job_id=-1 period=14000 source=16 requires_charging=0 preferred_network_type=1 target_class=com.google.android.gms.measurement.PackageMeasurementTaskService user_id=0 target_package=com.google.android.gms tag=Measurement.PackageMeasurementTaskService.UPLOAD_TASK_TAG task_type=0 required_idleness_state=0 service_kind=0 source_version=220618000 persistence_level=1 preferred_charging_state=1 required_network_type=0 runtime=1647241619572 retry_strategy={"maximum_backoff_seconds":{"3600":0},"initial_backoff_seconds":{"30":0},"retry_policy":{"0":0}} last_runtime=0, error message: UNIQUE constraint failed: pending_ops.tag, pending_ops.target_class, pending_ops.target_package, pending_ops.user_id (code 2067 SQLITE_CONSTRAINT_UNIQUE[2067]) [CONTEXT service_id=218 ]
03-14 07:06:59.576 11664 13655 D SamsungAlarmManager: Cancel Alarm calling from uid:10245 pid :3422 / OP:PendingIntent{494d17e: PendingIntentRecord{e78e88b com.google.android.gms/com.google.android.gms.gcm broadcastIntent}}
03-14 07:06:59.576 11664 13655 I SamsungAlarmManager: setLocked to kernel - T:2 / 20220314T070855, set=257485630, now=257369283
03-14 07:06:59.576 11664 13655 I SamsungAlarmManager: setLocked to kernel - T:3 / 20220314T070700, set=257369707, now=257369283
03-14 07:06:59.580 11664 13655 D SamsungAlarmManager: setInexact (T:3/F:0/AC:false) 20220314T070713 now=257369287 - CU:10245/CP:3422/OP:PendingIntent{a5c6df: PendingIntentRecord{e78e88b com.google.android.gms/com.google.android.gms.gcm broadcastIntent}}
03-14 07:06:59.580 11664 13655 I SamsungAlarmManager: setLocked to kernel - T:2 / 20220314T070855, set=257485630, now=257369287
03-14 07:06:59.580 11664 13655 I SamsungAlarmManager: setLocked to kernel - T:3 / 20220314T070700, set=257369707, now=257369287
03-14 07:06:59.605 11664 12180 D SensorService: Calling batch handle==33 flags=0 rate=200000000 timeout== 0
03-14 07:06:59.606   818   818 I Sensors : batch(19) - light_cct_sensor try to batching with 200000000
03-14 07:06:59.607   818   818 I Sensors : LightCCT_Sensor old sensor_state 16385, new sensor_state : 140758963208193 en : 1
03-14 07:06:59.611   818   818 I Sensors : enable:: light_cct_sensor(19)
03-14 07:06:59.611 11664 12180 D SensorManager: registerListener :: 33, TMD4912 Light CCT, 200000, 0, com.samsung.android.displaysolution.EyeComfortSolutionService$2@ada807
03-14 07:06:59.639 11664 13655 D SamsungAlarmManager: Cancel Alarm calling from uid:10245 pid :3289 / OP:PendingIntent{8a7cf2c: PendingIntentRecord{d52d799 com.google.android.gms/com.google.android.gms.measurement broadcastIntent}}
03-14 07:06:59.647 11664 14320 D SamsungAlarmManager: Cancel Alarm calling from uid:10245 pid :3422 / OP:PendingIntent{a49f1fb: PendingIntentRecord{e78e88b com.google.android.gms/com.google.android.gms.gcm broadcastIntent}}
03-14 07:06:59.647 11664 14320 I SamsungAlarmManager: setLocked to kernel - T:2 / 20220314T070855, set=257485630, now=257369354
03-14 07:06:59.647 11664 14320 I SamsungAlarmManager: setLocked to kernel - T:3 / 20220314T070700, set=257369707, now=257369354
03-14 07:06:59.649 11664 14316 D SamsungAlarmManager: setInexact (T:3/F:0/AC:false) 20220314T071130 now=257369356 - CU:10245/CP:3422/OP:PendingIntent{c58b218: PendingIntentRecord{e78e88b com.google.android.gms/com.google.android.gms.gcm broadcastIntent}}
03-14 07:06:59.649 11664 14316 I SamsungAlarmManager: setLocked to kernel - T:2 / 20220314T071025, set=257574889, now=257369356
03-14 07:06:59.649 11664 14316 I SamsungAlarmManager: setLocked to kernel - T:3 / 20220314T070700, set=257369707, now=257369356
03-14 07:06:59.652   818  1573 I Sensors : lux = 1, CCT = 0, r = 45, g = 4, b = 49, c = 8, atime = 2060, again = 4096, lux_raw = 1, brightness = 0, time = 257369353450224
03-14 07:06:59.652  3422 25127 W NetworkScheduler: Error inserting flex_time=6000 job_id=-1 period=13000 source=16 requires_charging=0 preferred_network_type=1 target_class=com.google.android.gms.measurement.PackageMeasurementTaskService user_id=0 target_package=com.google.android.gms tag=Measurement.PackageMeasurementTaskService.UPLOAD_TASK_TAG task_type=0 required_idleness_state=0 service_kind=0 source_version=220618000 persistence_level=1 preferred_charging_state=1 required_network_type=0 runtime=1647241619646 retry_strategy={"maximum_backoff_seconds":{"3600":0},"initial_backoff_seconds":{"30":0},"retry_policy":{"0":0}} last_runtime=0, error message: UNIQUE constraint failed: pending_ops.tag, pending_ops.target_class, pending_ops.target_package, pending_ops.user_id (code 2067 SQLITE_CONSTRAINT_UNIQUE[2067]) [CONTEXT service_id=218 ]
03-14 07:06:59.653 11664 12180 D SensorService: removeConnection, index : 0, size : 1
03-14 07:06:59.653 11664 12180 D SensorService: # removeConnection, index : 0, size : 0
03-14 07:06:59.653 11664 12180 D SensorService: Calling activate off 33
03-14 07:06:59.653   818   818 I Sensors : LightCCT_Sensor old sensor_state 16385, new sensor_state : 140754668240897 en : 0
03-14 07:06:59.654 11664 14316 I SamsungAlarmManager: setLocked to kernel - T:2 / 20220314T070855, set=257485630, now=257369361
03-14 07:06:59.654 11664 14316 I SamsungAlarmManager: setLocked to kernel - T:3 / 20220314T070700, set=257369707, now=257369361
03-14 07:06:59.654   818   818 I Sensors : disable:: light_cct_sensor(19)
03-14 07:06:59.655 11664 12180 D SensorManager: unregisterListener :: com.samsung.android.displaysolution.EyeComfortSolutionService$2@ada807
03-14 07:06:59.655 11664 14316 D SamsungAlarmManager: setInexact (T:3/F:0/AC:false) 20220314T070712 now=257369362 - CU:10245/CP:3422/OP:PendingIntent{e975471: PendingIntentRecord{e78e88b com.google.android.gms/com.google.android.gms.gcm broadcastIntent}}
03-14 07:06:59.655 11664 14316 I SamsungAlarmManager: setLocked to kernel - T:2 / 20220314T070855, set=257485630, now=257369362
03-14 07:06:59.655 11664 14316 I SamsungAlarmManager: setLocked to kernel - T:3 / 20220314T070700, set=257369707, now=257369362
