03-15 02:42:36.159 20683 20760 I TelephonyDataSource: [C] getSimState(1) : 1
03-15 02:42:36.162  1199  9263 D SecContentProvider2: query(), uri = 18 selection = isCopyContactToSimAllowed
03-15 02:42:36.162 10970 12400 I Icing   : Indexing done com.google.android.gms-apps
03-15 02:42:36.162  4925 25000 I Fitness : FitCleanupIntentOperation received Intent android.intent.action.PACKAGE_CHANGED [CONTEXT service_id=17 ]
03-15 02:42:36.162  1199  9263 D SecContentProvider2: isCopyContactToSimAllowed = true
03-15 02:42:36.167  1199  7038 W Looper  : Slow dispatch took 147ms PackageManagerHandlerThread h=android.os.Handler c=<recycled PooledLambda@ea8290f> m=0
03-15 02:42:36.171 20683 20760 I TelephonyDataSource: [C] getSimState(0) : 1
03-15 02:42:36.172  1199  9263 D SecContentProvider2: query(), uri = 18 selection = isCopyContactToSimAllowed
03-15 02:42:36.172 25003 25003 I libc    : SetHeapTaggingLevel: tag level set to 0
03-15 02:42:36.172  1199  9263 D SecContentProvider2: isCopyContactToSimAllowed = true
03-15 02:42:36.173 20683 20760 I TelephonyDataSource: [C] getSimState(1) : 1
03-15 02:42:36.173  1199  1618 D SettingsProvider: isChangeAllowed() : name = contact_default_account
03-15 02:42:36.173  1199  1618 D SettingsProvider: edmUri: content://com.sec.knox.provider/RestrictionPolicy3
03-15 02:42:36.173  1199  1618 D SettingsProvider: projectionArgs: isSettingsChangesAllowed
03-15 02:42:36.173  1199  1618 D SettingsProvider: selectionArgs: false
03-15 02:42:36.173  1199  1618 D SettingsProvider: selectionArgs: 10119
03-15 02:42:36.173  1199  1618 D SecContentProvider: query(), uri = 17 selection = isSettingsChangesAllowed
03-15 02:42:36.173  1199  1618 D SecContentProvider: called from com.samsung.android.app.contacts
03-15 02:42:36.174  1199  1618 D RestrictionPolicy: isSettingsChangesAllowedAsUser, userId 0 : true
03-15 02:42:36.174  1199  1618 D SettingsProvider: ret = 1
03-15 02:42:36.175  1199  7503 D SecContentProvider2: query(), uri = 18 selection = isCopyContactToSimAllowed
03-15 02:42:36.176  1199  7503 D SecContentProvider2: isCopyContactToSimAllowed = true
03-15 02:42:36.178 20683 20760 I TelephonyDataSource: [C] getSimState(0) : 1
03-15 02:42:36.183  7179 22749 I RoleControllerService: grantDefaultRoles() is done
03-15 02:42:36.184 25003 25003 E nder:appservic: Not starting debugger since process cannot load the jdwp agent.
03-15 02:42:36.186 25003 25003 D ActivityThread: setConscryptValidator
03-15 02:42:36.186 25003 25003 D ActivityThread: setConscryptValidator - put
03-15 02:42:36.187  1199  7503 D SecContentProvider2: query(), uri = 18 selection = isCopyContactToSimAllowed
03-15 02:42:36.187 17604 24444 V Apptimize: Apptimize: Logging metric for test '[PAYM] A/B Testing Copy Installment Fee Plan'.
03-15 02:42:36.187 17604 24444 V Apptimize: Apptimize: Logging metric for test '[HNHA] Config for Children Rate'.
03-15 02:42:36.187 17604 24444 V Apptimize: Apptimize: Logging metric for test '[HPEP] feature variable room list 3.0'.
03-15 02:42:36.187 17604 24444 V Apptimize: Apptimize: Logging metric for test '[TTDE] Category Page'.
03-15 02:42:36.187  1199  7503 D SecContentProvider2: isCopyContactToSimAllowed = true
03-15 02:42:36.188 17604 24444 V Apptimize: Apptimize: Logging metric for test '[PAYM] A/B Testing Copy Installment Fee Plan'.
03-15 02:42:36.188 17604 24444 V Apptimize: Apptimize: Logging metric for test '[HNHA] Config for Children Rate'.
03-15 02:42:36.188 17604 24444 V Apptimize: Apptimize: Logging metric for test '[HPEP] feature variable room list 3.0'.
03-15 02:42:36.188 17604 24444 V Apptimize: Apptimize: Logging metric for test '[TTDE] Category Page'.
03-15 02:42:36.188 17604 24444 V Apptimize: Apptimize: Logging metric for test '[PAYM] A/B Testing Copy Installment Fee Plan'.
03-15 02:42:36.188 17604 24444 V Apptimize: Apptimize: Logging metric for test '[HNHA] Config for Children Rate'.
03-15 02:42:36.188 17604 24444 V Apptimize: Apptimize: Logging metric for test '[HPEP] feature variable room list 3.0'.
03-15 02:42:36.188 17604 24444 V Apptimize: Apptimize: Logging metric for test '[TTDE] Category Page'.
03-15 02:42:36.188 17604 24444 V Apptimize: Apptimize: Logging metric for test '[PAYM] A/B Testing Copy Installment Fee Plan'.
03-15 02:42:36.188 17604 24444 V Apptimize: Apptimize: Logging metric for test '[HNHA] Config for Children Rate'.
03-15 02:42:36.188 17604 24444 V Apptimize: Apptimize: Logging metric for test '[HPEP] feature variable room list 3.0'.
03-15 02:42:36.188 17604 24444 V Apptimize: Apptimize: Logging metric for test '[TTDE] Category Page'.
03-15 02:42:36.189 17604 24444 V Apptimize: Apptimize: Logging metric for test '[PAYM] A/B Testing Copy Installment Fee Plan'.
03-15 02:42:36.189 17604 24444 V Apptimize: Apptimize: Logging metric for test '[HNHA] Config for Children Rate'.
03-15 02:42:36.189 17604 24444 V Apptimize: Apptimize: Logging metric for test '[HPEP] feature variable room list 3.0'.
03-15 02:42:36.189 17604 24444 V Apptimize: Apptimize: Logging metric for test '[TTDE] Category Page'.
03-15 02:42:36.189 17604 24444 V Apptimize: Apptimize: Logging metric for test '[PAYM] A/B Testing Copy Installment Fee Plan'.
03-15 02:42:36.189 17604 24444 V Apptimize: Apptimize: Logging metric for test '[HNHA] Config for Children Rate'.
03-15 02:42:36.189 17604 24444 V Apptimize: Apptimize: Logging metric for test '[HPEP] feature variable room list 3.0'.
03-15 02:42:36.189 17604 24444 V Apptimize: Apptimize: Logging metric for test '[TTDE] Category Page'.
03-15 02:42:36.189 17604 24444 V Apptimize: Apptimize: Logging metric for test '[PAYM] A/B Testing Copy Installment Fee Plan'.
03-15 02:42:36.189 17604 24444 V Apptimize: Apptimize: Logging metric for test '[HNHA] Config for Children Rate'.
03-15 02:42:36.189 17604 24444 V Apptimize: Apptimize: Logging metric for test '[HPEP] feature variable room list 3.0'.
03-15 02:42:36.189 17604 24444 V Apptimize: Apptimize: Logging metric for test '[TTDE] Category Page'.
03-15 02:42:36.190 17604 24444 V Apptimize: Apptimize: Logging metric for test '[PAYM] A/B Testing Copy Installment Fee Plan'.
03-15 02:42:36.190 17604 24444 V Apptimize: Apptimize: Logging metric for test '[HNHA] Config for Children Rate'.
03-15 02:42:36.190 17604 24444 V Apptimize: Apptimize: Logging metric for test '[HPEP] feature variable room list 3.0'.
03-15 02:42:36.190 17604 24444 V Apptimize: Apptimize: Logging metric for test '[TTDE] Category Page'.
03-15 02:42:36.190 17604 24444 V Apptimize: Apptimize: Logging metric for test '[PAYM] A/B Testing Copy Installment Fee Plan'.
03-15 02:42:36.190 17604 24444 V Apptimize: Apptimize: Logging metric for test '[HNHA] Config for Children Rate'.
03-15 02:42:36.190 17604 24444 V Apptimize: Apptimize: Logging metric for test '[HPEP] feature variable room list 3.0'.
03-15 02:42:36.190 17604 24444 V Apptimize: Apptimize: Logging metric for test '[TTDE] Category Page'.
03-15 02:42:36.190 17604 24444 V Apptimize: Apptimize: Logging metric for test '[PAYM] A/B Testing Copy Installment Fee Plan'.
03-15 02:42:36.191 17604 24444 V Apptimize: Apptimize: Logging metric for test '[HNHA] Config for Children Rate'.
03-15 02:42:36.191 17604 24444 V Apptimize: Apptimize: Logging metric for test '[HPEP] feature variable room list 3.0'.
03-15 02:42:36.191 17604 24444 V Apptimize: Apptimize: Logging metric for test '[TTDE] Category Page'.
03-15 02:42:36.191 17604 24444 V Apptimize: Apptimize: Logging metric for test '[PAYM] A/B Testing Copy Installment Fee Plan'.
03-15 02:42:36.191 17604 24444 V Apptimize: Apptimize: Logging metric for test '[HNHA] Config for Children Rate'.
03-15 02:42:36.191 17604 24444 V Apptimize: Apptimize: Logging metric for test '[HPEP] feature variable room list 3.0'.
03-15 02:42:36.191 17604 24444 V Apptimize: Apptimize: Logging metric for test '[TTDE] Category Page'.
03-15 02:42:36.191 17604 24444 V Apptimize: Apptimize: Logging metric for test '[PAYM] A/B Testing Copy Installment Fee Plan'.
03-15 02:42:36.191 17604 24444 V Apptimize: Apptimize: Logging metric for test '[HNHA] Config for Children Rate'.
03-15 02:42:36.191 17604 24444 V Apptimize: Apptimize: Logging metric for test '[HPEP] feature variable room list 3.0'.
03-15 02:42:36.191 17604 24444 V Apptimize: Apptimize: Logging metric for test '[TTDE] Category Page'.
03-15 02:42:36.192 17604 24444 V Apptimize: Apptimize: Logging metric for test '[PAYM] A/B Testing Copy Installment Fee Plan'.
03-15 02:42:36.192 17604 24444 V Apptimize: Apptimize: Logging metric for test '[HNHA] Config for Children Rate'.
03-15 02:42:36.192 17604 24444 V Apptimize: Apptimize: Logging metric for test '[HPEP] feature variable room list 3.0'.
03-15 02:42:36.192 17604 24444 V Apptimize: Apptimize: Logging metric for test '[TTDE] Category Page'.
03-15 02:42:36.192 17604 24444 V Apptimize: Apptimize: Logging metric for test '[PAYM] A/B Testing Copy Installment Fee Plan'.
03-15 02:42:36.192 17604 24444 V Apptimize: Apptimize: Logging metric for test '[HNHA] Config for Children Rate'.
03-15 02:42:36.192 17604 24444 V Apptimize: Apptimize: Logging metric for test '[HPEP] feature variable room list 3.0'.
03-15 02:42:36.192 17604 24444 V Apptimize: Apptimize: Logging metric for test '[TTDE] Category Page'.
03-15 02:42:36.192   759   759 E audit   : type=1400 audit(1647312156.188:10551): avc:  denied  { ioctl } for  pid=24998 comm="busybox" path="pipe:[4650528]" dev="pipefs" ino=4650528 ioctlcmd=0x5413 scontext=u:r:shell:s0 tcontext=u:r:shell:s0 tclass=fifo_file permissive=0 SEPF_SM-G991B_11_0010 audit_filtered
03-15 02:42:36.192 17604 24444 V Apptimize: Apptimize: Logging metric for test '[PAYM] A/B Testing Copy Installment Fee Plan'.
03-15 02:42:36.192 17604 24444 V Apptimize: Apptimize: Logging metric for test '[HNHA] Config for Children Rate'.
03-15 02:42:36.192 17604 24444 V Apptimize: Apptimize: Logging metric for test '[HPEP] feature variable room list 3.0'.
03-15 02:42:36.192 17604 24444 V Apptimize: Apptimize: Logging metric for test '[TTDE] Category Page'.
03-15 02:42:36.193 17604 24444 V Apptimize: Apptimize: Logging metric for test '[PAYM] A/B Testing Copy Installment Fee Plan'.
03-15 02:42:36.193 17604 24444 V Apptimize: Apptimize: Logging metric for test '[HNHA] Config for Children Rate'.
03-15 02:42:36.193 17604 24444 V Apptimize: Apptimize: Logging metric for test '[HPEP] feature variable room list 3.0'.
03-15 02:42:36.193 17604 24444 V Apptimize: Apptimize: Logging metric for test '[TTDE] Category Page'.
03-15 02:42:36.193 17604 24444 V Apptimize: Apptimize: Logging metric for test '[PAYM] A/B Testing Copy Installment Fee Plan'.
03-15 02:42:36.193 17604 24444 V Apptimize: Apptimize: Logging metric for test '[HNHA] Config for Children Rate'.
03-15 02:42:36.193 17604 24444 V Apptimize: Apptimize: Logging metric for test '[HPEP] feature variable room list 3.0'.
03-15 02:42:36.193 17604 24444 V Apptimize: Apptimize: Logging metric for test '[TTDE] Category Page'.
03-15 02:42:36.193 17604 24444 V Apptimize: Apptimize: Logging metric for test '[PAYM] A/B Testing Copy Installment Fee Plan'.
03-15 02:42:36.193 17604 24444 V Apptimize: Apptimize: Logging metric for test '[HNHA] Config for Children Rate'.
03-15 02:42:36.193 17604 24444 V Apptimize: Apptimize: Logging metric for test '[HPEP] feature variable room list 3.0'.
03-15 02:42:36.193 17604 24444 V Apptimize: Apptimize: Logging metric for test '[TTDE] Category Page'.
03-15 02:42:36.194 17604 24444 V Apptimize: Apptimize: Logging metric for test '[PAYM] A/B Testing Copy Installment Fee Plan'.
03-15 02:42:36.194 17604 24444 V Apptimize: Apptimize: Logging metric for test '[HNHA] Config for Children Rate'.
03-15 02:42:36.194 17604 24444 V Apptimize: Apptimize: Logging metric for test '[HPEP] feature variable room list 3.0'.
03-15 02:42:36.194 17604 24444 V Apptimize: Apptimize: Logging metric for test '[TTDE] Category Page'.
03-15 02:42:36.194  1199  1618 I ActivityManager: DSS OFF for com.samsung.android.app.galaxyfinder
03-15 02:42:36.194 17604 24444 V Apptimize: Apptimize: Logging metric for test '[PAYM] A/B Testing Copy Installment Fee Plan'.
03-15 02:42:36.194 17604 24444 V Apptimize: Apptimize: Logging metric for test '[HNHA] Config for Children Rate'.
03-15 02:42:36.194 17604 24444 V Apptimize: Apptimize: Logging metric for test '[HPEP] feature variable room list 3.0'.
03-15 02:42:36.194 17604 24444 V Apptimize: Apptimize: Logging metric for test '[TTDE] Category Page'.
03-15 02:42:36.194 20683 20760 I TelephonyDataSource: [C] getSimState(1) : 1
03-15 02:42:36.194 17604 24444 V Apptimize: Apptimize: Logging metric for test '[PAYM] A/B Testing Copy Installment Fee Plan'.
03-15 02:42:36.194 17604 24444 V Apptimize: Apptimize: Logging metric for test '[HNHA] Config for Children Rate'.
03-15 02:42:36.194 17604 24444 V Apptimize: Apptimize: Logging metric for test '[HPEP] feature variable room list 3.0'.
03-15 02:42:36.195 17604 24444 V Apptimize: Apptimize: Logging metric for test '[TTDE] Category Page'.
03-15 02:42:36.195 17604 24444 V Apptimize: Apptimize: Logging metric for test '[PAYM] A/B Testing Copy Installment Fee Plan'.
03-15 02:42:36.195 17604 24444 V Apptimize: Apptimize: Logging metric for test '[HNHA] Config for Children Rate'.
03-15 02:42:36.195 17604 24444 V Apptimize: Apptimize: Logging metric for test '[HPEP] feature variable room list 3.0'.
03-15 02:42:36.195 17604 24444 V Apptimize: Apptimize: Logging metric for test '[TTDE] Category Page'.
03-15 02:42:36.195 17604 24444 V Apptimize: Apptimize: Logging metric for test '[PAYM] A/B Testing Copy Installment Fee Plan'.
03-15 02:42:36.195 17604 24444 V Apptimize: Apptimize: Logging metric for test '[HNHA] Config for Children Rate'.
03-15 02:42:36.195 17604 24444 V Apptimize: Apptimize: Logging metric for test '[HPEP] feature variable room list 3.0'.
03-15 02:42:36.195 17604 24444 V Apptimize: Apptimize: Logging metric for test '[TTDE] Category Page'.
03-15 02:42:36.195 17604 24444 V Apptimize: Apptimize: Logging metric for test '[PAYM] A/B Testing Copy Installment Fee Plan'.
03-15 02:42:36.196 17604 24444 V Apptimize: Apptimize: Logging metric for test '[HNHA] Config for Children Rate'.
03-15 02:42:36.196 17604 24444 V Apptimize: Apptimize: Logging metric for test '[HPEP] feature variable room list 3.0'.
03-15 02:42:36.196 17604 24444 V Apptimize: Apptimize: Logging metric for test '[TTDE] Category Page'.
03-15 02:42:36.206  1199  1618 D ActivityManager: attachApplicationLocked() app=ProcessRecord{f3c4694 25003:com.samsung.android.app.galaxyfinder:appservice/u0a87} app.isolatedEntryPoint=null instr2=null
03-15 02:42:36.211  1199  9308 D PkgPredictorService: pkg:com.tiket.gits activity:com.tiket.gits.v2splash.SplashV2Activity thisTime:1981
03-15 02:42:36.216 17604 24430 I com.tiket.gits: Waiting for a blocking GC ProfileSaver
03-15 02:42:36.216  1199  7038 W Looper  : Slow delivery took 244ms PackageManagerHandlerThread h=android.os.Handler c=<recycled PooledLambda@2610d46> m=0
03-15 02:42:36.219 25003 25003 D ActivityThread: handleBindApplication()++ app=com.samsung.android.app.galaxyfinder:appservice
03-15 02:42:36.227  1199  9263 V WindowManager: Relayout Window{9cd3364 u0 com.tiket.gits/com.tiket.gits.v2splash.SplashV2Activity}: viewVisibility=0 req=1080x2400
03-15 02:42:36.229  1199  9263 V WindowManager: Relayout hash=9cd3364, pid=17604: mAttrs={(0,0)(fillxfill) sim={adjust=resize forwardNavigation} ty=BASE_APPLICATION
03-15 02:42:36.229  1199  9263 V WindowManager:   fl=81810100
03-15 02:42:36.229  1199  9263 V WindowManager:   pfl=12020000
03-15 02:42:36.229  1199  9263 V WindowManager:   vsysui=500
03-15 02:42:36.229  1199  9263 V WindowManager:   apr=LIGHT_NAVIGATION_BARS
03-15 02:42:36.229  1199  9263 V WindowManager:   fitSides= naviIconColor=0
03-15 02:42:36.229  1199  9263 V WindowManager:   sfl=100000}
03-15 02:42:36.229  1199  9263 I SurfaceControl: nativeRelease nativeObject s[-5476376616080227424]
03-15 02:42:36.229  1199  9263 I SurfaceControl: nativeRelease nativeObject e[-5476376616080227424]
03-15 02:42:36.230 17604 17604 I SurfaceControl: nativeRelease nativeObject s[-5476376616080384784]
03-15 02:42:36.230 17604 17604 I SurfaceControl: nativeRelease nativeObject e[-5476376616080384784]
03-15 02:42:36.231 17604 17604 I SurfaceControl: assignNativeObject: nativeObject = 0 Surface(name=null)/@0x7b444c7 / android.view.SurfaceControl.readFromParcel:1115 android.view.IWindowSession$Stub$Proxy.relayout:1820 android.view.ViewRootImpl.relayoutWindow:9005 android.view.ViewRootImpl.performTraversals:3360 android.view.ViewRootImpl.doTraversal:2618 android.view.ViewRootImpl$TraversalRunnable.run:9971 android.view.Choreographer$CallbackRecord.run:1010 android.view.Choreographer.doCallbacks:809 android.view.Choreographer.doFrame:744 android.view.Choreographer$FrameDisplayEventReceiver.run:995
03-15 02:42:36.231 17604 17604 I ViewRootImpl@e00d9ae[SplashV2Activity]: Relayout returned: old=(0,0,1080,2400) new=(0,0,1080,2400) req=(1080,2400)0 dur=4 res=0x1 s={true -5476376611247927056} ch=false fn=81
03-15 02:42:36.236   915  8204 D NativeSemDvfsManager: acquire:: timeout = 2000 mIsAcquired = 1  mTagName : SurfaceFlinger
03-15 02:42:36.237   823   877 I HYPER-HAL: [RequestManager.cpp]acquire(): Acquired ID : 1835570  [915 / 1000]    HINT :      list : [GPUMinFreq / 403000] [TIMEOUT / 2000]
03-15 02:42:36.237   915  8204 E NativeCustomFrequencyManager: [NativeCFMS] BpCustomFrequencyManager::acquire()
03-15 02:42:36.242  1199  7237 D SensorService: removeConnection, index : 0, size : 1
03-15 02:42:36.242  1199  7237 D SensorService: # removeConnection, index : 0, size : 0
03-15 02:42:36.242  1199  7237 D SensorService: Calling activate off 33554433
03-15 02:42:36.242   811   811 D SensorsFlicker: Als_common::enable, handle : 1, mode : 1, en : 0
03-15 02:42:36.243   811   811 D SensorsFlicker: Als_common::sendCommand, send disable command
03-15 02:42:36.272 17604 24637 I System.out: (HTTPLog)-Static: isSBSettingEnabled false
03-15 02:42:36.272 17604 24637 I System.out: (HTTPLog)-Static: isSBSettingEnabled false
03-15 02:42:36.278 17604 24472 W System  : Ignoring header If-None-Match because its value was null.
03-15 02:42:36.280   782   884 E Netd    : getNetworkForDns: getNetId from enterpriseCtrl is netid 0
03-15 02:42:36.283 17604 24472 I System.out: (HTTPLog)-Static: isSBSettingEnabled false
03-15 02:42:36.283 17604 24472 I System.out: (HTTPLog)-Static: isSBSettingEnabled false
03-15 02:42:36.284   782   884 E Netd    : getNetworkForDns: getNetId from enterpriseCtrl is netid 0
03-15 02:42:36.284   572  1580 E audit   : avc:  denied  { find } for pid=7179 uid=10276 name=tethering scontext=u:r:permissioncontroller_app:s0:c20,c257,c512,c768 tcontext=u:object_r:tethering_service:s0 tclass=service_manager permissive=0
03-15 02:42:36.285   572  1580 I servicemanager: tethering : getService has failed, permission denied.
03-15 02:42:36.307  1199  1409 W SearchableInfo: Invalid searchable metadata for com.samsung.android.messaging/.ui.view.recipientspicker.PickerActivity: Search label must be a resource reference.
03-15 02:42:36.311 23845 24181 I appium  : channel read invoked!
03-15 02:42:36.311 23845 24181 I appium  : channel read: GET /wd/hub/session/8f9ae721-483c-44de-9551-931d6d04a034/element/32ca7a01-ada5-4e66-9ee5-78f95800cf9e/attribute/displayed
03-15 02:42:36.312 23845 24181 I appium  : get attribute of element command
03-15 02:42:36.317   625   625 I io_stats: !@   8,0 r 263887 15996164 w 282337 8822812 d 110652 5053972 f 0 0 iot 406284 0 th 0 0 0 pt 0 inp 0 0 10726.140
03-15 02:42:36.328 17604 24407 I com.tiket.gits: Background concurrent copying GC freed 255263(26MB) AllocSpace objects, 482(13MB) LOS objects, 33% free, 47MB/71MB, paused 1.387ms total 417.345ms
03-15 02:42:36.328 17604 24430 I com.tiket.gits: WaitForGcToComplete blocked ProfileSaver on ClassLinker for 112.321ms
03-15 02:42:36.356  1199  9263 I GenerationRegistry: mBackingStore.isClosed() : false
03-15 02:42:36.374  1199  1211 I system_server: Background concurrent copying GC freed 405187(19MB) AllocSpace objects, 53(8084KB) LOS objects, 34% free, 45MB/69MB, paused 3.425ms total 488.460ms
03-15 02:42:36.381 17604 24636 I System.out: (HTTPLog)-Static: isSBSettingEnabled false
03-15 02:42:36.381 17604 24636 I System.out: (HTTPLog)-Static: isSBSettingEnabled false
03-15 02:42:36.382   782   884 E Netd    : getNetworkForDns: getNetId from enterpriseCtrl is netid 0
03-15 02:42:36.391 17604 17604 W Glide   : Load failed for https://s-light.tiket.photos/t/01E25EBZS3W0FY9GTG6C42E1SE/platform-android-high/hero-banner/2022/03/13/a85d66ba-e6ba-415a-9be0-81aced31ac06-1647183119892-91904f7ea2312d40489ce367e7635d94.png?tiloriginal=home-mobile with size [1080x810]
03-15 02:42:36.391 17604 17604 W Glide   : class com.bumptech.glide.load.engine.GlideException: Failed to load resource
03-15 02:42:36.403  1199  7503 I GenerationRegistry: mBackingStore.isClosed() : false
03-15 02:42:36.411  1199  1213 W System  : A resource failed to call release.
03-15 02:42:36.411  1199  1213 I SurfaceControl: nativeRelease nativeObject s[-5476376616080203568]
03-15 02:42:36.411  1199  1213 I SurfaceControl: nativeRelease nativeObject e[-5476376616080203568]
03-15 02:42:36.411  1199  1213 W System  : A resource failed to call release.
03-15 02:42:36.411  1199  1213 I SurfaceControl: nativeRelease nativeObject s[-5476376616080284656]
03-15 02:42:36.411  1199  1213 I SurfaceControl: nativeRelease nativeObject e[-5476376616080284656]
03-15 02:42:36.461 24750 24750 I CalendarProvider$ContactsBirthdaySync: [ContactsBirthdaySyncAdapter] Contacts permission is granted. observer is registered
03-15 02:42:36.461 24750 24750 I CalendarProvider$CalendarProvider2: Started observing the contact sync.
03-15 02:42:36.463 24750 25056 I CalendarProvider$ContactsBirthdaySync: [ContactsBirthdayUpdater] Init birthdayAlarmOffset
03-15 02:42:36.464 17604 25055 I System.out: (HTTPLog)-Static: isSBSettingEnabled false
03-15 02:42:36.464 17604 25055 I System.out: (HTTPLog)-Static: isSBSettingEnabled false
03-15 02:42:36.464   782   884 E Netd    : getNetworkForDns: getNetId from enterpriseCtrl is netid 0
03-15 02:42:36.472  1199  1409 I Searchables: End of updateSearchableList
03-15 02:42:36.476 16269 16269 I Launcher.Model: isValidStateInKnoxMode:false user:UserHandle{0}
03-15 02:42:36.476 16269 16310 I PackageUpdatedTask: mAllAppsList.updatePackage com.microsoft.appmanager
03-15 02:42:36.480 17604 24444 V Apptimize: Apptimize: Logging metric for test '[PAYM] A/B Testing Copy Installment Fee Plan'.
03-15 02:42:36.480 17604 24444 V Apptimize: Apptimize: Logging metric for test '[HNHA] Config for Children Rate'.
03-15 02:42:36.480 17604 24444 V Apptimize: Apptimize: Logging metric for test '[HPEP] feature variable room list 3.0'.
03-15 02:42:36.480 17604 24444 V Apptimize: Apptimize: Logging metric for test '[TTDE] Category Page'.
03-15 02:42:36.482 17604 24444 V Apptimize: Apptimize: Logging metric for test '[PAYM] A/B Testing Copy Installment Fee Plan'.
03-15 02:42:36.482 17604 24444 V Apptimize: Apptimize: Logging metric for test '[HNHA] Config for Children Rate'.
03-15 02:42:36.482 17604 24444 V Apptimize: Apptimize: Logging metric for test '[HPEP] feature variable room list 3.0'.
03-15 02:42:36.482 17604 24444 V Apptimize: Apptimize: Logging metric for test '[TTDE] Category Page'.
03-15 02:42:36.483 17604 24444 V Apptimize: Apptimize: Logging metric for test '[PAYM] A/B Testing Copy Installment Fee Plan'.
03-15 02:42:36.483 17604 24444 V Apptimize: Apptimize: Logging metric for test '[HNHA] Config for Children Rate'.
03-15 02:42:36.483 17604 24444 V Apptimize: Apptimize: Logging metric for test '[HPEP] feature variable room list 3.0'.
03-15 02:42:36.483 17604 24444 V Apptimize: Apptimize: Logging metric for test '[TTDE] Category Page'.
03-15 02:42:36.483 17604 24444 V Apptimize: Apptimize: Logging metric for test '[PAYM] A/B Testing Copy Installment Fee Plan'.
03-15 02:42:36.483 17604 24444 V Apptimize: Apptimize: Logging metric for test '[HNHA] Config for Children Rate'.
03-15 02:42:36.483 17604 24444 V Apptimize: Apptimize: Logging metric for test '[HPEP] feature variable room list 3.0'.
03-15 02:42:36.483 17604 24444 V Apptimize: Apptimize: Logging metric for test '[TTDE] Category Page'.
03-15 02:42:36.484 17604 24444 V Apptimize: Apptimize: Logging metric for test '[PAYM] A/B Testing Copy Installment Fee Plan'.
03-15 02:42:36.484 17604 24444 V Apptimize: Apptimize: Logging metric for test '[HNHA] Config for Children Rate'.
03-15 02:42:36.484 17604 24444 V Apptimize: Apptimize: Logging metric for test '[HPEP] feature variable room list 3.0'.
03-15 02:42:36.484 17604 24444 V Apptimize: Apptimize: Logging metric for test '[TTDE] Category Page'.
03-15 02:42:36.485 17604 24444 V Apptimize: Apptimize: Logging metric for test '[PAYM] A/B Testing Copy Installment Fee Plan'.
03-15 02:42:36.485 17604 24444 V Apptimize: Apptimize: Logging metric for test '[HNHA] Config for Children Rate'.
03-15 02:42:36.485 17604 24444 V Apptimize: Apptimize: Logging metric for test '[HPEP] feature variable room list 3.0'.
03-15 02:42:36.485 17604 24444 V Apptimize: Apptimize: Logging metric for test '[TTDE] Category Page'.
03-15 02:42:36.486 17604 24444 V Apptimize: Apptimize: Logging metric for test '[PAYM] A/B Testing Copy Installment Fee Plan'.
03-15 02:42:36.486 17604 24444 V Apptimize: Apptimize: Logging metric for test '[HNHA] Config for Children Rate'.
03-15 02:42:36.486 17604 24444 V Apptimize: Apptimize: Logging metric for test '[HPEP] feature variable room list 3.0'.
03-15 02:42:36.486 17604 24444 V Apptimize: Apptimize: Logging metric for test '[TTDE] Category Page'.
03-15 02:42:36.487 17604 24444 V Apptimize: Apptimize: Logging metric for test '[PAYM] A/B Testing Copy Installment Fee Plan'.
03-15 02:42:36.487 17604 24444 V Apptimize: Apptimize: Logging metric for test '[HNHA] Config for Children Rate'.
03-15 02:42:36.487 17604 24444 V Apptimize: Apptimize: Logging metric for test '[HPEP] feature variable room list 3.0'.
03-15 02:42:36.487 17604 24444 V Apptimize: Apptimize: Logging metric for test '[TTDE] Category Page'.
03-15 02:42:36.487 17604 24444 V Apptimize: Apptimize: Logging metric for test '[PAYM] A/B Testing Copy Installment Fee Plan'.
03-15 02:42:36.487 17604 24444 V Apptimize: Apptimize: Logging metric for test '[HNHA] Config for Children Rate'.
03-15 02:42:36.487 17604 24444 V Apptimize: Apptimize: Logging metric for test '[HPEP] feature variable room list 3.0'.
03-15 02:42:36.487 17604 24444 V Apptimize: Apptimize: Logging metric for test '[TTDE] Category Page'.
03-15 02:42:36.488 17604 24444 V Apptimize: Apptimize: Logging metric for test '[PAYM] A/B Testing Copy Installment Fee Plan'.
03-15 02:42:36.488 17604 24444 V Apptimize: Apptimize: Logging metric for test '[HNHA] Config for Children Rate'.
03-15 02:42:36.488 17604 24444 V Apptimize: Apptimize: Logging metric for test '[HPEP] feature variable room list 3.0'.
03-15 02:42:36.488 17604 24444 V Apptimize: Apptimize: Logging metric for test '[TTDE] Category Page'.
03-15 02:42:36.488 17604 24444 V Apptimize: Apptimize: Logging metric for test '[PAYM] A/B Testing Copy Installment Fee Plan'.
03-15 02:42:36.488 17604 24444 V Apptimize: Apptimize: Logging metric for test '[HNHA] Config for Children Rate'.
03-15 02:42:36.488 17604 24444 V Apptimize: Apptimize: Logging metric for test '[HPEP] feature variable room list 3.0'.
03-15 02:42:36.488 17604 24444 V Apptimize: Apptimize: Logging metric for test '[TTDE] Category Page'.
03-15 02:42:36.489 17604 24444 V Apptimize: Apptimize: Logging metric for test '[PAYM] A/B Testing Copy Installment Fee Plan'.
03-15 02:42:36.489 17604 24444 V Apptimize: Apptimize: Logging metric for test '[HNHA] Config for Children Rate'.
03-15 02:42:36.489 17604 24444 V Apptimize: Apptimize: Logging metric for test '[HPEP] feature variable room list 3.0'.
03-15 02:42:36.489 17604 24444 V Apptimize: Apptimize: Logging metric for test '[TTDE] Category Page'.
03-15 02:42:36.492   572  1580 E audit   : avc:  denied  { find } for pid=7179 uid=10276 name=tethering scontext=u:r:permissioncontroller_app:s0:c20,c257,c512,c768 tcontext=u:object_r:tethering_service:s0 tclass=service_manager permissive=0
03-15 02:42:36.492   572  1580 I servicemanager: tethering : getService has failed, permission denied.
03-15 02:42:36.493 24703 24728 I SamsungCalendar$PreferenceProvider: query uri = content://com.sec.android.calendar.preference/PreferenceString
03-15 02:42:36.510 17604 17604 W Glide   : Load failed for https://s-light.tiket.photos/t/01E25EBZS3W0FY9GTG6C42E1SE/platform-android-high/vertical/2021/12/15/a82beb78-5849-4c32-b6f1-ca3de437ff72-1639587035209-10e4f27a65c4c0e546b0de03d68c3d07.png?tiloriginal=original with size [144x144]
03-15 02:42:36.510 17604 17604 W Glide   : class com.bumptech.glide.load.engine.GlideException: Failed to load resource
03-15 02:42:36.514 17604 24960 I Apptimize: Apptimize: Downloaded new secondary metadata.
03-15 02:42:36.515 17604 17604 W Glide   : Load failed for https://s-light.tiket.photos/t/01E25EBZS3W0FY9GTG6C42E1SE/platform-android-high/vertical/2021/12/15/fa42295b-3f77-454a-bba0-f81dd8f8f58a-1639587167858-333de94cee5edae339f2abae3d4bba7c.png?tiloriginal=original with size [144x144]
03-15 02:42:36.515 17604 17604 W Glide   : class com.bumptech.glide.load.engine.GlideException: Failed to load resource
03-15 02:42:36.516 17604 17604 W Glide   : Load failed for https://s-light.tiket.photos/t/01E25EBZS3W0FY9GTG6C42E1SE/platform-android-high/vertical/2021/12/15/8c3d5471-e5f0-4d85-bb1d-86e92ff8e63b-1639587051373-70b8b0f18e8cdf359a6f811e06babef4.png?tiloriginal=original with size [144x144]
03-15 02:42:36.516 17604 17604 W Glide   : class com.bumptech.glide.load.engine.GlideException: Failed to load resource
03-15 02:42:36.517 17604 17604 W Glide   : Load failed for https://s-light.tiket.photos/t/01E25EBZS3W0FY9GTG6C42E1SE/platform-android-high/vertical/2021/08/31/592858b4-cdfd-4cc6-9e6e-7489637d3b4f-1630424010116-c80c80e300d3264e30375e8c82ae9cda.png?tiloriginal=original with size [144x144]
03-15 02:42:36.517 17604 17604 W Glide   : class com.bumptech.glide.load.engine.GlideException: Failed to load resource
03-15 02:42:36.520 25003 25003 I Process : Sending signal. PID: 25003 SIG: 9
03-15 02:42:36.520 24750 25056 I CalendarProvider$ContactsBirthdaySync: [BirthdayAlarmPreferenceImpl] Saved alarmOffset : -1
03-15 02:42:36.522   915   915 D SurfaceFlinger: GPIS:: requestGPIS
03-15 02:42:36.524 17604 17604 W Glide   : Load failed for https://s-light.tiket.photos/t/01E25EBZS3W0FY9GTG6C42E1SE/platform-android-high/vertical/2021/12/15/6fa4be88-911e-4322-b237-b71718d7a4c0-1639587065117-395e882901943898c2b9177f72c6f5a2.png?tiloriginal=original with size [144x144]
03-15 02:42:36.524 17604 17604 W Glide   : class com.bumptech.glide.load.engine.GlideException: Failed to load resource
03-15 02:42:36.525 17604 17604 W Glide   : Load failed for https://s-light.tiket.photos/t/01E25EBZS3W0FY9GTG6C42E1SE/platform-android-high/vertical/2021/12/15/8db1c1f9-3d5b-49ca-ad36-fd348a28d969-1639587124078-72821a3d75ebc76c6fe899cab6bc5d9c.png?tiloriginal=original with size [144x144]
03-15 02:42:36.525 17604 17604 W Glide   : class com.bumptech.glide.load.engine.GlideException: Failed to load resource
03-15 02:42:36.526  1199  1409 I ActivityTaskManager: Fully drawn com.tiket.gits/.v2splash.SplashV2Activity: +1s981ms
03-15 02:42:36.526 17604 17604 W Glide   : Load failed for https://s-light.tiket.photos/t/01E25EBZS3W0FY9GTG6C42E1SE/platform-android-high/vertical/2021/12/15/43b69f25-545b-40e6-959b-e7ad739af539-1639587078281-c7a6a0acd9868d1a03fa28ee87b2dd92.png?tiloriginal=original with size [144x144]
03-15 02:42:36.526 17604 17604 W Glide   : class com.bumptech.glide.load.engine.GlideException: Failed to load resource
03-15 02:42:36.527 17604 17604 W Glide   : Load failed for https://s-light.tiket.photos/t/01E25EBZS3W0FY9GTG6C42E1SE/platform-android-high/vertical/2021/12/15/7b6e49fe-5e29-46c1-80ab-49d93cd5e565-1639587099348-c06a91c2032dd96ac0fe224ea299f98d.png?tiloriginal=original with size [144x144]
03-15 02:42:36.527 17604 17604 W Glide   : class com.bumptech.glide.load.engine.GlideException: Failed to load resource
03-15 02:42:36.527 17604 17604 W Glide   : Load failed for https://s-light.tiket.photos/t/01E25EBZS3W0FY9GTG6C42E1SE/platform-android-high/vertical/2021/12/15/f04de64f-f5dc-4dfb-b7fc-3adb347d2a39-1639587138629-97c20249cb9f4c1d574c50cf9e31dd78.png?tiloriginal=original with size [144x144]
03-15 02:42:36.527 17604 17604 W Glide   : class com.bumptech.glide.load.engine.GlideException: Failed to load resource
03-15 02:42:36.533 16269 16310 W PackageUpdatedTask: refreshSearchLayout return, operation is not matched
03-15 02:42:36.536 17604 17604 W Glide   : Load failed for https://s-light.tiket.photos/t/01E25EBZS3W0FY9GTG6C42E1SE/platform-android-high/vertical/2021/11/18/c1cfdfa8-1f37-4d33-8599-c0acb2dcd9db-1637210124989-6e6281ec3223f45d997ea255e55d1b95.png?tiloriginal=original with size [144x144]
03-15 02:42:36.536 17604 17604 W Glide   : class com.bumptech.glide.load.engine.GlideException: Failed to load resource
03-15 02:42:36.537 17604 17604 W Glide   : Load failed for https://s-light.tiket.photos/t/01E25EBZS3W0FY9GTG6C42E1SE/platform-android-high/vertical/2021/12/15/f1ffae3e-9383-4713-91c7-a920755fec48-1639587153571-ed328025de25ad165ca80b244abf67cb.png?tiloriginal=original with size [144x144]
03-15 02:42:36.537 17604 17604 W Glide   : class com.bumptech.glide.load.engine.GlideException: Failed to load resource
03-15 02:42:36.561   783   783 I Zygote  : Process 25003 exited due to signal 9 (Killed)
03-15 02:42:36.564  1199  7503 I ActivityManager: Process com.samsung.android.app.galaxyfinder:appservice (pid 25003) has died: fg  SVC (504,2766)
03-15 02:42:36.564  1199  1414 I libprocessgroup: Successfully killed process cgroup uid 10087 pid 25003 in 0ms
03-15 02:42:36.569 24703 24703 I SamsungCalendar$CalendarApplication: onTrimMemory level : 80
03-15 02:42:36.571 24703 24703 W Glide   : Failed to find GeneratedAppGlideModule. You should include an annotationProcessor compile dependency on com.github.bumptech.glide:compiler in your application and a @GlideModule annotated AppGlideModule implementation or LibraryGlideModules will be silently ignored
03-15 02:42:36.572  8327  8327 W DeviceManager_FLP: onTrimMemory : 10
03-15 02:42:36.572  8327  8327 I GpsSessionManager_FLP: arrangeInvalidSessions
03-15 02:42:36.572 23188 23188 D SystemUIService: onTrimMemory = 60
03-15 02:42:36.572  9385  9385 W DMASA[U]: [AppLogData]onTrimMemory(10):1647312156572
03-15 02:42:36.573 24777 24777 W Glide   : Failed to find GeneratedAppGlideModule. You should include an annotationProcessor compile dependency on com.github.bumptech.glide:compiler in your application and a @GlideModule annotated AppGlideModule implementation or LibraryGlideModules will be silently ignored
03-15 02:42:36.577  3384  3384 I SCS@AiSearch user 0: (SearchProvider) onTrimMemory(): 80
03-15 02:42:36.579 20194 20194 D SystemUIService: onTrimMemory = 10
03-15 02:42:36.579 20194 20194 D StatusBar: onTrimMemory = 10
03-15 02:42:36.579 20194 20194 D SystemUIService: onTrimMemory : 10
03-15 02:42:36.579 20194 20194 D SystemUIService: Starting getMemoryInfo in MemoryInfoReporter thread.
03-15 02:42:36.581 20194 25077 D SystemUIService:  - Memory Information -
03-15 02:42:36.581  9385  9385 I id.diagmonagen: Explicit concurrent copying GC freed 4023(280KB) AllocSpace objects, 12(624KB) LOS objects, 71% free, 2501KB/8645KB, paused 24us total 8.639ms
03-15 02:42:36.581  9385  9385 W DMASA[C]: [DiagMonAgentApplication]onTrimMemory (10)
03-15 02:42:36.582 19289 19289 I [WEATHER_WIDGET]SamsungWeather(53): {[0481AC6F4D29B4A75ECCE6C87AE028A522BB26C6B5442A51D0961F354E65BC5E]}
03-15 02:42:36.583 27630 27630 I GOS:App : onTrimMemory 60
03-15 02:42:36.588  4651  4651 I Finsky  : [2] mql.onTrimMemory(1): Memory trim requested to level 80
03-15 02:42:36.588  4651  4651 I Finsky  : [2] kou.accept(9): Flushing in-memory image cache
03-15 02:42:36.591 16344 16344 I A       : Trimming objects from memory, since app is in the background.
03-15 02:42:36.596 17604 24959 V Apptimize: Apptimize: Applying winner or instant update: [TTDE] Search Sorting Using User Location in Search Suggestion Page
03-15 02:42:36.596 17604 24959 V Apptimize: Apptimize: Applying winner or instant update: [HPEP] Show tiket review only on SRP
03-15 02:42:36.598 17604 24959 V Apptimize: Apptimize: Set Filter with operator "intersection" is comparing [] and [29373]
03-15 02:42:36.598 17604 24959 V Apptimize: Apptimize: Applying winner or instant update: [AT] Airport Transfer 4.0 in Search Form Page, Product Detail Page and Booking Form Page
03-15 02:42:36.598  1064  1064 I CameraService: UidPolicy: No processes running for a uid=10087 disabled=0
03-15 02:42:36.598 17604 24959 V Apptimize: Apptimize: Applying winner or instant update: [TTDE] Customer Review
03-15 02:42:36.599 17604 24959 V Apptimize: Apptimize: Applying winner or instant update: [TRA] Default Train Card Sorting on Search Result Page
03-15 02:42:36.599 17604 24959 V Apptimize: Apptimize: Applying winner or instant update: Global Search
03-15 02:42:36.600 17604 24959 V Apptimize: Apptimize: Filter with operator "=" is comparing Android and android
03-15 02:42:36.600 17604 24959 V Apptimize: Apptimize: Filter with operator ">=" is comparing 4.31.2-HEAD and 4.20
03-15 02:42:36.600 17604 24959 V Apptimize: Apptimize: Applying winner or instant update: [TTDE] Booking Form
03-15 02:42:36.601 17604 24959 V Apptimize: Apptimize: Set Filter with operator "intersection" is comparing [] and [31104]
03-15 02:42:36.601 17604 24959 V Apptimize: Apptimize: Applying winner or instant update: [FGDC] Product Detail Page 4.0
03-15 02:42:36.602 17604 24959 V Apptimize: Apptimize: Applying winner or instant update: [FGDC] Phase 2 - Landing Page 4.0
03-15 02:42:36.602 17604 24959 V Apptimize: Apptimize: Applying winner or instant update: [HPEP] XFactor Booking Form v2
03-15 02:42:36.604 17604 24959 V Apptimize: Apptimize: Applying winner or instant update: [HPEP] Sorting Longlat BE
03-15 02:42:36.605 17604 24959 V Apptimize: Apptimize: Set Filter with operator "intersection" is comparing [] and [31477]
03-15 02:42:36.605 17604 24959 V Apptimize: Apptimize: Applying winner or instant update: [HPEP] SRP Intercept Filter Position
03-15 02:42:36.606 17604 24959 V Apptimize: Apptimize: Applying winner or instant update: Payment 4.0 A/B
03-15 02:42:36.606 17604 24959 V Apptimize: Apptimize: Applying winner or instant update: [TTDE] Dynamic Category String
03-15 02:42:36.607 17604 24959 V Apptimize: Apptimize: Set Filter with operator "intersection" is comparing [] and [32006, 30269]
03-15 02:42:36.607 17604 24959 V Apptimize: Apptimize: Applying winner or instant update: [TTDE] PrePurchase-SearchEnhancement
03-15 02:42:36.607 17604 24959 V Apptimize: Apptimize: Applying winner or instant update: discoverhomepage
03-15 02:42:36.607 17604 24959 V Apptimize: Apptimize: Applying winner or instant update: [HPEP] Sorting Longlat BE - A/A Test
03-15 02:42:36.608 17604 24959 V Apptimize: Apptimize: Set Filter with operator "intersection" is comparing [] and [32085]
03-15 02:42:36.608 17604 24959 V Apptimize: Apptimize: Applying winner or instant update: [DISC] Vertical 2 Liners
03-15 02:42:36.609 17604 24959 V Apptimize: Apptimize: Applying winner or instant update: [HPEP] Use Dorado for Hotel Autocomplete v3
03-15 02:42:36.610 17604 24959 V Apptimize: Apptimize: Applying winner or instant update: [FGDC] Adding Promo Information on SRP
03-15 02:42:36.610 17604 24959 V Apptimize: Apptimize: Applying winner or instant update: [FGDC] CTA SRP to PDP + Refund n Reschedule
03-15 02:42:36.610 17604 24959 V Apptimize: Apptimize: Applying winner or instant update: [TRA] Highlight Select Seat Button in Booking Form Page
03-15 02:42:36.612 17604 24959 V Apptimize: Apptimize: Filter requests an unsupplied prefixed attribute: ^e122111_2. Not Matching.
03-15 02:42:36.612 17604 24959 V Apptimize: Apptimize: Filter with operator "=" is comparing Android and iOS
03-15 02:42:36.612 17604 24959 V Apptimize: Apptimize: List Filter with operator "not_in" is comparing Android and [iOS]
03-15 02:42:36.612 17604 24959 V Apptimize: Apptimize: Filter with operator "=" is comparing Android and iOS
03-15 02:42:36.613 17604 24959 V Apptimize: Apptimize: Set Filter with operator "intersection" is comparing [] and [33688, 33909, 34073, 30269]
03-15 02:42:36.615 17604 24959 V Apptimize: Apptimize: Filter requests an unsupplied prefixed attribute: ^e122324_1. Not Matching.
03-15 02:42:36.616 17604 24959 V Apptimize: Apptimize: Filter with operator "=" is comparing Android and iOS
03-15 02:42:36.617 17604 24959 V Apptimize: Apptimize: List Filter with operator "not_in" is comparing Android and [iOS]
03-15 02:42:36.617 17604 24959 V Apptimize: Apptimize: Filter with operator "=" is comparing Android and iOS
03-15 02:42:36.617 17604 24959 V Apptimize: Apptimize: Filter requests an unsupplied prefixed attribute: ^v2870571_2. Not Matching.
03-15 02:42:36.618 17604 24959 V Apptimize: Apptimize: Filter with operator "=" is comparing Android and iOS
03-15 02:42:36.618   573   573 E audit   : avc:  denied  { find } for interface=android.hardware.memtrack::IMemtrack sid=u:r:platform_app:s0:c512,c768 pid=20194 scontext=u:r:platform_app:s0:c512,c768 tcontext=u:object_r:hal_memtrack_hwservice:s0 tclass=hwservice_manager permissive=0
03-15 02:42:36.618 17604 24959 V Apptimize: Apptimize: List Filter with operator "not_in" is comparing Android and [iOS]
03-15 02:42:36.618 17604 24959 V Apptimize: Apptimize: Filter with operator "=" is comparing Android and iOS
03-15 02:42:36.618 17604 24959 V Apptimize: Apptimize: Filter requests an unsupplied prefixed attribute: ^v2870581_2. Not Matching.
03-15 02:42:36.618 17604 24959 V Apptimize: Apptimize: Filter requests an unsupplied prefixed attribute: ^v2876761_1. Not Matching.
03-15 02:42:36.619 17604 24959 V Apptimize: Apptimize: Filter requests an unsupplied prefixed attribute: ^v2876801_1. Not Matching.
03-15 02:42:36.619 17604 24959 V Apptimize: Apptimize: Filter requests an unsupplied prefixed attribute: ^v2876811_1. Not Matching.
03-15 02:42:36.620 17604 24959 V Apptimize: Apptimize: Set Filter with operator "intersection" is comparing [] and [29373]
03-15 02:42:36.621 20194 25077 E memtrack: Couldn't load memtrack module
03-15 02:42:36.621 20194 25077 D SystemUIService: summary.java-heap : 29012
03-15 02:42:36.621 20194 25077 D SystemUIService: summary.native-heap : 84624
03-15 02:42:36.621 20194 25077 D SystemUIService: summary.code : 22532
03-15 02:42:36.621 20194 25077 D SystemUIService: summary.stack : 1636
03-15 02:42:36.621 20194 25077 D SystemUIService: summary.graphics : 0
03-15 02:42:36.621 20194 25077 D SystemUIService: summary.private-other : 2624
03-15 02:42:36.621 20194 25077 D SystemUIService: summary.system : 48039
03-15 02:42:36.621 20194 25077 D SystemUIService: summary.total-pss : 188467
03-15 02:42:36.621 20194 25077 D SystemUIService: summary.total-swap : 28540
03-15 02:42:36.621 20194 25077 D SystemUIService:  - View count -
03-15 02:42:36.621 17604 24959 V Apptimize: Apptimize: Set Filter with operator "intersection" is comparing [] and [31104]
03-15 02:42:36.622 17604 24959 V Apptimize: Apptimize: Set Filter with operator "intersection" is comparing [] and [31477]
03-15 02:42:36.623 17604 24959 V Apptimize: Apptimize: Set Filter with operator "intersection" is comparing [] and [32006, 30269]
03-15 02:42:36.624 17604 24959 V Apptimize: Apptimize: Set Filter with operator "intersection" is comparing [] and [32085]
03-15 02:42:36.624 17604 24959 V Apptimize: Apptimize: Set Filter with operator "intersection" is comparing [] and [34115]
03-15 02:42:36.625 17604 24959 V Apptimize: Apptimize: Set Filter with operator "intersection" is comparing [] and [33688, 33909, 34073, 30269]
03-15 02:42:36.626 17604 24959 V Apptimize: Apptimize: Set Filter with operator "intersection" is comparing [] and [33684]
03-15 02:42:36.627 17604 24959 V Apptimize: Apptimize: List Filter with operator "in" is comparing Android and [Android]
03-15 02:42:36.627 17604 24959 V Apptimize: Apptimize: Filter with operator "=" is comparing Android and Android
03-15 02:42:36.628 17604 24959 V Apptimize: Apptimize: List Filter with operator "in" is comparing 4.31.2-HEAD and [4.31.0, 4.31.1, 4.31.2]
03-15 02:42:36.629 17604 24959 V Apptimize: Apptimize: Filter with operator "=" is comparing 4.31.2-HEAD and 4.31.0
03-15 02:42:36.629 17604 24959 V Apptimize: Apptimize: Filter with operator "=" is comparing 4.31.2-HEAD and 4.31.1
03-15 02:42:36.629 17604 24959 V Apptimize: Apptimize: Filter with operator "=" is comparing 4.31.2-HEAD and 4.31.2
03-15 02:42:36.629 17604 24959 V Apptimize: Apptimize: List Filter with operator "in" is comparing Android and [Android]
03-15 02:42:36.629 17604 24959 V Apptimize: Apptimize: Filter with operator "=" is comparing Android and Android
03-15 02:42:36.630 17604 24959 V Apptimize: Apptimize: List Filter with operator "in" is comparing 4.31.2-HEAD and [4.31.0, 4.31.1, 4.31.2]
03-15 02:42:36.630 17604 24959 V Apptimize: Apptimize: Filter with operator "=" is comparing 4.31.2-HEAD and 4.31.0
03-15 02:42:36.630 17604 24959 V Apptimize: Apptimize: Filter with operator "=" is comparing 4.31.2-HEAD and 4.31.1
03-15 02:42:36.630 17604 24959 V Apptimize: Apptimize: Filter with operator "=" is comparing 4.31.2-HEAD and 4.31.2
03-15 02:42:36.630 17604 24959 V Apptimize: Apptimize: List Filter with operator "in" is comparing Android and [iOS]
03-15 02:42:36.630 17604 24959 V Apptimize: Apptimize: Filter with operator "=" is comparing Android and iOS
03-15 02:42:36.630 17604 24959 V Apptimize: Apptimize: Filter requests an unsupplied user attribute: searchValue. Not Matching.
03-15 02:42:36.630 17604 24959 V Apptimize: Apptimize: Filter requests an unsupplied user attribute: searchValue. Not Matching.
03-15 02:42:36.630 17604 24959 V Apptimize: Apptimize: Filter requests an unsupplied user attribute: searchValue. Not Matching.
03-15 02:42:36.631 17604 24959 V Apptimize: Apptimize: Filter requests an unsupplied user attribute: searchValue. Not Matching.
03-15 02:42:36.631 17604 24959 V Apptimize: Apptimize: Filter requests an unsupplied user attribute: searchValue. Not Matching.
03-15 02:42:36.631 17604 24959 V Apptimize: Apptimize: Filter requests an unsupplied user attribute: searchValue. Not Matching.
03-15 02:42:36.631 17604 24959 V Apptimize: Apptimize: Filter requests an unsupplied user attribute: searchValue. Not Matching.
03-15 02:42:36.631 17604 24959 V Apptimize: Apptimize: Filter requests an unsupplied user attribute: searchValue. Not Matching.
03-15 02:42:36.634 20194 25077 D SystemUIService: View=1491
03-15 02:42:36.636 17604 24959 V Apptimize: Apptimize: Filter requests an unsupplied prefixed attribute: ^e122111_2. Not Matching.
03-15 02:42:36.636 17604 24959 V Apptimize: Apptimize: Filter with operator "=" is comparing Android and iOS
03-15 02:42:36.636 17604 24959 V Apptimize: Apptimize: List Filter with operator "not_in" is comparing Android and [iOS]
03-15 02:42:36.636 17604 24959 V Apptimize: Apptimize: Filter with operator "=" is comparing Android and iOS
03-15 02:42:36.637 17604 24959 V Apptimize: Apptimize: Set Filter with operator "intersection" is comparing [] and [33688, 33909, 34073, 30269]
03-15 02:42:36.637 17604 24959 V Apptimize: Apptimize: Allocated to variant original of experiment [TTDE] Category Page
03-15 02:42:36.638 17604 24959 V Apptimize: Apptimize: Filter requests an unsupplied prefixed attribute: ^e122324_1. Not Matching.
03-15 02:42:36.639 17604 24959 V Apptimize: Apptimize: Allocated to variant Variant B of experiment [PAYM] A/B Testing Copy Installment Fee Plan
03-15 02:42:36.639 17604 24959 V Apptimize: Apptimize: Filter with operator "=" is comparing Android and iOS
03-15 02:42:36.639 17604 24959 V Apptimize: Apptimize: List Filter with operator "not_in" is comparing Android and [iOS]
03-15 02:42:36.639 17604 24959 V Apptimize: Apptimize: Filter with operator "=" is comparing Android and iOS
03-15 02:42:36.639 17604 24959 V Apptimize: Apptimize: Filter requests an unsupplied prefixed attribute: ^v2870571_2. Not Matching.
03-15 02:42:36.639 17604 24959 V Apptimize: Apptimize: Variant does not match filters: Experiment: [TTDE] Category Page; Variant: original
03-15 02:42:36.639 17604 24959 V Apptimize: Apptimize: Filter with operator "=" is comparing Android and iOS
03-15 02:42:36.639 17604 24959 V Apptimize: Apptimize: List Filter with operator "not_in" is comparing Android and [iOS]
03-15 02:42:36.639 17604 24959 V Apptimize: Apptimize: Filter with operator "=" is comparing Android and iOS
03-15 02:42:36.639 17604 24959 V Apptimize: Apptimize: Filter requests an unsupplied prefixed attribute: ^v2870581_2. Not Matching.
03-15 02:42:36.639 17604 24959 V Apptimize: Apptimize: Variant does not match filters: Experiment: [TTDE] Category Page; Variant: Variant B
03-15 02:42:36.640 17604 24959 V Apptimize: Apptimize: Filter requests an unsupplied prefixed attribute: ^v2876761_1. Not Matching.
03-15 02:42:36.640 17604 24959 V Apptimize: Apptimize: Variant does not match filters: Experiment: [PAYM] A/B Testing Copy Installment Fee Plan; Variant: original
03-15 02:42:36.640 17604 24959 V Apptimize: Apptimize: Filter requests an unsupplied prefixed attribute: ^v2876801_1. Not Matching.
03-15 02:42:36.640 17604 24959 V Apptimize: Apptimize: Variant does not match filters: Experiment: [PAYM] A/B Testing Copy Installment Fee Plan; Variant: Variant B
03-15 02:42:36.640 17604 24959 V Apptimize: Apptimize: Filter requests an unsupplied prefixed attribute: ^v2876811_1. Not Matching.
03-15 02:42:36.640 17604 24959 V Apptimize: Apptimize: Variant does not match filters: Experiment: [PAYM] A/B Testing Copy Installment Fee Plan; Variant: Variant C
