03-14 07:06:57.354 17842 17842 W Glide   : class com.bumptech.glide.load.engine.GlideException: Failed to load resource
03-14 07:06:57.355 17842 17842 W Glide   : Load failed for https://s-light.tiket.photos/t/01E25EBZS3W0FY9GTG6C42E1SE/platform-android-high/vertical/2021/08/31/3a1ceabc-98b8-442f-adda-9ebc697ee019-1630424024077-dd72fd45b49fda4327ee8832f22199e7.png?tiloriginal=original with size [144x144]
03-14 07:06:57.355 17842 17842 W Glide   : class com.bumptech.glide.load.engine.GlideException: Failed to load resource
03-14 07:06:57.360 17842 17842 W Glide   : Load failed for https://s-light.tiket.photos/t/01E25EBZS3W0FY9GTG6C42E1SE/platform-android-high/vertical/2021/12/15/f1ffae3e-9383-4713-91c7-a920755fec48-1639587153571-ed328025de25ad165ca80b244abf67cb.png?tiloriginal=original with size [144x144]
03-14 07:06:57.360 17842 17842 W Glide   : class com.bumptech.glide.load.engine.GlideException: Failed to load resource
03-14 07:06:57.370 20005 25453 D SystemUIService: View=1494
03-14 07:06:57.377  8410  8437 W ndroid.calenda: Reducing the number of considered missed Gc histogram windows from 591 to 100
03-14 07:06:57.394 11664 14320 D SamsungAlarmManager: Cancel Alarm calling from uid:10245 pid :3289 / OP:PendingIntent{57998c5: PendingIntentRecord{d52d799 com.google.android.gms/com.google.android.gms.measurement broadcastIntent}}
03-14 07:06:57.394 17842 17842 I WebViewFactory: Loading com.google.android.webview version 96.0.4664.104 (code 466410433)
03-14 07:06:57.407  3422 18269 W NetworkScheduler: Error inserting flex_time=8000 job_id=-1 period=18000 source=16 requires_charging=0 preferred_network_type=1 target_class=com.google.android.gms.measurement.PackageMeasurementTaskService user_id=0 target_package=com.google.android.gms tag=Measurement.PackageMeasurementTaskService.UPLOAD_TASK_TAG task_type=0 required_idleness_state=0 service_kind=0 source_version=220618000 persistence_level=1 preferred_charging_state=1 required_network_type=0 runtime=1647241617406 retry_strategy={"maximum_backoff_seconds":{"3600":0},"initial_backoff_seconds":{"30":0},"retry_policy":{"0":0}} last_runtime=0, error message: UNIQUE constraint failed: pending_ops.tag, pending_ops.target_class, pending_ops.target_package, pending_ops.user_id (code 2067 SQLITE_CONSTRAINT_UNIQUE[2067]) [CONTEXT service_id=218 ]
03-14 07:06:57.408 11664 12228 I SamsungAlarmManager: setLocked to kernel - T:2 / 20220314T070855, set=257485630, now=257367115
03-14 07:06:57.408 11664 12228 I SamsungAlarmManager: setLocked to kernel - T:3 / 20220314T070700, set=257369707, now=257367115
03-14 07:06:57.409 11664 12228 D SamsungAlarmManager: setInexact (T:3/F:0/AC:false) 20220314T070715 now=257367116 - CU:10245/CP:3422/OP:PendingIntent{a5ed728: PendingIntentRecord{e78e88b com.google.android.gms/com.google.android.gms.gcm broadcastIntent}}
03-14 07:06:57.409 11664 12228 I SamsungAlarmManager: setLocked to kernel - T:2 / 20220314T070855, set=257485630, now=257367116
03-14 07:06:57.409 11664 12228 I SamsungAlarmManager: setLocked to kernel - T:3 / 20220314T070700, set=257369707, now=257367116
03-14 07:06:57.417 17842 17842 I com.tiket.gits: Waiting for a blocking GC ClassLinker
03-14 07:06:57.423 17842 24913 W FirebaseRemoteConfig: No value of type 'FirebaseRemoteConfigValue' exists for parameter key 'eagle_eye_batch_size'.
03-14 07:06:57.433 17842 25062 W GoogleTagManager: Event does not have parameter "discountPosition" and no default value was defined. Returning "undefined".
03-14 07:06:57.441 17842 25062 W GoogleTagManager: Event does not have parameter "countPaymentMethodChange" and no default value was defined. Returning "undefined".
03-14 07:06:57.441 11664 12228 D SamsungAlarmManager: Cancel Alarm calling from uid:10245 pid :3422 / OP:PendingIntent{98065e6: PendingIntentRecord{e78e88b com.google.android.gms/com.google.android.gms.gcm broadcastIntent}}
03-14 07:06:57.441 11664 12228 I SamsungAlarmManager: setLocked to kernel - T:2 / 20220314T070855, set=257485630, now=257367148
03-14 07:06:57.441 11664 12228 I SamsungAlarmManager: setLocked to kernel - T:3 / 20220314T070700, set=257369707, now=257367148
03-14 07:06:57.442 17842 25062 W GoogleTagManager: Event does not have parameter "tiketPoint" and no default value was defined. Returning "undefined".
03-14 07:06:57.442 11664 12228 D SamsungAlarmManager: setInexact (T:3/F:0/AC:false) 20220314T070715 now=257367149 - CU:10245/CP:3422/OP:PendingIntent{9ba727: PendingIntentRecord{e78e88b com.google.android.gms/com.google.android.gms.gcm broadcastIntent}}
03-14 07:06:57.443 11664 12228 I SamsungAlarmManager: setLocked to kernel - T:2 / 20220314T070855, set=257485630, now=257367149
03-14 07:06:57.443 11664 12228 I SamsungAlarmManager: setLocked to kernel - T:3 / 20220314T070700, set=257369707, now=257367150
03-14 07:06:57.458   571   893 E audit   : avc:  denied  { find } for pid=3292 uid=10272 name=tethering scontext=u:r:permissioncontroller_app:s0:c16,c257,c512,c768 tcontext=u:object_r:tethering_service:s0 tclass=service_manager permissive=0
03-14 07:06:57.459   571   893 I servicemanager: tethering : getService has failed, permission denied.
03-14 07:06:57.515   624   624 I io_stats: !@   8,0 r 808786 31356696 w 2254218 47832952 d 897210 51718320 f 0 0 iot 2364960 0 th 0 0 0 pt 0 inp 0 0 257367.222
03-14 07:06:57.531 17842 25062 W GoogleTagManager: Event does not have parameter "discountPosition" and no default value was defined. Returning "undefined".
03-14 07:06:57.532 17842 25062 W GoogleTagManager: Event does not have parameter "countPaymentMethodChange" and no default value was defined. Returning "undefined".
03-14 07:06:57.533 17842 25062 W GoogleTagManager: Event does not have parameter "tiketPoint" and no default value was defined. Returning "undefined".
03-14 07:06:57.554  1113  1157 I GMC     : BOOST type 1 on 0
03-14 07:06:57.588 17842 24823 I com.tiket.gits: Background young concurrent copying GC freed 469556(32MB) AllocSpace objects, 598(15MB) LOS objects, 45% free, 28MB/52MB, paused 417us total 181.280ms
03-14 07:06:57.588 17842 17842 I com.tiket.gits: WaitForGcToComplete blocked ClassLinker on ProfileSaver for 171.722ms
03-14 07:06:57.595 17842 17842 I cr_WVCFactoryProvider: Loaded version=96.0.4664.104 minSdkVersion=29 isBundle=true multiprocess=true packageId=2
03-14 07:06:57.601 17842 24913 W FirebaseRemoteConfig: No value of type 'FirebaseRemoteConfigValue' exists for parameter key 'eagle_eye_data_push_interval'.
03-14 07:06:57.608 17842 25022 I System.out: (HTTPLog)-Static: isSBSettingEnabled false
03-14 07:06:57.608 17842 25022 I System.out: (HTTPLog)-Static: isSBSettingEnabled false
03-14 07:06:57.610 11474 11596 E Netd    : getNetworkForDns: getNetId from enterpriseCtrl is netid 0
03-14 07:06:57.611 11664 13657 D StorageManagerService: getExternalStorageMountMode: uid=10249 packageName=com.google.android.webview
03-14 07:06:57.611 11664 13657 D CompatibilityChangeReporter: Compat change id reported: 135634846; UID 10249; state: DISABLED
03-14 07:06:57.611 11664 11735 D CompatibilityChangeReporter: Compat change id reported: 143937733; UID 10249; state: ENABLED
03-14 07:06:57.613 16541 17106 I SCS@AiSearch user 0: (AppsDataObserver) updateChangedPackages: changed package count: 1
03-14 07:06:57.616 17842 17842 I cr_LibraryLoader: Successfully loaded native library
03-14 07:06:57.616 17842 17842 I cr_CachingUmaRecorder: Flushed 8 samples from 8 histograms.
03-14 07:06:57.617 16541 17106 I SCS@AiSearch user 0: (IndexSearcherManager) SearcherMap already set for pkg com.samsung.android.apps
03-14 07:06:57.621 11470 11470 D Zygote  : Forked child process 25513
03-14 07:06:57.623 11664 11735 I ActivityManager: Start proc 25513:com.google.android.webview:webview_service/u0a249 for service {com.google.android.webview/org.chromium.android_webview.services.VariationsSeedServer}
03-14 07:06:57.626 16541 17106 E SCS@AiSearch user 0: (IndexManager) deleteIndex: ids is null or empty. Index: com.samsung.android.apps
03-14 07:06:57.631 25513 25513 E webview_servic: Not starting debugger since process cannot load the jdwp agent.
03-14 07:06:57.636 25513 25513 D ActivityThread: setConscryptValidator
03-14 07:06:57.636 25513 25513 D ActivityThread: setConscryptValidator - put
03-14 07:06:57.639 11664 12228 I ActivityManager: DSS OFF for com.google.android.webview
03-14 07:06:57.649 11664 12228 D ActivityManager: attachApplicationLocked() app=ProcessRecord{f04e422 25513:com.google.android.webview:webview_service/u0a249} app.isolatedEntryPoint=null instr2=null
03-14 07:06:57.653 25513 25513 D ActivityThread: handleBindApplication()++ app=com.google.android.webview:webview_service
03-14 07:06:57.657 11664 14320 D CompatibilityChangeReporter: Compat change id reported: 135634846; UID 10535; state: DISABLED
03-14 07:06:57.657 11664 11735 D CompatibilityChangeReporter: Compat change id reported: 143937733; UID 10535; state: ENABLED
03-14 07:06:57.660   571   893 E audit   : avc:  denied  { find } for pid=3292 uid=10272 name=tethering scontext=u:r:permissioncontroller_app:s0:c16,c257,c512,c768 tcontext=u:object_r:tethering_service:s0 tclass=service_manager permissive=0
03-14 07:06:57.660   571   893 I servicemanager: tethering : getService has failed, permission denied.
03-14 07:06:57.666 12243 12243 D Zygote  : Forked child process 25540
03-14 07:06:57.667 11664 11735 I ActivityManager: Start proc 25540:com.google.android.webview:sandboxed_process0:org.chromium.content.app.SandboxedProcessService0:0/u0i17 for  {com.tiket.gits/org.chromium.content.app.SandboxedProcessService0:0}
03-14 07:06:57.667 11664 11735 I ActivityManager: check webview name : com.google.android.webview:sandboxed_process0:org.chromium.content.app.SandboxedProcessService0:0check hostingname webview : {com.tiket.gits/org.chromium.content.app.SandboxedProcessService0:0}
03-14 07:06:57.668 25513 25513 W webview_servic: JIT profile information will not be recorded: profile file does not exist.
03-14 07:06:57.668 25513 25513 W webview_servic: JIT profile information will not be recorded: profile file does not exist.
03-14 07:06:57.668 25513 25513 W webview_servic: JIT profile information will not be recorded: profile file does not exist.
03-14 07:06:57.668 25513 25513 W webview_servic: JIT profile information will not be recorded: profile file does not exist.
03-14 07:06:57.668 25513 25513 W webview_servic: JIT profile information will not be recorded: profile file does not exist.
03-14 07:06:57.668 25513 25513 W webview_servic: JIT profile information will not be recorded: profile file does not exist.
03-14 07:06:57.668 25513 25513 W webview_servic: JIT profile information will not be recorded: profile file does not exist.
03-14 07:06:57.668 25513 25513 W webview_servic: JIT profile information will not be recorded: profile file does not exist.
03-14 07:06:57.668 25513 25513 W webview_servic: JIT profile information will not be recorded: profile file does not exist.
03-14 07:06:57.668 25513 25513 W webview_servic: JIT profile information will not be recorded: profile file does not exist.
03-14 07:06:57.668 25513 25513 W webview_servic: JIT profile information will not be recorded: profile file does not exist.
03-14 07:06:57.668 25513 25513 W webview_servic: JIT profile information will not be recorded: profile file does not exist.
03-14 07:06:57.668 25513 25513 W webview_servic: JIT profile information will not be recorded: profile file does not exist.
03-14 07:06:57.668 25513 25513 W webview_servic: JIT profile information will not be recorded: profile file does not exist.
03-14 07:06:57.668 25513 25513 W webview_servic: JIT profile information will not be recorded: profile file does not exist.
03-14 07:06:57.668 25513 25513 W webview_servic: JIT profile information will not be recorded: profile file does not exist.
03-14 07:06:57.672  3289  3289 D BoundBrokerSvc: onBind: Intent { act=com.google.android.gms.safetynet.service.START pkg=com.google.android.gms }
03-14 07:06:57.672  3289  3289 D BoundBrokerSvc: Loading bound service for intent: Intent { act=com.google.android.gms.safetynet.service.START pkg=com.google.android.gms }
03-14 07:06:57.682 25540 25540 E ocessService0:: Not starting debugger since process cannot load the jdwp agent.
03-14 07:06:57.687 25540 25540 D ActivityThread: setConscryptValidator
03-14 07:06:57.687 25540 25540 D ActivityThread: setConscryptValidator - put
03-14 07:06:57.689 25513 25513 D ActivityThread: handleBindApplication() -- skipGraphicsSupport=false
03-14 07:06:57.689 25513 25513 D ActivityThread: ActivityThread::handleMakeApplication() data=AppBindData{appInfo=ApplicationInfo{c324b28 com.google.android.webview}} appContext=android.app.ContextImpl@d406041 appContext.mOpPackageName=com.google.android.webview appContext.mBasePackageName=com.google.android.webview appContext.mPackageInfo=android.app.LoadedApk@502f9e6 data.restrictedBackupMode= false data.providers= [ContentProviderInfo{name=com.google.android.webview.SafeModeContentProvider className=org.chromium.android_webview.services.SafeModeContentProvider}, ContentProviderInfo{name=com.google.android.webview.DeveloperModeContentProvider className=org.chromium.android_webview.services.DeveloperModeContentProvider}] Caller=android.app.ActivityThread.handleBindApplication:7446 android.app.ActivityThread.access$1500:301 android.app.ActivityThread$H.handleMessage:2148 android.os.Handler.dispatchMessage:106 android.os.Looper.loop:246
03-14 07:06:57.690 25513 25513 D LoadedApk: LoadedApk::makeApplication() appContext=android.app.ContextImpl@84cab27 appContext.mOpPackageName=com.google.android.webview appContext.mBasePackageName=com.google.android.webview appContext.mPackageInfo=android.app.LoadedApk@502f9e6
03-14 07:06:57.690 25513 25513 D NetworkSecurityConfig: No Network Security Config specified, using platform default
03-14 07:06:57.692 25513 25513 D NetworkSecurityConfig: No Network Security Config specified, using platform default
03-14 07:06:57.692 25513 25513 I cr_WebViewApkApp: Launched version=96.0.4664.104 minSdkVersion=29 isBundle=true processName=com.google.android.webview:webview_service
03-14 07:06:57.695 11664 12228 I ActivityManager: DSS OFF for com.tiket.gits
03-14 07:06:57.699 11664 12228 D ActivityManager: attachApplicationLocked() app=ProcessRecord{f5c811e 25540:com.google.android.webview:sandboxed_process0:org.chromium.content.app.SandboxedProcessService0:0/u0a535i17} app.isolatedEntryPoint=null instr2=null
03-14 07:06:57.699 11664 12228 D CompatibilityChangeReporter: Compat change id reported: 136274596; UID 10535; state: ENABLED
03-14 07:06:57.702 25540 25540 D ActivityThread: handleBindApplication()++ app=com.google.android.webview:sandboxed_process0:org.chromium.content.app.SandboxedProcessService0:0
03-14 07:06:57.704 11664 13655 D SamsungAlarmManager: Cancel Alarm calling from uid:10245 pid :3289 / OP:PendingIntent{e8c5201: PendingIntentRecord{d52d799 com.google.android.gms/com.google.android.gms.measurement broadcastIntent}}
03-14 07:06:57.705 11664 12182 D ActivityManager: The following uid has registered to recieve broadcast for proxy related updates 10535
03-14 07:06:57.705 11664 12182 W ContextImpl: Calling a method in the system process without a qualified user: android.app.ContextImpl.sendBroadcast:1196 com.android.server.am.ActivityManagerService.requestKnoxVpnToSendProxyBroadcast:23857 com.android.server.am.ActivityManagerService.registerReceiverWithFeature:18574 android.app.IActivityManager$Stub.onTransact:2611 com.android.server.am.ActivityManagerService.onTransact:3617
03-14 07:06:57.710 11664 12228 D SamsungAlarmManager: Cancel Alarm calling from uid:10245 pid :3422 / OP:PendingIntent{b365000: PendingIntentRecord{e78e88b com.google.android.gms/com.google.android.gms.gcm broadcastIntent}}
03-14 07:06:57.711 11664 12228 I SamsungAlarmManager: setLocked to kernel - T:2 / 20220314T070855, set=257485630, now=257367417
03-14 07:06:57.710   571   893 I servicemanager: network_management is isloated, getService has failed.
03-14 07:06:57.711 11664 12228 I SamsungAlarmManager: setLocked to kernel - T:3 / 20220314T070700, set=257369707, now=257367418
03-14 07:06:57.712 11664 12228 D SamsungAlarmManager: setInexact (T:3/F:0/AC:false) 20220314T071130 now=257367419 - CU:10245/CP:3422/OP:PendingIntent{942e67e: PendingIntentRecord{e78e88b com.google.android.gms/com.google.android.gms.gcm broadcastIntent}}
03-14 07:06:57.712 11664 14320 I GenerationRegistry: mBackingStore.isClosed() : false
03-14 07:06:57.712 11664 12228 I SamsungAlarmManager: setLocked to kernel - T:2 / 20220314T071025, set=257574889, now=257367419
03-14 07:06:57.712 11664 12228 I SamsungAlarmManager: setLocked to kernel - T:3 / 20220314T070700, set=257369707, now=257367419
03-14 07:06:57.712   571   893 I servicemanager: connectivity is isloated, getService has failed.
03-14 07:06:57.717 11664 13657 D ConnectivityService: requestNetwork for uid/pid:10535/17842 NetworkRequest [ TRACK_DEFAULT id=955, [ Capabilities: INTERNET&NOT_RESTRICTED&TRUSTED Uid: 10535 AdministratorUids: [] RequestorUid: 10535 RequestorPackageName: com.tiket.gits] ]
03-14 07:06:57.717 11664 11924 D ConnectivityService: NetReassign [955 : null ?? 601]
03-14 07:06:57.718 11664 12010 D Ethernet: got request NetworkRequest [ TRACK_DEFAULT id=955, [ Capabilities: INTERNET&NOT_RESTRICTED&TRUSTED Uid: 10535 AdministratorUids: [] RequestorUid: 10535 RequestorPackageName: com.tiket.gits] ] with score 60 and providerId 6
03-14 07:06:57.718 11664 12008 D WIFI_AWARE_FACTORY: got request NetworkRequest [ TRACK_DEFAULT id=955, [ Capabilities: INTERNET&NOT_RESTRICTED&TRUSTED Uid: 10535 AdministratorUids: [] RequestorUid: 10535 RequestorPackageName: com.tiket.gits] ] with score 60 and providerId 6
03-14 07:06:57.718 11664 11910 D WifiNetworkFactory: got request NetworkRequest [ TRACK_DEFAULT id=955, [ Capabilities: INTERNET&NOT_RESTRICTED&TRUSTED Uid: 10535 AdministratorUids: [] RequestorUid: 10535 RequestorPackageName: com.tiket.gits] ] with score 60 and providerId 6
03-14 07:06:57.718 11664 11910 D UntrustedWifiNetworkFactory: got request NetworkRequest [ TRACK_DEFAULT id=955, [ Capabilities: INTERNET&NOT_RESTRICTED&TRUSTED Uid: 10535 AdministratorUids: [] RequestorUid: 10535 RequestorPackageName: com.tiket.gits] ] with score 60 and providerId 6
03-14 07:06:57.718 12053 12053 D PhoneSwitcherNetworkRequstListener: got request NetworkRequest [ TRACK_DEFAULT id=955, [ Capabilities: INTERNET&NOT_RESTRICTED&TRUSTED Uid: 10535 AdministratorUids: [] RequestorUid: 10535 RequestorPackageName: com.tiket.gits] ] with score 60 and providerId 6
03-14 07:06:57.718 25540 25540 D ActivityThread: handleBindApplication() -- skipGraphicsSupport=false
03-14 07:06:57.717  3422 17169 W NetworkScheduler: Error inserting flex_time=8000 job_id=-1 period=17000 source=16 requires_charging=0 preferred_network_type=1 target_class=com.google.android.gms.measurement.PackageMeasurementTaskService user_id=0 target_package=com.google.android.gms tag=Measurement.PackageMeasurementTaskService.UPLOAD_TASK_TAG task_type=0 required_idleness_state=0 service_kind=0 source_version=220618000 persistence_level=1 preferred_charging_state=1 required_network_type=0 runtime=1647241617709 retry_strategy={"maximum_backoff_seconds":{"3600":0},"initial_backoff_seconds":{"30":0},"retry_policy":{"0":0}} last_runtime=0, error message: UNIQUE constraint failed: pending_ops.tag, pending_ops.target_class, pending_ops.target_package, pending_ops.user_id (code 2067 SQLITE_CONSTRAINT_UNIQUE[2067]) [CONTEXT service_id=218 ]
03-14 07:06:57.718 25540 25540 D ActivityThread: ActivityThread::handleMakeApplication() data=AppBindData{appInfo=ApplicationInfo{c324b28 com.tiket.gits}} appContext=android.app.ContextImpl@d406041 appContext.mOpPackageName=com.tiket.gits appContext.mBasePackageName=com.tiket.gits appContext.mPackageInfo=android.app.LoadedApk@502f9e6 data.restrictedBackupMode= false data.providers= [] Caller=android.app.ActivityThread.handleBindApplication:7446 android.app.ActivityThread.access$1500:301 android.app.ActivityThread$H.handleMessage:2148 android.os.Handler.dispatchMessage:106 android.os.Looper.loop:246
03-14 07:06:57.719 11664 13657 I SamsungAlarmManager: setLocked to kernel - T:2 / 20220314T070855, set=257485630, now=257367426
03-14 07:06:57.719 11664 13657 I SamsungAlarmManager: setLocked to kernel - T:3 / 20220314T070700, set=257369707, now=257367426
03-14 07:06:57.719 25540 25578 W ContextImpl: Failed to ensure /data/user/0/com.google.android.webview/files: mkdir failed: ENOENT (No such file or directory)
03-14 07:06:57.720 25540 25540 D LoadedApk: LoadedApk::makeApplication() appContext=android.app.ContextImpl@84cab27 appContext.mOpPackageName=com.tiket.gits appContext.mBasePackageName=com.tiket.gits appContext.mPackageInfo=android.app.LoadedApk@502f9e6
03-14 07:06:57.720 25540 25540 D NetworkSecurityConfig: No Network Security Config specified, using platform default
03-14 07:06:57.720 11664 11924 D ConnectivityService: NetReassign [no changes]
03-14 07:06:57.721 11664 13657 D SamsungAlarmManager: setInexact (T:3/F:0/AC:false) 20220314T070714 now=257367428 - CU:10245/CP:3422/OP:PendingIntent{2acf2fb: PendingIntentRecord{e78e88b com.google.android.gms/com.google.android.gms.gcm broadcastIntent}}
03-14 07:06:57.721 11664 13657 I SamsungAlarmManager: setLocked to kernel - T:2 / 20220314T070855, set=257485630, now=257367428
03-14 07:06:57.722 25540 25540 D NetworkSecurityConfig: No Network Security Config specified, using platform default
03-14 07:06:57.722 25540 25540 I cr_WebViewApkApp: Launched version=96.0.4664.104 minSdkVersion=29 isBundle=true processName=com.google.android.webview:sandboxed_process0:org.chromium.content.app.SandboxedProcessService0:0
03-14 07:06:57.723 11664 13657 I SamsungAlarmManager: setLocked to kernel - T:3 / 20220314T070659, set=257369707, now=257367430
03-14 07:06:57.724 25540 25540 I cr_ChildProcessService: Creating new ChildProcessService pid=25540
03-14 07:06:57.742 11471 19787 V APM_AudioPolicyManager: getDeviceConnectionState() undeclared device, type 00000004, address:
03-14 07:06:57.742 11471 19787 V APM_AudioPolicyManager: getDeviceConnectionState() undeclared device, type 00000008, address:
03-14 07:06:57.744 17842 25560 W cr_media: Requires BLUETOOTH permission
03-14 07:06:57.753 17842 17842 I Choreographer: Skipped 46 frames!  The application may be doing too much work on its main thread.
03-14 07:06:57.760 25540 25580 I cr_LibraryLoader: Successfully loaded native library
03-14 07:06:57.766 25540 25580 I cr_CachingUmaRecorder: Flushed 2 samples from 2 histograms.
03-14 07:06:57.770   571   893 I servicemanager: edm_proxy is isloated, getService has failed.
03-14 07:06:57.773   571   893 I servicemanager: uimode is isloated, getService has failed.
03-14 07:06:57.778   916   916 D SurfaceFlinger: GPIS:: requestGPIS
03-14 07:06:57.784 25540 25580 W SystemServiceRegistry: No service published for: uimode
03-14 07:06:57.785   858 24123 D BufferPoolAccessor2.0: bufferpool2 0xb40000726b7550b8 : 6(6292992 size) total buffers - 4(4195328 size) used buffers - 291/297 (recycle/alloc) - 7/293 (fetch/transfer)
03-14 07:06:57.790 24723 24798 I System.out: (HTTPLog)-Static: isSBSettingEnabled false
03-14 07:06:57.790 24723 24798 I System.out: (HTTPLog)-Static: isSBSettingEnabled false
03-14 07:06:57.797 11474 11596 E Netd    : getNetworkForDns: getNetId from enterpriseCtrl is netid 0
03-14 07:06:57.819 24269 24621 I appium  : AppiumResponse: {"sessionId":"c67ad04b-cec2-4442-b015-4900de4fcbf6","value":{"ELEMENT":"e3a68928-2396-4dbd-b6da-6bf0fa91fe2e","element-6066-11e4-a52e-4f735466cecf":"e3a68928-2396-4dbd-b6da-6bf0fa91fe2e"}}
03-14 07:06:57.851 11664 13655 D SamsungAlarmManager: Cancel Alarm calling from uid:10245 pid :3289 / OP:PendingIntent{e71c851: PendingIntentRecord{d52d799 com.google.android.gms/com.google.android.gms.measurement broadcastIntent}}
03-14 07:06:57.859 11469 11469 I zygote  : Delayed USAP Pool refill. New USAPs: 1
03-14 07:06:57.862   571   893 E audit   : avc:  denied  { find } for pid=3292 uid=10272 name=tethering scontext=u:r:permissioncontroller_app:s0:c16,c257,c512,c768 tcontext=u:object_r:tethering_service:s0 tclass=service_manager permissive=0
03-14 07:06:57.863   571   893 I servicemanager: tethering : getService has failed, permission denied.
03-14 07:06:57.864 11664 13443 E TaskPersister: File error accessing recents directory (directory doesn't exist?).
03-14 07:06:57.868 11664 12228 D SamsungAlarmManager: Cancel Alarm calling from uid:10245 pid :3289 / OP:PendingIntent{3f8988e: PendingIntentRecord{b2868af com.google.android.gms/com.google.android.gms.analytics broadcastIntent}}
03-14 07:06:57.878 11469 11469 D Zygote  : Forked child process 25617
03-14 07:06:57.879  3422 17168 W NetworkScheduler: Error inserting flex_time=8000 job_id=-1 period=17000 source=16 requires_charging=0 preferred_network_type=1 target_class=com.google.android.gms.measurement.PackageMeasurementTaskService user_id=0 target_package=com.google.android.gms tag=Measurement.PackageMeasurementTaskService.UPLOAD_TASK_TAG task_type=0 required_idleness_state=0 service_kind=0 source_version=220618000 persistence_level=1 preferred_charging_state=1 required_network_type=0 runtime=1647241617866 retry_strategy={"maximum_backoff_seconds":{"3600":0},"initial_backoff_seconds":{"30":0},"retry_policy":{"0":0}} last_runtime=0, error message: UNIQUE constraint failed: pending_ops.tag, pending_ops.target_class, pending_ops.target_package, pending_ops.user_id (code 2067 SQLITE_CONSTRAINT_UNIQUE[2067]) [CONTEXT service_id=218 ]
03-14 07:06:57.882 11664 11991 D PkgPredictorService-NapPreloadController: [ML] Sent pkg = com.browserstack.uiautomation uid: 0 type: ml
03-14 07:06:57.882 11664 12419 I ActivityManager: [ML][SD] app:com.browserstack.uiautomation is exist findPkgforMl:false  isOnMemory:false
03-14 07:06:57.883 11664 12419 D ActivityManager: [SD] starting userId:0  com.browserstack.uiautomation  type:ml
03-14 07:06:57.891 11664 12419 E ActivityTaskManager: MachinLearning intent received, starting MlLaunch
03-14 07:06:57.894 11664 11713 D StorageManagerService: getExternalStorageMountMode: uid=10281 packageName=com.browserstack.uiautomation
03-14 07:06:57.895 11664 11713 D CompatibilityChangeReporter: Compat change id reported: 135634846; UID 10281; state: DISABLED
03-14 07:06:57.895 11664 11713 D CompatibilityChangeReporter: Compat change id reported: 135754954; UID 10281; state: ENABLED
03-14 07:06:57.895 11664 11735 D CompatibilityChangeReporter: Compat change id reported: 143937733; UID 10281; state: ENABLED
03-14 07:06:57.898 11664 12419 W ContextImpl: Calling a method in the system process without a qualified user: android.app.ContextImpl.sendBroadcast:1162 com.android.server.am.ActivityManagerService.launchSeedbedProcess:12115 com.android.server.am.ActivityManagerService.access$1700:552 com.android.server.am.ActivityManagerService$MlLaunchReceiver.onReceive:12048 android.app.LoadedApk$ReceiverDispatcher$Args.lambda$getRunnable$0$LoadedApk$ReceiverDispatcher$Args:1666
03-14 07:06:57.899   921  1000 I heimdall: insert_task_to_group:57, insert tgid 18959 to group com.browserstack.uiautomation, ret = 0
03-14 07:06:57.901 11664 11735 I ActivityManager: Start proc 18959:com.browserstack.uiautomation/u0a281 for mllaunch {com.browserstack.uiautomation/com.browserstack.uiautomation.MainActivity}
03-14 07:06:57.901 11664 11664 D PkgPredictorService-NapPreloadController: [ML] Get reply pkgName = com.browserstack.uiautomation userid = 0 type = ml
03-14 07:06:57.919 18959 18959 I ck.uiautomatio: Late-enabling -Xcheck:jni
03-14 07:06:57.922 11664 12228 D SamsungAlarmManager: Cancel Alarm calling from uid:10245 pid :3422 / OP:PendingIntent{2e69e43: PendingIntentRecord{e78e88b com.google.android.gms/com.google.android.gms.gcm broadcastIntent}}
03-14 07:06:57.923 11664 12228 I SamsungAlarmManager: setLocked to kernel - T:2 / 20220314T070855, set=257485630, now=257367630
03-14 07:06:57.924 11664 12228 I SamsungAlarmManager: setLocked to kernel - T:3 / 20220314T070700, set=257369707, now=257367631
03-14 07:06:57.930 11664 12228 D SamsungAlarmManager: setInexact (T:3/F:0/AC:false) 20220314T070714 now=257367637 - CU:10245/CP:3422/OP:PendingIntent{b3bfcc0: PendingIntentRecord{e78e88b com.google.android.gms/com.google.android.gms.gcm broadcastIntent}}
03-14 07:06:57.930 11664 12228 I SamsungAlarmManager: setLocked to kernel - T:2 / 20220314T070855, set=257485630, now=257367637
03-14 07:06:57.930 11664 12228 I SamsungAlarmManager: setLocked to kernel - T:3 / 20220314T070700, set=257369707, now=257367637
03-14 07:06:57.939 17842 17842 W Glide   : Load failed for https://s-light.tiket.photos/t/01E25EBZS3W0FY9GTG6C42E1SE/platform-android-high/mobile-modules/2022/02/18/538d8ef7-852c-4c46-a080-3161fa8ee6dd-1645170610548-02af7638a887ac8a4b86ddd1efc7696e.png?tiloriginal=home-mobile with size [468x468]
03-14 07:06:57.939 17842 17842 W Glide   : class com.bumptech.glide.load.engine.GlideException: Failed to load resource
03-14 07:06:57.944 17842 17842 W Glide   : Load failed for https://s-light.tiket.photos/t/01E25EBZS3W0FY9GTG6C42E1SE/platform-android-high/mobile-modules/2022/03/14/3c97f5f5-d9f7-45de-9d1b-f3611e994a13-1647231506275-05a9cad33dc51d596386be1adfaf4056.png?tiloriginal=home-mobile with size [468x468]
03-14 07:06:57.944 17842 17842 W Glide   : class com.bumptech.glide.load.engine.GlideException: Failed to load resource
03-14 07:06:57.944 17842 17842 W Glide   : Load failed for https://s-light.tiket.photos/t/01E25EBZS3W0FY9GTG6C42E1SE/platform-android-high/mobile-modules/2022/03/14/429c9d33-c465-4a1b-bcd9-a896fe072aca-1647231559867-0871c90bcb288a21cfd52767a4f08804.png?tiloriginal=home-mobile with size [468x468]
03-14 07:06:57.944 17842 17842 W Glide   : class com.bumptech.glide.load.engine.GlideException: Failed to load resource
03-14 07:06:57.950 18959 18959 I ck.uiautomatio: Unquickening 22 vdex files!
03-14 07:06:57.956 11664 11732 I ActivityManager: Killing 19292:com.google.android.googlequicksearchbox/u0a246 (adj 999): empty #37
03-14 07:06:57.958 18959 18959 D ActivityThread: setConscryptValidator
03-14 07:06:57.958 18959 18959 D ActivityThread: setConscryptValidator - put
03-14 07:06:57.960 13145 13152 I adbd    : jdwp connection from 18959
03-14 07:06:57.965 17842 17842 W Glide   : Load failed for https://s-light.tiket.photos/t/01E25EBZS3W0FY9GTG6C42E1SE/platform-android-high/mobile-modules/2022/02/02/e903d35d-b00f-4fd5-9f2f-bded28ccd9be-1643772917639-eedf41e361f9bf105298ffbe8cd161f1.png?tiloriginal=home-mobile with size [960x384]
03-14 07:06:57.965 17842 17842 W Glide   : class com.bumptech.glide.load.engine.GlideException: Failed to load resource
03-14 07:06:57.971 11664 11732 I AppOps  : updateUidProcState uid: 1000 procState: 0 capability:7
03-14 07:06:57.972 11664 11732 D PowerManagerService: [api] setDeviceIdleTempWhitelist: appids: [0]10243 [1]10245  (uid: 1000 pid: 11664)
03-14 07:06:57.972 11664 12228 I ActivityManager: DSS OFF for com.browserstack.uiautomation
03-14 07:06:57.974 11664 12228 D ActivityManager: attachApplicationLocked() app=ProcessRecord{b6467c1 18959:com.browserstack.uiautomation/u0a281} app.isolatedEntryPoint=null instr2=null
03-14 07:06:57.980 17842 24823 I com.tiket.gits: Background concurrent copying GC freed 514492(27MB) AllocSpace objects, 225(5256KB) LOS objects, 40% free, 35MB/59MB, paused 203us total 202.121ms
03-14 07:06:57.980 11474 11596 E Netd    : getNetworkForDns: getNetId from enterpriseCtrl is netid 0
03-14 07:06:57.985 11474 11596 E Netd    : getNetworkForDns: getNetId from enterpriseCtrl is netid 0
03-14 07:06:58.003 11469 11469 I Zygote  : Process 19292 exited due to signal 9 (Killed)
03-14 07:06:58.004 11664 11745 I libprocessgroup: Successfully killed process cgroup uid 10246 pid 19292 in 42ms
03-14 07:06:58.016 18959 18959 D ActivityThread: handleBindApplication()++ app=com.browserstack.uiautomation
03-14 07:06:58.024 11664 11732 D PowerManagerService: [api] setDeviceIdleTempWhitelist: appids: [0]10245  (uid: 1000 pid: 11664)
03-14 07:06:58.035 11664 11732 I SysIntService: getSysStatService entry
03-14 07:06:58.039 18959 18959 D ApplicationLoaders: Returning zygote-cached class loader: /system/framework/android.test.base.jar
03-14 07:06:58.039 18959 18959 D ApplicationLoaders: Returning zygote-cached class loader: /system/framework/android.test.base.jar
03-14 07:06:58.044 18959 18959 I ck.uiautomatio: The ClassLoaderContext is a special shared library.
03-14 07:06:58.049 18959 18959 D ApplicationLoaders: Returning zygote-cached class loader: /system/framework/android.test.base.jar
03-14 07:06:58.049 18959 18959 D ApplicationLoaders: Returning zygote-cached class loader: /system/framework/android.test.base.jar
03-14 07:06:58.054 18959 18959 I ck.uiautomatio: The ClassLoaderContext is a special shared library.
03-14 07:06:58.063   571   893 E audit   : avc:  denied  { find } for pid=3292 uid=10272 name=tethering scontext=u:r:permissioncontroller_app:s0:c16,c257,c512,c768 tcontext=u:object_r:tethering_service:s0 tclass=service_manager permissive=0
03-14 07:06:58.063   571   893 I servicemanager: tethering : getService has failed, permission denied.
03-14 07:06:58.090 18959 18959 D ActivityThread: handleBindApplication() -- skipGraphicsSupport=false
03-14 07:06:58.098 18959 18959 D ActivityThread: ActivityThread::handleMakeApplication() data=AppBindData{appInfo=ApplicationInfo{c324b28 com.browserstack.uiautomation}} appContext=android.app.ContextImpl@d406041 appContext.mOpPackageName=com.browserstack.uiautomation appContext.mBasePackageName=com.browserstack.uiautomation appContext.mPackageInfo=android.app.LoadedApk@502f9e6 data.restrictedBackupMode= false data.providers= [] Caller=android.app.ActivityThread.handleBindApplication:7446 android.app.ActivityThread.access$1500:301 android.app.ActivityThread$H.handleMessage:2148 android.os.Handler.dispatchMessage:106 android.os.Looper.loop:246
03-14 07:06:58.103 24269 24621 I appium  : channel read invoked!
03-14 07:06:58.104 24269 24621 I appium  : channel read: GET /wd/hub/session/c67ad04b-cec2-4442-b015-4900de4fcbf6/element/e3a68928-2396-4dbd-b6da-6bf0fa91fe2e/attribute/displayed
03-14 07:06:58.106 24269 24621 I appium  : get attribute of element command
03-14 07:06:58.108 18959 18959 D LoadedApk: LoadedApk::makeApplication() appContext=android.app.ContextImpl@6f1bf7d appContext.mOpPackageName=com.browserstack.uiautomation appContext.mBasePackageName=com.browserstack.uiautomation appContext.mPackageInfo=android.app.LoadedApk@502f9e6
03-14 07:06:58.108 18959 18959 D NetworkSecurityConfig: No Network Security Config specified, using platform default
03-14 07:06:58.145 21541 23492 E class fr.pchab.AndroidRTC.NewTabPoller: error sending newtab event : Read timed out
03-14 07:06:58.147 11664 14320 D SamsungAlarmManager: Cancel Alarm calling from uid:10245 pid :3289 / OP:PendingIntent{7a4db20: PendingIntentRecord{d52d799 com.google.android.gms/com.google.android.gms.measurement broadcastIntent}}
03-14 07:06:58.162 18959 18959 D NetworkSecurityConfig: No Network Security Config specified, using platform default
03-14 07:06:58.173   858  1363 D BufferPoolAccessor2.0: bufferpool2 0xb40000726b74f688 : 0(0 size) total buffers - 0(0 size) used buffers - 0/0 (recycle/alloc) - 0/0 (fetch/transfer)
03-14 07:06:58.173   858  1363 D BufferPoolAccessor2.0: evictor expired: 1, evicted: 1
03-14 07:06:58.191 11664 13657 D SamsungAlarmManager: Cancel Alarm calling from uid:10245 pid :3422 / OP:PendingIntent{b520e49: PendingIntentRecord{e78e88b com.google.android.gms/com.google.android.gms.gcm broadcastIntent}}
03-14 07:06:58.193 11664 13657 I SamsungAlarmManager: setLocked to kernel - T:2 / 20220314T070855, set=257485630, now=257367900
03-14 07:06:58.193 11664 13657 I SamsungAlarmManager: setLocked to kernel - T:3 / 20220314T070700, set=257369707, now=257367900
03-14 07:06:58.195 21541 23492 I class fr.pchab.AndroidRTC.NewTabPoller: URL: https://183.177.55.150/json?debug_port=
03-14 07:06:58.196 21541 23492 I System.out: (HTTPLog)-Static: isSBSettingEnabled false
03-14 07:06:58.196 21541 23492 I System.out: (HTTPLog)-Static: isSBSettingEnabled false
03-14 07:06:58.197 11474 11596 E Netd    : getNetworkForDns: getNetId from enterpriseCtrl is netid 0
03-14 07:06:58.208  3422 25127 W NetworkScheduler: Error inserting flex_time=7000 job_id=-1 period=16000 source=16 requires_charging=0 preferred_network_type=1 target_class=com.google.android.gms.measurement.PackageMeasurementTaskService user_id=0 target_package=com.google.android.gms tag=Measurement.PackageMeasurementTaskService.UPLOAD_TASK_TAG task_type=0 required_idleness_state=0 service_kind=0 source_version=220618000 persistence_level=1 preferred_charging_state=1 required_network_type=0 runtime=1647241618164 retry_strategy={"maximum_backoff_seconds":{"3600":0},"initial_backoff_seconds":{"30":0},"retry_policy":{"0":0}} last_runtime=0, error message: UNIQUE constraint failed: pending_ops.tag, pending_ops.target_class, pending_ops.target_package, pending_ops.user_id (code 2067 SQLITE_CONSTRAINT_UNIQUE[2067]) [CONTEXT service_id=218 ]
03-14 07:06:58.213 11664 13657 D SamsungAlarmManager: setInexact (T:3/F:0/AC:false) 20220314T071130 now=257367920 - CU:10245/CP:3422/OP:PendingIntent{325865a: PendingIntentRecord{e78e88b com.google.android.gms/com.google.android.gms.gcm broadcastIntent}}
03-14 07:06:58.213 11664 13657 I SamsungAlarmManager: setLocked to kernel - T:2 / 20220314T071025, set=257574889, now=257367920
03-14 07:06:58.213 11664 13657 I SamsungAlarmManager: setLocked to kernel - T:3 / 20220314T070700, set=257369707, now=257367920
03-14 07:06:58.224 11664 13655 I SamsungAlarmManager: setLocked to kernel - T:2 / 20220314T070855, set=257485630, now=257367931
03-14 07:06:58.224 11664 13655 I SamsungAlarmManager: setLocked to kernel - T:3 / 20220314T070700, set=257369707, now=257367931
03-14 07:06:58.225 11664 13655 D SamsungAlarmManager: setInexact (T:3/F:0/AC:false) 20220314T070714 now=257367932 - CU:10245/CP:3422/OP:PendingIntent{985d08b: PendingIntentRecord{e78e88b com.google.android.gms/com.google.android.gms.gcm broadcastIntent}}
03-14 07:06:58.225 11664 13655 I SamsungAlarmManager: setLocked to kernel - T:2 / 20220314T070855, set=257485630, now=257367932
03-14 07:06:58.225 11664 13655 I SamsungAlarmManager: setLocked to kernel - T:3 / 20220314T070700, set=257369707, now=257367932
03-14 07:06:58.264   571   893 E audit   : avc:  denied  { find } for pid=3292 uid=10272 name=tethering scontext=u:r:permissioncontroller_app:s0:c16,c257,c512,c768 tcontext=u:object_r:tethering_service:s0 tclass=service_manager permissive=0
03-14 07:06:58.264   571   893 I servicemanager: tethering : getService has failed, permission denied.
03-14 07:06:58.281   916   916 D SurfaceFlinger: GPIS:: requestGPIS
03-14 07:06:58.297 11664 12059 I Pageboost: Launcher App Execution
03-14 07:06:58.300   916  8158 D NativeSemDvfsManager: acquire:: timeout = 2000 mIsAcquired = 1  mTagName : SurfaceFlinger
03-14 07:06:58.301 11493 11531 I HYPER-HAL: [RequestManager.cpp]acquire(): Acquired ID : 1839404  [916 / 1001]    HINT :      list : [GPUMinFreq / 403000] [TIMEOUT / 2000]
03-14 07:06:58.302   916  8158 E NativeCustomFrequencyManager: [NativeCFMS] BpCustomFrequencyManager::acquire()
03-14 07:06:58.335 17842 25062 W GoogleTagManager: Event does not have parameter "discountPosition" and no default value was defined. Returning "undefined".
03-14 07:06:58.335 17842 25062 W GoogleTagManager: Event does not have parameter "countPaymentMethodChange" and no default value was defined. Returning "undefined".
03-14 07:06:58.336 17842 25062 W GoogleTagManager: Event does not have parameter "tiketPoint" and no default value was defined. Returning "undefined".
03-14 07:06:58.414 11664 13655 D SamsungAlarmManager: Cancel Alarm calling from uid:10245 pid :3289 / OP:PendingIntent{6dd32b0: PendingIntentRecord{d52d799 com.google.android.gms/com.google.android.gms.measurement broadcastIntent}}
03-14 07:06:58.422 11664 13655 D SamsungAlarmManager: Cancel Alarm calling from uid:10245 pid :3422 / OP:PendingIntent{2923e4f: PendingIntentRecord{e78e88b com.google.android.gms/com.google.android.gms.gcm broadcastIntent}}
03-14 07:06:58.422 11664 13655 I SamsungAlarmManager: setLocked to kernel - T:2 / 20220314T070855, set=257485630, now=257368129
03-14 07:06:58.423 11664 13655 I SamsungAlarmManager: setLocked to kernel - T:3 / 20220314T070700, set=257369707, now=257368130
03-14 07:06:58.429 11664 13657 D SamsungAlarmManager: setInexact (T:3/F:0/AC:false) 20220314T071130 now=257368135 - CU:10245/CP:3422/OP:PendingIntent{75ac9dc: PendingIntentRecord{e78e88b com.google.android.gms/com.google.android.gms.gcm broadcastIntent}}
03-14 07:06:58.429 11664 13657 I SamsungAlarmManager: setLocked to kernel - T:2 / 20220314T071025, set=257574889, now=257368136
03-14 07:06:58.429 11664 13657 I SamsungAlarmManager: setLocked to kernel - T:3 / 20220314T070700, set=257369707, now=257368136
03-14 07:06:58.433  3422 17168 W NetworkScheduler: Error inserting flex_time=7000 job_id=-1 period=16000 source=16 requires_charging=0 preferred_network_type=1 target_class=com.google.android.gms.measurement.PackageMeasurementTaskService user_id=0 target_package=com.google.android.gms tag=Measurement.PackageMeasurementTaskService.UPLOAD_TASK_TAG task_type=0 required_idleness_state=0 service_kind=0 source_version=220618000 persistence_level=1 preferred_charging_state=1 required_network_type=0 runtime=1647241618421 retry_strategy={"maximum_backoff_seconds":{"3600":0},"initial_backoff_seconds":{"30":0},"retry_policy":{"0":0}} last_runtime=0, error message: UNIQUE constraint failed: pending_ops.tag, pending_ops.target_class, pending_ops.target_package, pending_ops.user_id (code 2067 SQLITE_CONSTRAINT_UNIQUE[2067]) [CONTEXT service_id=218 ]
03-14 07:06:58.434 11664 13657 I SamsungAlarmManager: setLocked to kernel - T:2 / 20220314T070855, set=257485630, now=257368141
03-14 07:06:58.434 11664 13657 I SamsungAlarmManager: setLocked to kernel - T:3 / 20220314T070700, set=257369707, now=257368141
03-14 07:06:58.434 11664 13657 D SamsungAlarmManager: setInexact (T:3/F:0/AC:false) 20220314T070714 now=257368141 - CU:10245/CP:3422/OP:PendingIntent{7512ae5: PendingIntentRecord{e78e88b com.google.android.gms/com.google.android.gms.gcm broadcastIntent}}
03-14 07:06:58.434 11664 13657 I SamsungAlarmManager: setLocked to kernel - T:2 / 20220314T070855, set=257485630, now=257368141
03-14 07:06:58.434 11664 13657 I SamsungAlarmManager: setLocked to kernel - T:3 / 20220314T070700, set=257369707, now=257368141
03-14 07:06:58.466   571   893 E audit   : avc:  denied  { find } for pid=3292 uid=10272 name=tethering scontext=u:r:permissioncontroller_app:s0:c16,c257,c512,c768 tcontext=u:object_r:tethering_service:s0 tclass=service_manager permissive=0
03-14 07:06:58.466   571   893 I servicemanager: tethering : getService has failed, permission denied.
03-14 07:06:58.489   760   760 E audit   : type=1400 audit(1647241618.483:243033): avc:  denied  { ioctl } for  pid=25692 comm="busybox" path="pipe:[55990224]" dev="pipefs" ino=55990224 ioctlcmd=0x5413 scontext=u:r:shell:s0 tcontext=u:r:shell:s0 tclass=fifo_file permissive=0 SEPF_SM-G991B_11_0010 audit_filtered
03-14 07:06:58.489   760   760 E audit   : type=1300 audit(1647241618.483:243033): arch=40000028 syscall=54 success=yes exit=4294967283 a0=1 a1=5413 a2=ffa17608 a3=1273c0 items=0 ppid=23803 pid=25692 auid=4294967295 uid=2000 gid=2000 euid=2000 suid=2000 fsuid=2000 egid=2000 sgid=2000 fsgid=2000 tty=(none) ses=4294967295 comm="busybox" exe="/data/local/tmp/busybox" subj=u:r:shell:s0 key=(null)
03-14 07:06:58.489   760   760 E audit   : type=1327 audit(1647241618.483:243033): proctitle=2F646174612F6C6F63616C2F746D702F62757379626F7800736564002D6E00732F5E6370755B5B3A73706163653A5D5D2F2F70002F70726F632F73746174
03-14 07:06:58.489 11664 13657 D SamsungAlarmManager: Cancel Alarm calling from uid:10245 pid :3289 / OP:PendingIntent{abf39ba: PendingIntentRecord{d52d799 com.google.android.gms/com.google.android.gms.measurement broadcastIntent}}
03-14 07:06:58.491   760   760 E audit   : type=1400 audit(1647241618.487:243034): avc:  denied  { ioctl } for  pid=25696 comm="busybox" path="pipe:[56018238]" dev="pipefs" ino=56018238 ioctlcmd=0x5413 scontext=u:r:shell:s0 tcontext=u:r:shell:s0 tclass=fifo_file permissive=0 SEPF_SM-G991B_11_0010 audit_filtered
03-14 07:06:58.507 11664 13657 D SamsungAlarmManager: Cancel Alarm calling from uid:10245 pid :3422 / OP:PendingIntent{b8a7c8: PendingIntentRecord{e78e88b com.google.android.gms/com.google.android.gms.gcm broadcastIntent}}
03-14 07:06:58.507 11664 13657 I SamsungAlarmManager: setLocked to kernel - T:2 / 20220314T070855, set=257485630, now=257368214
03-14 07:06:58.507 11664 13657 I SamsungAlarmManager: setLocked to kernel - T:3 / 20220314T070700, set=257369707, now=257368214
03-14 07:06:58.508 11664 13657 D SamsungAlarmManager: setInexact (T:3/F:0/AC:false) 20220314T071130 now=257368215 - CU:10245/CP:3422/OP:PendingIntent{e6e9061: PendingIntentRecord{e78e88b com.google.android.gms/com.google.android.gms.gcm broadcastIntent}}
03-14 07:06:58.508 11664 13657 I SamsungAlarmManager: setLocked to kernel - T:2 / 20220314T071025, set=257574889, now=257368215
03-14 07:06:58.508 11664 13657 I SamsungAlarmManager: setLocked to kernel - T:3 / 20220314T070700, set=257369707, now=257368215
03-14 07:06:58.516  3422 17169 W NetworkScheduler: Error inserting flex_time=7000 job_id=-1 period=16000 source=16 requires_charging=0 preferred_network_type=1 target_class=com.google.android.gms.measurement.PackageMeasurementTaskService user_id=0 target_package=com.google.android.gms tag=Measurement.PackageMeasurementTaskService.UPLOAD_TASK_TAG task_type=0 required_idleness_state=0 service_kind=0 source_version=220618000 persistence_level=1 preferred_charging_state=1 required_network_type=0 runtime=1647241618513 retry_strategy={"maximum_backoff_seconds":{"3600":0},"initial_backoff_seconds":{"30":0},"retry_policy":{"0":0}} last_runtime=0, error message: UNIQUE constraint failed: pending_ops.tag, pending_ops.target_class, pending_ops.target_package, pending_ops.user_id (code 2067 SQLITE_CONSTRAINT_UNIQUE[2067]) [CONTEXT service_id=218 ]
03-14 07:06:58.517 11664 13657 I SamsungAlarmManager: setLocked to kernel - T:2 / 20220314T070855, set=257485630, now=257368224
03-14 07:06:58.517 11664 13657 I SamsungAlarmManager: setLocked to kernel - T:3 / 20220314T070700, set=257369707, now=257368224
03-14 07:06:58.518 11664 13657 D SamsungAlarmManager: setInexact (T:3/F:0/AC:false) 20220314T070714 now=257368224 - CU:10245/CP:3422/OP:PendingIntent{171a847: PendingIntentRecord{e78e88b com.google.android.gms/com.google.android.gms.gcm broadcastIntent}}
03-14 07:06:58.518 11664 13657 I SamsungAlarmManager: setLocked to kernel - T:2 / 20220314T070855, set=257485630, now=257368225
03-14 07:06:58.518 11664 13657 I SamsungAlarmManager: setLocked to kernel - T:3 / 20220314T070700, set=257369707, now=257368225
03-14 07:06:58.574 11664 13655 D SamsungAlarmManager: Cancel Alarm calling from uid:10245 pid :3289 / OP:PendingIntent{c947874: PendingIntentRecord{d52d799 com.google.android.gms/com.google.android.gms.measurement broadcastIntent}}
03-14 07:06:58.581 11664 13655 D SamsungAlarmManager: Cancel Alarm calling from uid:10245 pid :3422 / OP:PendingIntent{51681e3: PendingIntentRecord{e78e88b com.google.android.gms/com.google.android.gms.gcm broadcastIntent}}
03-14 07:06:58.582 11664 13655 I SamsungAlarmManager: setLocked to kernel - T:2 / 20220314T070855, set=257485630, now=257368289
03-14 07:06:58.582 11664 13655 I SamsungAlarmManager: setLocked to kernel - T:3 / 20220314T070700, set=257369707, now=257368289
03-14 07:06:58.583 11664 13657 D SamsungAlarmManager: setInexact (T:3/F:0/AC:false) 20220314T071130 now=257368290 - CU:10245/CP:3422/OP:PendingIntent{ebaa7e0: PendingIntentRecord{e78e88b com.google.android.gms/com.google.android.gms.gcm broadcastIntent}}
03-14 07:06:58.583 11664 13657 I SamsungAlarmManager: setLocked to kernel - T:2 / 20220314T071025, set=257574889, now=257368290
03-14 07:06:58.584 11664 13657 I SamsungAlarmManager: setLocked to kernel - T:3 / 20220314T070700, set=257369707, now=257368290
03-14 07:06:58.585  3422 25127 W NetworkScheduler: Error inserting flex_time=7000 job_id=-1 period=16000 source=16 requires_charging=0 preferred_network_type=1 target_class=com.google.android.gms.measurement.PackageMeasurementTaskService user_id=0 target_package=com.google.android.gms tag=Measurement.PackageMeasurementTaskService.UPLOAD_TASK_TAG task_type=0 required_idleness_state=0 service_kind=0 source_version=220618000 persistence_level=1 preferred_charging_state=1 required_network_type=0 runtime=1647241618581 retry_strategy={"maximum_backoff_seconds":{"3600":0},"initial_backoff_seconds":{"30":0},"retry_policy":{"0":0}} last_runtime=0, error message: UNIQUE constraint failed: pending_ops.tag, pending_ops.target_class, pending_ops.target_package, pending_ops.user_id (code 2067 SQLITE_CONSTRAINT_UNIQUE[2067]) [CONTEXT service_id=218 ]
03-14 07:06:58.586 11664 13657 I SamsungAlarmManager: setLocked to kernel - T:2 / 20220314T070855, set=257485630, now=257368293
03-14 07:06:58.586 11664 13657 I SamsungAlarmManager: setLocked to kernel - T:3 / 20220314T070700, set=257369707, now=257368293
03-14 07:06:58.587 11664 13657 D SamsungAlarmManager: setInexact (T:3/F:0/AC:false) 20220314T070714 now=257368294 - CU:10245/CP:3422/OP:PendingIntent{bdfea99: PendingIntentRecord{e78e88b com.google.android.gms/com.google.android.gms.gcm broadcastIntent}}
03-14 07:06:58.587 11664 13657 I SamsungAlarmManager: setLocked to kernel - T:2 / 20220314T070855, set=257485630, now=257368294
03-14 07:06:58.587 11664 13657 I SamsungAlarmManager: setLocked to kernel - T:3 / 20220314T070700, set=257369707, now=257368294
03-14 07:06:58.634 11664 13657 I HeimdAllFS: Connect Installd
