03-15 02:42:34.279  1199  1373 D ActivityTaskManager: finishFixedRotationTransform, r=ActivityRecord{5d98113 u0 com.sec.android.app.launcher/.activities.LauncherActivity t109}, caller=com.android.server.wm.WindowToken.finishFixedRotationTransform:664 com.android.server.wm.DisplayContent$FixedRotationTransitionListener.onAppTransitionFinishedLocked:7026 com.android.server.wm.AppTransition.notifyAppTransitionFinishedLocked:543 com.android.server.wm.ActivityRecord.onAnimationFinished:7164 com.android.server.wm.ActivityRecord.postApplyAnimation:5013
03-15 02:42:34.279  1199  1373 D ActivityTaskManager: finishFixedRotationTransform, r=ActivityRecord{c7c53b4 u0 com.tiket.gits/.v2splash.SplashV2Activity t119}, caller=com.android.server.wm.WindowToken.finishFixedRotationTransform:664 com.android.server.wm.DisplayContent$FixedRotationTransitionListener.onAppTransitionFinishedLocked:7026 com.android.server.wm.AppTransition.notifyAppTransitionFinishedLocked:543 com.android.server.wm.ActivityRecord.onAnimationFinished:7164 com.android.server.wm.ActivityRecord.postApplyAnimation:5013
03-15 02:42:34.279  1199  1373 D ActivityTaskManager: finishFixedRotationTransform, r=ActivityRecord{c7c53b4 u0 com.tiket.gits/.v2splash.SplashV2Activity t119}, caller=com.android.server.wm.WindowToken.finishFixedRotationTransform:664 com.android.server.wm.DisplayContent$FixedRotationTransitionListener.onAppTransitionFinishedLocked:7026 com.android.server.wm.AppTransition.notifyAppTransitionFinishedLocked:543 com.android.server.wm.DisplayContent.handleAnimatingStoppedAndTransition:5836 com.android.server.wm.RootWindowContainer.checkAppTransitionReady:1264
03-15 02:42:34.280  1199  1373 V WindowManager: Updating vis of wallpaper Window{74e1c01 u0 com.android.systemui.ImageWallpaper}: false from:
03-15 02:42:34.280  1199  1373 V WindowManager:   com.android.server.wm.WallpaperWindowToken.updateWallpaperWindows:169
03-15 02:42:34.280  1199  1373 V WindowManager:   com.android.server.wm.WallpaperController.updateWallpaperTokens:684
03-15 02:42:34.280  1199  1373 V WindowManager:   com.android.server.wm.WallpaperController.adjustWallpaperWindows:723
03-15 02:42:34.280  1199  1373 V WindowManager:   com.android.server.wm.DisplayContent.applySurfaceChangesTransaction:4846
03-15 02:42:34.280 20194 20212 D WallpaperService: dispatchAppVisibility onVisibilityChanged(): false
03-15 02:42:34.280 20194 20194 D WallpaperService: reportVisibility onVisibilityChanged visible: false
03-15 02:42:34.280 20194 20314 I ImageWallpaper:  onVisibilityChanged false , 0
03-15 02:42:34.280  1199  1373 I WindowManager: Cancelling animation restarting=true, leash=Surface(name=Surface(name=a949183 StatusBar)/@0x53a9339 - animation-leash)/@0x9eac836
03-15 02:42:34.280  1199  1373 I WindowManager: Reparenting to original parent: Surface(name=WindowToken{c535032 android.os.BinderProxy@995ad94})/@0x9e23d7e, destroy=false, surface=Surface(name=a949183 StatusBar)/@0x53a9339
03-15 02:42:34.280  1199 23152 I SystemUiVisibilityPolicyController: handleMessage: entry what = 1
03-15 02:42:34.280  1199  1373 I SurfaceControl: nativeRelease nativeObject s[-5476376616080070960]
03-15 02:42:34.280  1199  1373 I SurfaceControl: nativeRelease nativeObject e[-5476376616080070960]
03-15 02:42:34.280  1199  1373 I WindowManager: Reparenting to leash, surface=Surface(name=a949183 StatusBar)/@0x53a9339, leashParent=Surface(name=WindowToken{c535032 android.os.BinderProxy@995ad94})/@0x9e23d7e
03-15 02:42:34.280 12796 12796 I TrayStateController: systemUiVisibilityChanged : 2 0
03-15 02:42:34.280   915  7566 I SurfaceFlinger: id=3308 createSurf (0x0),-1 flag=24000, Surface(name=a949183 StatusBar)/@0x53a9339 - animation-leash#1
03-15 02:42:34.280 17604 17604 I com.tiket.gits: The ClassLoaderContext is a special shared library.
03-15 02:42:34.280  1199  1373 D WindowManager: makeSurface duration=0 leash=Surface(name=Surface(name=a949183 StatusBar)/@0x53a9339 - animation-leash)/@0x585f4f1
03-15 02:42:34.280  1199  1373 I WindowManager: Cancelling animation restarting=true, leash=Surface(name=Surface(name=e246cc NavigationBar0)/@0x459d82a - animation-leash)/@0xfc4b0a4
03-15 02:42:34.280  1199  1373 I WindowManager: Reparenting to original parent: Surface(name=WindowToken{e26d8ff android.os.BinderProxy@6fff459})/@0x49a061b, destroy=false, surface=Surface(name=e246cc NavigationBar0)/@0x459d82a
03-15 02:42:34.280  1199  1373 I SurfaceControl: nativeRelease nativeObject s[-5476376616080162352]
03-15 02:42:34.280  1199  1373 I SurfaceControl: nativeRelease nativeObject e[-5476376616080162352]
03-15 02:42:34.280  1199  1373 I WindowManager: Reparenting to leash, surface=Surface(name=e246cc NavigationBar0)/@0x459d82a, leashParent=Surface(name=WindowToken{e26d8ff android.os.BinderProxy@6fff459})/@0x49a061b
03-15 02:42:34.280   915  7566 I SurfaceFlinger: id=3309 createSurf (0x0),-1 flag=24000, Surface(name=e246cc NavigationBar0)/@0x459d82a - animation-leash#0
03-15 02:42:34.281  1199  1373 D WindowManager: makeSurface duration=0 leash=Surface(name=Surface(name=e246cc NavigationBar0)/@0x459d82a - animation-leash)/@0xe10e8d6
03-15 02:42:34.281   915  7566 I Layer   : id=3301 removeFromCurrentState Surface(name=a949183 StatusBar)/@0x53a9339 - animation-leash#0 (61)
03-15 02:42:34.281   915  7566 I Layer   : id=3302 removeFromCurrentState Surface(name=e246cc NavigationBar0)/@0x459d82a - animation-leash#1 (61)
03-15 02:42:34.282  1199  1371 D SemGameManager: getGMSBinder(), begin
03-15 02:42:34.282  1199  1371 D SemGameManager: getGMSBinder(), successful: true
03-15 02:42:34.282  1199  1371 D SemGameManager: isAvailable(), ret=true
03-15 02:42:34.282  1199  1371 D SemGameManager: isGamePackage(), pkgName=com.tiket.gits
03-15 02:42:34.282  1199  1371 D SemGameManager: getGMSBinder(), begin
03-15 02:42:34.282  1199  1371 D SemGameManager: getGMSBinder(), successful: true
03-15 02:42:34.282  1199  1371 D GameManagerService: identifyGamePackage. com.tiket.gits, mCurrentUserId: 0, callerUserId: 0
03-15 02:42:34.282  1199  1371 D PkgDataHelper: getGamePkgData(). com.tiket.gits
03-15 02:42:34.282  1199  1371 D SemGameManager: isGamePackage(), ret=false
03-15 02:42:34.284 20420 20496 I WindowsLink: (YpcSignatureChecker) isSignatureAllowed in
03-15 02:42:34.285  1199  1369 D WindowManager: setDisableFlags: displayId=0, vis=0x8008, appearance=16, transientState=Pair{[I@20abc62 [I@9c441f3}, isFullscreen=false, isImmersive=false, barType=0, win=Window{fad203 u0 Splash Screen com.tiket.gits}
03-15 02:42:34.285 20420 20496 I WindowsLink: (BaseContentProvider) call: method = capability_input_inject / subMethod = capability_input_inject
03-15 02:42:34.286  1199 23152 I SystemUiVisibilityPolicyController: handleMessage: entry what = 1
03-15 02:42:34.286 12796 12796 I TrayStateController: systemUiVisibilityChanged : 0 0
03-15 02:42:34.287 24248 24248 V YPCCllLogger: logSetInputInjectorResultEvent
03-15 02:42:34.288   915   915 D SurfaceFlinger: Display 21442653864348033 HWC layers:
03-15 02:42:34.288   915   915 D SurfaceFlinger:      DEVICE | 0xb400006e9a86e3d0 | 0000 | RGBA_8888    |    0.0    0.0 1080.0 2400.0 |    0    0 1080 2400 | Splash Screen com.tiket.gits#0
03-15 02:42:34.288   915   915 D SurfaceFlinger:      DEVICE | 0xb400006e9a864810 | 0000 | RGBA_8888    |    0.0    0.0 1080.0   79.0 |    0    0 1080   79 | StatusBar$_20194#0
03-15 02:42:34.288   915   915 D SurfaceFlinger:      DEVICE | 0xb400006e9a860050 | 0000 | RGBA_8888    |    0.0    0.0   67.0  342.0 | 1013  458 1080  800 | com.samsung.android.app.cocktailbars[...]rservice.CocktailBarService$_12796#0
03-15 02:42:34.288   915   915 D SurfaceFlinger:      DEVICE | 0xb400006e9a8722d0 | 0000 | RGBA_8888    |    0.0    0.0 1080.0  144.0 |    0 2256 1080 2400 | NavigationBar0$_20194#0
03-15 02:42:34.288   915   915 D SurfaceFlinger:
03-15 02:42:34.288 20194 20194 V Navbar.Store: handleEvent [EventType] GET_BOOL_USE_NAVBAR_BACKGROUND_FRAME [Module] NavigationBarTransitions  KEYS_DEFAULT=false
03-15 02:42:34.288 20194 20194 V Navbar.Store: --[Band]COLOR_PACK_GET_USE_NAVBAR_BACKGROUND_FRAME
03-15 02:42:34.288 20194 20194 V Navbar.Store: ----getValue(BOOL_NAVBAR_GESTURAL_MODE)=false
03-15 02:42:34.288 20194 20194 V Navbar.Store: ----getValue(BOOL_NAVBAR_OPAQUE)=false
03-15 02:42:34.289 16269 16269 I BadgeRenderer: Invalid count : 0
03-15 02:42:34.289 20194 20194 D NavigationBar: onSystemBarAppearanceChanged() -  displayId:0, appearance:16 (APPEARANCE_LIGHT_NAVIGATION_BARS ), navbarColorManagedByIme:false
03-15 02:42:34.289 20194 20194 V Navbar.Store: handleEvent [EventType] GET_BOOL_REGION_SAMPLING_ENABLED [Module] LightBarController  KEYS_DEFAULT=false
03-15 02:42:34.289 20194 20194 V Navbar.Store: --[Band]COLOR_PACK_GET_REGION_SAMPLING_ENABLED
03-15 02:42:34.289 20194 20194 V Navbar.Store: ----getValue(BOOL_REGION_SAMPLING_ENABLED)=false
03-15 02:42:34.290 20194 20194 D SecLightBarControlHelper: updateStatus(WHITE icon) NumLightStacks:0, NumStacks:1, IndexLightStack:-1, StatusBarMode:0, StatusBarState:SHD, NeedDarkFontFromWallpaper:true, isWhiteKeyguardStatusBarBySettings:true
03-15 02:42:34.291 17604 17604 D ActivityThread: handleBindApplication() -- skipGraphicsSupport=false
03-15 02:42:34.291 17604 17604 D ActivityThread: ActivityThread::handleMakeApplication() data=AppBindData{appInfo=ApplicationInfo{4615dcf com.tiket.gits}} appContext=android.app.ContextImpl@524335c appContext.mOpPackageName=com.tiket.gits appContext.mBasePackageName=com.tiket.gits appContext.mPackageInfo=android.app.LoadedApk@d381665 data.restrictedBackupMode= false data.providers= [ContentProviderInfo{name=com.tiket.gits.firebaseperfprovider className=com.google.firebase.perf.provider.FirebasePerfProvider}, ContentProviderInfo{name=com.tiket.gits.provider className=androidx.core.content.FileProvider}, ContentProviderInfo{name=com.tiket.gits.androidx-startup className=androidx.startup.InitializationProvider}, ContentProviderInfo{name=com.tiket.gits.appevent.initializer className=com.tiket.android.appevent.AppEventInitializer}] Caller=android.app.ActivityThread.handleBindApplication:7446 android.app.ActivityThread.access$1500:301 android.app.ActivityThread$H.handleMessage:2148 android.os.Handler.dispatchMessage:106 android.os.Looper.loop:246
03-15 02:42:34.291 17604 17604 D LoadedApk: LoadedApk::makeApplication() appContext=android.app.ContextImpl@ed27f3a appContext.mOpPackageName=com.tiket.gits appContext.mBasePackageName=com.tiket.gits appContext.mPackageInfo=android.app.LoadedApk@d381665
03-15 02:42:34.291 17604 17604 D NetworkSecurityConfig: Using Network Security Config from resource network_security_config debugBuild: false
03-15 02:42:34.292 20420 20496 I WindowsLink: (YpcSignatureChecker) isSignatureAllowed in
03-15 02:42:34.293 16269 16269 I SurfaceControl: nativeRelease nativeObject s[-5476376616080441792]
03-15 02:42:34.293 20420 20496 I WindowsLink: (BaseContentProvider) call: method = capability_black_screen_control / subMethod = capability_black_screen_control
03-15 02:42:34.293 17604 17604 D NetworkSecurityConfig: Using Network Security Config from resource network_security_config debugBuild: false
03-15 02:42:34.293 16269 16269 I SurfaceControl: nativeRelease nativeObject e[-5476376616080441792]
03-15 02:42:34.293 16269 16269 I SurfaceControl: nativeRelease nativeObject s[-5476376616080334496]
03-15 02:42:34.293 16269 16269 I SurfaceControl: nativeRelease nativeObject e[-5476376616080334496]
03-15 02:42:34.293 16269 16269 I SurfaceControl: nativeRelease nativeObject s[-5476376616080335840]
03-15 02:42:34.293 16269 16269 I SurfaceControl: nativeRelease nativeObject e[-5476376616080335840]
03-15 02:42:34.293   915  7804 I SurfaceFlinger: id=3302 Removed Surface(name=e246cc NavigationBar0)/@0x459d82a - animation-leash#1 (61)
03-15 02:42:34.293   915  7804 I SurfaceFlinger: id=3301 Removed Surface(name=a949183 StatusBar)/@0x53a9339 - animation-leash#0 (61)
03-15 02:42:34.294 24248 24248 V YPCCllLogger: logSetExtResultEvent
03-15 02:42:34.295 20420 20496 I WindowsLink: (YpcSignatureChecker) isSignatureAllowed in
03-15 02:42:34.296 20420 20496 I WindowsLink: (BaseContentProvider) call: method = capability_clipboard_redirector / subMethod = capability_clipboard_redirector
03-15 02:42:34.297 24248 24248 V YPCCllLogger: logSetClipboardRedirectorResultEvent
03-15 02:42:34.298 20420 20496 I WindowsLink: (YpcSignatureChecker) isSignatureAllowed in
03-15 02:42:34.298 20420 20496 I WindowsLink: (BaseContentProvider) call: method = capability_drag_and_drop_broker / subMethod = capability_drag_and_drop_broker
03-15 02:42:34.299 24248 24248 V YPCCllLogger: logSetDragANdDropExtensionResultEvent
03-15 02:42:34.300 24248 24248 D DragDropExt: Extension registered.
03-15 02:42:34.300   915   915 I Layer   : id=3301[1] Destroyed Surface(name=a949183 StatusBar)/@0x53a9339 - animation-leash#0
03-15 02:42:34.300   915   915 I Layer   : id=3302[1] Destroyed Surface(name=e246cc NavigationBar0)/@0x459d82a - animation-leash#1
03-15 02:42:34.304   915  7566 E BufferQueueProducer: [com.sec.android.app.launcher/com.sec.android.app.launcher.activities.LauncherActivity$_16269#0](id:393000001b5,api:0,p:-1,c:915) disconnect: not connected (req=1)
03-15 02:42:34.304 16269 16317 W libEGL  : EGLNativeWindowType 0xb400007cb6561a30 disconnect failed
03-15 02:42:34.304  1199  9325 V WindowManager: Relayout Window{f99b6e6 u0 com.sec.android.app.launcher/com.sec.android.app.launcher.activities.LauncherActivity}: viewVisibility=8 req=1080x2400
03-15 02:42:34.305 24248 24248 V MMXCrossDeviceAdapter: LapsedTips:: Tips supported and initialized.
03-15 02:42:34.306 24248 24248 D RemotingCapability: getCapabilities: add APPS_ON_WINDOWS_SUPPORTED
03-15 02:42:34.306  1199  9325 V WindowManager: Relayout hash=f99b6e6, pid=16269: mAttrs={(0,0)(fillxfill) sim={adjust=nothing} layoutInDisplayCutoutMode=shortEdges ty=BASE_APPLICATION fmt=TRANSPARENT wanim=0x10302f2
03-15 02:42:34.306  1199  9325 V WindowManager:   fl=81910100
03-15 02:42:34.306  1199  9325 V WindowManager:   pfl=16020000
03-15 02:42:34.306  1199  9325 V WindowManager:   vsysui=1700
03-15 02:42:34.306  1199  9325 V WindowManager:   bhv=SHOW_TRANSIENT_BARS_BY_SWIPE
03-15 02:42:34.306  1199  9325 V WindowManager:   fitSides= naviIconColor=0}
03-15 02:42:34.306  1199  9313 D PackageManager: setEnabledSetting : userId = 0 packageName = com.microsoft.appmanager cmp = com.microsoft.mmx.core.ui.WebPageShareActivityDebug newState = 2 callingPackage = 10156/com.microsoft.appmanager
03-15 02:42:34.307 16269 16269 I SurfaceControl: nativeRelease nativeObject s[-5476376616080430144]
03-15 02:42:34.307 16269 16269 I SurfaceControl: nativeRelease nativeObject e[-5476376616080430144]
03-15 02:42:34.307 16269 16269 I SurfaceControl: assignNativeObject: nativeObject = 0 Surface(name=null)/@0xe931e57 / android.view.SurfaceControl.readFromParcel:1115 android.view.IWindowSession$Stub$Proxy.relayout:1810 android.view.ViewRootImpl.relayoutWindow:9005 android.view.ViewRootImpl.performTraversals:3360 android.view.ViewRootImpl.doTraversal:2618 android.view.ViewRootImpl$TraversalRunnable.run:9971 android.view.Choreographer$CallbackRecord.run:1010 android.view.Choreographer.doCallbacks:809 android.view.Choreographer.doFrame:744 android.view.Choreographer$FrameDisplayEventReceiver.run:995
03-15 02:42:34.308 16269 16269 I SurfaceControl: assignNativeObject: nativeObject = 0 Surface(name=null)/@0x92c8f8f / android.view.SurfaceControl.readFromParcel:1115 android.view.IWindowSession$Stub$Proxy.relayout:1820 android.view.ViewRootImpl.relayoutWindow:9005 android.view.ViewRootImpl.performTraversals:3360 android.view.ViewRootImpl.doTraversal:2618 android.view.ViewRootImpl$TraversalRunnable.run:9971 android.view.Choreographer$CallbackRecord.run:1010 android.view.Choreographer.doCallbacks:809 android.view.Choreographer.doFrame:744 android.view.Choreographer$FrameDisplayEventReceiver.run:995
03-15 02:42:34.308  1199  9313 D PackageManager: setEnabledSetting : userId = 0 packageName = com.microsoft.appmanager cmp = com.microsoft.mmx.core.ui.WebPageShareActivity newState = 1 callingPackage = 10156/com.microsoft.appmanager
03-15 02:42:34.308 16269 16269 I SurfaceControl: nativeRelease nativeObject s[-5476376616080368992]
03-15 02:42:34.308 16269 16269 I SurfaceControl: nativeRelease nativeObject e[-5476376616080368992]
03-15 02:42:34.308 16269 16269 I ViewRootImpl@7936c19[LauncherActivity]: Relayout returned: old=(0,0,1080,2400) new=(0,0,1080,2400) req=(1080,2400)8 dur=4 res=0x5 s={false 0} ch=true fn=212
03-15 02:42:34.313   625   625 I io_stats: !@   8,0 r 263786 15993944 w 281015 8814004 d 110225 5046008 f 0 0 iot 405356 0 th 0 0 0 pt 0 inp 0 0 10724.135
03-15 02:42:34.315 17604 24422 I com.tiket.gits: Explicit concurrent copying GC freed 113853(8415KB) AllocSpace objects, 1(20KB) LOS objects, 49% free, 2080KB/4128KB, paused 57us total 6.962ms
03-15 02:42:34.317   915   915 I HWComposer: ActiveConfigToHWC, ID : 0
03-15 02:42:34.317 24248 24248 E ActivityThread: Failed to find provider info for com.microsoft.yourphonecompanion.contentprovider.featureoverride
03-15 02:42:34.317   803   983 I display : Set Affinity config for fps(120) : 0, cpuIDs : 255
03-15 02:42:34.317   803   983 I display : Set Affinity CPU ID : 0
03-15 02:42:34.317   803   983 I display : Set Affinity CPU ID : 1
03-15 02:42:34.317   803   983 I display : Set Affinity CPU ID : 2
03-15 02:42:34.317   803   983 I display : Set Affinity CPU ID : 3
03-15 02:42:34.317   803   983 I display : Set Affinity CPU ID : 4
03-15 02:42:34.317   803   983 I display : Set Affinity CPU ID : 5
03-15 02:42:34.317   803   983 I display : Set Affinity CPU ID : 6
03-15 02:42:34.317   803   983 I display : Set Affinity CPU ID : 7
03-15 02:42:34.317   803   983 I display : Set affinity HWC : 803
03-15 02:42:34.317   803   983 I display : CPU set : Cluster(0), min_clock(0)
03-15 02:42:34.317   803   983 I display : CPU set : Cluster(1), min_clock(0)
03-15 02:42:34.317   803   983 I display : CPU set : Cluster(2), min_clock(0)
03-15 02:42:34.317   803   983 I display : setActiveConfig(config=0)
03-15 02:42:34.317   803   983 I display : next config(0): width=1080 height=2400 period=8333333 Xdpi=422030 Ydpi=423333 groupId=0
03-15 02:42:34.317   803   983 I display : Current VRR MODE is 3
03-15 02:42:34.317   915   915 I SurfaceFlinger: Touch=0, Idle=0, DisplayPower=0
03-15 02:42:34.320 24248 24248 D AgentsLogger: ExpAssignments: header:{"X-MSEDGE-CLIENTID":"7dbca22291fce5a7481fa0a6afa00ec711c110d6e5a67b06d399983deb58b8f0com.microsoft.mmx.agents","X-WINNEXT-RING":"Public","X-WINNEXT-PLATFORM":"Android.Phone","X-EVOKE-APP":"com.microsoft.appmanager","X-WINNEXT-APPVERSION":"1.20103.92.0","X-EVOKE-RING":"","X-PHOTOS-CALLERID":"com.microsoft.mmx.agents","X-WINNEXT-OSVERSION":"11"}
03-15 02:42:34.320 24248 24248 D AgentsLogger:  configs:{"MeteredConnectionPhone":true,"CdpLoggingType":"stripped","CdpPolling":true,"TestForLatency":true,"testlatency":true,"PhoneNotificationsSendWelcomeNotifications":true,"LapsedUserFeature":true,"ShowUSBTipToPreFreUser":true,"YppMinimumVersion":6,"YppVersionEnforced":true}
03-15 02:42:34.320 24248 24248 D AgentsLogger:  flights:["highqualitycapturec","ypmet578","ypcdp836","tasmigration017","ypcdp385","yptes744","yptes546","aates121","yppho794","multitenanttasmigration_117cf","empro702","yplap331","ypsho798","ypypp367"]
03-15 02:42:34.320 24248 24248 D AgentsLogger:  responseVersion:53430770, dataSource:Local, assignmentContext:evevo502:30448770;highqualitycapturec:314625;ypmet578:30026210;ypcdp836:30028896;tasmigration017:30044284;ypcdp385:30052904;yptes744:30043866;yptes546:30064616;aates121:30077851;yppho794:30146342;multitenanttasmigration_117cf:30133804;empro702:30156237;yplap331:30245518;ypsho798:30244310;ypypp367:30377247;
03-15 02:42:34.320 24248 24366 I System.out: (HTTPLog)-Static: isSBSettingEnabled false
03-15 02:42:34.320 24248 24366 I System.out: (HTTPLog)-Static: isSBSettingEnabled false
03-15 02:42:34.322   782   884 E Netd    : getNetworkForDns: getNetId from enterpriseCtrl is netid 0
03-15 02:42:34.331 24248 24248 D AgentRegister: Initializing Messaging Extensions
03-15 02:42:34.331 24248 24248 D AgentRegister: Initializing DeviceData Extensions
03-15 02:42:34.333   915   915 D Scheduler: onPrimaryDisplayConfigChanged to 0
03-15 02:42:34.334  1199  1371 D LocalDisplayAdapter: updateActiveRealModeLocked, mActiveRealPhysIndex=0, mActiveRealModeId=1, forceUpdate=false, caller=com.android.server.display.LocalDisplayAdapter$LocalDisplayDevice.onActiveDisplayConfigChangedLocked:1177 com.android.server.display.LocalDisplayAdapter$PhysicalDisplayEventReceiver.onConfigChanged:1503 android.view.DisplayEventReceiver.dispatchConfigChanged:216
03-15 02:42:34.334  1199  1371 I DisplayManagerService: Display device changed: DisplayDeviceInfo{"Built-in Screen": uniqueId="local:21442653864348033", 1080 x 2400, modeId 3, defaultModeId 3, supportedModes [{id=1, width=1080, height=2400, fps=120.00001}, {id=2, width=1080, height=2400, fps=96.00001}, {id=3, width=1080, height=2400, fps=60.000004}, {id=4, width=1080, height=2400, fps=48.000004}], refreshRateMode REFRESH_RATE_MODE_SEAMLESS, realModeId 1, colorMode 0, supportedColorModes [0, 6, 7], HdrCapabilities HdrCapabilities{mSupportedHdrTypes=[2, 3], mMaxLuminance=450.0, mMaxAverageLuminance=120.0, mMinLuminance=5.0E-4}, allmSupported false, gameContentTypeSupported false, density 480, 422.03 x 423.333 dpi, appVsyncOff 0, presDeadline 17666666, cutout DisplayCutout{insets=Rect(0, 80 - 0, 0) waterfall=Insets{left=0, top=0, right=0, bottom=0} boundingRect={Bounds=[Rect(0, 0 - 0, 0), Rect(510, 0 - 570, 80), Rect(0, 0 - 0, 0), Rect(0, 0 - 0, 0)]}}, touch INTERNAL, rotation 0, type INTERNAL, address {port=129, model=0x4c2dfae6a049}, deviceProductInfo DeviceProductInfo{name=samsung lcd  , manufacturerPnpId=SAM, productId=0, modelYear=null, manufactureDate=ManufactureDate{week=16, year=2020}, relativeAddress=null}, state ON, FLAG_DEFAULT_DISPLAY, FLAG_ROTATES_WITH_CONTENT, FLAG_SECURE, FLAG_SUPPORTS_PROTECTED_BUFFERS}
03-15 02:42:34.336   915   915 D SurfaceFlinger: GPIS:: requestGPIS
03-15 02:42:34.337  1199  1371 D TspStateManager: updateCustomValue customSetting=
03-15 02:42:34.338  1199  1371 D TspStateManager: updateCustomValue customSetting=
03-15 02:42:34.342  1199  1624 I CAE     : handleMessage(CaPowerManager.java:202) - AP_WAKEUP_Already_Delivered
03-15 02:42:34.342  1199  1624 I CAE     : handleMessage(CaPowerManager.java:212) - SCREEN_ON_Already_Delivered
03-15 02:42:34.342  1199  1199 E Native_CFMS: nativePerfMgrSendFps    Fail    fps : 120    return : -1
03-15 02:42:34.342  1199  1199 D MotionRecognitionService: [DisplayListner] getRefreshRate 120.00001
03-15 02:42:34.342  1199  1627 D LiftUpHandler: already ended..
03-15 02:42:34.342  1199  1627 D MotionRecognitionService: [REFRESHRATE]  : 120
03-15 02:42:34.342  1199  1199 D GameManagerService: onDisplayChanged. displyId: 0, state: 2
03-15 02:42:34.343  1199  1199 D AODManagerService: requestReCalToTSP IsSingleTouchMode = false / previousDisplayState = ON
03-15 02:42:34.343  1199  1641 D GameManagerService: onLooperPrepared(), msg: MSG_LCD_ON
03-15 02:42:34.344 17604 17604 I FirebaseApp: Device unlocked: initializing all Firebase APIs for app [DEFAULT]
03-15 02:42:34.345  1199  1627 D SensorService: setSContextDataLocked ints length 3 , byte length 8
03-15 02:42:34.345  1199  1627 D SensorService: setSContextDataLocked 100048c1
03-15 02:42:34.345   811   811 D Sensors : c1 48 00 10 78 00 00 00
03-15 02:42:34.345   811   811 E Sensors : inject_scontext_data: New ssp_data_injection_fd(41)
03-15 02:42:34.346 20194 20194 D DisplayLifecycle: updateDisplay id = 0
03-15 02:42:34.347 17604 24442 I Apptimize: Version 3.7.26
03-15 02:42:34.348   811   811 D Sensors : SContext Data Injection return 8
03-15 02:42:34.350  1199  9313 D PackageManager: setEnabledSetting : userId = 0 packageName = com.microsoft.appmanager cmp = com.microsoft.mmx.agents.PhoneNotificationsListenerService newState = 1 callingPackage = 10156/com.microsoft.appmanager
03-15 02:42:34.353  1199  9312 D ActivityTaskManager: getRecentPairTasks() maxNum :3 from 10152
03-15 02:42:34.353  1199  9312 D RecentTaskItemController: getRecentPairTasksImpl() maxNum :3 from 10152
03-15 02:42:34.353  1199  9325 D PackageManager: setEnabledSetting : userId = 0 packageName = com.microsoft.appmanager cmp = com.microsoft.mmx.agents.PhoneNotificationMessengerService newState = 1 callingPackage = 10156/com.microsoft.appmanager
03-15 02:42:34.359 17604 17604 I FirebaseCrashlytics: Initializing Firebase Crashlytics 18.2.4 for com.tiket.gits
03-15 02:42:34.362  1199  7239 I GenerationRegistry: mBackingStore.isClosed() : false
03-15 02:42:34.367 17604 24476 I DynamiteModule: Considering local module com.google.android.gms.measurement.dynamite:55 and remote module com.google.android.gms.measurement.dynamite:51
03-15 02:42:34.367 17604 24476 I DynamiteModule: Selected local version of com.google.android.gms.measurement.dynamite
03-15 02:42:34.377 17604 24479 I FirebaseAuth: [FirebaseAuth:] Preparing to create service connection to fallback implementation
03-15 02:42:34.381  1199  1370 D SettingsProvider: isChangeAllowed() : name = enabled_notification_listeners
03-15 02:42:34.381  1199  1370 D SettingsProvider: isChangeAllowed() : name = enabled_notification_assistant
03-15 02:42:34.381  1199  1370 D SettingsProvider: isChangeAllowed() : name = enabled_notification_policy_access_packages
03-15 02:42:34.386  1199  9325 I GenerationRegistry: mBackingStore.isClosed() : false
03-15 02:42:34.380 17604 24499 I TetheringManager: registerTetheringEventCallback:com.tiket.gits
03-15 02:42:34.386 17604 24492 I System.out: (HTTPLog)-Static: isSBSettingEnabled false
03-15 02:42:34.386 17604 24492 I System.out: (HTTPLog)-Static: isSBSettingEnabled false
03-15 02:42:34.386 17604 24499 D ConnectivityManager: ConnectivityManager() mContext=com.tiket.gits.TiketApp@eb63287 getOpPackageName()=com.tiket.gits getBasePackageName()=com.tiket.gits getPackageName()=com.tiket.gits
03-15 02:42:34.387 17604 24500 I System.out: (HTTPLog)-Static: isSBSettingEnabled false
03-15 02:42:34.387 17604 24500 I System.out: (HTTPLog)-Static: isSBSettingEnabled false
03-15 02:42:34.388 17604 24500 D TcpOptimizer: TcpOptimizer-ON
03-15 02:42:34.389   782   884 E Netd    : getNetworkForDns: getNetId from enterpriseCtrl is netid 0
03-15 02:42:34.390   782   884 E Netd    : getNetworkForDns: getNetId from enterpriseCtrl is netid 0
03-15 02:42:34.396  1199  9312 I HeimdAllFS: Connect Installd
03-15 02:42:34.397  1199  9312 I HeimdAllFS: DEBUG: TRUE Dry-run: FALSE UsageStateMode: mars
03-15 02:42:34.404 17604 17604 I Perf    : [M] UAT-Initializer took 0 ms
03-15 02:42:34.404 17604 17604 I Perf    : [M] AppConfig-Initializer took 0 ms
03-15 02:42:34.406  1199  7287 D MdnieScenarioControlService:  packageName : com.tiket.gits    className : com.tiket.feature.homecontainer.HomeSplashActivity
03-15 02:42:34.406 17604 17604 W FirebaseRemoteConfig: No value of type 'FirebaseRemoteConfigValue' exists for parameter key 'tiket_session_interval_sec'.
03-15 02:42:34.406 17604 24509 I System.out: (HTTPLog)-Static: isSBSettingEnabled false
03-15 02:42:34.406 17604 17604 W FirebaseRemoteConfig: No value of type 'String' exists for parameter key 'amplitude_api_key'.
03-15 02:42:34.406 17604 24509 I System.out: (HTTPLog)-Static: isSBSettingEnabled false
03-15 02:42:34.407 17604 24514 I System.out: (HTTPLog)-Static: isSBSettingEnabled false
03-15 02:42:34.407 17604 24514 I System.out: (HTTPLog)-Static: isSBSettingEnabled false
03-15 02:42:34.408   782   884 E Netd    : getNetworkForDns: getNetId from enterpriseCtrl is netid 0
03-15 02:42:34.408   782   884 E Netd    : getNetworkForDns: getNetId from enterpriseCtrl is netid 0
03-15 02:42:34.409 17604 17604 I Perf    : [M] TiketSession-Initializer took 4 ms
03-15 02:42:34.409  1199  7287 V MdnieScenarioControlService: setUIMode from UI function(3)
03-15 02:42:34.412 17604 17604 I Perf    : [M] EagleEye-Initializer took 3 ms
03-15 02:42:34.414 17604 17604 I Perf    : [M] AppTracker-Initializer took 2 ms
03-15 02:42:34.420  1199  9325 D BaseRestrictionMgr: Package: com.android.vending, userid: 0, hostingType: bindService is allowed by freecess, caller is: com.tiket.gits
03-15 02:42:34.420  1199  9325 D CompatibilityChangeReporter: Compat change id reported: 136274596; UID 10301; state: ENABLED
03-15 02:42:34.423 17604 17604 I Perf    : [M] AppsFlyer-Initializer took 9 ms
03-15 02:42:34.425 17604 17604 I Perf    : [M] Braze-Initializer took 1 ms
03-15 02:42:34.428 17604 17604 I Perf    : [M] Misc-Initializer took 3 ms
03-15 02:42:34.429 17604 17604 I Perf    : [M] AppEvent-Initializer took 1 ms
03-15 02:42:34.433 21640 22983 E class fr.pchab.AndroidRTC.NewTabPoller: error sending newtab event : timeout
03-15 02:42:34.439 24248 24248 W Java7Support: Unable to load JDK7 types (annotations, java.nio.file.Path): no Java7 support added
03-15 02:42:34.469 17604 17604 I DecorView: [INFO] isPopOver=false, config=true
03-15 02:42:34.469 17604 17604 I DecorView: updateCaptionType >> DecorView@ba8d89[], isFloating=false, isApplication=true, hasWindowDecorCaption=false, hasWindowControllerCallback=true
03-15 02:42:34.469 17604 17604 D DecorView: setCaptionType = 0, this = DecorView@ba8d89[]
03-15 02:42:34.472   572   582 E audit   : avc:  denied  { find } for pid=7179 uid=10276 name=tethering scontext=u:r:permissioncontroller_app:s0:c20,c257,c512,c768 tcontext=u:object_r:tethering_service:s0 tclass=service_manager permissive=0
03-15 02:42:34.472   572   582 I servicemanager: tethering : getService has failed, permission denied.
03-15 02:42:34.483 21640 22983 I class fr.pchab.AndroidRTC.NewTabPoller: URL: https://183.177.55.151/json?debug_port=
03-15 02:42:34.483 21640 22983 I System.out: (HTTPLog)-Static: isSBSettingEnabled false
03-15 02:42:34.484 21640 22983 I System.out: (HTTPLog)-Static: isSBSettingEnabled false
03-15 02:42:34.485   782   884 E Netd    : getNetworkForDns: getNetId from enterpriseCtrl is netid 0
03-15 02:42:34.486 17604 17604 I Dialog  : mIsSamsungBasicInteraction = false, isMetaDataInActivity = false
03-15 02:42:34.492 17604 17604 I DecorView: [INFO] isPopOver=false, config=false
03-15 02:42:34.492 17604 17604 I DecorView: updateCaptionType >> DecorView@939c052[], isFloating=false, isApplication=true, hasWindowDecorCaption=false, hasWindowControllerCallback=false
03-15 02:42:34.492 17604 17604 D DecorView: setCaptionType = 0, this = DecorView@939c052[]
03-15 02:42:34.497  1199  9312 D InputTransport: Input channel constructed: 'e3a4459', fd=782
03-15 02:42:34.497  1199  9312 D InputTransport: Input channel constructed: 'e3a4459', fd=783
03-15 02:42:34.497   915   936 I SurfaceFlinger: id=3310 createSurf (0x0),-1 flag=80004, e3a4459 com.tiket.gits/com.tiket.gits.v2splash.SplashV2Activity#0
03-15 02:42:34.498  1199  9312 V WindowManager: Changing focus from null to Window{e3a4459 u0 com.tiket.gits/com.tiket.gits.v2splash.SplashV2Activity} displayId=0 Callers=com.android.server.wm.RootWindowContainer.updateFocusedWindowLocked:566 com.android.server.wm.WindowManagerService.updateFocusedWindowLocked:6311 com.android.server.wm.WindowManagerService.addWindow:1961 com.android.server.wm.Session.addToDisplayAsUser:182
03-15 02:42:34.498  1199  9312 I WindowManager: Cancelling animation restarting=true, leash=Surface(name=Surface(name=a949183 StatusBar)/@0x53a9339 - animation-leash)/@0x585f4f1
03-15 02:42:34.498  1199 23152 I SystemUiVisibilityPolicyController: handleMessage: entry what = 1
03-15 02:42:34.498  1199  9312 I WindowManager: Reparenting to original parent: Surface(name=WindowToken{c535032 android.os.BinderProxy@995ad94})/@0x9e23d7e, destroy=false, surface=Surface(name=a949183 StatusBar)/@0x53a9339
03-15 02:42:34.498  1199  9312 I SurfaceControl: nativeRelease nativeObject s[-5476376616080188336]
03-15 02:42:34.498  1199  9312 I SurfaceControl: nativeRelease nativeObject e[-5476376616080188336]
03-15 02:42:34.498  1199  9312 I WindowManager: Reparenting to leash, surface=Surface(name=a949183 StatusBar)/@0x53a9339, leashParent=Surface(name=WindowToken{c535032 android.os.BinderProxy@995ad94})/@0x9e23d7e
03-15 02:42:34.498   915  7566 I SurfaceFlinger: id=3311 createSurf (0x0),-1 flag=24000, Surface(name=a949183 StatusBar)/@0x53a9339 - animation-leash#0
03-15 02:42:34.498 12796 12796 I TrayStateController: systemUiVisibilityChanged : 0 0
03-15 02:42:34.498  1199  9312 D WindowManager: makeSurface duration=0 leash=Surface(name=Surface(name=a949183 StatusBar)/@0x53a9339 - animation-leash)/@0xfdcd6cc
03-15 02:42:34.498  1199  9312 I WindowManager: Cancelling animation restarting=true, leash=Surface(name=Surface(name=e246cc NavigationBar0)/@0x459d82a - animation-leash)/@0xe10e8d6
03-15 02:42:34.498  1199  9312 I WindowManager: Reparenting to original parent: Surface(name=WindowToken{e26d8ff android.os.BinderProxy@6fff459})/@0x49a061b, destroy=false, surface=Surface(name=e246cc NavigationBar0)/@0x459d82a
03-15 02:42:34.498  1199  9312 I SurfaceControl: nativeRelease nativeObject s[-5476376616080074320]
03-15 02:42:34.498  1199  9312 I SurfaceControl: nativeRelease nativeObject e[-5476376616080074320]
03-15 02:42:34.498  1199  9312 I WindowManager: Reparenting to leash, surface=Surface(name=e246cc NavigationBar0)/@0x459d82a, leashParent=Surface(name=WindowToken{e26d8ff android.os.BinderProxy@6fff459})/@0x49a061b
03-15 02:42:34.499   915   936 I SurfaceFlinger: id=3312 createSurf (0x0),-1 flag=24000, Surface(name=e246cc NavigationBar0)/@0x459d82a - animation-leash#1
03-15 02:42:34.499  1199  9312 D WindowManager: makeSurface duration=0 leash=Surface(name=Surface(name=e246cc NavigationBar0)/@0x459d82a - animation-leash)/@0x3bee82a
03-15 02:42:34.499  1199  9312 D StatusBarManagerService: notifyRequestedSystemKey recent=false home=false
03-15 02:42:34.499  1199  9312 D InputTransport: Input channel destroyed: 'e3a4459', fd=783
03-15 02:42:34.499 17604 17604 D InputTransport: Input channel constructed: 'e3a4459', fd=99
03-15 02:42:34.502   915   936 I Layer   : id=3308 removeFromCurrentState Surface(name=a949183 StatusBar)/@0x53a9339 - animation-leash#1 (62)
03-15 02:42:34.503   915   936 I Layer   : id=3309 removeFromCurrentState Surface(name=e246cc NavigationBar0)/@0x459d82a - animation-leash#0 (62)
03-15 02:42:34.504  1199  1373 I SurfaceControl: nativeRelease nativeObject s[-5476376616080162352]
03-15 02:42:34.504  1199  1373 I SurfaceControl: nativeRelease nativeObject e[-5476376616080162352]
03-15 02:42:34.504  1199  1373 I SurfaceControl: nativeRelease nativeObject s[-5476376616080070960]
03-15 02:42:34.504  1199  1373 I SurfaceControl: nativeRelease nativeObject e[-5476376616080070960]
03-15 02:42:34.504   915  7566 I SurfaceFlinger: id=3309 Removed Surface(name=e246cc NavigationBar0)/@0x459d82a - animation-leash#0 (62)
03-15 02:42:34.504   915  7566 I SurfaceFlinger: id=3308 Removed Surface(name=a949183 StatusBar)/@0x53a9339 - animation-leash#1 (62)
03-15 02:42:34.505 17604 17604 I ViewRootImpl@d5b3a77[SplashV2Activity]: setView = com.android.internal.policy.DecorView@939c052 TM=true
03-15 02:42:34.509   915   915 I Layer   : id=3308[1] Destroyed Surface(name=a949183 StatusBar)/@0x53a9339 - animation-leash#1
03-15 02:42:34.509   915   915 I Layer   : id=3309[1] Destroyed Surface(name=e246cc NavigationBar0)/@0x459d82a - animation-leash#0
03-15 02:42:34.510  1199  7287 V MdnieScenarioControlService: mAclOffEnabled : false mAclPreviewState : false mAclCompensationState : false
03-15 02:42:34.511 17604 17604 I ViewRootImpl@d5b3a77[SplashV2Activity]: stopped(false) old=false
03-15 02:42:34.515  1199  9312 D InputTransport: Input channel constructed: '9cd3364', fd=783
03-15 02:42:34.515  1199  9312 D InputTransport: Input channel constructed: '9cd3364', fd=784
03-15 02:42:34.515   915  7566 I SurfaceFlinger: id=3313 createSurf (0x0),-1 flag=80004, 9cd3364 com.tiket.gits/com.tiket.gits.v2splash.SplashV2Activity#0
03-15 02:42:34.516  1199  9312 D WindowManager: isScreenshotDisabledLocked - win: Window{9cd3364 u0 com.tiket.gits/com.tiket.gits.v2splash.SplashV2Activity}
03-15 02:42:34.516  1199  9312 D WindowManager: isScreenshotDisabledLocked: userId = 0, disabled =false
03-15 02:42:34.516  1199  9312 D InputTransport: Input channel destroyed: '9cd3364', fd=784
03-15 02:42:34.516 17604 17604 D InputTransport: Input channel constructed: '9cd3364', fd=95
03-15 02:42:34.517 17604 17604 I ViewRootImpl@e00d9ae[SplashV2Activity]: setView = com.android.internal.policy.DecorView@ba8d89 TM=true
03-15 02:42:34.527  1199  7239 D ConnectivityService: requestNetwork for uid/pid:10301/17604 NetworkRequest [ TRACK_DEFAULT id=293, [ Capabilities: INTERNET&NOT_RESTRICTED&TRUSTED Uid: 10301 AdministratorUids: [] RequestorUid: 10301 RequestorPackageName: com.tiket.gits] ]
03-15 02:42:34.528   782   878 E Netd    : getNetworkForDns: getNetId from enterpriseCtrl is netid 0
03-15 02:42:34.528  1199  7013 D ConnectivityService: NetReassign [293 : null ?? 601]
03-15 02:42:34.528  1199  7093 D WIFI_AWARE_FACTORY: got request NetworkRequest [ TRACK_DEFAULT id=293, [ Capabilities: INTERNET&NOT_RESTRICTED&TRUSTED Uid: 10301 AdministratorUids: [] RequestorUid: 10301 RequestorPackageName: com.tiket.gits] ] with score 60 and providerId 6
03-15 02:42:34.528  1199  7003 D WifiNetworkFactory: got request NetworkRequest [ TRACK_DEFAULT id=293, [ Capabilities: INTERNET&NOT_RESTRICTED&TRUSTED Uid: 10301 AdministratorUids: [] RequestorUid: 10301 RequestorPackageName: com.tiket.gits] ] with score 60 and providerId 6
03-15 02:42:34.528  1199  7003 D UntrustedWifiNetworkFactory: got request NetworkRequest [ TRACK_DEFAULT id=293, [ Capabilities: INTERNET&NOT_RESTRICTED&TRUSTED Uid: 10301 AdministratorUids: [] RequestorUid: 10301 RequestorPackageName: com.tiket.gits] ] with score 60 and providerId 6
03-15 02:42:34.528  1199  7094 D Ethernet: got request NetworkRequest [ TRACK_DEFAULT id=293, [ Capabilities: INTERNET&NOT_RESTRICTED&TRUSTED Uid: 10301 AdministratorUids: [] RequestorUid: 10301 RequestorPackageName: com.tiket.gits] ] with score 60 and providerId 6
03-15 02:42:34.529  7635  7635 D PhoneSwitcherNetworkRequstListener: got request NetworkRequest [ TRACK_DEFAULT id=293, [ Capabilities: INTERNET&NOT_RESTRICTED&TRUSTED Uid: 10301 AdministratorUids: [] RequestorUid: 10301 RequestorPackageName: com.tiket.gits] ] with score 60 and providerId 6
03-15 02:42:34.534  1199  9312 V WindowManager: Relayout Window{e3a4459 u0 com.tiket.gits/com.tiket.gits.v2splash.SplashV2Activity}: viewVisibility=0 req=1080x2400
03-15 02:42:34.534  1199  9312 D WindowManager: isScreenshotDisabledLocked - win: Window{e3a4459 u0 com.tiket.gits/com.tiket.gits.v2splash.SplashV2Activity}
03-15 02:42:34.534  1199  9312 D WindowManager: isScreenshotDisabledLocked: userId = 0, disabled =false
03-15 02:42:34.534 17604 24507 I FA      : App measurement initialized, version: 46000
03-15 02:42:34.534 17604 24507 I FA      : To enable debug logging run: adb shell setprop log.tag.FA VERBOSE
03-15 02:42:34.535   915   936 I SurfaceFlinger: id=3314 createSurf (1080x2400),1 flag=4, com.tiket.gits/com.tiket.gits.v2splash.SplashV2Activity$_17604#0
03-15 02:42:34.535  1199  9312 D WindowManager: makeSurface duration=1 name=com.tiket.gits/com.tiket.gits.v2splash.SplashV2Activity$_17604
03-15 02:42:34.535 17604 24507 I FA      : To enable faster debug mode event logging run:
03-15 02:42:34.535 17604 24507 I FA      :   adb shell setprop debug.firebase.analytics.app com.tiket.gits
03-15 02:42:34.536  1199  9312 V WindowManager: Relayout hash=e3a4459, pid=17604: mAttrs={(0,0)(fillxfill) gr=CENTER sim={adjust=pan forwardNavigation} ty=APPLICATION fmt=TRANSLUCENT
03-15 02:42:34.536  1199  9312 V WindowManager:   fl=81810100
03-15 02:42:34.536  1199  9312 V WindowManager:   pfl=12020000
03-15 02:42:34.536  1199  9312 V WindowManager:   apr=LIGHT_NAVIGATION_BARS
03-15 02:42:34.536  1199  9312 V WindowManager:   fitSides= naviIconColor=0
03-15 02:42:34.536  1199  9312 V WindowManager:   sfl=100000}
03-15 02:42:34.536  1199  9312 I SurfaceControl: nativeRelease nativeObject s[-5476376616080065808]
03-15 02:42:34.536  1199  9312 I SurfaceControl: nativeRelease nativeObject e[-5476376616080065808]
03-15 02:42:34.537 17604 17604 I SurfaceControl: assignNativeObject: nativeObject = 0 Surface(name=null)/@0xd110fbe / android.view.SurfaceControl.readFromParcel:1115 android.view.IWindowSession$Stub$Proxy.relayout:1820 android.view.ViewRootImpl.relayoutWindow:9005 android.view.ViewRootImpl.performTraversals:3360 android.view.ViewRootImpl.doTraversal:2618 android.view.ViewRootImpl$TraversalRunnable.run:9971 android.view.Choreographer$CallbackRecord.run:1010 android.view.Choreographer.doCallbacks:809 android.view.Choreographer.doFrame:744 android.view.Choreographer$FrameDisplayEventReceiver.run:995
03-15 02:42:34.541   915   936 W ServiceManager: Permission failure: android.permission.ACCESS_SURFACE_FLINGER from uid=10301 pid=17604
03-15 02:42:34.541   915   936 D PermissionCache: checking android.permission.ACCESS_SURFACE_FLINGER for uid=10301 => denied (837 us)
03-15 02:42:34.542 17604 17604 I ViewRootImpl@d5b3a77[SplashV2Activity]: Relayout returned: old=(0,0,1080,2400) new=(0,0,1080,2400) req=(1080,2400)0 dur=4 res=0x7 s={true -5476376611248057856} ch=true fn=-1
03-15 02:42:34.545 17604 17604 I ViewRootImpl@d5b3a77[SplashV2Activity]: [DP] dp(1) 1 android.view.ViewRootImpl.reportNextDraw:10957 android.view.ViewRootImpl.performTraversals:3845 android.view.ViewRootImpl.doTraversal:2618
03-15 02:42:34.545 17604 17604 I ViewRootImpl@d5b3a77[SplashV2Activity]: [DP] pd() Asnyc report
03-15 02:42:34.546  1199  9313 D NetdEventListenerService: DNS Requested by : 601, 10301
03-15 02:42:34.547  1199  7086 E NetdEventListenerService: DNS failed (10301) : 7
03-15 02:42:34.561   782   884 E Netd    : getNetworkForDns: getNetId from enterpriseCtrl is netid 0
03-15 02:42:34.562 24248 24248 I FragmentReceiver: Fragment Receiver started.
03-15 02:42:34.563 24248 24248 I IncomingMessageClient: Added event listener.
03-15 02:42:34.563 24248 24248 I YppNotificationProcessor: Added event listener.
03-15 02:42:34.565 23273 23295 I .filterprovide: Waiting for a blocking GC ProfileSaver
03-15 02:42:34.573 24248 24248 I FragmentSender: Started.
03-15 02:42:34.573 24248 24248 I FragmentReceiver: Fragment Receiver started.
03-15 02:42:34.576 23273 23286 I .filterprovide: WaitForGcToComplete blocked RunEmptyCheckpoint on ProfileSaver for 5.643ms
03-15 02:42:34.578  1199  9312 V WindowManager: Relayout Window{9cd3364 u0 com.tiket.gits/com.tiket.gits.v2splash.SplashV2Activity}: viewVisibility=0 req=1080x2400
03-15 02:42:34.580  1199  9312 D WindowManager: isScreenshotDisabledLocked - win: Window{9cd3364 u0 com.tiket.gits/com.tiket.gits.v2splash.SplashV2Activity}
03-15 02:42:34.580  1199  9312 D WindowManager: isScreenshotDisabledLocked: userId = 0, disabled =false
03-15 02:42:34.580   915  7804 I SurfaceFlinger: id=3315 createSurf (1080x2400),1 flag=404, com.tiket.gits/com.tiket.gits.v2splash.SplashV2Activity$_17604#1
03-15 02:42:34.581  1199  9312 D WindowManager: makeSurface duration=1 name=com.tiket.gits/com.tiket.gits.v2splash.SplashV2Activity$_17604
03-15 02:42:34.584  1199  9312 V WindowManager: Relayout hash=9cd3364, pid=17604: mAttrs={(0,0)(fillxfill) sim={adjust=resize forwardNavigation} ty=BASE_APPLICATION
03-15 02:42:34.584  1199  9312 V WindowManager:   fl=81810100
03-15 02:42:34.584  1199  9312 V WindowManager:   pfl=12020000
03-15 02:42:34.584  1199  9312 V WindowManager:   vsysui=2500
03-15 02:42:34.584  1199  9312 V WindowManager:   apr=LIGHT_STATUS_BARS LIGHT_NAVIGATION_BARS
03-15 02:42:34.584  1199  9312 V WindowManager:   fitSides= naviIconColor=0
03-15 02:42:34.584  1199  9312 V WindowManager:   sfl=100000}
03-15 02:42:34.584  1199  9312 I SurfaceControl: nativeRelease nativeObject s[-5476376616080065808]
03-15 02:42:34.584  1199  9312 I SurfaceControl: nativeRelease nativeObject e[-5476376616080065808]
03-15 02:42:34.585 17604 17604 I SurfaceControl: assignNativeObject: nativeObject = 0 Surface(name=null)/@0x7b444c7 / android.view.SurfaceControl.readFromParcel:1115 android.view.IWindowSession$Stub$Proxy.relayout:1820 android.view.ViewRootImpl.relayoutWindow:9005 android.view.ViewRootImpl.performTraversals:3360 android.view.ViewRootImpl.doTraversal:2618 android.view.ViewRootImpl$TraversalRunnable.run:9971 android.view.Choreographer$CallbackRecord.run:1010 android.view.Choreographer.doCallbacks:809 android.view.Choreographer.doFrame:744 android.view.Choreographer$FrameDisplayEventReceiver.run:995
03-15 02:42:34.585 17604 17604 I ViewRootImpl@e00d9ae[SplashV2Activity]: Relayout returned: old=(0,0,1080,2400) new=(0,0,1080,2400) req=(1080,2400)0 dur=7 res=0x7 s={true -5476376611247927056} ch=true fn=-1
03-15 02:42:34.586 17604 17604 W RecyclerView: No adapter attached; skipping layout
03-15 02:42:34.602  1199  1411 I AppOps  : commitUidPendingStateLocked() :: UID - 10245, 400 > 500, 7 > 7
03-15 02:42:34.611  1199  9325 D SamsungAlarmManager: Cancel Alarm calling from uid:10301 pid :17604 / OP:PendingIntent{9bac071: PendingIntentRecord{38c8e56 com.tiket.gits broadcastIntent}}
03-15 02:42:34.611 17604 17604 I ViewRootImpl@e00d9ae[SplashV2Activity]: [DP] dp(1) 1 android.view.ViewRootImpl.reportNextDraw:10957 android.view.ViewRootImpl.performTraversals:3845 android.view.ViewRootImpl.doTraversal:2618
03-15 02:42:34.611 17604 17604 I ViewRootImpl@e00d9ae[SplashV2Activity]: [DP] pd() Asnyc report
03-15 02:42:34.629 24248 24248 D ContactsCapability: getCapabilities: add SYNC_V2
03-15 02:42:34.629 17604 17604 I ViewRootImpl@e00d9ae[SplashV2Activity]: [DP] pdf(0) 1 android.view.ViewRootImpl.lambda$performDraw$1$ViewRootImpl:4668 android.view.-$$Lambda$ViewRootImpl$DJd0VUYJgsebcnSohO6h8zc_ONI.run:6 android.os.Handler.handleCallback:938
03-15 02:42:34.629 17604 17604 I ViewRootImpl@e00d9ae[SplashV2Activity]: [DP] rdf()
03-15 02:42:34.630  1199  9312 D WindowManager: finishDrawingWindow: Window{9cd3364 u0 com.tiket.gits/com.tiket.gits.v2splash.SplashV2Activity} mDrawState=DRAW_PENDING
03-15 02:42:34.630 17604 17604 I ViewRootImpl@d5b3a77[SplashV2Activity]: [DP] pdf(0) 1 android.view.ViewRootImpl.lambda$performDraw$1$ViewRootImpl:4668 android.view.-$$Lambda$ViewRootImpl$DJd0VUYJgsebcnSohO6h8zc_ONI.run:6 android.os.Handler.handleCallback:938
03-15 02:42:34.630 17604 17604 I ViewRootImpl@d5b3a77[SplashV2Activity]: [DP] rdf()
03-15 02:42:34.630 24248 24248 D MessagingCapability: getCapabilities: add SEND
03-15 02:42:34.632  1199  9312 D WindowManager: finishDrawingWindow: Window{e3a4459 u0 com.tiket.gits/com.tiket.gits.v2splash.SplashV2Activity} mDrawState=DRAW_PENDING
03-15 02:42:34.632 17604 17604 I SurfaceControl: nativeRelease nativeObject s[-5476376616080384896]
03-15 02:42:34.632 17604 17604 I SurfaceControl: nativeRelease nativeObject e[-5476376616080384896]
03-15 02:42:34.632 17604 17604 I SurfaceControl: nativeRelease nativeObject s[-5476376616080386016]
03-15 02:42:34.632 17604 17604 I SurfaceControl: nativeRelease nativeObject e[-5476376616080386016]
03-15 02:42:34.635 17604 17604 I GAv4    : Google Analytics 12.4.51 is starting up. To enable debug logging on a device run:
03-15 02:42:34.635 17604 17604 I GAv4    :   adb shell setprop log.tag.GAv4 DEBUG
03-15 02:42:34.635 17604 17604 I GAv4    :   adb logcat -s GAv4
03-15 02:42:34.637  1199  9312 D SamsungAlarmManager: Cancel Alarm calling from uid:10301 pid :17604 / OP:PendingIntent{75b39e2: PendingIntentRecord{446b173 com.tiket.gits broadcastIntent}}
03-15 02:42:34.639 17604 24642 W LOTTIE  : Animation contains merge paths. Merge paths are only supported on KitKat+ and must be manually enabled by calling enableMergePathsForKitKatAndAbove().
03-15 02:42:34.640 17604 24642 W LOTTIE  : Animation contains merge paths but they are disabled.
03-15 02:42:34.643  1199  7234 D SensorService: Calling batch handle==1 flags=0 rate=2000000 timeout== 0
03-15 02:42:34.643   811   811 I Sensors : batch(0) - accelerometer_sensor try to batching with 2000000
03-15 02:42:34.644   811   811 I Sensors : AccSensor old sensor_state 0, new sensor_state : 140754668224513 en : 1
03-15 02:42:34.647  1199  1373 D PkgPredictorService: pkg:com.tiket.gits activity:com.tiket.gits.v2splash.SplashV2Activity thisTime:409
03-15 02:42:34.647  1199  1373 D PkgPredictorService-Collector: update activity launch time: SplashV2Activity : 409
03-15 02:42:34.647  1199  1373 I SemDvfsHyPerManager: acquire hyper - AMS_RESUME_TAIL/1199@21, type = -999
03-15 02:42:34.647  1199  1373 I SemDvfsHyPerManager: acquire hyper - AMS_ACT_LAZY/1199@22, type = -999
03-15 02:42:34.648   823   877 I HYPER-HAL: [RequestManager.cpp]acquire(): Acquired ID : 744831  [1199 / 21]    HINT : AMS_RESUME_TAIL    list :
03-15 02:42:34.648   811   811 I Sensors : enable:: accelerometer_sensor(0)
03-15 02:42:34.649   823   877 I HYPER-HAL: [ResourceManager.cpp]updateResource(): [CPUMinFreq] UpdateResource Request ID : 744831    Value : 1768000
03-15 02:42:34.649   823   877 I HYPER-HAL: [RequestManager.cpp]acquire(): Acquired ID : 746053  [1199 / 22]    HINT :      list :
03-15 02:42:34.649   823   877 E HYPER-HAL: [Request.cpp]acquire(): Request:: id : 746053, No Resource to set
03-15 02:42:34.649 17604 17604 D SensorManager: registerListener :: 1, LSM6DSO Accelerometer, 0, 0, com.appsflyer.internal.t@15f2c3ad
03-15 02:42:34.648  1199  1373 D ActivityManagerPerformance: AMP_acquire() TAIL
03-15 02:42:34.654  1199  9306 D SensorService: Calling batch handle==2 flags=0 rate=2000000 timeout== 0
03-15 02:42:34.654 17604 24636 I System.out: (HTTPLog)-Static: isSBSettingEnabled false
03-15 02:42:34.654   811   811 I Sensors : batch(2) - gyro_sensor try to batching with 2000000
03-15 02:42:34.654  1199  1373 D ActivityManagerPerformance: AMP_release() APP_SWITCH
03-15 02:42:34.654 17604 24636 I System.out: (HTTPLog)-Static: isSBSettingEnabled false
