03-15 02:42:34.970  1199  7234 D ActivityManager: attachApplicationLocked() app=ProcessRecord{7384742 24703:com.samsung.android.calendar/u0a184} app.isolatedEntryPoint=null instr2=null
03-15 02:42:34.970  1199  1371 D LocalDisplayAdapter: updateActiveRealModeLocked, mActiveRealPhysIndex=2, mActiveRealModeId=3, forceUpdate=false, caller=com.android.server.display.LocalDisplayAdapter$LocalDisplayDevice.onActiveDisplayConfigChangedLocked:1177 com.android.server.display.LocalDisplayAdapter$PhysicalDisplayEventReceiver.onConfigChanged:1503 android.view.DisplayEventReceiver.dispatchConfigChanged:216
03-15 02:42:34.970  1199  1371 I DisplayManagerService: Display device changed: DisplayDeviceInfo{"Built-in Screen": uniqueId="local:21442653864348033", 1080 x 2400, modeId 3, defaultModeId 3, supportedModes [{id=1, width=1080, height=2400, fps=120.00001}, {id=2, width=1080, height=2400, fps=96.00001}, {id=3, width=1080, height=2400, fps=60.000004}, {id=4, width=1080, height=2400, fps=48.000004}], refreshRateMode REFRESH_RATE_MODE_SEAMLESS, realModeId 3, colorMode 0, supportedColorModes [0, 6, 7], HdrCapabilities HdrCapabilities{mSupportedHdrTypes=[2, 3], mMaxLuminance=450.0, mMaxAverageLuminance=120.0, mMinLuminance=5.0E-4}, allmSupported false, gameContentTypeSupported false, density 480, 422.03 x 423.333 dpi, appVsyncOff 0, presDeadline 17666666, cutout DisplayCutout{insets=Rect(0, 80 - 0, 0) waterfall=Insets{left=0, top=0, right=0, bottom=0} boundingRect={Bounds=[Rect(0, 0 - 0, 0), Rect(510, 0 - 570, 80), Rect(0, 0 - 0, 0), Rect(0, 0 - 0, 0)]}}, touch INTERNAL, rotation 0, type INTERNAL, address {port=129, model=0x4c2dfae6a049}, deviceProductInfo DeviceProductInfo{name=samsung lcd  , manufacturerPnpId=SAM, productId=0, modelYear=null, manufactureDate=ManufactureDate{week=16, year=2020}, relativeAddress=null}, state ON, FLAG_DEFAULT_DISPLAY, FLAG_ROTATES_WITH_CONTENT, FLAG_SECURE, FLAG_SUPPORTS_PROTECTED_BUFFERS}
03-15 02:42:34.976 24703 24703 D ActivityThread: handleBindApplication()++ app=com.samsung.android.calendar
03-15 02:42:34.978  1199  1371 D TspStateManager: updateCustomValue customSetting=
03-15 02:42:34.978 24248 24248 D NetworkSyncMonitorImpl: RxBytes = 0, TxBytes = 0, Total Usage: 0
03-15 02:42:34.979 24248 24248 I NetworkSyncMonitorImpl: Current bytes consumed. 0
03-15 02:42:34.980  1199  1371 D TspStateManager: updateCustomValue customSetting=
03-15 02:42:34.980 24248 24248 I NetworkSyncMonitorImpl: Job cancelled.
03-15 02:42:34.980 24248 24248 I NetworkChangeReceiver: No network available
03-15 02:42:34.981 23845 24181 I appium  : channel read invoked!
03-15 02:42:34.981 23845 24181 I appium  : channel read: POST /wd/hub/session/8f9ae721-483c-44de-9551-931d6d04a034/element
03-15 02:42:34.981 24248 24248 I NetworkChangeReceiver: Metered connection disabled. Turn off sync system.
03-15 02:42:34.981 23845 24181 I appium  : Find element command using 'xpath' with selector '//*[contains(@resource-id, 'tds_btn') and (@text='Batalkan')]'.
03-15 02:42:34.982 23845 24181 I appium  : Waiting up to 10000ms for device to be idle
03-15 02:42:34.986  1199  1199 E Native_CFMS: nativePerfMgrSendFps    Fail    fps : 60    return : -1
03-15 02:42:34.986  1199  1624 I CAE     : handleMessage(CaPowerManager.java:202) - AP_WAKEUP_Already_Delivered
03-15 02:42:34.986  1199  1199 D MotionRecognitionService: [DisplayListner] getRefreshRate 60.000004
03-15 02:42:34.986  1199  1624 I CAE     : handleMessage(CaPowerManager.java:212) - SCREEN_ON_Already_Delivered
03-15 02:42:34.986  1199  1199 D GameManagerService: onDisplayChanged. displyId: 0, state: 2
03-15 02:42:34.986  1199  1199 D AODManagerService: requestReCalToTSP IsSingleTouchMode = false / previousDisplayState = ON
03-15 02:42:34.986  1199  1627 D LiftUpHandler: already ended..
03-15 02:42:34.986  1199  1627 D MotionRecognitionService: [REFRESHRATE]  : 60
03-15 02:42:34.986  1199  1627 D SensorService: setSContextDataLocked ints length 3 , byte length 8
03-15 02:42:34.986  1199  1627 D SensorService: setSContextDataLocked 100048c1
03-15 02:42:34.986  1199  1641 D GameManagerService: onLooperPrepared(), msg: MSG_LCD_ON
03-15 02:42:34.987   811   811 D Sensors : c1 48 00 10 3c 00 00 00
03-15 02:42:34.987   811   811 E Sensors : inject_scontext_data: New ssp_data_injection_fd(41)
03-15 02:42:34.987 17604 17604 I ViewRootImpl@24148f3[SplashV2Activity]: MSG_WINDOW_FOCUS_CHANGED 1 1
03-15 02:42:34.987 17604 17604 D InputMethodManager: prepareNavigationBarInfo() DecorView@557a4f6[SplashV2Activity]
03-15 02:42:34.987 17604 17604 D InputMethodManager: getNavigationBarColor() -855310
03-15 02:42:34.987 17604 17604 D InputMethodManager: prepareNavigationBarInfo() DecorView@557a4f6[SplashV2Activity]
03-15 02:42:34.987 17604 17604 D InputMethodManager: getNavigationBarColor() -855310
03-15 02:42:34.987 17604 17604 V InputMethodManager: Starting input: tba=com.tiket.gits ic=null mNaviBarColor -855310 mIsGetNaviBarColorSuccess true , NavVisible : true , NavTrans : false
03-15 02:42:34.987 24248 24248 D NetworkSyncMonitorImpl: RxBytes = 0, TxBytes = 0, Total Usage: 0
03-15 02:42:34.987 24248 24248 I NetworkSyncMonitorImpl: Current bytes consumed. 0
03-15 02:42:34.987 17604 17604 D InputMethodManager: startInputInner - Id : 0
03-15 02:42:34.987 17604 17604 I InputMethodManager: startInputInner - mService.startInputOrWindowGainedFocus
03-15 02:42:34.988  1199  9308 D InputMethodManagerService: mSecureKeypadEnabled = false
03-15 02:42:34.988   811   811 D Sensors : SContext Data Injection return 8
03-15 02:42:34.988 24248 24248 I NetworkSyncMonitorImpl: Job cancelled.
03-15 02:42:34.988 24248 24248 I NetworkChangeReceiver: No network available
03-15 02:42:34.989  1199  9308 V InputMethodManagerService: Unspecified window will hide input
03-15 02:42:34.989  1199  9308 V InputMethodManagerService: hideCurrentInputLocked : shouldHideSoftInput is false
03-15 02:42:34.989  1199  9308 D InputMethodManagerService: DESKTOP MODE! : 2
03-15 02:42:34.989  1199  9308 D InputMethodManagerService: NOT IN KNOX DESKTOP MODE!
03-15 02:42:34.989  1199  9308 V InputMethodManagerService: getDisplayIdOfInputMethodWindowToBeAdded : 0
03-15 02:42:34.989  1199  9308 D InputMethodManagerService: checkDisplayOfStartInputAndUpdateKeyboard display Id 0last 0
03-15 02:42:34.989  1199  9308 D InputTransport: Input channel constructed: 'ClientS', fd=641
03-15 02:42:34.989  1199  9308 D InputTransport: Input channel destroyed: 'ClientS', fd=641
03-15 02:42:34.990 17604 17604 D InputTransport: Input channel constructed: 'ClientS', fd=152
03-15 02:42:34.990 17604 17604 D InputTransport: Input channel destroyed: 'ClientS', fd=117
03-15 02:42:34.991 16269 16269 I ViewRootImpl@7936c19[LauncherActivity]: stopped(true) old=false
03-15 02:42:34.992  1199  9325 I WindowManager: Cancelling animation restarting=true, leash=Surface(name=Surface(name=f2dd6e1 InputMethod)/@0xd4e92c7 - animation-leash)/@0x8297f7f
03-15 02:42:34.992  1199  9325 I WindowManager: Reparenting to original parent: Surface(name=WindowToken{798058a android.os.Binder@54183f5})/@0x81750f4, destroy=false, surface=Surface(name=f2dd6e1 InputMethod)/@0xd4e92c7
03-15 02:42:34.992 16269 16269 I StateManager: goToState isInState Normal
03-15 02:42:34.992  1199  9325 I SurfaceControl: nativeRelease nativeObject s[-5476376616080244000]
03-15 02:42:34.992  1199  9325 I SurfaceControl: nativeRelease nativeObject e[-5476376616080244000]
03-15 02:42:34.992  1199  9325 I WindowManager: Reparenting to leash, surface=Surface(name=f2dd6e1 InputMethod)/@0xd4e92c7, leashParent=Surface(name=WindowToken{798058a android.os.Binder@54183f5})/@0x81750f4
03-15 02:42:34.992   915   935 I SurfaceFlinger: id=3325 createSurf (0x0),-1 flag=24004, Surface(name=f2dd6e1 InputMethod)/@0xd4e92c7 - animation-leash#0
03-15 02:42:34.993 16269 16269 W LauncherAppWidgetHost: setListenIfResumed, mFlags = 7
03-15 02:42:34.993  1199  9325 D WindowManager: makeSurface duration=1 leash=Surface(name=Surface(name=f2dd6e1 InputMethod)/@0xd4e92c7 - animation-leash)/@0x3361716
03-15 02:42:34.993 22107 22107 I HBD     : HoneyBoardService onFinishInput
03-15 02:42:34.994 22107 22107 I HBD     : a IC have been unbinded,  InputConnectionWrapper{idHash=#9542cf0 mMissingMethods=}
03-15 02:42:34.994 22107 22107 I HBD     : HoneyBoardService [PF_CL][onFinishInput]  159615 ns
03-15 02:42:34.994 22107 22107 I HBD     : HoneyBoardService [IMI] onStartInput - caller pid : 17604 , caller uid : 10301
03-15 02:42:34.994 22107 22107 I HBD     : i updateConfigs
03-15 02:42:34.994 22107 22107 I HBD     : i isEnabledNightMode : false
03-15 02:42:34.994 22107 22107 I HBD     : a IC have been binded, InputConnectionWrapper{idHash=#9542cf0 mMissingMethods=}
03-15 02:42:34.994 22107 22107 I HBD     : h [EditorInputType]setPrivateImeOptionsToTable privateImeOptions ( null )
03-15 02:42:34.994 22107 22107 I HBD     : b incognitoMode : false
03-15 02:42:34.994 22107 22107 I HBD     : a needOff = true , isJpnConvertState : false, isForceOff = false
03-15 02:42:34.994 22107 22107 I HBD     : h getDefaultInputRange : UNKNOWN
03-15 02:42:34.994 22107 22107 I HBD     : h getDefaultInputRange : UNKNOWN
03-15 02:42:34.994 22107 22107 I HBD     : h getDefaultInputRange : UNKNOWN
03-15 02:42:34.994  1199  7239 D SdpManagerService: Not an enterprise user : 0
03-15 02:42:34.995  1199  9313 I AppOps  : updateUidProcState uid: 10246 procState: 5 capability:7
03-15 02:42:34.995  1199  9313 I ActivityManager: Changes in 10152 2 to 5, 7 to 0 Caller=com.android.server.am.OomAdjuster.updateOomAdjLockedInner:669 com.android.server.am.OomAdjuster.updateOomAdjLocked:413 com.android.server.am.ActivityManagerService.updateOomAdjLocked:21459 com.android.server.am.ActivityManagerService.removeContentProvider:9539 android.app.IActivityManager$Stub.onTransact:3523 com.android.server.am.ActivityManagerService.onTransact:3617 android.os.Binder.execTransactInternal:1195
03-15 02:42:34.996   915   936 I Layer   : id=3320 removeFromCurrentState Surface(name=f2dd6e1 InputMethod)/@0xd4e92c7 - animation-leash#1 (67)
03-15 02:42:34.996 20194 20194 D DisplayLifecycle: updateDisplay id = 0
03-15 02:42:34.998 22107 22107 I HBD     : h getDefaultInputRange : UNKNOWN
03-15 02:42:34.998 22107 22107 I HBD     : a currentState : 0
03-15 02:42:34.999   915   915 D SurfaceFlinger: Display 21442653864348033 HWC layers:
03-15 02:42:34.999   915   915 D SurfaceFlinger:      DEVICE | 0xb400006e9a867910 | 0002 | RGBA_8888    |    0.0    0.0 1080.0 2400.0 |    0    0 1080 2400 | com.tiket.gits/com.tiket.gits.v2splash.SplashV2Activity$_17604#1
03-15 02:42:34.999   915   915 D SurfaceFlinger:      DEVICE | 0xb400006e9a86dcd0 | 0000 | RGBA_8888    |    0.0    0.0 1080.0 2400.0 |    0    0 1080 2400 | com.tiket.gits/com.tiket.gits.v2splash.SplashV2Activity$_17604#0
03-15 02:42:34.999   915   915 D SurfaceFlinger:  SOLID_COLOR |              | 0000 |  Unknown  |    0.0    0.0    0.0    0.0 |    0    0 1080 2400 | Dim Layer for - Task=119#0
03-15 02:42:34.999   915   915 D SurfaceFlinger:      DEVICE | 0xb400006e9a85d810 | 0000 | RGBA_8888    |   96.0    0.0 1176.0 2071.0 |    0  329 1080 2400 | com.tiket.gits/com.tiket.gits.v2splash.SplashV2Activity$_17604#2
03-15 02:42:34.999   915   915 D SurfaceFlinger:      DEVICE | 0xb400006e9a864810 | 0000 | RGBA_8888    |    0.0    0.0 1080.0   79.0 |    0    0 1080   79 | StatusBar$_20194#0
03-15 02:42:34.999   915   915 D SurfaceFlinger:      DEVICE | 0xb400006e9a860050 | 0000 | RGBA_8888    |    0.0    0.0   67.0  342.0 | 1013  458 1080  800 | com.samsung.android.app.cocktailbars[...]rservice.CocktailBarService$_12796#0
03-15 02:42:34.999   915   915 D SurfaceFlinger:      DEVICE | 0xb400
03-15 02:42:34.999   915   915 D SurfaceFlinger: 006e9a86b490 | 0000 | RGBA_8888    |    0.0    0.0 1080.0  144.0 |    0 2256 1080 2400 | NavigationBar0$_20194#0
03-15 02:42:34.999   915   915 D SurfaceFlinger:
03-15 02:42:34.999 22107 22107 I HBD     : h load selected json info : {"version":"1.0","currentLanguageOrder":0,"selected":[{"activeOptionList":["auto_replace","auto_spacing"],"engName":"English","id":65538,"inputType":"qwerty","isUsed":true}]}
03-15 02:42:35.000 22107 22107 I HBD     : a [UpdatePolicy] [post] a: 0 cl: 65538 kit: [0/0] vt: 0 ir: 1
03-15 02:42:35.000 22107 22107 I HBD     : HoneyBoardService [PF_OP][onStartInput]  6599423 ns
03-15 02:42:35.002 17604 17604 I SurfaceControl: nativeRelease nativeObject s[-5476376616080408976]
03-15 02:42:35.002 17604 17604 I SurfaceControl: nativeRelease nativeObject e[-5476376616080408976]
03-15 02:42:35.002 17604 17604 I SurfaceControl: nativeRelease nativeObject s[-5476376616080410320]
03-15 02:42:35.002 17604 17604 I SurfaceControl: nativeRelease nativeObject e[-5476376616080410320]
03-15 02:42:35.002 17604 17604 I SurfaceControl: nativeRelease nativeObject s[-5476376616080376720]
03-15 02:42:35.002 17604 17604 I SurfaceControl: nativeRelease nativeObject e[-5476376616080376720]
03-15 02:42:35.002   915  1276 I SurfaceFlinger: id=3320 Removed Surface(name=f2dd6e1 InputMethod)/@0xd4e92c7 - animation-leash#1 (67)
03-15 02:42:35.002  1199  9325 D SamsungIMMSHWKeyboard: isConnectedDexOnPC false
03-15 02:42:35.004  1199  9312 I AppWidgetServiceImpl: stopListening callbacks : null
03-15 02:42:35.005 16269 16269 W Launcher.NotificationListener: removeNotificationsChangedListener
03-15 02:42:35.005 16269 16269 I BadgeCountUpdaterImpl: onNotificationsChangedDisConnected
03-15 02:42:35.005 16269 16269 I Launcher.NotificationListener: unregisterObserver, this is not notificationService!!
03-15 02:42:35.006 16269 16269 I LiveIconUpdateEventHandler: cancelMinuteChangeAlarm
03-15 02:42:35.006  1199  7234 D SamsungAlarmManager: Cancel Alarm calling from uid:10152 pid :16269 / OP:PendingIntent{af4a26d: PendingIntentRecord{997f6f com.sec.android.app.launcher broadcastIntent}}
03-15 02:42:35.006  1199  7234 I SamsungAlarmManager: setLocked to kernel - T:2 / 20220315T024655, set=10984925, now=10724829
03-15 02:42:35.006  1199  7234 I SamsungAlarmManager: setLocked to kernel - T:3 / 20220315T024244, set=10734559, now=10724829
03-15 02:42:35.007 16269 16269 I LiveIconUpdateEventHandler: cancelDateChangeAlarm
03-15 02:42:35.007  1199  9312 D SamsungAlarmManager: Cancel Alarm calling from uid:10152 pid :16269 / OP:PendingIntent{f48ea2: PendingIntentRecord{24b3802 com.sec.android.app.launcher broadcastIntent}}
03-15 02:42:35.007  1199  9312 I SamsungAlarmManager: setLocked to kernel - T:2 / 20220315T024655, set=10984925, now=10724830
03-15 02:42:35.007  1199  9312 I SamsungAlarmManager: setLocked to kernel - T:3 / 20220315T024244, set=10734559, now=10724830
03-15 02:42:35.009  1199  9325 D InputMethodManagerService: isImeSwitcherDisabledPackage : false
03-15 02:42:35.009 16269 16269 I LiveIconUpdateEventHandler: unregisterReceiver
03-15 02:42:35.011 24703 24703 I ndroid.calenda: The ClassLoaderContext is a special shared library.
03-15 02:42:35.012   915   915 I Layer   : id=3320[1] Destroyed Surface(name=f2dd6e1 InputMethod)/@0xd4e92c7 - animation-leash#1
03-15 02:42:35.017  1199  7233 E WindowManager: win=Window{f99b6e6 u0 com.sec.android.app.launcher/com.sec.android.app.launcher.activities.LauncherActivity} destroySurfaces: appStopped=true win.mWindowRemovalAllowed=false win.mRemoveOnExit=false win.mViewVisibility=8 caller=com.android.server.wm.ActivityRecord.destroySurfaces:5251 com.android.server.wm.ActivityRecord.destroySurfaces:5232 com.android.server.wm.ActivityRecord.notifyAppStopped:5291 com.android.server.wm.ActivityRecord.activityStopped:5918 com.android.server.wm.ActivityTaskManagerService.activityStopped:2595 android.app.IActivityTaskManager$Stub.onTransact:2215 android.os.Binder.execTransactInternal:1190
03-15 02:42:35.017  1199  7233 I WindowManager: Destroying surface Surface(name=com.sec.android.app.launcher/com.sec.android.app.launcher.activities.LauncherActivity$_16269)/@0xee24733 called by com.android.server.wm.WindowStateAnimator.destroySurface:1794 com.android.server.wm.WindowStateAnimator.destroySurfaceLocked:765 com.android.server.wm.WindowState.destroySurfaceUnchecked:3918 com.android.server.wm.WindowState.destroySurface:3892 com.android.server.wm.ActivityRecord.destroySurfaces:5251 com.android.server.wm.ActivityRecord.destroySurfaces:5232 com.android.server.wm.ActivityRecord.notifyAppStopped:5291 com.android.server.wm.ActivityRecord.activityStopped:5918
03-15 02:42:35.017  1199  7233 I SurfaceControl: nativeRelease nativeObject s[-5476376616080144208]
03-15 02:42:35.017  1199  7233 I SurfaceControl: nativeRelease nativeObject e[-5476376616080144208]
03-15 02:42:35.017   915  7566 I Layer   : id=3299 removeFromCurrentState com.sec.android.app.launcher/com.sec.android.app.launcher.activities.LauncherActivity$_16269#0 (66)
03-15 02:42:35.022   915   936 I SurfaceFlinger: id=3299 Removed com.sec.android.app.launcher/com.sec.android.app.launcher.activities.LauncherActivity$_16269#0 (66)
03-15 02:42:35.022  1199  1369 D SehCodecSolutionService: Update top [com.tiket.gits]
03-15 02:42:35.022  1199  1369 D SIProcessListener: PID is 16269 State is 2
03-15 02:42:35.022  1199  1369 E Native_CFMS: nativePerfMgrRemoveTask    Fail    tid : 16269    return : -1
03-15 02:42:35.028 24703 24703 I ndroid.calenda: The ClassLoaderContext is a special shared library.
03-15 02:42:35.028   915   915 I Layer   : id=3299[1] Destroyed com.sec.android.app.launcher/com.sec.android.app.launcher.activities.LauncherActivity$_16269#0
03-15 02:42:35.029   915   915 I HWComposer: ActiveConfigToHWC, ID : 0
03-15 02:42:35.029   803   983 I display : Set Affinity config for fps(120) : 0, cpuIDs : 255
03-15 02:42:35.029   803   983 I display : Set Affinity CPU ID : 0
03-15 02:42:35.029   803   983 I display : Set Affinity CPU ID : 1
03-15 02:42:35.029   803   983 I display : Set Affinity CPU ID : 2
03-15 02:42:35.029   803   983 I display : Set Affinity CPU ID : 3
03-15 02:42:35.029   803   983 I display : Set Affinity CPU ID : 4
03-15 02:42:35.029   803   983 I display : Set Affinity CPU ID : 5
03-15 02:42:35.029   803   983 I display : Set Affinity CPU ID : 6
03-15 02:42:35.029   803   983 I display : Set Affinity CPU ID : 7
03-15 02:42:35.029   803   983 I display : Set affinity HWC : 803
03-15 02:42:35.029   803   983 I display : CPU set : Cluster(0), min_clock(0)
03-15 02:42:35.029   803   983 I display : CPU set : Cluster(1), min_clock(0)
03-15 02:42:35.029   803   983 I display : CPU set : Cluster(2), min_clock(0)
03-15 02:42:35.029   803   983 I display : setActiveConfig(config=0)
03-15 02:42:35.029   803   983 I display : next config(0): width=1080 height=2400 period=8333333 Xdpi=422030 Ydpi=423333 groupId=0
03-15 02:42:35.029   803   983 I display : Current VRR MODE is 3
03-15 02:42:35.029   759   759 E audit   : type=1400 audit(1647312155.028:10530): avc:  denied  { write } for  pid=803 comm="HwBinder:803_3" name="epic" dev="tmpfs" ino=20852 scontext=u:r:hal_graphics_composer_default:s0 tcontext=u:object_r:epicd_socket:s0 tclass=sock_file permissive=0 SEPF_SM-G991B_11_0010 audit_filtered
03-15 02:42:35.029   759   759 E audit   : type=1300 audit(1647312155.028:10530): arch=c00000b7 syscall=206 success=no exit=-13 a0=13 a1=b4000074ef2100e8 a2=164 a3=40 items=1 ppid=1 pid=803 auid=4294967295 uid=1000 gid=1003 euid=1000 suid=1000 fsuid=1000 egid=1003 sgid=1003 fsgid=1003 tty=(none) ses=4294967295 comm="HwBinder:803_3" exe="/vendor/bin/hw/android.hardware.graphics.composer@2.4-service" subj=u:r:hal_graphics_composer_default:s0 key=(null)
03-15 02:42:35.029   759   759 E audit   : type=1306 audit(1647312155.028:10530): saddr=01002F6465762F736F636B65742F657069630000000000000000000000000000000000000000000000000000000000000000000000000000000000000000000000000000000000000000000000000000000000000000000000000000000000000000000000000000000000000000
03-15 02:42:35.029   915   915 I SurfaceFlinger: Touch=0, Idle=0, DisplayPower=0
03-15 02:42:35.029   759   759 E audit   : type=1302 audit(1647312155.028:10530): item=0 name="/dev/socket/epic" inode=20852 dev=00:12 mode=0140666 ouid=1000 ogid=1000 rdev=00:00 obj=u:object_r:epicd_socket:s0 nametype=NORMAL cap_fp=0 cap_fi=0 cap_fe=0 cap_fver=0 cap_frootid=0
03-15 02:42:35.029   759   759 E audit   : type=1327 audit(1647312155.028:10530): proctitle="/vendor/bin/hw/android.hardware.graphics.composer@2.4-service"
03-15 02:42:35.035  4925  5500 I FontLog : Received query Noto Color Emoji Compat, URI content://com.google.android.gms.fonts [CONTEXT service_id=132 ]
03-15 02:42:35.035  4925  5500 I FontLog : Query [emojicompat-emoji-font] resolved to {Noto Color Emoji Compat, wdth 100.0, wght 400, ital 0.0, bestEffort false} [CONTEXT service_id=132 ]
03-15 02:42:35.037  4925  5500 I FontLog : Fetch {Noto Color Emoji Compat, wdth 100.0, wght 400, ital 0.0, bestEffort false} end status Status{statusCode=SUCCESS, resolution=null} [CONTEXT service_id=132 ]
03-15 02:42:35.039  4925  5500 I FontLog : Pulling font file for id = 95, cache size = 8 [CONTEXT service_id=132 ]
03-15 02:42:35.042  4925  5500 I FontLog : Pulling font file for id = 95, cache size = 8 [CONTEXT service_id=132 ]
03-15 02:42:35.044   782   884 E Netd    : getNetworkForDns: getNetId from enterpriseCtrl is netid 0
03-15 02:42:35.045   915   915 D Scheduler: onPrimaryDisplayConfigChanged to 0
03-15 02:42:35.045  1199  1371 D LocalDisplayAdapter: updateActiveRealModeLocked, mActiveRealPhysIndex=0, mActiveRealModeId=1, forceUpdate=false, caller=com.android.server.display.LocalDisplayAdapter$LocalDisplayDevice.onActiveDisplayConfigChangedLocked:1177 com.android.server.display.LocalDisplayAdapter$PhysicalDisplayEventReceiver.onConfigChanged:1503 android.view.DisplayEventReceiver.dispatchConfigChanged:216
03-15 02:42:35.046  1199  1371 I DisplayManagerService: Display device changed: DisplayDeviceInfo{"Built-in Screen": uniqueId="local:21442653864348033", 1080 x 2400, modeId 3, defaultModeId 3, supportedModes [{id=1, width=1080, height=2400, fps=120.00001}, {id=2, width=1080, height=2400, fps=96.00001}, {id=3, width=1080, height=2400, fps=60.000004}, {id=4, width=1080, height=2400, fps=48.000004}], refreshRateMode REFRESH_RATE_MODE_SEAMLESS, realModeId 1, colorMode 0, supportedColorModes [0, 6, 7], HdrCapabilities HdrCapabilities{mSupportedHdrTypes=[2, 3], mMaxLuminance=450.0, mMaxAverageLuminance=120.0, mMinLuminance=5.0E-4}, allmSupported false, gameContentTypeSupported false, density 480, 422.03 x 423.333 dpi, appVsyncOff 0, presDeadline 17666666, cutout DisplayCutout{insets=Rect(0, 80 - 0, 0) waterfall=Insets{left=0, top=0, right=0, bottom=0} boundingRect={Bounds=[Rect(0, 0 - 0, 0), Rect(510, 0 - 570, 80), Rect(0, 0 - 0, 0), Rect(0, 0 - 0, 0)]}}, touch INTERNAL, rotation 0, type INTERNAL, address {port=129, model=0x4c2dfae6a049}, deviceProductInfo DeviceProductInfo{name=samsung lcd  , manufacturerPnpId=SAM, productId=0, modelYear=null, manufactureDate=ManufactureDate{week=16, year=2020}, relativeAddress=null}, state ON, FLAG_DEFAULT_DISPLAY, FLAG_ROTATES_WITH_CONTENT, FLAG_SECURE, FLAG_SUPPORTS_PROTECTED_BUFFERS}
03-15 02:42:35.050  1199  1371 D TspStateManager: updateCustomValue customSetting=
03-15 02:42:35.050  1199  1371 D TspStateManager: updateCustomValue customSetting=
03-15 02:42:35.054  1199  1199 E Native_CFMS: nativePerfMgrSendFps    Fail    fps : 120    return : -1
03-15 02:42:35.054  1199  1624 I CAE     : handleMessage(CaPowerManager.java:202) - AP_WAKEUP_Already_Delivered
03-15 02:42:35.054  1199  1624 I CAE     : handleMessage(CaPowerManager.java:212) - SCREEN_ON_Already_Delivered
03-15 02:42:35.054  1199  1199 D MotionRecognitionService: [DisplayListner] getRefreshRate 120.00001
03-15 02:42:35.054  1199  1199 D GameManagerService: onDisplayChanged. displyId: 0, state: 2
03-15 02:42:35.054  1199  1641 D GameManagerService: onLooperPrepared(), msg: MSG_LCD_ON
03-15 02:42:35.055  1199  1199 D AODManagerService: requestReCalToTSP IsSingleTouchMode = false / previousDisplayState = ON
03-15 02:42:35.055  1199  1627 D LiftUpHandler: already ended..
03-15 02:42:35.055  1199  1627 D MotionRecognitionService: [REFRESHRATE]  : 120
03-15 02:42:35.055  1199  1627 D SensorService: setSContextDataLocked ints length 3 , byte length 8
03-15 02:42:35.055  1199  1627 D SensorService: setSContextDataLocked 100048c1
03-15 02:42:35.055   811   811 D Sensors : c1 48 00 10 78 00 00 00
03-15 02:42:35.055   811   811 E Sensors : inject_scontext_data: New ssp_data_injection_fd(41)
03-15 02:42:35.059   811   811 D Sensors : SContext Data Injection return 8
03-15 02:42:35.062 20194 20194 D DisplayLifecycle: updateDisplay id = 0
03-15 02:42:35.064  1091  1091 D keymaster_tee: [DBG] (knox_secure_db.cpp:1173) command(48) : L1692
03-15 02:42:35.064  1091  1091 D keymaster_tee: [DBG] (knox_secure_db.cpp:1189) SELECT (ALIAS) WHERE CREATOR=u0_com.tiket.gits
03-15 02:42:35.076   572  1580 E audit   : avc:  denied  { find } for pid=7179 uid=10276 name=tethering scontext=u:r:permissioncontroller_app:s0:c20,c257,c512,c768 tcontext=u:object_r:tethering_service:s0 tclass=service_manager permissive=0
03-15 02:42:35.076   572  1580 I servicemanager: tethering : getService has failed, permission denied.
03-15 02:42:35.076  1091  1091 I keystore: del USRPKEY_com.appsflyer,KSAppsFlyerId=1647312154489-2775399186844245216,KSAppsFlyerRICounter=0 10301 0
03-15 02:42:35.084 17604 24507 I GoogleTagManager: Loading container GTM-T5PTKJM
03-15 02:42:35.086  1091  1091 I keystore: del USRSKEY_com.appsflyer,KSAppsFlyerId=1647312154489-2775399186844245216,KSAppsFlyerRICounter=0 10301 0
03-15 02:42:35.088  1091  1091 I keystore: del USRCERT_com.appsflyer,KSAppsFlyerId=1647312154489-2775399186844245216,KSAppsFlyerRICounter=0 10301 0
03-15 02:42:35.088  1091  1091 I keystore: del CACERT_com.appsflyer,KSAppsFlyerId=1647312154489-2775399186844245216,KSAppsFlyerRICounter=0 10301 0
03-15 02:42:35.089  1091  1091 I keystore: del USRCSR_com.appsflyer,KSAppsFlyerId=1647312154489-2775399186844245216,KSAppsFlyerRICounter=0 10301 0
03-15 02:42:35.090 17604 24507 I GoogleTagManager: Installing Tag Manager event handler.
03-15 02:42:35.094   639   639 W keymaster_tee: [WRN]start nwd_generate_key
03-15 02:42:35.095 17604 24507 I GoogleTagManager: Tag Manager event handler installed.
03-15 02:42:35.095 17604 24507 I GoogleTagManager: Tag Manager initilization took 19ms
03-15 02:42:35.113  1199  1373 I WindowManager: Reparenting to original parent: Surface(name=ActivityRecord{c7c53b4 u0 com.tiket.gits/.v2splash.SplashV2Activity t119})/@0x3787219, destroy=true, surface=Surface(name=219cee com.tiket.gits/com.tiket.gits.v2splash.SplashV2Activity)/@0x8b658c1
03-15 02:42:35.113  1199  1373 I SurfaceControl: nativeRelease nativeObject s[-5476376616080086416]
03-15 02:42:35.113  1199  1373 I SurfaceControl: nativeRelease nativeObject e[-5476376616080086416]
03-15 02:42:35.114   915   936 I Layer   : id=3322 removeFromCurrentState Surface(name=219cee com.tiket.gits/com.tiket.gits.v2splash.SplashV2Activity)/@0x8b658c1 - animation-leash#0 (65)
03-15 02:42:35.115  1199  1373 I WindowManager: Reparenting to original parent: Surface(name=Task=119)/@0xf5ba454, destroy=true, surface=Surface(name=Dim Layer for - Task=119)/@0x42c97a7
03-15 02:42:35.116  1199  1373 I SurfaceControl: nativeRelease nativeObject s[-5476376616080237504]
03-15 02:42:35.116  1199  1373 I SurfaceControl: nativeRelease nativeObject e[-5476376616080237504]
03-15 02:42:35.116   915   936 I SurfaceFlinger: id=3322 Removed Surface(name=219cee com.tiket.gits/com.tiket.gits.v2splash.SplashV2Activity)/@0x8b658c1 - animation-leash#0 (65)
03-15 02:42:35.117 17604 24743 I System.out: (HTTPLog)-Static: isSBSettingEnabled false
03-15 02:42:35.117 17604 24743 I System.out: (HTTPLog)-Static: isSBSettingEnabled false
03-15 02:42:35.119   782   884 E Netd    : getNetworkForDns: getNetId from enterpriseCtrl is netid 0
03-15 02:42:35.121   915   915 I Layer   : id=3322[1] Destroyed Surface(name=219cee com.tiket.gits/com.tiket.gits.v2splash.SplashV2Activity)/@0x8b658c1 - animation-leash#0
03-15 02:42:35.125 24703 24703 I HolidayProvider: HolidayProvider initialized.
03-15 02:42:35.125   915  7804 I Layer   : id=3324 removeFromCurrentState Surface(name=Dim Layer for - Task=119)/@0x42c97a7 - animation-leash#0 (64)
03-15 02:42:35.126   915  7804 I SurfaceFlinger: id=3324 Removed Surface(name=Dim Layer for - Task=119)/@0x42c97a7 - animation-leash#0 (64)
03-15 02:42:35.127 24248 24365 I System.out: (HTTPLog)-Static: isSBSettingEnabled false
03-15 02:42:35.127 24248 24365 I System.out: (HTTPLog)-Static: isSBSettingEnabled false
03-15 02:42:35.128   782   884 E Netd    : getNetworkForDns: getNetId from enterpriseCtrl is netid 0
03-15 02:42:35.129   915   915 I Layer   : id=3324[1] Destroyed Surface(name=Dim Layer for - Task=119)/@0x42c97a7 - animation-leash#0
03-15 02:42:35.151  1199  7287 D MdnieScenarioControlService:  packageName : com.tiket.gits    className : com.tiket.feature.homecontainer.HomeSplashActivity
03-15 02:42:35.152  1199  7287 V MdnieScenarioControlService: setUIMode from UI function(3)
03-15 02:42:35.183 24703 24703 I CapsuleProvider_1.0.12: onCreate
03-15 02:42:35.184 24703 24703 I StickerProvider: onCreate()
03-15 02:42:35.185 24703 24703 I SettingSearchProvider: onCreate isSupported = true
03-15 02:42:35.187 24703 24703 I SettingSearchProvider: secQueryGetFingerprint : 1220105000en_GB
03-15 02:42:35.187 24703 24703 I CalendarAppProvider: onCreate()
03-15 02:42:35.198 17604 24442 W Apptimize: Apptimize: Apptimize did not detect Flurry. If you are using Flurry, then the most likely cause is ProGuard. Please consult the Apptimize docs for how to adjust your ProGuard configuration.
03-15 02:42:35.198 17604 24442 W Apptimize: Apptimize: Apptimize did not detect Google Analytics V3. If you are using Google Analytics V3, then the most likely cause is ProGuard. Please consult the Apptimize docs for how to adjust your ProGuard configuration.
03-15 02:42:35.199 24703 24703 I CapsuleProvider_1.0.12: releasing initialize wait lock.
03-15 02:42:35.199 17604 24442 I Apptimize: Apptimize: Google Analytics V4 detected; now importing data
03-15 02:42:35.200 17604 24442 W Apptimize: Apptimize: Apptimize did not detect Mixpanel. If you are using Mixpanel, then the most likely cause is ProGuard. Please consult the Apptimize docs for how to adjust your ProGuard configuration.
03-15 02:42:35.200 17604 24442 W Apptimize: Apptimize: Apptimize did not detect Omniture 2.x. If you are using Omniture 2.x, then the most likely cause is ProGuard. Please consult the Apptimize docs for how to adjust your ProGuard configuration.
03-15 02:42:35.201 17604 24442 W Apptimize: Apptimize: Apptimize did not detect Adobe AppMeasurement 3.x. If you are using Adobe AppMeasurement 3.x, then the most likely cause is ProGuard. Please consult the Apptimize docs for how to adjust your ProGuard configuration.
03-15 02:42:35.203  1199  7788 D StorageManagerService: getExternalStorageMountMode: uid=10114 packageName=com.android.providers.calendar
03-15 02:42:35.203  1199  7788 D CompatibilityChangeReporter: Compat change id reported: 135634846; UID 10114; state: DISABLED
03-15 02:42:35.203  1199  7788 D CompatibilityChangeReporter: Compat change id reported: 135754954; UID 10114; state: ENABLED
03-15 02:42:35.204  1199  1412 D CompatibilityChangeReporter: Compat change id reported: 143937733; UID 10114; state: ENABLED
03-15 02:42:35.204  1199  7788 W ActivityManager: wait for provider publish: waiters=1 callerApp=ProcessRecord{7384742 24703:com.samsung.android.calendar/u0a184} cpr=ContentProviderRecord{f09abaa u0 com.android.providers.calendar/.CalendarProvider2}
03-15 02:42:35.204 17604 24442 W Apptimize: Apptimize: Apptimize did not detect Adobe Mobile 4.x Config class.
03-15 02:42:35.204 17604 24442 W Apptimize: Apptimize: Apptimize did not detect Adobe Mobile 4.x Analytics and will not import its event data. If you are using Adobe Mobile 4.x, then the most likely cause is ProGuard. Please consult the Apptimize docs for how to adjust your ProGuard configuration.
03-15 02:42:35.204 17604 24442 W Apptimize: Apptimize: Apptimize did not detect Localytics. If you are using Localytics, then the most likely cause is ProGuard. Please consult the Apptimize docs for how to adjust your ProGuard configuration.
03-15 02:42:35.204 17604 24442 W Apptimize: Apptimize: Apptimize did not detect Amplitude. If you are using Amplitude, then the most likely cause is ProGuard. Please consult the Apptimize docs for how to adjust your ProGuard configuration.
03-15 02:42:35.209 26825 26825 I DymLock|330144|PackageRemoveReceiver: onReceive() action:android.intent.action.PACKAGE_DATA_CLEARED
03-15 02:42:35.209  1199  7233 I ActivityManager: Killing 18322:com.google.android.googlequicksearchbox/u0a246 (adj 999): empty #37
03-15 02:42:35.211 17604 24442 I Apptimize: Apptimize: Firebase detected; now importing data
03-15 02:42:35.213  1199  7233 D StorageManagerService: getExternalStorageMountMode: uid=5022 packageName=com.samsung.android.ipsgeofence
03-15 02:42:35.214  1199  7233 D CompatibilityChangeReporter: Compat change id reported: 135634846; UID 5022; state: DISABLED
03-15 02:42:35.214  1199  7233 D CompatibilityChangeReporter: Compat change id reported: 135754954; UID 5022; state: DISABLED
03-15 02:42:35.216   783   783 D Zygote  : Forked child process 24750
03-15 02:42:35.218  1199  9312 D StorageManagerService: getExternalStorageMountMode: uid=10221 packageName=com.samsung.android.app.reminder
03-15 02:42:35.218  1199  9312 D CompatibilityChangeReporter: Compat change id reported: 135634846; UID 10221; state: DISABLED
03-15 02:42:35.218  1199  9312 D CompatibilityChangeReporter: Compat change id reported: 135754954; UID 10221; state: ENABLED
03-15 02:42:35.219  1199  9312 W ActivityManager: wait for provider publish: waiters=1 callerApp=ProcessRecord{7384742 24703:com.samsung.android.calendar/u0a184} cpr=ContentProviderRecord{4ed5f11 u0 com.samsung.android.app.reminder/.data.provider.ReminderProvider}
03-15 02:42:35.219  1199  1412 I ActivityManager: Start proc 24750:com.android.providers.calendar/u0a114 for content provider {com.android.providers.calendar/com.android.providers.calendar.CalendarProvider2}
03-15 02:42:35.234 24750 24750 E viders.calenda: Not starting debugger since process cannot load the jdwp agent.
03-15 02:42:35.239   919   952 I heimdall: insert_task_to_group:57, insert tgid 24750 to group com.android.providers.calendar, ret = 0
03-15 02:42:35.239   823 24397 I HYPER-HAL: [ResourceManager.cpp]removeResource(): [CPUMinFreq] RemoveResource Request ID : 748500
03-15 02:42:35.240   783   783 D Zygote  : Forked child process 24769
03-15 02:42:35.241 24750 24750 D ActivityThread: setConscryptValidator
03-15 02:42:35.242 24750 24750 D ActivityThread: setConscryptValidator - put
03-15 02:42:35.242  1199  1412 I ActivityManager: Start proc 24769:com.samsung.android.ipsgeofence/5022 for broadcast {com.samsung.android.ipsgeofence/com.samsung.android.ipsgeofence.core.task.receivers.ClientDataClearedEventReceiver}
03-15 02:42:35.242  1199  1412 D CompatibilityChangeReporter: Compat change id reported: 143937733; UID 10221; state: ENABLED
03-15 02:42:35.248   823 24397 I HYPER-HAL: [RequestManager.cpp]releaseLocked(): Released ID : 748500
03-15 02:42:35.249  1199  7233 I ActivityManager: DSS OFF for com.android.providers.calendar
03-15 02:42:35.252  1199  7287 V MdnieScenarioControlService: mAclOffEnabled : false mAclPreviewState : false mAclCompensationState : false
03-15 02:42:35.256 24769 24769 I libc    : SetHeapTaggingLevel: tag level set to 0
03-15 02:42:35.257  1199  7233 D ActivityManager: attachApplicationLocked() app=ProcessRecord{5b76e95 24750:com.android.providers.calendar/u0a114} app.isolatedEntryPoint=null instr2=null
03-15 02:42:35.261   783   783 D Zygote  : Forked child process 24777
03-15 02:42:35.274 24777 24777 E id.app.reminde: Not starting debugger since process cannot load the jdwp agent.
03-15 02:42:35.276   919   952 I heimdall: insert_task_to_group:57, insert tgid 24777 to group com.samsung.android.app.reminder, ret = 0
03-15 02:42:35.276   572  1580 E audit   : avc:  denied  { find } for pid=7179 uid=10276 name=tethering scontext=u:r:permissioncontroller_app:s0:c20,c257,c512,c768 tcontext=u:object_r:tethering_service:s0 tclass=service_manager permissive=0
03-15 02:42:35.277   572  1580 I servicemanager: tethering : getService has failed, permission denied.
03-15 02:42:35.278 24777 24777 D ActivityThread: setConscryptValidator
03-15 02:42:35.278 24777 24777 D ActivityThread: setConscryptValidator - put
03-15 02:42:35.280   783   783 I Zygote  : Process 18322 exited due to signal 9 (Killed)
03-15 02:42:35.280  1199  1412 W ActivityManager: Slow operation: 63ms so far, now at startProcess: done updating battery stats
03-15 02:42:35.280  1199  1412 W ActivityManager: Slow operation: 63ms so far, now at startProcess: building log message
03-15 02:42:35.280  1199  1412 I ActivityManager: Start proc 24777:com.samsung.android.app.reminder/u0a221 for content provider {com.samsung.android.app.reminder/com.samsung.android.app.reminder.data.provider.ReminderProvider}
03-15 02:42:35.280  1199  1412 W ActivityManager: Slow operation: 63ms so far, now at startProcess: starting to update pids map
03-15 02:42:35.280  1199  1412 W ActivityManager: Slow operation: 63ms so far, now at startProcess: done updating pids map
03-15 02:42:35.283  1199  9325 I ActivityManager: Killing 16820:com.google.android.apps.messaging/u0a254 (adj 999): empty #37
03-15 02:42:35.284  1199  1414 I libprocessgroup: Successfully killed process cgroup uid 10246 pid 18322 in 72ms
03-15 02:42:35.285 24769 24769 E oid.ipsgeofenc: Not starting debugger since process cannot load the jdwp agent.
03-15 02:42:35.288   919   952 I heimdall: insert_task_to_group:57, insert tgid 24769 to group com.samsung.android.ipsgeofence, ret = 0
03-15 02:42:35.293 24769 24769 D ActivityThread: setConscryptValidator
03-15 02:42:35.293 24769 24769 D ActivityThread: setConscryptValidator - put
03-15 02:42:35.293  1199  9308 I ActivityManager: DSS OFF for com.samsung.android.app.reminder
03-15 02:42:35.294 17604 24478 W com.tiket.gits: Long monitor contention with owner TAG (24499) at java.lang.String com.google.firebase.messaging.FirebaseMessaging.blockingGetToken()(:17) waiters=0 in java.lang.String com.google.firebase.messaging.FirebaseMessaging.blockingGetToken() for 813ms
03-15 02:42:35.294  1199  9308 D ActivityManager: attachApplicationLocked() app=ProcessRecord{5abc338 24777:com.samsung.android.app.reminder/u0a221} app.isolatedEntryPoint=null instr2=null
03-15 02:42:35.296 24777 24777 D ActivityThread: handleBindApplication()++ app=com.samsung.android.app.reminder
03-15 02:42:35.296  1199  9325 I ActivityManager: DSS OFF for com.samsung.android.ipsgeofence
03-15 02:42:35.297  1199  9325 D ActivityManager: attachApplicationLocked() app=ProcessRecord{8e8139b 24769:com.samsung.android.ipsgeofence/5022} app.isolatedEntryPoint=null instr2=null
03-15 02:42:35.305 24750 24750 D ActivityThread: handleBindApplication()++ app=com.android.providers.calendar
03-15 02:42:35.306  1199  9308 I ActivityManager: Killing 15790:com.samsung.android.dqagent/1000 (adj 999): empty #37
03-15 02:42:35.320 17604 24793 V Apptimize: Apptimize: Applying winner or instant update: [TTDE] Search Sorting Using User Location in Search Suggestion Page
03-15 02:42:35.320 17604 24793 V Apptimize: Apptimize: Applying winner or instant update: [HPEP] Show tiket review only on SRP
03-15 02:42:35.321 17604 24793 V Apptimize: Apptimize: Applying winner or instant update: [AT] Airport Transfer 4.0 in Search Form Page, Product Detail Page and Booking Form Page
03-15 02:42:35.321 17604 24793 V Apptimize: Apptimize: Applying winner or instant update: [TTDE] Customer Review
03-15 02:42:35.321 17604 24793 V Apptimize: Apptimize: Applying winner or instant update: [TRA] Default Train Card Sorting on Search Result Page
03-15 02:42:35.322 17604 24793 V Apptimize: Apptimize: Applying winner or instant update: Global Search
03-15 02:42:35.322 17604 24793 V Apptimize: Apptimize: Filter with operator "=" is comparing Android and android
03-15 02:42:35.323  4925 12506 I System.out: (HTTPLog)-Static: isSBSettingEnabled false
03-15 02:42:35.323  4925 12506 I System.out: (HTTPLog)-Static: isSBSettingEnabled false
03-15 02:42:35.324 17604 24793 V Apptimize: Apptimize: Filter with operator ">=" is comparing 4.31.2-HEAD and 4.20
03-15 02:42:35.324 17604 24793 V Apptimize: Apptimize: Applying winner or instant update: [TTDE] Booking Form
03-15 02:42:35.325 17604 24793 V Apptimize: Apptimize: Applying winner or instant update: [FGDC] Product Detail Page 4.0
03-15 02:42:35.325 17604 24793 V Apptimize: Apptimize: Applying winner or instant update: [FGDC] Phase 2 - Landing Page 4.0
03-15 02:42:35.326 17604 24793 V Apptimize: Apptimize: Applying winner or instant update: [HPEP] XFactor Booking Form v2
03-15 02:42:35.327 17604 24793 V Apptimize: Apptimize: Applying winner or instant update: [HPEP] Sorting Longlat BE
03-15 02:42:35.327   782   884 E Netd    : getNetworkForDns: getNetId from enterpriseCtrl is netid 0
03-15 02:42:35.327 17604 24793 V Apptimize: Apptimize: Applying winner or instant update: [HPEP] SRP Intercept Filter Position
03-15 02:42:35.327 17604 24793 V Apptimize: Apptimize: Applying winner or instant update: Payment 4.0 A/B
03-15 02:42:35.327 17604 24793 V Apptimize: Apptimize: Applying winner or instant update: [TTDE] Dynamic Category String
03-15 02:42:35.328 17604 24793 V Apptimize: Apptimize: Applying winner or instant update: [TTDE] PrePurchase-SearchEnhancement
03-15 02:42:35.328 17604 24793 V Apptimize: Apptimize: Applying winner or instant update: discoverhomepage
03-15 02:42:35.329 17604 24793 V Apptimize: Apptimize: Applying winner or instant update: [HPEP] Sorting Longlat BE - A/A Test
03-15 02:42:35.329 17604 24793 V Apptimize: Apptimize: Applying winner or instant update: [DISC] Vertical 2 Liners
03-15 02:42:35.330 17604 24793 V Apptimize: Apptimize: Applying winner or instant update: [HPEP] Use Dorado for Hotel Autocomplete v3
03-15 02:42:35.330 17604 24793 V Apptimize: Apptimize: Applying winner or instant update: [FGDC] Adding Promo Information on SRP
03-15 02:42:35.330 17604 24793 V Apptimize: Apptimize: Applying winner or instant update: [FGDC] CTA SRP to PDP + Refund n Reschedule
03-15 02:42:35.331 17604 24793 V Apptimize: Apptimize: Applying winner or instant update: [TRA] Highlight Select Seat Button in Booking Form Page
03-15 02:42:35.331 17604 24793 V Apptimize: Apptimize: Filter requests an unsupplied prefixed attribute: ^e122111_2. Not Matching.
03-15 02:42:35.332 17604 24793 V Apptimize: Apptimize: Filter with operator "=" is comparing Android and iOS
03-15 02:42:35.332 17604 24793 V Apptimize: Apptimize: List Filter with operator "not_in" is comparing Android and [iOS]
03-15 02:42:35.332 17604 24793 V Apptimize: Apptimize: Filter with operator "=" is comparing Android and iOS
03-15 02:42:35.333 17604 24793 V Apptimize: Apptimize: Filter requests an unsupplied prefixed attribute: ^e122324_1. Not Matching.
03-15 02:42:35.333 17604 24793 V Apptimize: Apptimize: Filter with operator "=" is comparing Android and iOS
03-15 02:42:35.333 17604 24793 V Apptimize: Apptimize: List Filter with operator "not_in" is comparing Android and [iOS]
03-15 02:42:35.333 17604 24793 V Apptimize: Apptimize: Filter with operator "=" is comparing Android and iOS
03-15 02:42:35.333 17604 24793 V Apptimize: Apptimize: Filter requests an unsupplied prefixed attribute: ^v2870571_2. Not Matching.
03-15 02:42:35.333 17604 24793 V Apptimize: Apptimize: Filter with operator "=" is comparing Android and iOS
03-15 02:42:35.333 17604 24793 V Apptimize: Apptimize: List Filter with operator "not_in" is comparing Android and [iOS]
03-15 02:42:35.333 17604 24793 V Apptimize: Apptimize: Filter with operator "=" is comparing Android and iOS
03-15 02:42:35.334 17604 24793 V Apptimize: Apptimize: Filter requests an unsupplied prefixed attribute: ^v2870581_2. Not Matching.
03-15 02:42:35.334 17604 24793 V Apptimize: Apptimize: Filter requests an unsupplied prefixed attribute: ^v2876761_1. Not Matching.
03-15 02:42:35.334 17604 24793 V Apptimize: Apptimize: Filter requests an unsupplied prefixed attribute: ^v2876801_1. Not Matching.
03-15 02:42:35.334 17604 24793 V Apptimize: Apptimize: Filter requests an unsupplied prefixed attribute: ^v2876811_1. Not Matching.
03-15 02:42:35.334 17604 24793 V Apptimize: Apptimize: List Filter with operator "in" is comparing Android and [Android]
03-15 02:42:35.335 17604 24793 V Apptimize: Apptimize: Filter with operator "=" is comparing Android and Android
03-15 02:42:35.335 17604 24793 V Apptimize: Apptimize: List Filter with operator "in" is comparing 4.31.2-HEAD and [4.31.0, 4.31.1, 4.31.2]
03-15 02:42:35.335 17604 24793 V Apptimize: Apptimize: Filter with operator "=" is comparing 4.31.2-HEAD and 4.31.0
03-15 02:42:35.335 17604 24793 V Apptimize: Apptimize: Filter with operator "=" is comparing 4.31.2-HEAD and 4.31.1
03-15 02:42:35.335 17604 24793 V Apptimize: Apptimize: Filter with operator "=" is comparing 4.31.2-HEAD and 4.31.2
03-15 02:42:35.335 17604 24793 V Apptimize: Apptimize: List Filter with operator "in" is comparing Android and [Android]
03-15 02:42:35.335 17604 24793 V Apptimize: Apptimize: Filter with operator "=" is comparing Android and Android
03-15 02:42:35.336 17604 24793 V Apptimize: Apptimize: List Filter with operator "in" is comparing 4.31.2-HEAD and [4.31.0, 4.31.1, 4.31.2]
03-15 02:42:35.336 17604 24793 V Apptimize: Apptimize: Filter with operator "=" is comparing 4.31.2-HEAD and 4.31.0
03-15 02:42:35.336 17604 24793 V Apptimize: Apptimize: Filter with operator "=" is comparing 4.31.2-HEAD and 4.31.1
03-15 02:42:35.336 17604 24793 V Apptimize: Apptimize: Filter with operator "=" is comparing 4.31.2-HEAD and 4.31.2
03-15 02:42:35.336 17604 24793 V Apptimize: Apptimize: List Filter with operator "in" is comparing Android and [iOS]
03-15 02:42:35.336 17604 24793 V Apptimize: Apptimize: Filter with operator "=" is comparing Android and iOS
03-15 02:42:35.336 17604 24793 V Apptimize: Apptimize: Filter requests an unsupplied user attribute: searchValue. Not Matching.
03-15 02:42:35.336 17604 24793 V Apptimize: Apptimize: Filter requests an unsupplied user attribute: searchValue. Not Matching.
03-15 02:42:35.336 17604 24793 V Apptimize: Apptimize: Filter requests an unsupplied user attribute: searchValue. Not Matching.
03-15 02:42:35.336 17604 24793 V Apptimize: Apptimize: Filter requests an unsupplied user attribute: searchValue. Not Matching.
03-15 02:42:35.336 17604 24793 V Apptimize: Apptimize: Filter requests an unsupplied user attribute: searchValue. Not Matching.
03-15 02:42:35.336 17604 24793 V Apptimize: Apptimize: Filter requests an unsupplied user attribute: searchValue. Not Matching.
03-15 02:42:35.336 17604 24793 V Apptimize: Apptimize: Filter requests an unsupplied user attribute: searchValue. Not Matching.
03-15 02:42:35.336 17604 24793 V Apptimize: Apptimize: Filter requests an unsupplied user attribute: searchValue. Not Matching.
03-15 02:42:35.337 17604 24793 V Apptimize: Apptimize: Filter requests an unsupplied prefixed attribute: ^e122111_2. Not Matching.
03-15 02:42:35.337 17604 24793 V Apptimize: Apptimize: Filter with operator "=" is comparing Android and iOS
03-15 02:42:35.337 17604 24793 V Apptimize: Apptimize: List Filter with operator "not_in" is comparing Android and [iOS]
03-15 02:42:35.337 17604 24793 V Apptimize: Apptimize: Filter with operator "=" is comparing Android and iOS
03-15 02:42:35.338 26747 31870 I System.out: GraphitePostingThread calls detatch()
03-15 02:42:35.338 17604 24793 V Apptimize: Apptimize: Allocated to variant Variant B of experiment [TTDE] Category Page
03-15 02:42:35.338 17604 24793 V Apptimize: Apptimize: Filter requests an unsupplied prefixed attribute: ^e122324_1. Not Matching.
03-15 02:42:35.338 17604 24793 V Apptimize: Apptimize: Allocated to variant Variant C of experiment [PAYM] A/B Testing Copy Installment Fee Plan
03-15 02:42:35.338 17604 24793 V Apptimize: Apptimize: Filter with operator "=" is comparing Android and iOS
03-15 02:42:35.338 17604 24793 V Apptimize: Apptimize: List Filter with operator "not_in" is comparing Android and [iOS]
03-15 02:42:35.338 17604 24793 V Apptimize: Apptimize: Filter with operator "=" is comparing Android and iOS
03-15 02:42:35.339 17604 24793 V Apptimize: Apptimize: Filter requests an unsupplied prefixed attribute: ^v2870571_2. Not Matching.
03-15 02:42:35.339 17604 24793 V Apptimize: Apptimize: Variant does not match filters: Experiment: [TTDE] Category Page; Variant: original
03-15 02:42:35.339 17604 24793 V Apptimize: Apptimize: Filter with operator "=" is comparing Android and iOS
03-15 02:42:35.339 17604 24793 V Apptimize: Apptimize: List Filter with operator "not_in" is comparing Android and [iOS]
03-15 02:42:35.339 17604 24793 V Apptimize: Apptimize: Filter with operator "=" is comparing Android and iOS
03-15 02:42:35.339 17604 24793 V Apptimize: Apptimize: Filter requests an unsupplied prefixed attribute: ^v2870581_2. Not Matching.
03-15 02:42:35.339 17604 24793 V Apptimize: Apptimize: Variant does not match filters: Experiment: [TTDE] Category Page; Variant: Variant B
03-15 02:42:35.339 17604 24793 V Apptimize: Apptimize: Filter requests an unsupplied prefixed attribute: ^v2876761_1. Not Matching.
03-15 02:42:35.339 17604 24793 V Apptimize: Apptimize: Variant does not match filters: Experiment: [PAYM] A/B Testing Copy Installment Fee Plan; Variant: original
03-15 02:42:35.339 17604 24793 V Apptimize: Apptimize: Filter requests an unsupplied prefixed attribute: ^v2876801_1. Not Matching.
03-15 02:42:35.339 17604 24793 V Apptimize: Apptimize: Variant does not match filters: Experiment: [PAYM] A/B Testing Copy Installment Fee Plan; Variant: Variant B
