03-14 07:06:56.883 17842 24848 V Apptimize: Apptimize: Logging metric for test '[HNHA] Config for Children Rate'.
03-14 07:06:56.883 17842 24848 V Apptimize: Apptimize: Logging metric for test '[HPEP] feature variable room list 3.0'.
03-14 07:06:56.886 11664 11732 I ActivityTaskManager: Fully drawn com.tiket.gits/.v2splash.SplashV2Activity: +2s43ms
03-14 07:06:56.887 11664 14315 D PkgPredictorService: pkg:com.tiket.gits activity:com.tiket.gits.v2splash.SplashV2Activity thisTime:2043
03-14 07:06:56.889 17842 24848 V Apptimize: Apptimize: Logging metric for test '[PAYM] A/B Testing Copy Installment Fee Plan'.
03-14 07:06:56.889 17842 24848 V Apptimize: Apptimize: Logging metric for test '[HNHA] Config for Children Rate'.
03-14 07:06:56.890 17842 24848 V Apptimize: Apptimize: Logging metric for test '[HPEP] feature variable room list 3.0'.
03-14 07:06:56.890 17842 24848 V Apptimize: Apptimize: Logging metric for test '[PAYM] A/B Testing Copy Installment Fee Plan'.
03-14 07:06:56.890 17842 24848 V Apptimize: Apptimize: Logging metric for test '[HNHA] Config for Children Rate'.
03-14 07:06:56.890 17842 24848 V Apptimize: Apptimize: Logging metric for test '[HPEP] feature variable room list 3.0'.
03-14 07:06:56.891 17842 24848 V Apptimize: Apptimize: Logging metric for test '[PAYM] A/B Testing Copy Installment Fee Plan'.
03-14 07:06:56.891 17842 24848 V Apptimize: Apptimize: Logging metric for test '[HNHA] Config for Children Rate'.
03-14 07:06:56.891 17842 24848 V Apptimize: Apptimize: Logging metric for test '[HPEP] feature variable room list 3.0'.
03-14 07:06:56.891 17842 24848 V Apptimize: Apptimize: Logging metric for test '[PAYM] A/B Testing Copy Installment Fee Plan'.
03-14 07:06:56.891 17842 24848 V Apptimize: Apptimize: Logging metric for test '[HNHA] Config for Children Rate'.
03-14 07:06:56.891 17842 24848 V Apptimize: Apptimize: Logging metric for test '[HPEP] feature variable room list 3.0'.
03-14 07:06:56.894 17842 25301 I Apptimize: Apptimize: Downloaded new secondary metadata.
03-14 07:06:56.897 17842 24848 V Apptimize: Apptimize: Logging metric for test '[PAYM] A/B Testing Copy Installment Fee Plan'.
03-14 07:06:56.897 17842 24848 V Apptimize: Apptimize: Logging metric for test '[HNHA] Config for Children Rate'.
03-14 07:06:56.897 17842 24848 V Apptimize: Apptimize: Logging metric for test '[HPEP] feature variable room list 3.0'.
03-14 07:06:56.898 17842 24848 V Apptimize: Apptimize: Logging metric for test '[PAYM] A/B Testing Copy Installment Fee Plan'.
03-14 07:06:56.898 17842 24848 V Apptimize: Apptimize: Logging metric for test '[HNHA] Config for Children Rate'.
03-14 07:06:56.900  3422  3727 W ChimeraUtils: Module com.google.android.gms.nearby_en has empty metadata display_name_string_id
03-14 07:06:56.902 17842 24837 I com.tiket.gits: Waiting for a blocking GC ProfileSaver
03-14 07:06:56.904 17842 24848 V Apptimize: Apptimize: Logging metric for test '[HPEP] feature variable room list 3.0'.
03-14 07:06:56.906 17842 24848 V Apptimize: Apptimize: Logging metric for test '[PAYM] A/B Testing Copy Installment Fee Plan'.
03-14 07:06:56.906 17842 24848 V Apptimize: Apptimize: Logging metric for test '[HNHA] Config for Children Rate'.
03-14 07:06:56.906 17842 24848 V Apptimize: Apptimize: Logging metric for test '[HPEP] feature variable room list 3.0'.
03-14 07:06:56.913 17842 24848 V Apptimize: Apptimize: Logging metric for test '[PAYM] A/B Testing Copy Installment Fee Plan'.
03-14 07:06:56.918 17842 24848 V Apptimize: Apptimize: Logging metric for test '[HNHA] Config for Children Rate'.
03-14 07:06:56.918 17842 24848 V Apptimize: Apptimize: Logging metric for test '[HPEP] feature variable room list 3.0'.
03-14 07:06:56.922 17842 24848 V Apptimize: Apptimize: Logging metric for test '[PAYM] A/B Testing Copy Installment Fee Plan'.
03-14 07:06:56.923 17842 24848 V Apptimize: Apptimize: Logging metric for test '[HNHA] Config for Children Rate'.
03-14 07:06:56.923 17842 24848 V Apptimize: Apptimize: Logging metric for test '[HPEP] feature variable room list 3.0'.
03-14 07:06:56.924 17842 24848 V Apptimize: Apptimize: Logging metric for test '[PAYM] A/B Testing Copy Installment Fee Plan'.
03-14 07:06:56.925 17842 24848 V Apptimize: Apptimize: Logging metric for test '[HNHA] Config for Children Rate'.
03-14 07:06:56.928 17842 24848 V Apptimize: Apptimize: Logging metric for test '[HPEP] feature variable room list 3.0'.
03-14 07:06:56.930 17842 24848 V Apptimize: Apptimize: Logging metric for test '[PAYM] A/B Testing Copy Installment Fee Plan'.
03-14 07:06:56.930 17842 24848 V Apptimize: Apptimize: Logging metric for test '[HNHA] Config for Children Rate'.
03-14 07:06:56.930 17842 24848 V Apptimize: Apptimize: Logging metric for test '[HPEP] feature variable room list 3.0'.
03-14 07:06:56.935 17842 25300 V Apptimize: Apptimize: Applying winner or instant update: [TTDE] Search Sorting Using User Location in Search Suggestion Page
03-14 07:06:56.935 17842 25300 V Apptimize: Apptimize: Applying winner or instant update: [HPEP] Show tiket review only on SRP
03-14 07:06:56.936 17842 25300 V Apptimize: Apptimize: Set Filter with operator "intersection" is comparing [] and [29373]
03-14 07:06:56.936 17842 25300 V Apptimize: Apptimize: Applying winner or instant update: [AT] Airport Transfer 4.0 in Search Form Page, Product Detail Page and Booking Form Page
03-14 07:06:56.936 17842 25300 V Apptimize: Apptimize: Applying winner or instant update: [TTDE] Customer Review
03-14 07:06:56.936 17842 25300 V Apptimize: Apptimize: Applying winner or instant update: [TRA] Default Train Card Sorting on Search Result Page
03-14 07:06:56.936 17842 25300 V Apptimize: Apptimize: Applying winner or instant update: Global Search
03-14 07:06:56.938 17842 25300 V Apptimize: Apptimize: Filter with operator "=" is comparing Android and android
03-14 07:06:56.942 17842 25300 V Apptimize: Apptimize: Filter with operator ">=" is comparing 4.31.2-HEAD and 4.20
03-14 07:06:56.942 17842 25300 V Apptimize: Apptimize: Applying winner or instant update: [TTDE] Booking Form
03-14 07:06:56.943 17842 25300 V Apptimize: Apptimize: Set Filter with operator "intersection" is comparing [] and [31104]
03-14 07:06:56.943 17842 25300 V Apptimize: Apptimize: Applying winner or instant update: [FGDC] Product Detail Page 4.0
03-14 07:06:56.943 17842 25300 V Apptimize: Apptimize: Applying winner or instant update: [FGDC] Phase 2 - Landing Page 4.0
03-14 07:06:56.943 17842 25300 V Apptimize: Apptimize: Applying winner or instant update: [HPEP] XFactor Booking Form v2
03-14 07:06:56.943 17842 25300 V Apptimize: Apptimize: Applying winner or instant update: [HPEP] Sorting Longlat BE
03-14 07:06:56.945  3422  3727 W ChimeraUtils: Module com.google.android.gms.nearby_en has empty metadata display_name_string_id
03-14 07:06:56.947 17842 25300 V Apptimize: Apptimize: Set Filter with operator "intersection" is comparing [] and [31477]
03-14 07:06:56.947 17842 25300 V Apptimize: Apptimize: Applying winner or instant update: [HPEP] SRP Intercept Filter Position
03-14 07:06:56.947 17842 25300 V Apptimize: Apptimize: Applying winner or instant update: Payment 4.0 A/B
03-14 07:06:56.947 17842 25300 V Apptimize: Apptimize: Applying winner or instant update: [TTDE] Dynamic Category String
03-14 07:06:56.948 17842 25300 V Apptimize: Apptimize: Set Filter with operator "intersection" is comparing [] and [32006, 30269]
03-14 07:06:56.948 17842 25300 V Apptimize: Apptimize: Applying winner or instant update: [TTDE] PrePurchase-SearchEnhancement
03-14 07:06:56.948 17842 25300 V Apptimize: Apptimize: Applying winner or instant update: discoverhomepage
03-14 07:06:56.948 17842 25300 V Apptimize: Apptimize: Applying winner or instant update: [HPEP] Sorting Longlat BE - A/A Test
03-14 07:06:56.949 17842 25300 V Apptimize: Apptimize: Set Filter with operator "intersection" is comparing [] and [32085]
03-14 07:06:56.949 17842 25300 V Apptimize: Apptimize: Applying winner or instant update: [DISC] Vertical 2 Liners
03-14 07:06:56.949 17842 25300 V Apptimize: Apptimize: Applying winner or instant update: [HPEP] Use Dorado for Hotel Autocomplete v3
03-14 07:06:56.949 17842 25300 V Apptimize: Apptimize: Applying winner or instant update: [FGDC] Adding Promo Information on SRP
03-14 07:06:56.949 17842 25300 V Apptimize: Apptimize: Applying winner or instant update: [FGDC] CTA SRP to PDP + Refund n Reschedule
03-14 07:06:56.949 17842 25300 V Apptimize: Apptimize: Applying winner or instant update: [TRA] Highlight Select Seat Button in Booking Form Page
03-14 07:06:56.949 17842 25300 V Apptimize: Apptimize: Filter requests an unsupplied prefixed attribute: ^e122111_2. Not Matching.
03-14 07:06:56.950 17842 25300 V Apptimize: Apptimize: Filter with operator "=" is comparing Android and android
03-14 07:06:56.957 25389 25389 I StoryServiceApplication: [#CMH#] StoryService started with context  com.samsung.storyservice.StoryServiceApplication@bf4f1d4
03-14 07:06:56.958 17842 25300 V Apptimize: Apptimize: Filter with operator "<=" is comparing 4.31.2-HEAD and 4.30.0
03-14 07:06:56.958 17842 25300 V Apptimize: Apptimize: Filter with operator "=" is comparing Android and iOS
03-14 07:06:56.958 17842 25300 V Apptimize: Apptimize: List Filter with operator "not_in" is comparing Android and [android, iOS]
03-14 07:06:56.958 17842 25300 V Apptimize: Apptimize: Filter with operator "=" is comparing Android and android
03-14 07:06:56.959 17842 25300 V Apptimize: Apptimize: Filter requests an unsupplied prefixed attribute: ^e122324_1. Not Matching.
03-14 07:06:56.961 11664 11954 W Looper  : Slow delivery took 221ms PackageManagerHandlerThread h=android.os.Handler c=<recycled PooledLambda@48cb076> m=0
03-14 07:06:56.962 17842 25300 V Apptimize: Apptimize: Filter with operator "=" is comparing Android and android
03-14 07:06:56.963 17842 25300 V Apptimize: Apptimize: Filter with operator "<=" is comparing 4.31.2-HEAD and 4.30.0
03-14 07:06:56.963 17842 25300 V Apptimize: Apptimize: Filter with operator "=" is comparing Android and iOS
03-14 07:06:56.963 17842 25300 V Apptimize: Apptimize: List Filter with operator "not_in" is comparing Android and [android, iOS]
03-14 07:06:56.965 17842 25300 V Apptimize: Apptimize: Filter with operator "=" is comparing Android and android
03-14 07:06:56.965 17842 25300 V Apptimize: Apptimize: Filter with operator "=" is comparing Android and android
03-14 07:06:56.966 17842 25300 V Apptimize: Apptimize: Filter with operator "<=" is comparing 4.31.2-HEAD and 4.30.0
03-14 07:06:56.966 17842 25300 V Apptimize: Apptimize: Filter with operator "=" is comparing Android and iOS
03-14 07:06:56.966 17842 25300 V Apptimize: Apptimize: List Filter with operator "not_in" is comparing Android and [android, iOS]
03-14 07:06:56.966 17842 25300 V Apptimize: Apptimize: Filter with operator "=" is comparing Android and android
03-14 07:06:56.966 17842 25300 V Apptimize: Apptimize: Filter requests an unsupplied prefixed attribute: ^v2876761_1. Not Matching.
03-14 07:06:56.966 17842 25300 V Apptimize: Apptimize: Filter requests an unsupplied prefixed attribute: ^v2876801_1. Not Matching.
03-14 07:06:56.966 17842 25300 V Apptimize: Apptimize: Filter requests an unsupplied prefixed attribute: ^v2876811_1. Not Matching.
03-14 07:06:56.967 17842 25300 V Apptimize: Apptimize: Set Filter with operator "intersection" is comparing [] and [29373]
03-14 07:06:56.967 17842 25300 V Apptimize: Apptimize: Set Filter with operator "intersection" is comparing [] and [31104]
03-14 07:06:56.968 17842 25300 V Apptimize: Apptimize: Set Filter with operator "intersection" is comparing [] and [31477]
03-14 07:06:56.968 17842 25300 V Apptimize: Apptimize: Set Filter with operator "intersection" is comparing [] and [32006, 30269]
03-14 07:06:56.968 17842 25300 V Apptimize: Apptimize: Set Filter with operator "intersection" is comparing [] and [32085]
03-14 07:06:56.969 17842 25300 V Apptimize: Apptimize: Set Filter with operator "intersection" is comparing [] and [33688, 33909, 34073, 30269]
03-14 07:06:56.970 17842 25300 V Apptimize: Apptimize: Set Filter with operator "intersection" is comparing [] and [33684]
03-14 07:06:56.970 17842 25300 V Apptimize: Apptimize: List Filter with operator "in" is comparing Android and [Android]
03-14 07:06:56.970 17842 25300 V Apptimize: Apptimize: Filter with operator "=" is comparing Android and Android
03-14 07:06:56.971 17842 25300 V Apptimize: Apptimize: List Filter with operator "in" is comparing 4.31.2-HEAD and [4.31.0, 4.31.1, 4.31.2]
03-14 07:06:56.971 17842 25300 V Apptimize: Apptimize: Filter with operator "=" is comparing 4.31.2-HEAD and 4.31.0
03-14 07:06:56.971 17842 25300 V Apptimize: Apptimize: Filter with operator "=" is comparing 4.31.2-HEAD and 4.31.1
03-14 07:06:56.971 17842 25300 V Apptimize: Apptimize: Filter with operator "=" is comparing 4.31.2-HEAD and 4.31.2
03-14 07:06:56.972 17842 25300 V Apptimize: Apptimize: List Filter with operator "in" is comparing Android and [Android]
03-14 07:06:56.972 17842 25300 V Apptimize: Apptimize: Filter with operator "=" is comparing Android and Android
03-14 07:06:56.974 16490 16535 W PackageUpdatedTask: refreshSearchLayout return, operation is not matched
03-14 07:06:56.974 17842 25300 V Apptimize: Apptimize: List Filter with operator "in" is comparing 4.31.2-HEAD and [4.31.0, 4.31.1, 4.31.2]
03-14 07:06:56.974 17842 25300 V Apptimize: Apptimize: Filter with operator "=" is comparing 4.31.2-HEAD and 4.31.0
03-14 07:06:56.974 17842 25300 V Apptimize: Apptimize: Filter with operator "=" is comparing 4.31.2-HEAD and 4.31.1
03-14 07:06:56.974 17842 25300 V Apptimize: Apptimize: Filter with operator "=" is comparing 4.31.2-HEAD and 4.31.2
03-14 07:06:56.974 17842 25300 V Apptimize: Apptimize: List Filter with operator "in" is comparing Android and [iOS]
03-14 07:06:56.974 17842 25300 V Apptimize: Apptimize: Filter with operator "=" is comparing Android and iOS
03-14 07:06:56.974 17842 25300 V Apptimize: Apptimize: Filter requests an unsupplied user attribute: searchValue. Not Matching.
03-14 07:06:56.975 17842 25300 V Apptimize: Apptimize: Filter requests an unsupplied user attribute: searchValue. Not Matching.
03-14 07:06:56.975 17842 25300 V Apptimize: Apptimize: Filter requests an unsupplied user attribute: searchValue. Not Matching.
03-14 07:06:56.975 17842 25300 V Apptimize: Apptimize: Filter requests an unsupplied user attribute: searchValue. Not Matching.
03-14 07:06:56.975 17842 25300 V Apptimize: Apptimize: Filter requests an unsupplied user attribute: searchValue. Not Matching.
03-14 07:06:56.975 17842 25300 V Apptimize: Apptimize: Filter requests an unsupplied user attribute: searchValue. Not Matching.
03-14 07:06:56.975 17842 25300 V Apptimize: Apptimize: Filter requests an unsupplied user attribute: searchValue. Not Matching.
03-14 07:06:56.975 17842 25300 V Apptimize: Apptimize: Filter requests an unsupplied user attribute: searchValue. Not Matching.
03-14 07:06:56.976 17842 25300 V Apptimize: Apptimize: Filter requests an unsupplied prefixed attribute: ^e122111_2. Not Matching.
03-14 07:06:56.976 17842 25300 V Apptimize: Apptimize: Filter with operator "=" is comparing Android and android
03-14 07:06:56.977 17842 25300 V Apptimize: Apptimize: Filter with operator "<=" is comparing 4.31.2-HEAD and 4.30.0
03-14 07:06:56.977 17842 25300 V Apptimize: Apptimize: Filter with operator "=" is comparing Android and iOS
03-14 07:06:56.977 17842 25300 V Apptimize: Apptimize: List Filter with operator "not_in" is comparing Android and [android, iOS]
03-14 07:06:56.977 17842 25300 V Apptimize: Apptimize: Filter with operator "=" is comparing Android and android
03-14 07:06:56.977 17842 25300 V Apptimize: Apptimize: Range Group does not match filters.
03-14 07:06:56.978 17842 25300 V Apptimize: Apptimize: Filter requests an unsupplied prefixed attribute: ^e122324_1. Not Matching.
03-14 07:06:56.979 17842 25300 V Apptimize: Apptimize: Allocated to variant Variant C of experiment [PAYM] A/B Testing Copy Installment Fee Plan
03-14 07:06:56.980 17842 25300 V Apptimize: Apptimize: Filter with operator "=" is comparing Android and android
03-14 07:06:57.003  3292 23265 I RoleControllerService: grantDefaultRoles() is done
03-14 07:06:57.011 11664 13655 I GenerationRegistry: mBackingStore.isClosed() : false
03-14 07:06:57.012 17842 25300 V Apptimize: Apptimize: Filter with operator "<=" is comparing 4.31.2-HEAD and 4.30.0
03-14 07:06:57.013 17842 25300 V Apptimize: Apptimize: Filter with operator "=" is comparing Android and iOS
03-14 07:06:57.013 17842 25300 V Apptimize: Apptimize: List Filter with operator "not_in" is comparing Android and [android, iOS]
03-14 07:06:57.013 17842 25300 V Apptimize: Apptimize: Filter with operator "=" is comparing Android and android
03-14 07:06:57.013 25389 25389 I SALogger_Utils: [#CMH#] After SA logging initialization completed
03-14 07:06:57.013 17842 25300 V Apptimize: Apptimize: Variant does not match filters: Experiment: [TTDE] Category Page; Variant: original
03-14 07:06:57.013 17842 25300 V Apptimize: Apptimize: Filter with operator "=" is comparing Android and android
03-14 07:06:57.021 17842 25300 V Apptimize: Apptimize: Filter with operator "<=" is comparing 4.31.2-HEAD and 4.30.0
03-14 07:06:57.022 17842 25300 V Apptimize: Apptimize: Filter with operator "=" is comparing Android and iOS
03-14 07:06:57.022 17842 25300 V Apptimize: Apptimize: List Filter with operator "not_in" is comparing Android and [android, iOS]
03-14 07:06:57.022 17842 25300 V Apptimize: Apptimize: Filter with operator "=" is comparing Android and android
03-14 07:06:57.022 17842 25300 V Apptimize: Apptimize: Variant does not match filters: Experiment: [TTDE] Category Page; Variant: Variant B
03-14 07:06:57.022 17842 25300 V Apptimize: Apptimize: Filter requests an unsupplied prefixed attribute: ^v2876761_1. Not Matching.
03-14 07:06:57.022 17842 25300 V Apptimize: Apptimize: Variant does not match filters: Experiment: [PAYM] A/B Testing Copy Installment Fee Plan; Variant: original
03-14 07:06:57.022 17842 25300 V Apptimize: Apptimize: Filter requests an unsupplied prefixed attribute: ^v2876801_1. Not Matching.
03-14 07:06:57.022 17842 25300 V Apptimize: Apptimize: Variant does not match filters: Experiment: [PAYM] A/B Testing Copy Installment Fee Plan; Variant: Variant B
03-14 07:06:57.022 17842 25300 V Apptimize: Apptimize: Filter requests an unsupplied prefixed attribute: ^v2876811_1. Not Matching.
03-14 07:06:57.022 17842 25300 V Apptimize: Apptimize: Variant does not match filters: Experiment: [PAYM] A/B Testing Copy Installment Fee Plan; Variant: Variant C
03-14 07:06:57.023 17842 25300 V Apptimize: Apptimize: Set Filter with operator "intersection" is comparing [] and [29373]
03-14 07:06:57.023 17842 25300 V Apptimize: Apptimize: Range Group does not match filters.
03-14 07:06:57.023 17842 25300 V Apptimize: Apptimize: Set Filter with operator "intersection" is comparing [] and [31104]
03-14 07:06:57.023 17842 25300 V Apptimize: Apptimize: Range Group does not match filters.
03-14 07:06:57.024 17842 25300 V Apptimize: Apptimize: Set Filter with operator "intersection" is comparing [] and [31477]
03-14 07:06:57.024 17842 25300 V Apptimize: Apptimize: Range Group does not match filters.
03-14 07:06:57.024 17842 25300 V Apptimize: Apptimize: Set Filter with operator "intersection" is comparing [] and [32006, 30269]
03-14 07:06:57.024 17842 25300 V Apptimize: Apptimize: Range Group does not match filters.
03-14 07:06:57.025 17842 25300 V Apptimize: Apptimize: Set Filter with operator "intersection" is comparing [] and [32085]
03-14 07:06:57.025 17842 25300 V Apptimize: Apptimize: Range Group does not match filters.
03-14 07:06:57.026 25389 25389 I FeatureClassSet: [#CMH#]  Rubin is installed ,api level is 30
03-14 07:06:57.026 25389 25389 I FeatureClassSet: [#CMH#] VisionEngineFloatingFeature is :  V446
03-14 07:06:57.029 17842 25300 V Apptimize: Apptimize: Set Filter with operator "intersection" is comparing [] and [33688, 33909, 34073, 30269]
03-14 07:06:57.029 17842 25300 V Apptimize: Apptimize: Range Group does not match filters.
03-14 07:06:57.029 17842 25300 V Apptimize: Apptimize: Set Filter with operator "intersection" is comparing [] and [33684]
03-14 07:06:57.029 17842 25300 V Apptimize: Apptimize: Range Group does not match filters.
03-14 07:06:57.030 11664 13655 I GenerationRegistry: mBackingStore.isClosed() : false
03-14 07:06:57.030 17842 25300 V Apptimize: Apptimize: List Filter with operator "in" is comparing Android and [Android]
03-14 07:06:57.030 17842 25300 V Apptimize: Apptimize: Filter with operator "=" is comparing Android and Android
03-14 07:06:57.030 17842 25300 V Apptimize: Apptimize: List Filter with operator "in" is comparing 4.31.2-HEAD and [4.31.0, 4.31.1, 4.31.2]
03-14 07:06:57.030 17842 25300 V Apptimize: Apptimize: Filter with operator "=" is comparing 4.31.2-HEAD and 4.31.0
03-14 07:06:57.031 17842 25300 V Apptimize: Apptimize: Filter with operator "=" is comparing 4.31.2-HEAD and 4.31.1
03-14 07:06:57.031 17842 25300 V Apptimize: Apptimize: Filter with operator "=" is comparing 4.31.2-HEAD and 4.31.2
03-14 07:06:57.031 17842 25300 V Apptimize: Apptimize: Variant does not match filters: Experiment: [HPEP] feature variable room list 3.0; Variant: original (v4.0)
03-14 07:06:57.031 17842 25300 V Apptimize: Apptimize: List Filter with operator "in" is comparing Android and [Android]
03-14 07:06:57.031 17842 25300 V Apptimize: Apptimize: Filter with operator "=" is comparing Android and Android
03-14 07:06:57.044 25331 25331 I Process : Sending signal. PID: 25331 SIG: 9
03-14 07:06:57.046   916   916 D SurfaceFlinger: GPIS:: requestGPIS
03-14 07:06:57.051 11664 13657 I ActivityManager: Killing 18415:com.sec.unifiedwfc/u0a179 (adj 999): empty #37
03-14 07:06:57.056 17842 25300 V Apptimize: Apptimize: List Filter with operator "in" is comparing 4.31.2-HEAD and [4.31.0, 4.31.1, 4.31.2]
03-14 07:06:57.056 17842 25300 V Apptimize: Apptimize: Filter with operator "=" is comparing 4.31.2-HEAD and 4.31.0
03-14 07:06:57.058   571   893 E audit   : avc:  denied  { find } for pid=3292 uid=10272 name=tethering scontext=u:r:permissioncontroller_app:s0:c16,c257,c512,c768 tcontext=u:object_r:tethering_service:s0 tclass=service_manager permissive=0
03-14 07:06:57.058   571   893 I servicemanager: tethering : getService has failed, permission denied.
03-14 07:06:57.058 17842 25300 V Apptimize: Apptimize: Filter with operator "=" is comparing 4.31.2-HEAD and 4.31.1
03-14 07:06:57.059 17842 25300 V Apptimize: Apptimize: Filter with operator "=" is comparing 4.31.2-HEAD and 4.31.2
03-14 07:06:57.060 17842 25300 V Apptimize: Apptimize: Allocated to variant room list V3.0 of experiment [HPEP] feature variable room list 3.0
03-14 07:06:57.060 11664 13657 V WindowManager: Relayout Window{d55797e u0 com.tiket.gits/com.tiket.gits.v2splash.SplashV2Activity}: viewVisibility=0 req=1080x2400
03-14 07:06:57.062 11664 13657 V WindowManager: Relayout hash=d55797e, pid=17842: mAttrs={(0,0)(fillxfill) sim={adjust=resize forwardNavigation} ty=BASE_APPLICATION
03-14 07:06:57.062 11664 13657 V WindowManager:   fl=81810100
03-14 07:06:57.062 11664 13657 V WindowManager:   pfl=12020000
03-14 07:06:57.062 11664 13657 V WindowManager:   vsysui=500
03-14 07:06:57.062 11664 13657 V WindowManager:   apr=LIGHT_NAVIGATION_BARS
03-14 07:06:57.062 11664 13657 V WindowManager:   fitSides= naviIconColor=0
03-14 07:06:57.062 11664 13657 V WindowManager:   sfl=100000}
03-14 07:06:57.063 11664 13657 I SurfaceControl: nativeRelease nativeObject s[-5476376638139970560]
03-14 07:06:57.063 11664 13657 I SurfaceControl: nativeRelease nativeObject e[-5476376638139970560]
03-14 07:06:57.063 17842 17842 I SurfaceControl: nativeRelease nativeObject s[-5476376638140314176]
03-14 07:06:57.063 17842 17842 I SurfaceControl: nativeRelease nativeObject e[-5476376638140314176]
03-14 07:06:57.064 17842 17842 I SurfaceControl: assignNativeObject: nativeObject = 0 Surface(name=null)/@0xea2d635 / android.view.SurfaceControl.readFromParcel:1115 android.view.IWindowSession$Stub$Proxy.relayout:1820 android.view.ViewRootImpl.relayoutWindow:9005 android.view.ViewRootImpl.performTraversals:3360 android.view.ViewRootImpl.doTraversal:2618 android.view.ViewRootImpl$TraversalRunnable.run:9971 android.view.Choreographer$CallbackRecord.run:1010 android.view.Choreographer.doCallbacks:809 android.view.Choreographer.doFrame:744 android.view.Choreographer$FrameDisplayEventReceiver.run:995
03-14 07:06:57.064 17842 25300 V Apptimize: Apptimize: List Filter with operator "in" is comparing Android and [iOS]
03-14 07:06:57.064 17842 25300 V Apptimize: Apptimize: Filter with operator "=" is comparing Android and iOS
03-14 07:06:57.064 17842 25300 V Apptimize: Apptimize: Variant does not match filters: Experiment: [HPEP] feature variable room list 3.0; Variant: room list V3.0
03-14 07:06:57.064 17842 17842 I ViewRootImpl@feae1f2[SplashV2Activity]: Relayout returned: old=(0,0,1080,2400) new=(0,0,1080,2400) req=(1080,2400)0 dur=4 res=0x1 s={true -5476376633307907920} ch=false fn=72
03-14 07:06:57.065 17842 25300 V Apptimize: Apptimize: Filter requests an unsupplied user attribute: searchValue. Not Matching.
03-14 07:06:57.065 17842 25300 V Apptimize: Apptimize: Variant does not match filters: Experiment: [HPEP] SRP Ranking BE - Fx2 Config; Variant: fx2-comp-1
03-14 07:06:57.067 17842 25300 V Apptimize: Apptimize: Filter requests an unsupplied user attribute: searchValue. Not Matching.
03-14 07:06:57.067 17842 25300 V Apptimize: Apptimize: Variant does not match filters: Experiment: [HPEP] SRP Ranking BE - Fx2 Config; Variant: fx2-comp-2
03-14 07:06:57.067 17842 25300 V Apptimize: Apptimize: Filter requests an unsupplied user attribute: searchValue. Not Matching.
03-14 07:06:57.067 17842 25300 V Apptimize: Apptimize: Variant does not match filters: Experiment: [HPEP] SRP Ranking BE - Fx2 Config; Variant: fx2-comp-3
03-14 07:06:57.068 17842 25300 V Apptimize: Apptimize: Filter requests an unsupplied user attribute: searchValue. Not Matching.
03-14 07:06:57.068 17842 25300 V Apptimize: Apptimize: Variant does not match filters: Experiment: [HPEP] SRP Ranking BE - Fx2 Config; Variant: fx2
03-14 07:06:57.069 21541 23492 E class fr.pchab.AndroidRTC.NewTabPoller: error sending newtab event : timeout
03-14 07:06:57.073 17842 25300 V Apptimize: Apptimize: Filter requests an unsupplied user attribute: searchValue. Not Matching.
03-14 07:06:57.073 17842 25300 V Apptimize: Apptimize: Filter requests an unsupplied user attribute: searchValue. Not Matching.
03-14 07:06:57.074 17842 25300 V Apptimize: Apptimize: Filter requests an unsupplied user attribute: searchValue. Not Matching.
03-14 07:06:57.074 17842 25300 V Apptimize: Apptimize: Filter requests an unsupplied user attribute: searchValue. Not Matching.
03-14 07:06:57.074 25389 25389 I TimestampUtils: [#CMH#] mLocalCalendar timezone Offset :0 timezone : Greenwich Mean Time
03-14 07:06:57.077 17842 25300 V Apptimize: Apptimize: Variant does not match filters: Experiment: [HPEP] SRP Ranking BE - Fx2 Config; Variant: original
03-14 07:06:57.077 17842 24848 V Apptimize: Apptimize: Logging metric for test '[PAYM] A/B Testing Copy Installment Fee Plan'.
03-14 07:06:57.077 17842 24848 V Apptimize: Apptimize: Logging metric for test '[HNHA] Config for Children Rate'.
03-14 07:06:57.077 17842 24848 V Apptimize: Apptimize: Logging metric for test '[HPEP] feature variable room list 3.0'.
03-14 07:06:57.078 11664 14316 I EDMNativeHelperService: isScreenCaptureEnabled
03-14 07:06:57.078 11664 14316 D RestrictionPolicy: isScreenCaptureEnabled : ret=true userId=0
03-14 07:06:57.087 17842 24835 I com.tiket.gits: Explicit concurrent copying GC freed 125447(16MB) AllocSpace objects, 340(8532KB) LOS objects, 39% free, 36MB/60MB, paused 4.397ms total 311.937ms
03-14 07:06:57.087 17842 24823 I com.tiket.gits: WaitForGcToComplete blocked RunEmptyCheckpoint on ClassLinker for 199.104ms
03-14 07:06:57.088 17842 24837 I com.tiket.gits: Waiting for a blocking GC ProfileSaver
03-14 07:06:57.089 17842 24848 V Apptimize: Apptimize: Logging metric for test '[PAYM] A/B Testing Copy Installment Fee Plan'.
03-14 07:06:57.089 17842 24848 V Apptimize: Apptimize: Logging metric for test '[HNHA] Config for Children Rate'.
03-14 07:06:57.089 17842 24848 V Apptimize: Apptimize: Logging metric for test '[HPEP] feature variable room list 3.0'.
03-14 07:06:57.090 11664 13657 D RCPManagerService: initService Start
03-14 07:06:57.090 11664 13657 D RCPManagerService: initService is already done
03-14 07:06:57.090  8288  8288 I perfsdkserver: Server: request to connection
03-14 07:06:57.090  8288  8296 I perfsdkserver: Request connection
03-14 07:06:57.090  8288  8296 E perfsdkserver: [Interface] BpPerfSDKService::connectionRequest()
03-14 07:06:57.090  8288  8296 I perfsdkserver: serviceConnection is done
03-14 07:06:57.092 17842 24848 V Apptimize: Apptimize: Logging metric for test '[PAYM] A/B Testing Copy Installment Fee Plan'.
03-14 07:06:57.092 17842 24848 V Apptimize: Apptimize: Logging metric for test '[HNHA] Config for Children Rate'.
03-14 07:06:57.092 17842 24848 V Apptimize: Apptimize: Logging metric for test '[HPEP] feature variable room list 3.0'.
03-14 07:06:57.093 11664 13657 D RCPManagerService: exchangeData() action : RequestProxy, from com.samsung.storyservice, to user id : 0
03-14 07:06:57.117 25389 25389 I ServiceController: [#CMH#] initialize ContentObserver
03-14 07:06:57.119 21541 23492 I class fr.pchab.AndroidRTC.NewTabPoller: URL: https://183.177.55.150/json?debug_port=
03-14 07:06:57.119 21541 23492 I System.out: (HTTPLog)-Static: isSBSettingEnabled false
03-14 07:06:57.120 21541 23492 I System.out: (HTTPLog)-Static: isSBSettingEnabled false
03-14 07:06:57.121 11474 11596 E Netd    : getNetworkForDns: getNetId from enterpriseCtrl is netid 0
03-14 07:06:57.128 25389 25389 I StoryServiceApplication: [#CMH#] Story Service is Ready!!
03-14 07:06:57.129 25389 25389 I StaticBroadcastReceiver: [#CMH#] Action received  android.intent.action.PACKAGE_DATA_CLEARED
03-14 07:06:57.135 11664 14316 W BroadcastQueue: Background execution not allowed: receiving Intent { act=android.intent.action.PACKAGE_RESTARTED dat=package:io.appium.uiautomator2.server.test flg=0x10 (has extras) } to android/com.kddi.android.CpaNotiReceiver
03-14 07:06:57.137 11664 14316 I ActivityManager: Killing 18925:com.samsung.android.sm.provider/1000 (adj 999): empty #37
03-14 07:06:57.138 11664 11733 W BroadcastQueue: Background execution not allowed: receiving Intent { act=android.intent.action.PACKAGE_RESTARTED dat=package:com.tiket.gits flg=0x10 (has extras) } to android/com.kddi.android.CpaNotiReceiver
03-14 07:06:57.153 11664 13657 I ActivityManager: Process com.samsung.android.app.galaxyfinder:appservice (pid 25331) has died: fg  SVC (313,2931)
03-14 07:06:57.154 11469 11469 I Zygote  : Process 25331 exited due to signal 9 (Killed)
03-14 07:06:57.157 16596 16596 I A       : Trimming objects from memory, since app is in the background.
03-14 07:06:57.159 11664 13657 D ActivityManager: Callback Function is canceled because of app Stuck. e=android.os.DeadObjectException
03-14 07:06:57.159 11664 13657 W System.err: android.os.DeadObjectException
03-14 07:06:57.159 11664 13657 W System.err: 	at android.os.BinderProxy.transactNative(Native Method)
03-14 07:06:57.159 11664 13657 W System.err: 	at android.os.BinderProxy.transact(BinderProxy.java:605)
03-14 07:06:57.159 11664 13657 W System.err: 	at android.app.IApplicationThread$Stub$Proxy.scheduleTrimMemory(IApplicationThread.java:2182)
03-14 07:06:57.159 11664 13657 W System.err: 	at com.android.server.am.ActivityManagerService.updateLowMemStateLocked(ActivityManagerService.java:21382)
03-14 07:06:57.159 11664 13657 W System.err: 	at com.android.server.am.OomAdjuster.updateAndTrimProcessLocked(OomAdjuster.java:1083)
03-14 07:06:57.159 11664 13657 W System.err: 	at com.android.server.am.OomAdjuster.updateOomAdjLockedInner(OomAdjuster.java:655)
03-14 07:06:57.159 11664 13657 W System.err: 	at com.android.server.am.OomAdjuster.updateOomAdjLocked(OomAdjuster.java:413)
03-14 07:06:57.159 11664 13657 W System.err: 	at com.android.server.am.ActivityManagerService.updateOomAdjLocked(ActivityManagerService.java:21459)
03-14 07:06:57.159 11664 13657 W System.err: 	at com.android.server.am.ActivityManagerService.appDiedLocked(ActivityManagerService.java:4870)
03-14 07:06:57.159 11664 13657 W System.err: 	at com.android.server.am.ActivityManagerService$AppDeathRecipient.binderDied(ActivityManagerService.java:1930)
03-14 07:06:57.159 11664 13657 W System.err: 	at android.os.IBinder$DeathRecipient.binderDied(IBinder.java:311)
03-14 07:06:57.159 11664 13657 W System.err: 	at android.os.BinderProxy.sendDeathNotice(BinderProxy.java:719)
03-14 07:06:57.159  8410  8410 I SamsungCalendar$CalendarApplication: onTrimMemory level : 80
03-14 07:06:57.160 13042 13042 W DeviceManager_FLP: onTrimMemory : 15
03-14 07:06:57.160 13042 13042 I GpsSessionManager_FLP: arrangeInvalidSessions
03-14 07:06:57.160 13544 13544 W DMASA[U]: [AppLogData]onTrimMemory(15):1647241617160
03-14 07:06:57.161 25131 25131 I [IPSA-C] IpsApplication: onTrimMemory : level=80
03-14 07:06:57.162 16541 16541 I SCS@AiSearch user 0: (SearchProvider) onTrimMemory(): 80
03-14 07:06:57.163 11472 21916 I CameraService: UidPolicy: No processes running for a uid=10088 disabled=0
03-14 07:06:57.171 19642 19642 I [WEATHER_WIDGET]SamsungWeather(53): {[0481AC6F4D29B4A75ECCE6C87AE028A522BB26C6B5442A51D0961F354E65BC5E]}
03-14 07:06:57.173 13544 13544 I id.diagmonagen: Explicit concurrent copying GC freed 4658(280KB) AllocSpace objects, 12(624KB) LOS objects, 73% free, 2193KB/8337KB, paused 28us total 12.523ms
03-14 07:06:57.175 13544 13544 W DMASA[C]: [DiagMonAgentApplication]onTrimMemory (15)
03-14 07:06:57.177 23599 23599 D SystemUIService: onTrimMemory = 60
03-14 07:06:57.181 10980 10980 I GOS:App : onTrimMemory 60
03-14 07:06:57.193 17842 24848 V Apptimize: Apptimize: Logging metric for test '[PAYM] A/B Testing Copy Installment Fee Plan'.
03-14 07:06:57.193 17842 24848 V Apptimize: Apptimize: Logging metric for test '[HNHA] Config for Children Rate'.
03-14 07:06:57.193 17842 24848 V Apptimize: Apptimize: Logging metric for test '[HPEP] feature variable room list 3.0'.
03-14 07:06:57.194 17842 24848 V Apptimize: Apptimize: Logging metric for test '[PAYM] A/B Testing Copy Installment Fee Plan'.
03-14 07:06:57.194 17842 24848 V Apptimize: Apptimize: Logging metric for test '[HNHA] Config for Children Rate'.
03-14 07:06:57.194 17842 24848 V Apptimize: Apptimize: Logging metric for test '[HPEP] feature variable room list 3.0'.
03-14 07:06:57.194 17842 24848 V Apptimize: Apptimize: Logging metric for test '[PAYM] A/B Testing Copy Installment Fee Plan'.
03-14 07:06:57.194 17842 24848 V Apptimize: Apptimize: Logging metric for test '[HNHA] Config for Children Rate'.
03-14 07:06:57.194 17842 24848 V Apptimize: Apptimize: Logging metric for test '[HPEP] feature variable room list 3.0'.
03-14 07:06:57.194 17842 24848 V Apptimize: Apptimize: Logging metric for test '[PAYM] A/B Testing Copy Installment Fee Plan'.
03-14 07:06:57.194 17842 24848 V Apptimize: Apptimize: Logging metric for test '[HNHA] Config for Children Rate'.
03-14 07:06:57.194 17842 24848 V Apptimize: Apptimize: Logging metric for test '[HPEP] feature variable room list 3.0'.
03-14 07:06:57.194 17842 25300 V Apptimize: Apptimize: Allocated to variant Variant B of experiment [HNHA] Config for Children Rate
03-14 07:06:57.195 17842 24848 V Apptimize: Apptimize: Logging metric for test '[PAYM] A/B Testing Copy Installment Fee Plan'.
03-14 07:06:57.195 17842 24848 V Apptimize: Apptimize: Logging metric for test '[HNHA] Config for Children Rate'.
03-14 07:06:57.195 17842 24848 V Apptimize: Apptimize: Logging metric for test '[HPEP] feature variable room list 3.0'.
03-14 07:06:57.195 17842 24837 I com.tiket.gits: WaitForGcToComplete blocked ProfileSaver on RunEmptyCheckpoint for 293.941ms
03-14 07:06:57.197 20005 20005 D SystemUIService: onTrimMemory = 15
03-14 07:06:57.197 20005 20005 D StatusBar: onTrimMemory = 15
03-14 07:06:57.197 20005 20005 D SystemUIService: onTrimMemory : 15
03-14 07:06:57.197 20005 20005 D SystemUIService: Starting getMemoryInfo in MemoryInfoReporter thread.
03-14 07:06:57.199 17842 24848 V Apptimize: Apptimize: Logging metric for test '[PAYM] A/B Testing Copy Installment Fee Plan'.
03-14 07:06:57.199 17842 24848 V Apptimize: Apptimize: Logging metric for test '[HNHA] Config for Children Rate'.
03-14 07:06:57.199 17842 24848 V Apptimize: Apptimize: Logging metric for test '[HPEP] feature variable room list 3.0'.
03-14 07:06:57.199 17842 24848 V Apptimize: Apptimize: Logging metric for test '[PAYM] A/B Testing Copy Installment Fee Plan'.
03-14 07:06:57.199 17842 24848 V Apptimize: Apptimize: Logging metric for test '[HNHA] Config for Children Rate'.
03-14 07:06:57.200 17842 24848 V Apptimize: Apptimize: Logging metric for test '[HPEP] feature variable room list 3.0'.
03-14 07:06:57.200 17842 24848 V Apptimize: Apptimize: Logging metric for test '[PAYM] A/B Testing Copy Installment Fee Plan'.
03-14 07:06:57.200 17842 24848 V Apptimize: Apptimize: Logging metric for test '[HNHA] Config for Children Rate'.
03-14 07:06:57.200 17842 24848 V Apptimize: Apptimize: Logging metric for test '[HPEP] feature variable room list 3.0'.
03-14 07:06:57.200 17842 24848 V Apptimize: Apptimize: Logging metric for test '[PAYM] A/B Testing Copy Installment Fee Plan'.
03-14 07:06:57.200 20005 25453 D SystemUIService:  - Memory Information -
03-14 07:06:57.201 17842 24848 V Apptimize: Apptimize: Logging metric for test '[HNHA] Config for Children Rate'.
03-14 07:06:57.201 17842 24848 V Apptimize: Apptimize: Logging metric for test '[HPEP] feature variable room list 3.0'.
03-14 07:06:57.207 22118 22118 I Finsky  : [2] mql.onTrimMemory(1): Memory trim requested to level 80
03-14 07:06:57.208 22118 22118 I Finsky  : [2] kou.accept(9): Flushing in-memory image cache
03-14 07:06:57.220 17842 25062 I GAv4-SVC: Google Analytics 220.6.18 is starting up.
03-14 07:06:57.233 11469 11469 I Zygote  : Process 18415 exited due to signal 9 (Killed)
03-14 07:06:57.236 11469 11469 I Zygote  : Process 18925 exited due to signal 9 (Killed)
03-14 07:06:57.236 11472 21916 I CameraService: UidPolicy: No processes running for a uid=10179 disabled=0
03-14 07:06:57.239 11664 11745 I libprocessgroup: Successfully killed process cgroup uid 10179 pid 18415 in 183ms
03-14 07:06:57.239 11664 11745 I libprocessgroup: Successfully killed process cgroup uid 1000 pid 18925 in 0ms
03-14 07:06:57.239 11664 11745 I libprocessgroup: Successfully killed process cgroup uid 10088 pid 25331 in 0ms
03-14 07:06:57.243 11664 11678 I system_server: Background young concurrent copying GC freed 390408(19MB) AllocSpace objects, 25(2524KB) LOS objects, 21% free, 69MB/88MB, paused 1.807ms total 226.761ms
03-14 07:06:57.253 11664 13655 I HeimdAllFS: Connect Installd
03-14 07:06:57.256   572   572 E audit   : avc:  denied  { find } for interface=android.hardware.memtrack::IMemtrack sid=u:r:platform_app:s0:c512,c768 pid=20005 scontext=u:r:platform_app:s0:c512,c768 tcontext=u:object_r:hal_memtrack_hwservice:s0 tclass=hwservice_manager permissive=0
03-14 07:06:57.258   571   582 E audit   : avc:  denied  { find } for pid=3292 uid=10272 name=tethering scontext=u:r:permissioncontroller_app:s0:c16,c257,c512,c768 tcontext=u:object_r:tethering_service:s0 tclass=service_manager permissive=0
03-14 07:06:57.258   571   582 I servicemanager: tethering : getService has failed, permission denied.
03-14 07:06:57.262 11664 13655 I HeimdAllFS: DEBUG: TRUE Dry-run: FALSE UsageStateMode: mars
03-14 07:06:57.264 20005 25453 E memtrack: Couldn't load memtrack module
03-14 07:06:57.264 20005 25453 D SystemUIService: summary.java-heap : 27444
03-14 07:06:57.271 11664 12228 D SamsungAlarmManager: Cancel Alarm calling from uid:10535 pid :17842 / OP:PendingIntent{651d50d: PendingIntentRecord{38a0025 com.tiket.gits broadcastIntent}}
03-14 07:06:57.271 20005 25453 D SystemUIService: summary.native-heap : 84088
03-14 07:06:57.272 17842 25062 I GAv4-SVC: GoogleAnalytics.setLogger() is deprecated. To enable debug logging, please run:
03-14 07:06:57.272 17842 25062 I GAv4-SVC: adb shell setprop log.tag.GAv4-SVC DEBUG
03-14 07:06:57.272 17842 25300 V Apptimize: Apptimize: The applicable tests are: [[PAYM] A/B Testing Copy Installment Fee Plan, [HNHA] Config for Children Rate, [HPEP] feature variable room list 3.0]
03-14 07:06:57.271 20005 25453 D SystemUIService: summary.code : 18020
03-14 07:06:57.273 20005 25453 D SystemUIService: summary.stack : 1644
03-14 07:06:57.273 20005 25453 D SystemUIService: summary.graphics : 0
03-14 07:06:57.273 20005 25453 D SystemUIService: summary.private-other : 2808
03-14 07:06:57.273 20005 25453 D SystemUIService: summary.system : 52327
03-14 07:06:57.273 20005 25453 D SystemUIService: summary.total-pss : 186331
03-14 07:06:57.273 20005 25453 D SystemUIService: summary.total-swap : 28540
03-14 07:06:57.273 20005 25453 D SystemUIService:  - View count -
03-14 07:06:57.273 17842 25300 I Apptimize: Apptimize: Updated meta-data
03-14 07:06:57.301 17842 24848 V Apptimize: Apptimize: Logging metric for test '[PAYM] A/B Testing Copy Installment Fee Plan'.
03-14 07:06:57.301 17842 24848 V Apptimize: Apptimize: Logging metric for test '[HNHA] Config for Children Rate'.
03-14 07:06:57.301 17842 24848 V Apptimize: Apptimize: Logging metric for test '[HPEP] feature variable room list 3.0'.
03-14 07:06:57.302 17842 24848 V Apptimize: Apptimize: Logging metric for test '[PAYM] A/B Testing Copy Installment Fee Plan'.
03-14 07:06:57.302 17842 24848 V Apptimize: Apptimize: Logging metric for test '[HNHA] Config for Children Rate'.
03-14 07:06:57.302 17842 24848 V Apptimize: Apptimize: Logging metric for test '[HPEP] feature variable room list 3.0'.
03-14 07:06:57.302 17842 24848 V Apptimize: Apptimize: Logging metric for test '[PAYM] A/B Testing Copy Installment Fee Plan'.
03-14 07:06:57.302 17842 24848 V Apptimize: Apptimize: Logging metric for test '[HNHA] Config for Children Rate'.
03-14 07:06:57.302 17842 24848 V Apptimize: Apptimize: Logging metric for test '[HPEP] feature variable room list 3.0'.
03-14 07:06:57.303 17842 24848 V Apptimize: Apptimize: Logging metric for test '[PAYM] A/B Testing Copy Installment Fee Plan'.
03-14 07:06:57.303 17842 24848 V Apptimize: Apptimize: Logging metric for test '[HNHA] Config for Children Rate'.
03-14 07:06:57.303 17842 24848 V Apptimize: Apptimize: Logging metric for test '[HPEP] feature variable room list 3.0'.
03-14 07:06:57.303 17842 24848 V Apptimize: Apptimize: Logging metric for test '[PAYM] A/B Testing Copy Installment Fee Plan'.
03-14 07:06:57.303 17842 24848 V Apptimize: Apptimize: Logging metric for test '[HNHA] Config for Children Rate'.
03-14 07:06:57.303 17842 24848 V Apptimize: Apptimize: Logging metric for test '[HPEP] feature variable room list 3.0'.
03-14 07:06:57.303 17842 24848 V Apptimize: Apptimize: Logging metric for test '[PAYM] A/B Testing Copy Installment Fee Plan'.
03-14 07:06:57.303 17842 24848 V Apptimize: Apptimize: Logging metric for test '[HNHA] Config for Children Rate'.
03-14 07:06:57.303 17842 24848 V Apptimize: Apptimize: Logging metric for test '[HPEP] feature variable room list 3.0'.
03-14 07:06:57.304 17842 24848 V Apptimize: Apptimize: Logging metric for test '[PAYM] A/B Testing Copy Installment Fee Plan'.
03-14 07:06:57.304 17842 24848 V Apptimize: Apptimize: Logging metric for test '[HNHA] Config for Children Rate'.
03-14 07:06:57.304 17842 24848 V Apptimize: Apptimize: Logging metric for test '[HPEP] feature variable room list 3.0'.
03-14 07:06:57.304 17842 24848 V Apptimize: Apptimize: Logging metric for test '[PAYM] A/B Testing Copy Installment Fee Plan'.
03-14 07:06:57.304 17842 24848 V Apptimize: Apptimize: Logging metric for test '[HNHA] Config for Children Rate'.
03-14 07:06:57.304 17842 24848 V Apptimize: Apptimize: Logging metric for test '[HPEP] feature variable room list 3.0'.
03-14 07:06:57.305 17842 24848 V Apptimize: Apptimize: Logging metric for test '[PAYM] A/B Testing Copy Installment Fee Plan'.
03-14 07:06:57.305 17842 24848 V Apptimize: Apptimize: Logging metric for test '[HNHA] Config for Children Rate'.
03-14 07:06:57.305 17842 24848 V Apptimize: Apptimize: Logging metric for test '[HPEP] feature variable room list 3.0'.
03-14 07:06:57.305 17842 24848 V Apptimize: Apptimize: Logging metric for test '[PAYM] A/B Testing Copy Installment Fee Plan'.
03-14 07:06:57.305 17842 24848 V Apptimize: Apptimize: Logging metric for test '[HNHA] Config for Children Rate'.
03-14 07:06:57.305 17842 24848 V Apptimize: Apptimize: Logging metric for test '[HPEP] feature variable room list 3.0'.
03-14 07:06:57.306 17842 24848 V Apptimize: Apptimize: Logging metric for test '[PAYM] A/B Testing Copy Installment Fee Plan'.
03-14 07:06:57.306 17842 24848 V Apptimize: Apptimize: Logging metric for test '[HNHA] Config for Children Rate'.
03-14 07:06:57.306 17842 24848 V Apptimize: Apptimize: Logging metric for test '[HPEP] feature variable room list 3.0'.
03-14 07:06:57.309 17842 24848 V Apptimize: Apptimize: Logging metric for test '[PAYM] A/B Testing Copy Installment Fee Plan'.
03-14 07:06:57.309 17842 24848 V Apptimize: Apptimize: Logging metric for test '[HNHA] Config for Children Rate'.
03-14 07:06:57.309 17842 24848 V Apptimize: Apptimize: Logging metric for test '[HPEP] feature variable room list 3.0'.
03-14 07:06:57.326 17842 17842 W Glide   : Load failed for https://s-light.tiket.photos/t/01E25EBZS3W0FY9GTG6C42E1SE/platform-android-high/hero-banner/2022/03/13/a85d66ba-e6ba-415a-9be0-81aced31ac06-1647183119892-91904f7ea2312d40489ce367e7635d94.png?tiloriginal=home-mobile with size [1080x810]
03-14 07:06:57.326 17842 17842 W Glide   : class com.bumptech.glide.load.engine.GlideException: Failed to load resource
03-14 07:06:57.338 17842 17842 W Glide   : Load failed for https://s-light.tiket.photos/t/01E25EBZS3W0FY9GTG6C42E1SE/platform-android-high/vertical/2021/12/15/a82beb78-5849-4c32-b6f1-ca3de437ff72-1639587035209-10e4f27a65c4c0e546b0de03d68c3d07.png?tiloriginal=original with size [144x144]
03-14 07:06:57.338 17842 17842 W Glide   : class com.bumptech.glide.load.engine.GlideException: Failed to load resource
03-14 07:06:57.339 17842 17842 W Glide   : Load failed for https://s-light.tiket.photos/t/01E25EBZS3W0FY9GTG6C42E1SE/platform-android-high/vertical/2021/12/15/fa42295b-3f77-454a-bba0-f81dd8f8f58a-1639587167858-333de94cee5edae339f2abae3d4bba7c.png?tiloriginal=original with size [144x144]
03-14 07:06:57.339 17842 17842 W Glide   : class com.bumptech.glide.load.engine.GlideException: Failed to load resource
03-14 07:06:57.348 17842 17842 W Glide   : Load failed for https://s-light.tiket.photos/t/01E25EBZS3W0FY9GTG6C42E1SE/platform-android-high/vertical/2021/12/15/8c3d5471-e5f0-4d85-bb1d-86e92ff8e63b-1639587051373-70b8b0f18e8cdf359a6f811e06babef4.png?tiloriginal=original with size [144x144]
03-14 07:06:57.348 17842 17842 W Glide   : class com.bumptech.glide.load.engine.GlideException: Failed to load resource
03-14 07:06:57.349 17842 17842 W Glide   : Load failed for https://s-light.tiket.photos/t/01E25EBZS3W0FY9GTG6C42E1SE/platform-android-high/vertical/2021/11/18/c1cfdfa8-1f37-4d33-8599-c0acb2dcd9db-1637210124989-6e6281ec3223f45d997ea255e55d1b95.png?tiloriginal=original with size [144x144]
03-14 07:06:57.349 17842 17842 W Glide   : class com.bumptech.glide.load.engine.GlideException: Failed to load resource
03-14 07:06:57.349 17842 17842 W Glide   : Load failed for https://s-light.tiket.photos/t/01E25EBZS3W0FY9GTG6C42E1SE/platform-android-high/vertical/2021/12/15/43b69f25-545b-40e6-959b-e7ad739af539-1639587078281-c7a6a0acd9868d1a03fa28ee87b2dd92.png?tiloriginal=original with size [144x144]
03-14 07:06:57.349 17842 17842 W Glide   : class com.bumptech.glide.load.engine.GlideException: Failed to load resource
03-14 07:06:57.350 17842 17842 W Glide   : Load failed for https://s-light.tiket.photos/t/01E25EBZS3W0FY9GTG6C42E1SE/platform-android-high/vertical/2021/08/31/592858b4-cdfd-4cc6-9e6e-7489637d3b4f-1630424010116-c80c80e300d3264e30375e8c82ae9cda.png?tiloriginal=original with size [144x144]
03-14 07:06:57.350 17842 17842 W Glide   : class com.bumptech.glide.load.engine.GlideException: Failed to load resource
03-14 07:06:57.352 17842 17842 W Glide   : Load failed for https://s-light.tiket.photos/t/01E25EBZS3W0FY9GTG6C42E1SE/platform-android-high/vertical/2021/12/15/7b6e49fe-5e29-46c1-80ab-49d93cd5e565-1639587099348-c06a91c2032dd96ac0fe224ea299f98d.png?tiloriginal=original with size [144x144]
03-14 07:06:57.352 17842 17842 W Glide   : class com.bumptech.glide.load.engine.GlideException: Failed to load resource
03-14 07:06:57.353 17842 17842 W Glide   : Load failed for https://s-light.tiket.photos/t/01E25EBZS3W0FY9GTG6C42E1SE/platform-android-high/vertical/2021/12/15/8db1c1f9-3d5b-49ca-ad36-fd348a28d969-1639587124078-72821a3d75ebc76c6fe899cab6bc5d9c.png?tiloriginal=original with size [144x144]
03-14 07:06:57.353 17842 17842 W Glide   : class com.bumptech.glide.load.engine.GlideException: Failed to load resource
03-14 07:06:57.354 17842 17842 W Glide   : Load failed for https://s-light.tiket.photos/t/01E25EBZS3W0FY9GTG6C42E1SE/platform-android-high/vertical/2021/12/15/6fa4be88-911e-4322-b237-b71718d7a4c0-1639587065117-395e882901943898c2b9177f72c6f5a2.png?tiloriginal=original with size [144x144]
03-14 07:06:57.354 17842 17842 W Glide   : class com.bumptech.glide.load.engine.GlideException: Failed to load resource
03-14 07:06:57.354 17842 17842 W Glide   : Load failed for https://s-light.tiket.photos/t/01E25EBZS3W0FY9GTG6C42E1SE/platform-android-high/vertical/2021/12/15/f04de64f-f5dc-4dfb-b7fc-3adb347d2a39-1639587138629-97c20249cb9f4c1d574c50cf9e31dd78.png?tiloriginal=original with size [144x144]
